[MetricOpStats] ParamMass_M  (rows=4760)
  row_sum       min=4.0404e-07  max=0.00198  mean=0.000659429  max/|min|=4900.5
  |row_sum|     min=4.0404e-07  max=0.00198  mean=0.000659429  max/min=4900.5
  diag          min=1.79574e-07  max=0.00088  mean=0.000293079  nonpos=0
  max_abs_entry=0.00088
[MetricOpStats] ParamStiffness_K  (rows=4760)
  row_sum       min=-3.35276e-08  max=2.23517e-08  mean=-1.10208e-09  max/|min|=0.666667
  |row_sum|     min=7.92162e+07  max=2.64e+08  mean=1.93296e+08  max/min=3.33265
  diag          min=1.32054e+07  max=5.28e+07  mean=3.5148e+07  nonpos=0
  max_abs_entry=5.28e+07
[MetricOpStats] ParamMass_M_reprint  (rows=4760)
  row_sum       min=4.0404e-07  max=0.00198  mean=0.000659429  max/|min|=4900.5
  |row_sum|     min=4.0404e-07  max=0.00198  mean=0.000659429  max/min=4900.5
  diag          min=1.79574e-07  max=0.00088  mean=0.000293079  nonpos=0
  max_abs_entry=0.00088
[MetricOpStats] K_over_M
  |row_sum| ratio  max=1.33333e+11  mean=2.93127e+11
[RieszDiagnostics] M and K retained for diagnostics; Euclidean inner product unchanged.
MrHyDE vector contract check (primal) errors: e[0]=0 e[1]=0 e[2]=0 e[3]=0 e[4]=0 e[5]=0 e[6]=0 e[7]=0 e[8]=0 e[9]=0 e[10]=0 e[11]=0 e[12]=0
MrHyDE vector contract check (dual) errors: e[0]=0 e[1]=4.31581e-16 e[2]=0 e[3]=0 e[4]=0 e[5]=7.30498e-17 e[6]=1.46383e-16 e[7]=0 e[8]=0 e[9]=3.39255e-16 e[10]=1.11022e-16 e[11]=0 e[12]=0
MrHyDE vector contract check: max_primal_err=0 max_dual_err=4.31581e-16 tol=1e-08

Quasi-Newton Method with Limited-Memory BFGS
Line Search: Cubic Interpolation satisfying Wolfe Conditions
-------------------------------------------------------------------------------------------------------------
Quasi-Newton status output definitions

  iter     - Number of iterates (steps taken)
  value    - Objective function value
  gnorm    - Norm of the gradient
  snorm    - Norm of the step (update to optimization vector)
  alpha    - Line search step length
  #fval    - Cumulative number of times the objective function was evaluated
  #grad    - Cumulative number of times the gradient was computed
  ls_#fval - Number of the times the objective function was evaluated during the line search
  ls_#grad - Number of the times the gradient was evaluated during the line search
-------------------------------------------------------------------------------------------------------------
  iter  value          gnorm          snorm          alpha          #fval     #grad     ls_#fval  ls_#grad  
  0     1.230816e-11   1.447211e+00   ---            ---            1         1         ---       ---       
  1     2.557780e-12   6.842303e-01   3.706391e-11   2.561057e-11   14        2         12        0         
  2     4.470524e-13   2.088012e-01   1.027846e-11   1.000000e+00   16        3         1         0         
  3     3.569989e-13   2.707136e-01   1.721162e-12   4.328127e-01   19        4         2         0         
  4     2.506667e-13   1.548929e-01   1.653936e-12   1.000000e+00   21        5         1         0         
  5     1.450922e-13   1.078824e-01   2.988533e-12   1.000000e+00   23        6         1         0         
  6     1.231288e-13   2.302325e-01   2.479189e-12   1.000000e+00   25        7         1         0         
  7     8.315087e-14   7.939848e-02   5.483235e-13   1.000000e+00   27        8         1         0         
  8     6.689784e-14   6.069629e-02   5.826546e-13   1.000000e+00   29        9         1         0         
  9     4.948442e-14   7.132694e-02   1.078980e-12   1.000000e+00   31        10        1         0         
  10    3.520822e-14   9.279984e-02   1.363671e-12   1.000000e+00   33        11        1         0         
  11    2.610845e-14   5.885134e-02   1.320896e-12   1.000000e+00   35        12        1         0         
  12    2.115657e-14   3.281663e-02   2.957645e-13   1.000000e+00   37        13        1         0         
  13    1.702992e-14   3.136708e-02   4.284544e-13   1.000000e+00   39        14        1         0         
  14    1.378165e-14   4.154547e-02   6.261331e-13   1.000000e+00   41        15        1         0         
  15    1.088044e-14   2.895787e-02   7.486001e-13   1.000000e+00   43        16        1         0         
  16    9.179267e-15   2.046448e-02   2.549945e-13   1.000000e+00   45        17        1         0         
  17    7.189585e-15   2.295959e-02   4.793157e-13   1.000000e+00   47        18        1         0         
  18    6.118883e-15   3.269192e-02   4.573196e-13   1.000000e+00   49        19        1         0         
  19    5.007003e-15   1.598833e-02   2.130651e-13   1.000000e+00   51        20        1         0         
  20    4.256129e-15   1.291055e-02   2.501754e-13   1.000000e+00   53        21        1         0         
  21    3.814574e-15   1.434543e-02   1.759996e-13   1.000000e+00   55        22        1         0         
  22    3.314189e-15   2.912671e-02   5.411311e-13   1.000000e+00   57        23        1         0         
  23    2.560668e-15   1.044468e-02   1.692531e-13   1.000000e+00   59        24        1         0         
  24    2.312931e-15   8.997611e-03   6.902611e-14   1.000000e+00   61        25        1         0         
  25    1.919703e-15   1.018530e-02   1.975030e-13   1.000000e+00   63        26        1         0         
  26    1.612405e-15   1.595972e-02   2.944245e-13   1.000000e+00   65        27        1         0         
  27    1.297126e-15   8.696227e-03   2.906443e-13   1.000000e+00   67        28        1         0         
  28    1.129052e-15   6.064365e-03   9.756189e-14   1.000000e+00   69        29        1         0         
  29    9.772158e-16   7.154103e-03   1.305247e-13   1.000000e+00   71        30        1         0         
  30    8.432050e-16   8.668134e-03   1.391687e-13   1.000000e+00   73        31        1         0         
  31    6.907289e-16   6.366746e-03   1.590259e-13   1.000000e+00   75        32        1         0         
  32    5.681938e-16   7.698610e-03   1.999026e-13   1.000000e+00   77        33        1         0         
  33    4.812911e-16   5.872444e-03   8.990379e-14   1.000000e+00   79        34        1         0         
  34    4.097100e-16   4.643119e-03   6.742972e-14   1.000000e+00   81        35        1         0         
  35    3.349274e-16   5.373041e-03   1.360114e-13   1.000000e+00   83        36        1         0         
  36    2.914289e-16   5.188329e-03   9.890775e-14   1.000000e+00   85        37        1         0         
  37    2.567096e-16   3.588904e-03   2.785121e-14   1.000000e+00   87        38        1         0         
  38    2.020010e-16   2.837510e-03   9.040608e-14   1.000000e+00   89        39        1         0         
  39    1.760602e-16   4.101711e-03   7.676561e-14   1.000000e+00   91        40        1         0         
  40    1.473911e-16   2.395117e-03   6.680792e-14   1.000000e+00   93        41        1         0         
  41    1.250957e-16   2.209376e-03   5.951090e-14   1.000000e+00   95        42        1         0         
  42    1.100646e-16   2.680262e-03   5.565997e-14   1.000000e+00   97        43        1         0         
  43    9.581264e-17   2.041504e-03   3.270872e-14   1.000000e+00   99        44        1         0         
  44    8.078133e-17   1.902260e-03   5.131760e-14   1.000000e+00   101       45        1         0         
  45    7.213220e-17   2.352491e-03   3.788614e-14   1.000000e+00   103       46        1         0         
  46    6.480277e-17   1.503176e-03   1.775616e-14   1.000000e+00   105       47        1         0         
  47    5.543622e-17   1.281033e-03   3.902242e-14   1.000000e+00   107       48        1         0         
  48    5.008626e-17   1.642197e-03   3.190524e-14   1.000000e+00   109       49        1         0         
  49    4.352369e-17   1.202433e-03   4.049854e-14   1.000000e+00   111       50        1         0         
  50    3.874884e-17   1.481023e-03   3.045428e-14   1.000000e+00   113       51        1         0         
  51    3.458822e-17   1.048615e-03   2.389194e-14   1.000000e+00   115       52        1         0         
  52    3.183510e-17   9.083025e-04   1.135834e-14   1.000000e+00   117       53        1         0         
  53    2.847580e-17   9.170652e-04   2.710623e-14   1.000000e+00   119       54        1         0         
  54    2.640410e-17   9.269250e-04   2.106305e-14   1.000000e+00   121       55        1         0         
  55    2.499637e-17   6.757515e-04   1.008360e-14   1.000000e+00   123       56        1         0         
  56    2.303094e-17   6.369739e-04   2.282852e-14   1.000000e+00   125       57        1         0         
  57    2.197223e-17   8.635138e-04   1.486009e-14   1.000000e+00   127       58        1         0         
  58    2.100391e-17   5.411757e-04   7.078891e-15   1.000000e+00   129       59        1         0         
  59    1.996995e-17   4.181845e-04   1.202627e-14   1.000000e+00   131       60        1         0         
  60    1.941173e-17   5.512696e-04   8.470169e-15   1.000000e+00   133       61        1         0         
  61    1.862011e-17   4.504198e-04   1.139375e-14   1.000000e+00   135       62        1         0         
  62    1.773622e-17   7.151341e-04   1.965900e-14   1.000000e+00   137       63        1         0         
  63    1.698210e-17   4.421758e-04   1.232612e-14   1.000000e+00   139       64        1         0         
  64    1.653996e-17   3.491705e-04   3.563104e-15   1.000000e+00   141       65        1         0         
  65    1.588395e-17   3.795210e-04   1.121386e-14   1.000000e+00   143       66        1         0         
  66    1.550005e-17   7.105080e-04   1.484020e-14   1.000000e+00   145       67        1         0         
  67    1.503940e-17   3.936354e-04   4.828937e-15   1.000000e+00   147       68        1         0         
  68    1.455688e-17   2.579910e-04   9.956986e-15   1.000000e+00   149       69        1         0         
  69    1.430049e-17   2.691219e-04   6.956102e-15   1.000000e+00   151       70        1         0         
  70    1.423579e-17   9.181634e-04   1.734691e-14   1.000000e+00   153       71        1         0         
  71    1.367514e-17   2.474934e-04   3.207215e-15   1.000000e+00   155       72        1         0         
  72    1.354736e-17   1.825059e-04   1.770892e-15   1.000000e+00   157       73        1         0         
  73    1.332918e-17   2.279752e-04   4.929144e-15   1.000000e+00   159       74        1         0         
  74    1.305922e-17   3.293499e-04   8.709412e-15   1.000000e+00   161       75        1         0         
  75    1.276365e-17   3.271458e-04   1.480959e-14   1.000000e+00   163       76        1         0         
  76    1.251715e-17   2.286345e-04   6.974621e-15   1.000000e+00   165       77        1         0         
  77    1.220192e-17   2.923482e-04   9.610809e-15   1.000000e+00   167       78        1         0         
  78    1.185738e-17   3.957136e-04   1.274272e-14   1.000000e+00   169       79        1         0         
  79    1.144154e-17   4.187100e-04   2.178983e-14   1.000000e+00   171       80        1         0         
  80    1.111691e-17   2.735680e-04   1.012655e-14   1.000000e+00   173       81        1         0         
  81    1.085997e-17   2.750737e-04   7.101154e-15   1.000000e+00   175       82        1         0         
  82    1.057974e-17   3.405315e-04   9.502160e-15   1.000000e+00   177       83        1         0         
  83    1.029934e-17   4.887594e-04   2.142951e-14   1.000000e+00   179       84        1         0         
  84    1.000111e-17   2.377620e-04   5.794992e-15   1.000000e+00   181       85        1         0         
  85    9.795956e-18   2.496449e-04   7.913836e-15   1.000000e+00   183       86        1         0         
  86    9.569216e-18   2.918165e-04   9.469110e-15   1.000000e+00   185       87        1         0         
  87    9.364692e-18   7.434068e-04   2.737690e-14   1.000000e+00   187       88        1         0         
  88    8.915268e-18   2.717502e-04   5.914078e-15   1.000000e+00   189       89        1         0         
  89    8.708078e-18   2.320071e-04   4.836573e-15   1.000000e+00   191       90        1         0         
  90    8.421968e-18   3.125348e-04   1.230465e-14   1.000000e+00   193       91        1         0         
  91    8.013764e-18   4.375182e-04   2.012354e-14   1.000000e+00   195       92        1         0         
  92    7.540727e-18   4.752514e-04   4.397380e-14   1.000000e+00   197       93        1         0         
  93    7.118213e-18   3.268846e-04   8.607339e-15   1.000000e+00   199       94        1         0         
  94    6.767866e-18   3.231164e-04   7.682726e-15   1.000000e+00   201       95        1         0         
  95    6.454969e-18   3.340527e-04   1.391860e-14   1.000000e+00   203       96        1         0         
  96    6.184399e-18   5.535418e-04   2.845763e-14   1.000000e+00   205       97        1         0         
  97    5.880907e-18   2.420942e-04   1.032488e-14   1.000000e+00   207       98        1         0         
  98    5.721674e-18   2.216397e-04   7.627222e-15   1.000000e+00   209       99        1         0         
  99    5.545577e-18   2.470754e-04   9.890504e-15   1.000000e+00   211       100       1         0         
  100   5.458614e-18   6.039437e-04   2.051177e-14   1.000000e+00   213       101       1         0         
  101   5.218041e-18   1.813358e-04   2.269205e-15   1.000000e+00   215       102       1         0         
  102   5.154538e-18   1.274144e-04   1.314194e-15   1.000000e+00   217       103       1         0         
  103   5.081402e-18   1.567547e-04   3.829057e-15   1.000000e+00   219       104       1         0         
  104   4.985807e-18   1.856783e-04   5.770935e-15   1.000000e+00   221       105       1         0         
  105   4.942298e-18   3.625233e-04   1.505502e-14   1.000000e+00   223       106       1         0         
  106   4.822160e-18   1.137968e-04   1.557225e-15   1.000000e+00   225       107       1         0         
  107   4.786711e-18   1.061133e-04   1.139389e-15   1.000000e+00   227       108       1         0         
  108   4.719297e-18   1.398796e-04   3.674463e-15   1.000000e+00   229       109       1         0         
  109   4.667504e-18   2.938787e-04   7.654237e-15   1.000000e+00   231       110       1         0         
  110   4.589425e-18   1.244223e-04   2.252557e-15   1.000000e+00   233       111       1         0         
  111   4.541964e-18   1.035773e-04   3.381288e-15   1.000000e+00   235       112       1         0         
  112   4.492970e-18   1.284388e-04   4.310093e-15   1.000000e+00   237       113       1         0         
  113   4.410266e-18   1.670936e-04   7.279173e-15   1.000000e+00   239       114       1         0         
  114   4.357955e-18   3.456314e-04   1.429678e-14   1.000000e+00   241       115       1         0         
  115   4.252681e-18   1.333406e-04   1.158693e-15   1.000000e+00   243       116       1         0         
  116   4.199035e-18   1.301619e-04   1.534582e-15   1.000000e+00   245       117       1         0         
  117   4.133664e-18   1.605118e-04   3.765167e-15   1.000000e+00   247       118       1         0         
  118   3.992183e-18   2.143197e-04   1.148349e-14   1.000000e+00   249       119       1         0         
  119   3.972958e-18   4.938281e-04   2.711608e-14   1.000000e+00   251       120       1         0         
  120   3.782988e-18   1.330964e-04   3.717804e-15   1.000000e+00   253       121       1         0         
  121   3.733264e-18   1.185691e-04   2.232768e-15   1.000000e+00   255       122       1         0         
  122   3.644799e-18   1.615191e-04   8.713617e-15   1.000000e+00   257       123       1         0         
  123   3.569834e-18   2.844448e-04   1.105110e-14   1.000000e+00   259       124       1         0         
  124   3.473783e-18   1.449086e-04   9.523656e-15   1.000000e+00   261       125       1         0         
  125   3.403332e-18   1.134071e-04   5.066380e-15   1.000000e+00   263       126       1         0         
  126   3.337521e-18   1.424501e-04   4.814352e-15   1.000000e+00   265       127       1         0         
  127   3.278820e-18   2.550466e-04   1.048275e-14   1.000000e+00   267       128       1         0         
  128   3.207477e-18   1.188885e-04   3.270635e-15   1.000000e+00   269       129       1         0         
  129   3.159608e-18   9.887619e-05   4.817959e-15   1.000000e+00   271       130       1         0         
  130   3.120187e-18   1.106543e-04   5.201769e-15   1.000000e+00   273       131       1         0         
  131   3.093862e-18   2.509354e-04   9.282360e-15   1.000000e+00   275       132       1         0         
  132   3.045669e-18   8.784928e-05   1.309848e-15   1.000000e+00   277       133       1         0         
  133   3.026787e-18   6.738025e-05   8.718733e-16   1.000000e+00   279       134       1         0         
  134   3.005406e-18   8.075750e-05   1.891930e-15   1.000000e+00   281       135       1         0         
  135   2.971074e-18   1.095917e-04   3.756910e-15   1.000000e+00   283       136       1         0         
  136   2.937303e-18   1.913717e-04   9.646770e-15   1.000000e+00   285       137       1         0         
  137   2.892127e-18   8.960831e-05   1.761470e-15   1.000000e+00   287       138       1         0         
  138   2.859316e-18   9.923795e-05   3.108106e-15   1.000000e+00   289       139       1         0         
  139   2.818010e-18   1.134883e-04   4.816829e-15   1.000000e+00   291       140       1         0         
  140   2.765971e-18   2.509835e-04   1.175411e-14   1.000000e+00   293       141       1         0         
  141   2.703434e-18   9.751070e-05   6.320848e-15   1.000000e+00   295       142       1         0         
  142   2.678183e-18   7.443160e-05   1.952035e-15   1.000000e+00   297       143       1         0         
  143   2.642957e-18   1.055527e-04   4.372449e-15   1.000000e+00   299       144       1         0         
  144   2.603674e-18   1.825176e-04   6.234376e-15   1.000000e+00   301       145       1         0         
  145   2.545786e-18   1.531588e-04   7.531195e-15   1.000000e+00   303       146       1         0         
  146   2.419373e-18   1.517503e-04   1.795409e-14   1.000000e+00   305       147       1         0         
  147   2.334607e-18   2.895137e-04   2.636602e-14   1.000000e+00   307       148       1         0         
  148   2.236039e-18   1.656559e-04   2.228032e-15   1.000000e+00   309       149       1         0         
  149   2.124429e-18   1.719017e-04   8.467629e-15   1.000000e+00   311       150       1         0         
  150   2.030724e-18   1.697721e-04   1.430626e-14   1.000000e+00   313       151       1         0         
  151   1.969458e-18   3.394517e-04   2.127525e-14   1.000000e+00   315       152       1         0         
  152   1.882264e-18   9.941136e-05   1.657206e-14   1.000000e+00   317       153       1         0         
  153   1.860707e-18   7.290670e-05   5.407668e-15   1.000000e+00   319       154       1         0         
  154   1.840845e-18   7.045269e-05   2.336093e-15   1.000000e+00   321       155       1         0         
  155   1.826737e-18   1.961918e-04   3.923315e-15   1.000000e+00   323       156       1         0         
  156   1.795340e-18   7.875268e-05   2.949429e-15   1.000000e+00   325       157       1         0         
  157   1.774677e-18   7.149135e-05   5.171482e-15   1.000000e+00   327       158       1         0         
  158   1.750699e-18   8.835226e-05   6.417794e-15   1.000000e+00   329       159       1         0         
  159   1.709862e-18   1.023177e-04   7.924462e-15   1.000000e+00   331       160       1         0         
  160   1.694061e-18   1.567753e-04   4.873055e-15   3.421515e-01   334       161       2         0         
  161   1.666526e-18   6.702210e-05   3.236818e-15   1.000000e+00   336       162       1         0         
  162   1.653680e-18   5.654739e-05   1.085699e-15   1.000000e+00   338       163       1         0         
  163   1.634309e-18   7.350569e-05   1.776998e-15   1.000000e+00   340       164       1         0         
  164   1.612036e-18   9.781242e-05   4.031851e-15   1.000000e+00   342       165       1         0         
  165   1.599303e-18   1.268241e-04   7.868220e-15   1.000000e+00   344       166       1         0         
  166   1.582759e-18   4.763714e-05   1.374759e-15   1.000000e+00   346       167       1         0         
  167   1.575034e-18   4.971302e-05   9.986110e-16   1.000000e+00   348       168       1         0         
  168   1.562714e-18   6.874922e-05   2.429648e-15   1.000000e+00   350       169       1         0         
  169   1.548705e-18   1.254317e-04   4.185078e-15   1.000000e+00   352       170       1         0         
  170   1.530721e-18   6.292527e-05   2.656320e-15   1.000000e+00   354       171       1         0         
  171   1.517222e-18   5.326367e-05   2.752575e-15   1.000000e+00   356       172       1         0         
  172   1.502509e-18   7.305793e-05   2.711147e-15   1.000000e+00   358       173       1         0         
  173   1.482044e-18   1.090175e-04   5.309881e-15   1.000000e+00   360       174       1         0         
  174   1.456197e-18   9.486047e-05   5.446985e-15   1.000000e+00   362       175       1         0         
  175   1.429777e-18   7.105117e-05   4.720872e-15   1.000000e+00   364       176       1         0         
  176   1.402433e-18   1.289897e-04   7.460602e-15   1.000000e+00   366       177       1         0         
  177   1.381143e-18   9.843285e-05   2.073689e-15   1.000000e+00   368       178       1         0         
  178   1.358603e-18   9.888629e-05   3.592272e-15   1.000000e+00   370       179       1         0         
  179   1.315030e-18   1.157051e-04   9.463196e-15   1.000000e+00   372       180       1         0         
  180   1.292424e-18   1.995293e-04   1.213166e-14   1.000000e+00   374       181       1         0         
  181   1.258657e-18   9.445979e-05   1.554467e-15   1.000000e+00   376       182       1         0         
  182   1.234051e-18   7.674699e-05   3.086568e-15   1.000000e+00   378       183       1         0         
  183   1.213005e-18   8.234340e-05   4.898215e-15   1.000000e+00   380       184       1         0         
  184   1.181795e-18   8.928981e-05   7.681880e-15   1.000000e+00   382       185       1         0         
  185   1.161248e-18   1.257357e-04   9.003896e-15   4.680336e-01   385       186       2         0         
  186   1.137356e-18   6.452316e-05   4.393405e-15   1.000000e+00   387       187       1         0         
  187   1.121470e-18   6.532990e-05   3.047368e-15   1.000000e+00   389       188       1         0         
  188   1.102420e-18   8.019119e-05   4.627667e-15   1.000000e+00   391       189       1         0         
  189   1.097952e-18   1.821964e-04   7.819049e-15   1.000000e+00   393       190       1         0         
  190   1.072095e-18   5.517159e-05   1.137089e-15   1.000000e+00   395       191       1         0         
  191   1.064923e-18   4.364324e-05   4.022684e-16   1.000000e+00   397       192       1         0         
  192   1.055750e-18   5.310968e-05   2.119834e-15   1.000000e+00   399       193       1         0         
  193   1.040839e-18   7.956682e-05   3.796292e-15   1.000000e+00   401       194       1         0         
  194   1.026480e-18   9.021172e-05   8.899460e-15   1.000000e+00   403       195       1         0         
  195   1.014162e-18   4.438127e-05   5.824826e-16   1.000000e+00   405       196       1         0         
  196   1.005798e-18   4.642919e-05   9.190222e-16   1.000000e+00   407       197       1         0         
  197   9.982232e-19   5.608599e-05   2.507160e-15   1.000000e+00   409       198       1         0         
  198   9.887438e-19   7.380267e-05   4.708230e-15   1.000000e+00   411       199       1         0         
  199   9.806676e-19   3.778195e-05   1.819191e-15   1.000000e+00   413       200       1         0         
  200   9.751477e-19   3.832350e-05   1.442302e-15   1.000000e+00   415       201       1         0         
  201   9.701993e-19   4.315565e-05   1.070626e-15   1.000000e+00   417       202       1         0         
  202   9.660510e-19   6.334782e-05   3.207531e-15   1.000000e+00   419       203       1         0         
  203   9.621105e-19   2.832197e-05   7.920058e-16   1.000000e+00   421       204       1         0         
  204   9.594887e-19   3.144772e-05   4.049335e-16   1.000000e+00   423       205       1         0         
  205   9.545640e-19   4.518262e-05   1.297945e-15   1.000000e+00   425       206       1         0         
  206   9.452807e-19   6.163430e-05   3.046616e-15   1.000000e+00   427       207       1         0         
  207   9.413993e-19   1.249737e-04   6.943805e-15   1.000000e+00   429       208       1         0         
  208   9.293046e-19   4.338558e-05   6.815796e-16   1.000000e+00   431       209       1         0         
  209   9.243198e-19   3.742913e-05   5.573479e-16   1.000000e+00   433       210       1         0         
  210   9.168639e-19   5.349327e-05   1.834446e-15   1.000000e+00   435       211       1         0         
  211   9.021382e-19   7.772836e-05   4.172818e-15   1.000000e+00   437       212       1         0         
  212   8.797383e-19   1.298764e-04   1.083241e-14   1.000000e+00   439       213       1         0         
  213   8.527172e-19   8.083129e-05   7.368430e-15   1.000000e+00   441       214       1         0         
  214   8.331664e-19   6.410308e-05   4.482290e-15   1.000000e+00   443       215       1         0         
  215   8.091190e-19   8.828379e-05   8.475185e-15   1.000000e+00   445       216       1         0         
  216   7.892903e-19   1.301982e-04   9.020075e-15   1.000000e+00   447       217       1         0         
  217   7.624821e-19   1.144905e-04   8.985120e-15   1.000000e+00   449       218       1         0         
  218   7.107407e-19   1.237164e-04   2.154471e-14   1.000000e+00   451       219       1         0         
  219   7.002938e-19   1.993156e-04   1.441613e-14   1.000000e+00   453       220       1         0         
  220   6.712933e-19   7.718935e-05   3.718199e-15   1.000000e+00   455       221       1         0         
  221   6.589948e-19   6.265047e-05   8.342801e-16   1.000000e+00   457       222       1         0         
  222   6.373291e-19   7.488577e-05   5.301867e-15   1.000000e+00   459       223       1         0         
  223   6.118542e-19   8.661921e-05   1.168210e-14   1.000000e+00   461       224       1         0         
  224   5.981214e-19   9.747298e-05   1.079504e-14   4.678474e-01   464       225       2         0         
  225   5.840943e-19   4.870408e-05   8.330586e-15   1.000000e+00   466       226       1         0         
  226   5.750029e-19   4.900949e-05   3.883989e-15   1.000000e+00   468       227       1         0         
  227   5.650828e-19   5.874695e-05   3.739545e-15   1.000000e+00   470       228       1         0         
  228   5.641021e-19   1.381715e-04   3.597228e-15   1.000000e+00   472       229       1         0         
  229   5.504701e-19   3.971124e-05   4.820135e-16   1.000000e+00   474       230       1         0         
  230   5.471069e-19   2.901402e-05   1.137070e-15   1.000000e+00   476       231       1         0         
  231   5.433001e-19   3.404161e-05   5.431172e-16   1.000000e+00   478       232       1         0         
  232   5.378657e-19   4.857168e-05   2.453173e-15   1.000000e+00   480       233       1         0         
  233   5.318950e-19   4.515696e-05   4.194427e-15   1.000000e+00   482       234       1         0         
  234   5.272888e-19   2.917120e-05   2.712250e-15   1.000000e+00   484       235       1         0         
  235   5.226596e-19   3.625920e-05   2.596273e-15   1.000000e+00   486       236       1         0         
  236   5.196404e-19   4.812405e-05   1.843721e-15   1.000000e+00   488       237       1         0         
  237   5.161022e-19   2.936961e-05   7.167627e-16   1.000000e+00   490       238       1         0         
  238   5.124118e-19   2.675222e-05   9.368240e-16   1.000000e+00   492       239       1         0         
  239   5.102697e-19   3.311336e-05   6.149057e-16   1.000000e+00   494       240       1         0         
  240   5.068166e-19   3.073445e-05   1.463539e-15   1.000000e+00   496       241       1         0         
  241   5.054433e-19   9.736299e-05   5.198450e-15   1.000000e+00   498       242       1         0         
  242   4.987864e-19   2.456723e-05   2.681424e-16   1.000000e+00   500       243       1         0         
  243   4.973845e-19   2.002857e-05   4.599350e-16   1.000000e+00   502       244       1         0         
  244   4.946155e-19   2.289273e-05   1.288138e-15   1.000000e+00   504       245       1         0         
  245   4.929745e-19   6.246145e-05   2.108908e-15   1.000000e+00   506       246       1         0         
  246   4.899550e-19   2.326980e-05   4.266032e-16   1.000000e+00   508       247       1         0         
  247   4.884241e-19   1.655600e-05   6.276948e-16   1.000000e+00   510       248       1         0         
  248   4.869064e-19   2.023676e-05   8.527511e-16   1.000000e+00   512       249       1         0         
  249   4.845661e-19   3.618263e-05   1.468225e-15   1.000000e+00   514       250       1         0         
  250   4.815704e-19   2.544279e-05   1.939206e-15   1.000000e+00   516       251       1         0         
  251   4.792763e-19   2.206375e-05   5.672162e-16   1.000000e+00   518       252       1         0         
  252   4.756905e-19   3.236687e-05   1.691178e-15   1.000000e+00   520       253       1         0         
  253   4.724009e-19   3.739619e-05   1.024287e-15   1.000000e+00   522       254       1         0         
  254   4.668552e-19   3.980266e-05   2.203799e-15   1.000000e+00   524       255       1         0         
  255   4.617773e-19   1.132845e-04   6.717295e-15   1.000000e+00   526       256       1         0         
  256   4.520651e-19   4.365484e-05   1.227837e-15   1.000000e+00   528       257       1         0         
  257   4.467689e-19   3.837267e-05   1.628073e-15   1.000000e+00   530       258       1         0         
  258   4.378750e-19   5.244916e-05   4.394331e-15   1.000000e+00   532       259       1         0         
  259   4.256403e-19   5.816474e-05   6.850595e-15   1.000000e+00   534       260       1         0         
  260   4.179663e-19   1.029136e-04   7.527635e-15   4.147370e-01   537       261       2         0         
  261   4.043827e-19   4.633476e-05   7.209989e-15   1.000000e+00   539       262       1         0         
  262   3.966568e-19   3.891945e-05   3.811271e-15   1.000000e+00   541       263       1         0         
  263   3.869004e-19   4.970151e-05   5.101127e-15   1.000000e+00   543       264       1         0         
  264   3.775991e-19   1.019980e-04   8.885141e-15   1.000000e+00   545       265       1         0         
  265   3.652633e-19   5.122738e-05   4.900033e-15   1.000000e+00   547       266       1         0         
  266   3.555929e-19   4.425482e-05   4.316969e-15   1.000000e+00   549       267       1         0         
  267   3.443716e-19   5.947327e-05   6.735320e-15   1.000000e+00   551       268       1         0         
  268   3.355332e-19   1.187354e-04   1.192386e-14   1.000000e+00   553       269       1         0         
  269   3.226166e-19   5.334937e-05   5.167140e-15   1.000000e+00   555       270       1         0         
  270   3.151199e-19   3.799021e-05   2.497887e-15   1.000000e+00   557       271       1         0         
  271   3.094098e-19   4.261495e-05   3.788684e-15   1.000000e+00   559       272       1         0         
  272   3.008542e-19   6.325960e-05   5.797155e-15   1.000000e+00   561       273       1         0         
  273   2.913256e-19   5.661121e-05   1.051336e-14   1.000000e+00   563       274       1         0         
  274   2.850407e-19   3.418818e-05   8.685843e-16   1.000000e+00   565       275       1         0         
  275   2.809496e-19   3.252532e-05   6.140489e-16   1.000000e+00   567       276       1         0         
  276   2.786941e-19   3.513987e-05   2.120159e-15   1.000000e+00   569       277       1         0         
  277   2.760842e-19   3.053733e-05   1.148520e-15   1.000000e+00   571       278       1         0         
  278   2.727906e-19   6.159067e-05   5.870068e-15   1.000000e+00   573       279       1         0         
  279   2.697706e-19   3.020814e-05   8.668511e-16   1.000000e+00   575       280       1         0         
  280   2.687329e-19   2.082568e-05   4.362461e-16   1.000000e+00   577       281       1         0         
  281   2.661709e-19   1.627234e-05   7.711737e-16   1.000000e+00   579       282       1         0         
  282   2.648289e-19   2.745036e-05   1.296814e-15   1.000000e+00   581       283       1         0         
  283   2.634520e-19   1.706471e-05   2.344396e-15   1.000000e+00   583       284       1         0         
  284   2.625150e-19   1.502867e-05   6.184986e-16   1.000000e+00   585       285       1         0         
  285   2.612814e-19   1.823988e-05   1.446613e-15   1.000000e+00   587       286       1         0         
  286   2.602185e-19   2.191228e-05   5.823970e-16   1.000000e+00   589       287       1         0         
  287   2.586311e-19   1.807287e-05   9.158982e-16   1.000000e+00   591       288       1         0         
  288   2.573698e-19   2.217553e-05   9.718957e-16   1.000000e+00   593       289       1         0         
  289   2.563345e-19   1.791699e-05   4.218928e-16   1.000000e+00   595       290       1         0         
  290   2.549871e-19   1.841010e-05   1.181430e-15   1.000000e+00   597       291       1         0         
  291   2.534302e-19   2.453852e-05   1.524836e-15   1.000000e+00   599       292       1         0         
  292   2.514528e-19   2.202148e-05   2.276192e-15   1.000000e+00   601       293       1         0         
  293   2.494945e-19   3.387033e-05   1.986545e-15   1.000000e+00   603       294       1         0         
  294   2.476221e-19   2.240678e-05   8.889025e-16   1.000000e+00   605       295       1         0         
  295   2.458249e-19   2.113177e-05   6.079699e-16   1.000000e+00   607       296       1         0         
  296   2.435129e-19   2.584543e-05   1.202517e-15   1.000000e+00   609       297       1         0         
  297   2.406840e-19   4.391068e-05   3.242471e-15   1.000000e+00   611       298       1         0         
  298   2.378798e-19   2.595520e-05   1.677111e-15   1.000000e+00   613       299       1         0         
  299   2.351157e-19   2.343342e-05   2.293624e-15   1.000000e+00   615       300       1         0         
  300   2.327854e-19   2.989951e-05   2.037212e-15   1.000000e+00   617       301       1         0         
  301   2.298540e-19   3.922454e-05   3.765803e-15   1.000000e+00   619       302       1         0         
  302   2.273842e-19   2.223563e-05   7.605690e-16   1.000000e+00   621       303       1         0         
  303   2.255252e-19   2.091217e-05   6.697566e-16   1.000000e+00   623       304       1         0         
  304   2.237505e-19   2.441695e-05   9.795065e-16   1.000000e+00   625       305       1         0         
  305   2.212778e-19   4.506833e-05   2.931715e-15   1.000000e+00   627       306       1         0         
  306   2.186271e-19   2.393825e-05   1.400746e-15   1.000000e+00   629       307       1         0         
  307   2.164612e-19   2.289627e-05   1.625452e-15   1.000000e+00   631       308       1         0         
  308   2.141655e-19   2.742039e-05   2.074385e-15   1.000000e+00   633       309       1         0         
  309   2.131343e-19   7.428307e-05   4.410810e-15   1.000000e+00   635       310       1         0         
  310   2.092668e-19   2.334268e-05   4.695153e-16   1.000000e+00   637       311       1         0         
  311   2.080355e-19   1.586241e-05   2.699147e-16   1.000000e+00   639       312       1         0         
  312   2.067754e-19   1.786086e-05   8.816624e-16   1.000000e+00   641       313       1         0         
  313   2.049161e-19   2.361599e-05   1.541547e-15   1.000000e+00   643       314       1         0         
  314   2.033611e-19   4.014366e-05   3.378952e-15   1.000000e+00   645       315       1         0         
  315   2.016331e-19   1.643503e-05   3.217135e-16   1.000000e+00   647       316       1         0         
  316   2.007118e-19   1.801454e-05   3.222441e-16   1.000000e+00   649       317       1         0         
  317   1.990167e-19   2.378152e-05   1.185044e-15   1.000000e+00   651       318       1         0         
  318   1.960062e-19   5.012911e-05   3.441994e-15   1.000000e+00   653       319       1         0         
  319   1.921238e-19   3.018391e-05   3.468511e-15   1.000000e+00   655       320       1         0         
  320   1.885135e-19   2.591195e-05   3.367319e-15   1.000000e+00   657       321       1         0         
  321   1.838424e-19   4.336612e-05   4.871147e-15   1.000000e+00   659       322       1         0         
  322   1.795457e-19   4.369387e-05   5.700473e-15   1.000000e+00   661       323       1         0         
  323   1.756455e-19   3.293418e-05   1.792033e-15   1.000000e+00   663       324       1         0         
  324   1.697801e-19   4.703619e-05   5.357851e-15   1.000000e+00   665       325       1         0         
  325   1.665917e-19   4.424545e-05   3.069009e-15   1.000000e+00   667       326       1         0         
  326   1.641740e-19   3.451699e-05   7.215373e-16   1.000000e+00   669       327       1         0         
  327   1.576276e-19   3.552072e-05   7.290023e-15   1.000000e+00   671       328       1         0         
  328   1.555992e-19   5.399564e-05   3.465809e-15   1.000000e+00   673       329       1         0         
  329   1.532591e-19   3.675392e-05   2.250939e-15   1.000000e+00   675       330       1         0         
  330   1.486515e-19   2.363956e-05   4.817397e-15   1.000000e+00   677       331       1         0         
  331   1.464645e-19   2.736542e-05   1.964510e-15   1.000000e+00   679       332       1         0         
  332   1.451533e-19   6.926727e-05   5.800691e-15   1.000000e+00   681       333       1         0         
  333   1.415177e-19   2.049479e-05   9.400387e-16   1.000000e+00   683       334       1         0         
  334   1.404211e-19   1.819719e-05   3.073010e-16   1.000000e+00   685       335       1         0         
  335   1.385286e-19   2.303391e-05   1.980722e-15   1.000000e+00   687       336       1         0         
  336   1.374704e-19   4.797710e-05   2.845345e-15   1.000000e+00   689       337       1         0         
  337   1.356984e-19   1.635814e-05   1.128755e-15   1.000000e+00   691       338       1         0         
  338   1.350918e-19   1.044549e-05   7.126696e-16   1.000000e+00   693       339       1         0         
  339   1.346395e-19   1.159729e-05   5.724724e-16   1.000000e+00   695       340       1         0         
  340   1.338690e-19   1.514869e-05   8.169493e-16   1.000000e+00   697       341       1         0         
  341   1.334816e-19   2.969348e-05   1.366743e-15   1.000000e+00   699       342       1         0         
  342   1.327115e-19   1.069827e-05   2.589799e-16   1.000000e+00   701       343       1         0         
  343   1.323816e-19   1.087691e-05   1.150105e-16   1.000000e+00   703       344       1         0         
  344   1.317295e-19   1.568351e-05   4.122296e-16   1.000000e+00   705       345       1         0         
  345   1.306799e-19   2.456900e-05   1.226180e-15   1.000000e+00   707       346       1         0         
  346   1.296022e-19   2.374907e-05   1.965333e-15   1.000000e+00   709       347       1         0         
  347   1.286897e-19   1.387374e-05   8.123907e-16   1.000000e+00   711       348       1         0         
  348   1.276474e-19   1.737601e-05   1.180189e-15   1.000000e+00   713       349       1         0         
  349   1.268409e-19   2.112309e-05   8.669830e-16   1.000000e+00   715       350       1         0         
  350   1.248850e-19   2.562232e-05   2.686861e-15   1.000000e+00   717       351       1         0         
  351   1.236908e-19   3.835075e-05   1.977680e-15   1.000000e+00   719       352       1         0         
  352   1.223643e-19   1.920721e-05   3.423182e-16   1.000000e+00   721       353       1         0         
  353   1.213139e-19   1.639113e-05   5.391527e-16   1.000000e+00   723       354       1         0         
  354   1.203881e-19   1.961899e-05   8.909141e-16   1.000000e+00   725       355       1         0         
  355   1.188328e-19   3.932008e-05   2.742645e-15   1.000000e+00   727       356       1         0         
  356   1.170697e-19   1.964077e-05   2.070490e-15   1.000000e+00   729       357       1         0         
  357   1.161687e-19   1.484379e-05   6.458489e-16   1.000000e+00   731       358       1         0         
  358   1.148308e-19   1.855989e-05   1.389025e-15   1.000000e+00   733       359       1         0         
  359   1.139318e-19   3.199393e-05   1.532934e-15   1.000000e+00   735       360       1         0         
  360   1.127023e-19   2.020809e-05   1.133661e-15   1.000000e+00   737       361       1         0         
  361   1.111998e-19   1.443252e-05   1.542372e-15   1.000000e+00   739       362       1         0         
  362   1.103821e-19   1.843149e-05   1.158271e-15   1.000000e+00   741       363       1         0         
  363   1.094811e-19   1.781636e-05   1.344658e-15   1.000000e+00   743       364       1         0         
  364   1.088329e-19   1.207341e-05   6.159456e-16   1.000000e+00   745       365       1         0         
  365   1.083151e-19   1.240846e-05   6.255181e-16   1.000000e+00   747       366       1         0         
  366   1.078640e-19   1.386535e-05   3.573841e-16   1.000000e+00   749       367       1         0         
  367   1.071852e-19   1.299542e-05   7.189440e-16   1.000000e+00   751       368       1         0         
  368   1.067018e-19   2.948129e-05   1.584014e-15   1.000000e+00   753       369       1         0         
  369   1.059304e-19   1.170110e-05   1.183031e-16   1.000000e+00   755       370       1         0         
  370   1.055038e-19   1.114907e-05   3.055391e-16   1.000000e+00   757       371       1         0         
  371   1.047464e-19   1.533386e-05   8.338090e-16   1.000000e+00   759       372       1         0         
  372   1.037161e-19   2.435470e-05   1.642458e-15   1.000000e+00   761       373       1         0         
  373   1.026276e-19   1.898097e-05   1.864996e-15   1.000000e+00   763       374       1         0         
  374   1.019043e-19   1.158236e-05   7.319710e-16   1.000000e+00   765       375       1         0         
  375   1.011569e-19   1.420667e-05   7.314080e-16   1.000000e+00   767       376       1         0         
  376   1.005620e-19   1.807828e-05   7.367544e-16   1.000000e+00   769       377       1         0         
  377   9.964734e-20   1.419384e-05   1.188719e-15   1.000000e+00   771       378       1         0         
  378   9.888696e-20   2.827830e-05   1.824670e-15   1.000000e+00   773       379       1         0         
  379   9.806235e-20   1.341859e-05   8.331859e-16   1.000000e+00   775       380       1         0         
  380   9.756327e-20   1.269724e-05   3.288906e-16   1.000000e+00   777       381       1         0         
  381   9.660451e-20   1.559673e-05   1.172513e-15   1.000000e+00   779       382       1         0         
  382   9.588056e-20   3.398333e-05   2.146472e-15   1.000000e+00   781       383       1         0         
  383   9.479449e-20   1.549803e-05   7.528716e-16   1.000000e+00   783       384       1         0         
  384   9.399411e-20   1.228870e-05   1.103345e-15   1.000000e+00   785       385       1         0         
  385   9.330379e-20   1.392996e-05   1.048176e-15   1.000000e+00   787       386       1         0         
  386   9.229956e-20   2.302084e-05   1.995320e-15   1.000000e+00   789       387       1         0         
  387   9.130695e-20   1.471315e-05   1.345603e-15   1.000000e+00   791       388       1         0         
  388   9.069486e-20   1.166820e-05   6.546094e-16   1.000000e+00   793       389       1         0         
  389   8.980452e-20   1.810476e-05   1.305885e-15   1.000000e+00   795       390       1         0         
  390   8.904846e-20   2.264368e-05   1.073942e-15   1.000000e+00   797       391       1         0         
  391   8.825450e-20   1.703349e-05   9.837464e-16   1.000000e+00   799       392       1         0         
  392   8.669396e-20   1.869206e-05   2.758937e-15   1.000000e+00   801       393       1         0         
  393   8.587219e-20   2.454431e-05   1.700015e-15   1.000000e+00   803       394       1         0         
  394   8.497723e-20   2.030907e-05   9.230503e-16   1.000000e+00   805       395       1         0         
  395   8.250326e-20   2.852463e-05   4.160706e-15   1.000000e+00   807       396       1         0         
  396   8.161602e-20   3.456059e-05   2.178315e-15   1.000000e+00   809       397       1         0         
  397   8.076476e-20   1.827945e-05   5.611478e-16   1.000000e+00   811       398       1         0         
  398   7.961031e-20   1.350453e-05   6.661648e-16   1.000000e+00   813       399       1         0         
  399   7.838560e-20   1.953267e-05   2.027568e-15   1.000000e+00   815       400       1         0         
  400   7.666201e-20   2.091866e-05   3.068887e-15   1.000000e+00   817       401       1         0         
  401   7.564206e-20   3.872014e-05   3.383045e-15   3.918265e-01   820       402       2         0         
  402   7.366173e-20   1.806832e-05   3.307462e-15   1.000000e+00   822       403       1         0         
  403   7.237414e-20   1.594182e-05   1.763810e-15   1.000000e+00   824       404       1         0         
  404   7.062645e-20   2.189479e-05   2.500549e-15   1.000000e+00   826       405       1         0         
  405   6.982014e-20   5.522448e-05   4.105501e-15   1.000000e+00   828       406       1         0         
  406   6.765840e-20   2.082391e-05   6.400404e-16   1.000000e+00   830       407       1         0         
  407   6.660301e-20   1.541689e-05   8.144980e-16   1.000000e+00   832       408       1         0         
  408   6.543177e-20   2.026840e-05   1.995998e-15   1.000000e+00   834       409       1         0         
  409   6.355982e-20   2.225572e-05   3.226747e-15   1.000000e+00   836       410       1         0         
  410   6.257886e-20   3.954506e-05   2.886922e-15   4.071309e-01   839       411       2         0         
  411   6.062419e-20   1.647206e-05   3.455584e-15   1.000000e+00   841       412       1         0         
  412   5.975517e-20   1.211507e-05   1.552077e-15   1.000000e+00   843       413       1         0         
  413   5.872129e-20   1.542979e-05   1.726833e-15   1.000000e+00   845       414       1         0         
  414   5.836181e-20   3.995068e-05   2.625002e-15   1.000000e+00   847       415       1         0         
  415   5.721805e-20   1.463427e-05   1.388657e-16   1.000000e+00   849       416       1         0         
  416   5.671874e-20   9.965360e-06   3.021833e-16   1.000000e+00   851       417       1         0         
  417   5.626008e-20   1.118540e-05   9.165932e-16   1.000000e+00   853       418       1         0         
  418   5.564568e-20   1.096216e-05   1.164827e-15   1.000000e+00   855       419       1         0         
  419   5.536670e-20   1.929061e-05   1.164754e-15   3.859779e-01   858       420       2         0         
  420   5.490748e-20   8.509834e-06   7.114257e-16   1.000000e+00   860       421       1         0         
  421   5.466902e-20   7.635310e-06   3.349627e-16   1.000000e+00   862       422       1         0         
  422   5.430215e-20   9.027802e-06   5.163886e-16   1.000000e+00   864       423       1         0         
  423   5.421538e-20   2.444813e-05   9.260528e-16   1.000000e+00   866       424       1         0         
  424   5.382606e-20   7.996731e-06   1.101708e-16   1.000000e+00   868       425       1         0         
  425   5.368356e-20   5.722007e-06   1.197080e-16   1.000000e+00   870       426       1         0         
  426   5.349130e-20   7.604819e-06   3.849130e-16   1.000000e+00   872       427       1         0         
  427   5.321530e-20   8.274275e-06   5.418936e-16   1.000000e+00   874       428       1         0         
  428   5.303950e-20   1.661955e-05   5.962427e-16   4.304379e-01   877       429       2         0         
  429   5.269593e-20   8.184896e-06   5.932723e-16   1.000000e+00   879       430       1         0         
  430   5.245237e-20   6.493126e-06   3.568007e-16   1.000000e+00   881       431       1         0         
  431   5.215375e-20   8.435298e-06   4.110102e-16   1.000000e+00   883       432       1         0         
  432   5.204427e-20   2.039174e-05   6.180336e-16   1.000000e+00   885       433       1         0         
  433   5.176049e-20   7.095308e-06   9.158808e-17   1.000000e+00   887       434       1         0         
  434   5.164430e-20   5.386649e-06   6.438601e-17   1.000000e+00   889       435       1         0         
  435   5.148415e-20   7.587235e-06   2.530872e-16   1.000000e+00   891       436       1         0         
  436   5.124160e-20   9.046114e-06   4.599025e-16   1.000000e+00   893       437       1         0         
  437   5.116563e-20   2.595722e-05   1.035457e-15   1.000000e+00   895       438       1         0         
  438   5.070517e-20   7.437571e-06   2.466372e-16   1.000000e+00   897       439       1         0         
  439   5.056829e-20   5.467747e-06   1.183620e-16   1.000000e+00   899       440       1         0         
  440   5.035247e-20   7.725999e-06   3.384735e-16   1.000000e+00   901       441       1         0         
  441   5.004555e-20   9.481663e-06   5.410787e-16   1.000000e+00   903       442       1         0         
  442   5.003809e-20   3.472243e-05   1.678006e-15   1.000000e+00   905       443       1         0         
  443   4.923395e-20   9.850127e-06   8.994600e-17   1.000000e+00   907       444       1         0         
  444   4.899685e-20   7.439051e-06   1.728845e-16   1.000000e+00   909       445       1         0         
  445   4.860487e-20   1.032113e-05   6.767388e-16   1.000000e+00   911       446       1         0         
  446   4.807084e-20   1.183027e-05   1.010150e-15   1.000000e+00   913       447       1         0         
  447   4.765058e-20   2.517199e-05   1.488044e-15   4.292066e-01   916       448       2         0         
  448   4.683625e-20   1.247321e-05   1.464041e-15   1.000000e+00   918       449       1         0         
  449   4.623038e-20   1.059829e-05   1.099170e-15   1.000000e+00   920       450       1         0         
  450   4.537441e-20   1.465422e-05   1.656144e-15   1.000000e+00   922       451       1         0         
  451   4.438237e-20   2.749822e-05   2.828210e-15   1.000000e+00   924       452       1         0         
  452   4.327762e-20   1.541196e-05   2.336024e-15   1.000000e+00   926       453       1         0         
  453   4.270257e-20   9.972188e-06   5.618585e-16   1.000000e+00   928       454       1         0         
  454   4.219501e-20   1.391086e-05   8.525621e-16   1.000000e+00   930       455       1         0         
  455   4.187914e-20   1.588159e-05   9.610055e-16   1.000000e+00   932       456       1         0         
  456   4.157777e-20   1.062552e-05   4.062834e-16   1.000000e+00   934       457       1         0         
  457   4.100998e-20   9.567669e-06   1.557230e-15   1.000000e+00   936       458       1         0         
  458   4.073117e-20   1.215548e-05   6.962540e-16   1.000000e+00   938       459       1         0         
  459   4.011437e-20   1.257082e-05   1.492233e-15   1.000000e+00   940       460       1         0         
  460   3.913325e-20   2.616307e-05   3.081025e-15   1.000000e+00   942       461       1         0         
  461   3.815936e-20   1.493038e-05   2.425140e-15   1.000000e+00   944       462       1         0         
  462   3.775078e-20   9.633958e-06   1.155060e-16   1.000000e+00   946       463       1         0         
  463   3.730429e-20   1.102787e-05   3.115595e-16   1.000000e+00   948       464       1         0         
  464   3.692170e-20   1.915502e-05   1.203604e-15   1.000000e+00   950       465       1         0         
  465   3.649625e-20   1.024658e-05   9.383520e-16   1.000000e+00   952       466       1         0         
  466   3.616178e-20   7.166049e-06   1.276581e-15   1.000000e+00   954       467       1         0         
  467   3.598334e-20   8.355822e-06   7.459358e-16   1.000000e+00   956       468       1         0         
  468   3.561278e-20   9.818871e-06   1.375030e-15   1.000000e+00   958       469       1         0         
  469   3.532984e-20   1.147883e-05   5.334049e-16   1.000000e+00   960       470       1         0         
  470   3.511366e-20   7.506315e-06   1.470177e-16   1.000000e+00   962       471       1         0         
  471   3.495884e-20   6.400053e-06   3.713842e-16   1.000000e+00   964       472       1         0         
  472   3.478987e-20   7.652483e-06   2.390046e-16   1.000000e+00   966       473       1         0         
  473   3.455416e-20   1.114321e-05   8.875345e-16   1.000000e+00   968       474       1         0         
  474   3.434212e-20   6.717036e-06   7.604792e-16   1.000000e+00   970       475       1         0         
  475   3.414210e-20   7.566940e-06   8.672537e-16   1.000000e+00   972       476       1         0         
  476   3.388319e-20   1.040148e-05   8.084619e-16   1.000000e+00   974       477       1         0         
  477   3.348294e-20   1.614516e-05   1.573570e-15   1.000000e+00   976       478       1         0         
  478   3.306269e-20   1.059692e-05   4.909946e-16   1.000000e+00   978       479       1         0         
  479   3.265263e-20   9.288438e-06   4.287716e-16   1.000000e+00   980       480       1         0         
  480   3.228462e-20   1.187228e-05   5.713490e-16   1.000000e+00   982       481       1         0         
  481   3.188360e-20   1.348105e-05   1.198470e-15   1.000000e+00   984       482       1         0         
  482   3.150955e-20   9.591103e-06   1.025275e-15   1.000000e+00   986       483       1         0         
  483   3.104046e-20   1.002163e-05   1.815609e-15   1.000000e+00   988       484       1         0         
  484   3.071229e-20   1.250500e-05   1.082016e-15   1.000000e+00   990       485       1         0         
  485   3.030814e-20   1.069866e-05   1.022488e-15   1.000000e+00   992       486       1         0         
  486   2.996695e-20   1.277422e-05   9.475445e-16   1.000000e+00   994       487       1         0         
  487   2.973215e-20   7.647688e-06   2.401430e-16   1.000000e+00   996       488       1         0         
  488   2.955494e-20   7.703503e-06   1.686413e-16   1.000000e+00   998       489       1         0         
  489   2.925532e-20   9.953232e-06   5.010817e-16   1.000000e+00   1000      490       1         0         
  490   2.889449e-20   1.662004e-05   1.354719e-15   1.000000e+00   1002      491       1         0         
  491   2.849983e-20   1.005706e-05   1.178485e-15   1.000000e+00   1004      492       1         0         
  492   2.813138e-20   8.289452e-06   1.278707e-15   1.000000e+00   1006      493       1         0         
  493   2.787352e-20   9.904421e-06   7.446245e-16   1.000000e+00   1008      494       1         0         
  494   2.754299e-20   9.651360e-06   8.535303e-16   1.000000e+00   1010      495       1         0         
  495   2.721455e-20   1.053985e-05   7.351755e-16   1.000000e+00   1012      496       1         0         
  496   2.691611e-20   8.202273e-06   4.160200e-16   1.000000e+00   1014      497       1         0         
  497   2.667086e-20   8.713575e-06   5.980972e-16   1.000000e+00   1016      498       1         0         
  498   2.644366e-20   8.623913e-06   7.263825e-16   1.000000e+00   1018      499       1         0         
  499   2.620040e-20   7.855617e-06   9.852684e-16   1.000000e+00   1020      500       1         0         
  500   2.588651e-20   8.746905e-06   1.210747e-15   1.000000e+00   1022      501       1         0         
Optimization Terminated with Status: Iteration Limit Exceeded
