[MetricOpStats] ParamMass_M  (rows=4760)
  row_sum       min=4.0404e-07  max=0.00198  mean=0.000659429  max/|min|=4900.5
  |row_sum|     min=4.0404e-07  max=0.00198  mean=0.000659429  max/min=4900.5
  diag          min=1.79574e-07  max=0.00088  mean=0.000293079  nonpos=0
  max_abs_entry=0.00088
[MetricOpStats] ParamStiffness_K  (rows=4760)
  row_sum       min=-3.35276e-08  max=2.23517e-08  mean=-1.10208e-09  max/|min|=0.666667
  |row_sum|     min=7.92162e+07  max=2.64e+08  mean=1.93296e+08  max/min=3.33265
  diag          min=1.32054e+07  max=5.28e+07  mean=3.5148e+07  nonpos=0
  max_abs_entry=5.28e+07
[MetricOpStats] ParamMass_M_reprint  (rows=4760)
  row_sum       min=4.0404e-07  max=0.00198  mean=0.000659429  max/|min|=4900.5
  |row_sum|     min=4.0404e-07  max=0.00198  mean=0.000659429  max/min=4900.5
  diag          min=1.79574e-07  max=0.00088  mean=0.000293079  nonpos=0
  max_abs_entry=0.00088
[MetricOpStats] K_over_M
  |row_sum| ratio  max=1.33333e+11  mean=2.93127e+11
[RieszDiagnostics] M and K retained for diagnostics; Euclidean inner product unchanged.
MrHyDE vector contract check (primal) errors: e[0]=0 e[1]=0 e[2]=0 e[3]=0 e[4]=0 e[5]=0 e[6]=0 e[7]=0 e[8]=0 e[9]=0 e[10]=0 e[11]=0 e[12]=0
MrHyDE vector contract check (dual) errors: e[0]=0 e[1]=3.00667e-16 e[2]=0 e[3]=0 e[4]=0 e[5]=5.2162e-17 e[6]=1.06105e-16 e[7]=0 e[8]=0 e[9]=7.66324e-16 e[10]=2.22045e-16 e[11]=0 e[12]=0
MrHyDE vector contract check: max_primal_err=0 max_dual_err=7.66324e-16 tol=1e-08

Quasi-Newton Method with Limited-Memory BFGS
Line Search: Cubic Interpolation satisfying Wolfe Conditions
-------------------------------------------------------------------------------------------------------------
Quasi-Newton status output definitions

  iter     - Number of iterates (steps taken)
  value    - Objective function value
  gnorm    - Norm of the gradient
  snorm    - Norm of the step (update to optimization vector)
  alpha    - Line search step length
  #fval    - Cumulative number of times the objective function was evaluated
  #grad    - Cumulative number of times the gradient was computed
  ls_#fval - Number of the times the objective function was evaluated during the line search
  ls_#grad - Number of the times the gradient was evaluated during the line search
-------------------------------------------------------------------------------------------------------------
  iter  value          gnorm          snorm          alpha          #fval     #grad     ls_#fval  ls_#grad  
  0     1.231260e-11   1.021328e+00   ---            ---            1         1         ---       ---       
  1     1.276570e-12   2.769195e-01   4.279551e-11   4.190185e-11   14        2         12        0         
  2     4.449657e-13   1.329055e-01   8.625059e-12   1.000000e+00   16        3         1         0         
  3     3.746504e-13   3.361141e-01   7.981260e-12   1.000000e+00   18        4         1         0         
  4     1.662619e-13   8.976180e-02   2.462095e-12   1.000000e+00   20        5         1         0         
  5     1.389677e-13   6.293412e-02   8.444287e-13   1.000000e+00   22        6         1         0         
  6     8.952773e-14   5.334336e-02   2.540450e-12   1.000000e+00   24        7         1         0         
  7     8.732632e-14   1.648583e-01   4.033972e-12   1.000000e+00   26        8         1         0         
  8     4.868813e-14   4.329405e-02   8.467048e-13   1.000000e+00   28        9         1         0         
  9     4.172006e-14   2.887513e-02   4.707136e-13   1.000000e+00   30        10        1         0         
  10    3.269343e-14   3.140529e-02   1.076533e-12   1.000000e+00   32        11        1         0         
  11    2.265476e-14   3.077018e-02   1.410438e-12   1.000000e+00   34        12        1         0         
  12    1.909159e-14   4.413985e-02   1.076309e-12   3.839920e-01   37        13        2         0         
  13    1.390282e-14   1.668811e-02   9.076662e-13   1.000000e+00   39        14        1         0         
  14    1.204215e-14   1.409494e-02   3.906108e-13   1.000000e+00   41        15        1         0         
  15    9.249365e-15   1.824456e-02   8.082263e-13   1.000000e+00   43        16        1         0         
  16    8.465934e-15   3.651173e-02   1.139395e-12   1.000000e+00   45        17        1         0         
  17    6.089877e-15   1.222067e-02   1.971779e-13   1.000000e+00   47        18        1         0         
  18    5.325161e-15   8.516356e-03   2.093331e-13   1.000000e+00   49        19        1         0         
  19    4.622022e-15   9.492858e-03   3.453017e-13   1.000000e+00   51        20        1         0         
  20    3.581475e-15   9.611593e-03   5.804541e-13   1.000000e+00   53        21        1         0         
  21    3.189389e-15   1.485988e-02   4.476522e-13   3.836491e-01   56        22        2         0         
  22    2.508288e-15   6.717113e-03   4.324927e-13   1.000000e+00   58        23        1         0         
  23    2.151325e-15   5.667787e-03   2.458242e-13   1.000000e+00   60        24        1         0         
  24    1.720288e-15   7.406016e-03   3.958150e-13   1.000000e+00   62        25        1         0         
  25    1.673247e-15   1.580431e-02   5.577914e-13   1.000000e+00   64        26        1         0         
  26    1.248114e-15   4.999861e-03   9.700723e-14   1.000000e+00   66        27        1         0         
  27    1.118405e-15   3.733960e-03   7.704589e-14   1.000000e+00   68        28        1         0         
  28    9.667075e-16   4.474742e-03   1.844825e-13   1.000000e+00   70        29        1         0         
  29    7.725971e-16   5.556349e-03   2.982918e-13   1.000000e+00   72        30        1         0         
  30    6.805641e-16   8.103040e-03   5.434073e-13   1.000000e+00   74        31        1         0         
  31    5.175603e-16   2.864552e-03   8.659006e-14   1.000000e+00   76        32        1         0         
  32    4.536272e-16   2.861923e-03   6.354129e-14   1.000000e+00   78        33        1         0         
  33    3.713836e-16   3.039846e-03   1.451127e-13   1.000000e+00   80        34        1         0         
  34    3.468266e-16   7.730120e-03   2.836897e-13   1.000000e+00   82        35        1         0         
  35    2.444694e-16   2.165241e-03   9.891342e-14   1.000000e+00   84        36        1         0         
  36    2.175996e-16   1.573633e-03   4.909128e-14   1.000000e+00   86        37        1         0         
  37    1.825118e-16   1.931818e-03   1.087874e-13   1.000000e+00   88        38        1         0         
  38    1.446364e-16   2.221376e-03   1.314799e-13   1.000000e+00   90        39        1         0         
  39    1.399655e-16   4.015541e-03   2.204682e-13   1.000000e+00   92        40        1         0         
  40    1.067662e-16   1.031552e-03   7.067571e-14   1.000000e+00   94        41        1         0         
  41    1.003709e-16   9.794532e-04   1.691555e-14   1.000000e+00   96        42        1         0         
  42    8.480420e-17   1.313934e-03   6.076054e-14   1.000000e+00   98        43        1         0         
  43    7.750668e-17   1.713735e-03   5.621727e-14   4.936065e-01   101       44        2         0         
  44    6.776652e-17   9.507610e-04   6.140770e-14   1.000000e+00   103       45        1         0         
  45    6.023063e-17   7.202649e-04   6.692463e-14   1.000000e+00   105       46        1         0         
  46    5.494517e-17   1.102133e-03   5.413417e-14   1.000000e+00   107       47        1         0         
  47    4.960964e-17   8.381112e-04   4.433062e-14   1.000000e+00   109       48        1         0         
  48    4.518073e-17   6.085287e-04   2.924736e-14   1.000000e+00   111       49        1         0         
  49    4.186151e-17   9.769330e-04   4.348487e-14   1.000000e+00   113       50        1         0         
  50    3.886713e-17   6.130310e-04   1.757309e-14   1.000000e+00   115       51        1         0         
  51    3.649923e-17   5.394544e-04   2.222781e-14   1.000000e+00   117       52        1         0         
  52    3.367565e-17   5.380889e-04   4.274554e-14   1.000000e+00   119       53        1         0         
  53    3.327078e-17   1.205936e-03   4.875974e-14   1.000000e+00   121       54        1         0         
  54    3.088399e-17   4.374795e-04   5.941113e-15   1.000000e+00   123       55        1         0         
  55    2.982793e-17   3.137558e-04   7.918094e-15   1.000000e+00   125       56        1         0         
  56    2.836297e-17   3.913725e-04   2.125236e-14   1.000000e+00   127       57        1         0         
  57    2.682816e-17   3.889797e-04   2.660731e-14   1.000000e+00   129       58        1         0         
  58    2.597140e-17   6.218790e-04   2.884288e-14   4.230560e-01   132       59        2         0         
  59    2.480474e-17   2.771084e-04   1.932603e-14   1.000000e+00   134       60        1         0         
  60    2.410927e-17   2.902473e-04   1.350541e-14   1.000000e+00   136       61        1         0         
  61    2.307240e-17   3.526656e-04   2.238172e-14   1.000000e+00   138       62        1         0         
  62    2.239433e-17   7.784212e-04   3.815132e-14   1.000000e+00   140       63        1         0         
  63    2.113902e-17   2.835699e-04   1.418883e-14   1.000000e+00   142       64        1         0         
  64    2.058820e-17   2.159399e-04   8.077231e-15   1.000000e+00   144       65        1         0         
  65    1.998668e-17   2.739553e-04   1.508978e-14   1.000000e+00   146       66        1         0         
  66    1.923243e-17   3.765194e-04   2.487504e-14   1.000000e+00   148       67        1         0         
  67    1.862512e-17   3.824241e-04   4.087377e-14   1.000000e+00   150       68        1         0         
  68    1.813084e-17   1.800816e-04   4.348010e-15   1.000000e+00   152       69        1         0         
  69    1.780137e-17   2.048019e-04   6.000289e-15   1.000000e+00   154       70        1         0         
  70    1.741923e-17   2.641770e-04   1.199467e-14   1.000000e+00   156       71        1         0         
  71    1.694713e-17   4.382714e-04   3.216427e-14   1.000000e+00   158       72        1         0         
  72    1.641120e-17   2.030779e-04   1.288722e-14   1.000000e+00   160       73        1         0         
  73    1.606946e-17   2.074937e-04   1.222276e-14   1.000000e+00   162       74        1         0         
  74    1.567057e-17   2.687124e-04   1.638916e-14   1.000000e+00   164       75        1         0         
  75    1.518611e-17   5.076307e-04   3.762456e-14   1.000000e+00   166       76        1         0         
  76    1.459533e-17   2.422822e-04   1.585395e-14   1.000000e+00   168       77        1         0         
  77    1.421407e-17   1.885789e-04   1.221161e-14   1.000000e+00   170       78        1         0         
  78    1.388208e-17   2.222822e-04   1.486260e-14   1.000000e+00   172       79        1         0         
  79    1.349626e-17   3.814626e-04   2.655118e-14   1.000000e+00   174       80        1         0         
  80    1.305610e-17   2.251770e-04   2.356130e-14   1.000000e+00   176       81        1         0         
  81    1.270742e-17   1.707717e-04   1.382464e-14   1.000000e+00   178       82        1         0         
  82    1.236866e-17   2.396028e-04   1.775215e-14   1.000000e+00   180       83        1         0         
  83    1.204515e-17   2.689740e-04   1.976500e-14   1.000000e+00   182       84        1         0         
  84    1.168248e-17   2.145206e-04   1.535138e-14   1.000000e+00   184       85        1         0         
  85    1.106241e-17   3.157865e-04   4.212882e-14   1.000000e+00   186       86        1         0         
  86    1.068731e-17   3.331393e-04   2.989345e-14   1.000000e+00   188       87        1         0         
  87    1.037146e-17   2.223363e-04   4.207895e-15   1.000000e+00   190       88        1         0         
  88    9.751426e-18   1.859684e-04   2.633952e-14   1.000000e+00   192       89        1         0         
  89    9.408810e-18   2.299009e-04   2.404929e-14   1.000000e+00   194       90        1         0         
  90    8.963068e-18   3.057607e-04   5.950144e-14   1.000000e+00   196       91        1         0         
  91    8.640985e-18   2.022004e-04   1.227962e-14   1.000000e+00   198       92        1         0         
  92    8.453387e-18   1.632631e-04   3.566537e-15   1.000000e+00   200       93        1         0         
  93    8.211715e-18   1.605964e-04   1.075082e-14   1.000000e+00   202       94        1         0         
  94    8.018287e-18   3.601542e-04   3.120442e-14   1.000000e+00   204       95        1         0         
  95    7.766149e-18   1.560274e-04   9.743749e-15   1.000000e+00   206       96        1         0         
  96    7.635972e-18   1.108668e-04   8.302920e-15   1.000000e+00   208       97        1         0         
  97    7.522802e-18   1.261884e-04   8.791147e-15   1.000000e+00   210       98        1         0         
  98    7.361713e-18   2.567216e-04   1.878792e-14   1.000000e+00   212       99        1         0         
  99    7.180428e-18   1.255620e-04   1.016138e-14   1.000000e+00   214       100       1         0         
  100   7.070803e-18   1.011822e-04   6.418247e-15   1.000000e+00   216       101       1         0         
  101   6.947292e-18   1.298788e-04   8.997821e-15   1.000000e+00   218       102       1         0         
  102   6.867343e-18   2.301069e-04   1.554508e-14   1.000000e+00   220       103       1         0         
  103   6.759394e-18   1.078147e-04   2.502128e-15   1.000000e+00   222       104       1         0         
  104   6.670941e-18   9.184039e-05   6.205848e-15   1.000000e+00   224       105       1         0         
  105   6.596588e-18   1.081189e-04   7.363366e-15   1.000000e+00   226       106       1         0         
  106   6.419814e-18   1.423665e-04   1.678460e-14   1.000000e+00   228       107       1         0         
  107   6.309641e-18   1.984840e-04   1.821791e-14   4.756715e-01   231       108       2         0         
  108   6.170712e-18   1.057846e-04   9.646563e-15   1.000000e+00   233       109       1         0         
  109   6.040037e-18   1.152721e-04   1.115670e-14   1.000000e+00   235       110       1         0         
  110   5.886223e-18   1.497532e-04   1.367409e-14   1.000000e+00   237       111       1         0         
  111   5.751969e-18   3.192958e-04   3.408798e-14   1.000000e+00   239       112       1         0         
  112   5.517202e-18   1.294791e-04   6.386652e-15   1.000000e+00   241       113       1         0         
  113   5.394083e-18   1.164030e-04   6.711345e-15   1.000000e+00   243       114       1         0         
  114   5.223779e-18   1.479316e-04   1.623056e-14   1.000000e+00   245       115       1         0         
  115   5.000330e-18   1.698471e-04   2.555084e-14   1.000000e+00   247       116       1         0         
  116   4.855942e-18   2.109392e-04   2.734979e-14   4.836488e-01   250       117       2         0         
  117   4.700720e-18   9.786514e-05   1.549135e-14   1.000000e+00   252       118       1         0         
  118   4.606999e-18   9.983163e-05   8.897187e-15   1.000000e+00   254       119       1         0         
  119   4.512218e-18   1.259457e-04   1.064009e-14   1.000000e+00   256       120       1         0         
  120   4.446718e-18   2.244406e-04   1.689382e-14   1.000000e+00   258       121       1         0         
  121   4.342831e-18   8.759613e-05   5.033300e-15   1.000000e+00   260       122       1         0         
  122   4.296923e-18   7.148491e-05   2.172301e-15   1.000000e+00   262       123       1         0         
  123   4.252906e-18   8.763192e-05   4.355963e-15   1.000000e+00   264       124       1         0         
  124   4.176858e-18   1.171859e-04   1.063233e-14   1.000000e+00   266       125       1         0         
  125   4.116283e-18   1.501170e-04   1.665235e-14   1.000000e+00   268       126       1         0         
  126   4.053792e-18   6.972649e-05   3.389475e-15   1.000000e+00   270       127       1         0         
  127   4.006742e-18   7.856247e-05   4.023219e-15   1.000000e+00   272       128       1         0         
  128   3.959559e-18   9.488391e-05   5.911282e-15   1.000000e+00   274       129       1         0         
  129   3.885915e-18   1.733175e-04   1.654414e-14   1.000000e+00   276       130       1         0         
  130   3.803255e-18   8.112955e-05   1.268815e-14   1.000000e+00   278       131       1         0         
  131   3.761964e-18   6.448961e-05   2.299221e-15   1.000000e+00   280       132       1         0         
  132   3.695551e-18   9.370295e-05   7.235077e-15   1.000000e+00   282       133       1         0         
  133   3.642692e-18   1.465548e-04   1.101347e-14   1.000000e+00   284       134       1         0         
  134   3.578537e-18   9.788303e-05   7.835553e-15   1.000000e+00   286       135       1         0         
  135   3.485976e-18   7.077202e-05   1.659856e-14   1.000000e+00   288       136       1         0         
  136   3.445511e-18   9.905794e-05   8.049272e-15   1.000000e+00   290       137       1         0         
  137   3.395988e-18   8.015753e-05   8.578859e-15   1.000000e+00   292       138       1         0         
  138   3.338367e-18   1.213594e-04   1.236942e-14   1.000000e+00   294       139       1         0         
  139   3.286665e-18   7.492636e-05   7.623762e-15   1.000000e+00   296       140       1         0         
  140   3.254351e-18   7.009867e-05   1.933470e-15   1.000000e+00   298       141       1         0         
  141   3.179773e-18   1.135749e-04   1.167043e-14   1.000000e+00   300       142       1         0         
  142   3.132143e-18   1.566909e-04   1.577238e-14   1.000000e+00   302       143       1         0         
  143   3.085045e-18   8.036925e-05   2.615558e-15   1.000000e+00   304       144       1         0         
  144   3.030176e-18   6.447196e-05   1.018753e-14   1.000000e+00   306       145       1         0         
  145   2.987256e-18   7.686085e-05   9.789514e-15   1.000000e+00   308       146       1         0         
  146   2.896628e-18   9.572299e-05   1.860445e-14   1.000000e+00   310       147       1         0         
  147   2.850068e-18   1.193585e-04   1.577043e-14   4.467799e-01   313       148       2         0         
  148   2.797687e-18   6.316022e-05   8.027474e-15   1.000000e+00   315       149       1         0         
  149   2.753405e-18   6.888483e-05   6.048140e-15   1.000000e+00   317       150       1         0         
  150   2.696084e-18   9.002249e-05   1.006936e-14   1.000000e+00   319       151       1         0         
  151   2.674550e-18   2.372062e-04   2.432260e-14   1.000000e+00   321       152       1         0         
  152   2.584170e-18   7.537585e-05   3.637408e-15   1.000000e+00   323       153       1         0         
  153   2.553720e-18   5.027899e-05   3.147876e-15   1.000000e+00   325       154       1         0         
  154   2.523435e-18   5.564788e-05   7.822715e-15   1.000000e+00   327       155       1         0         
  155   2.493670e-18   5.271746e-05   7.688041e-15   1.000000e+00   329       156       1         0         
  156   2.478475e-18   5.928759e-05   6.795492e-15   4.907222e-01   332       157       2         0         
  157   2.465005e-18   3.237434e-05   2.660443e-15   1.000000e+00   334       158       1         0         
  158   2.454725e-18   3.923426e-05   1.487161e-15   1.000000e+00   336       159       1         0         
  159   2.434620e-18   6.053642e-05   4.152937e-15   1.000000e+00   338       160       1         0         
  160   2.408829e-18   9.932546e-05   7.913047e-15   1.000000e+00   340       161       1         0         
  161   2.374762e-18   6.672631e-05   7.435269e-15   1.000000e+00   342       162       1         0         
  162   2.324209e-18   6.584421e-05   1.117318e-14   1.000000e+00   344       163       1         0         
  163   2.278233e-18   9.214512e-05   1.251544e-14   1.000000e+00   346       164       1         0         
  164   2.217714e-18   1.149796e-04   1.974538e-14   1.000000e+00   348       165       1         0         
  165   2.152375e-18   8.313912e-05   1.624016e-14   1.000000e+00   350       166       1         0         
  166   2.082783e-18   8.336512e-05   1.605999e-14   1.000000e+00   352       167       1         0         
  167   2.025690e-18   1.067529e-04   1.521043e-14   1.000000e+00   354       168       1         0         
  168   1.974044e-18   8.794019e-05   9.453204e-15   1.000000e+00   356       169       1         0         
  169   1.913925e-18   9.705275e-05   2.013196e-14   1.000000e+00   358       170       1         0         
  170   1.882113e-18   8.750556e-05   9.619888e-15   1.000000e+00   360       171       1         0         
  171   1.861928e-18   6.116586e-05   2.259865e-15   1.000000e+00   362       172       1         0         
  172   1.822116e-18   5.686202e-05   9.891393e-15   1.000000e+00   364       173       1         0         
  173   1.795635e-18   6.949637e-05   8.443102e-15   1.000000e+00   366       174       1         0         
  174   1.757501e-18   7.060452e-05   1.616495e-14   1.000000e+00   368       175       1         0         
  175   1.723216e-18   8.632375e-05   1.148979e-14   1.000000e+00   370       176       1         0         
  176   1.682022e-18   6.945751e-05   8.972507e-15   1.000000e+00   372       177       1         0         
  177   1.637508e-18   7.954982e-05   1.203139e-14   1.000000e+00   374       178       1         0         
  178   1.621147e-18   1.166277e-04   1.139891e-14   1.000000e+00   376       179       1         0         
  179   1.595416e-18   4.514250e-05   9.875352e-16   1.000000e+00   378       180       1         0         
  180   1.583456e-18   3.292081e-05   2.569604e-15   1.000000e+00   380       181       1         0         
  181   1.572597e-18   3.681675e-05   3.679226e-15   1.000000e+00   382       182       1         0         
  182   1.558649e-18   5.888856e-05   6.070617e-15   1.000000e+00   384       183       1         0         
  183   1.546525e-18   3.308640e-05   5.142534e-15   1.000000e+00   386       184       1         0         
  184   1.540842e-18   2.220687e-05   1.585509e-15   1.000000e+00   388       185       1         0         
  185   1.534520e-18   2.762107e-05   1.095426e-15   1.000000e+00   390       186       1         0         
  186   1.529255e-18   4.139758e-05   2.428968e-15   1.000000e+00   392       187       1         0         
  187   1.523259e-18   2.938985e-05   1.072132e-15   1.000000e+00   394       188       1         0         
  188   1.512589e-18   3.280082e-05   4.443173e-15   1.000000e+00   396       189       1         0         
  189   1.505343e-18   3.718255e-05   2.759945e-15   1.000000e+00   398       190       1         0         
  190   1.491717e-18   4.148924e-05   4.812194e-15   1.000000e+00   400       191       1         0         
  191   1.478163e-18   1.183233e-04   1.181042e-14   1.000000e+00   402       192       1         0         
  192   1.452932e-18   4.143243e-05   2.113060e-15   1.000000e+00   404       193       1         0         
  193   1.442411e-18   3.136908e-05   1.241647e-15   1.000000e+00   406       194       1         0         
  194   1.427368e-18   4.329136e-05   4.046274e-15   1.000000e+00   408       195       1         0         
  195   1.402565e-18   6.965824e-05   8.802500e-15   1.000000e+00   410       196       1         0         
  196   1.363363e-18   6.887977e-05   2.050078e-14   1.000000e+00   412       197       1         0         
  197   1.321195e-18   7.223369e-05   1.903750e-14   1.000000e+00   414       198       1         0         
  198   1.273739e-18   6.770803e-05   2.147038e-14   1.000000e+00   416       199       1         0         
  199   1.236920e-18   7.525788e-05   1.747409e-14   1.000000e+00   418       200       1         0         
  200   1.209747e-18   6.558498e-05   6.124437e-15   1.000000e+00   420       201       1         0         
  201   1.172853e-18   5.194336e-05   9.477744e-15   1.000000e+00   422       202       1         0         
  202   1.142680e-18   6.286760e-05   1.377944e-14   1.000000e+00   424       203       1         0         
  203   1.118426e-18   8.165509e-05   2.275497e-14   1.000000e+00   426       204       1         0         
  204   1.098502e-18   3.803076e-05   1.928571e-15   1.000000e+00   428       205       1         0         
  205   1.087922e-18   3.586900e-05   2.665424e-15   1.000000e+00   430       206       1         0         
  206   1.076021e-18   4.008859e-05   4.377496e-15   1.000000e+00   432       207       1         0         
  207   1.066405e-18   9.095850e-05   1.069401e-14   1.000000e+00   434       208       1         0         
  208   1.047628e-18   4.041652e-05   3.756598e-15   1.000000e+00   436       209       1         0         
  209   1.034597e-18   3.615165e-05   4.508218e-15   1.000000e+00   438       210       1         0         
  210   1.020666e-18   4.331551e-05   7.065824e-15   1.000000e+00   440       211       1         0         
  211   1.009485e-18   8.963192e-05   1.148664e-14   1.000000e+00   442       212       1         0         
  212   9.950214e-19   2.907079e-05   4.473913e-15   1.000000e+00   444       213       1         0         
  213   9.906410e-19   2.073020e-05   9.779531e-16   1.000000e+00   446       214       1         0         
  214   9.857950e-19   2.519295e-05   1.112446e-15   1.000000e+00   448       215       1         0         
  215   9.790384e-19   3.633481e-05   2.793810e-15   1.000000e+00   450       216       1         0         
  216   9.707477e-19   3.874861e-05   6.811987e-15   1.000000e+00   452       217       1         0         
  217   9.632904e-19   2.602220e-05   3.313410e-15   1.000000e+00   454       218       1         0         
  218   9.562615e-19   2.840343e-05   4.063610e-15   1.000000e+00   456       219       1         0         
  219   9.500893e-19   3.768716e-05   3.318977e-15   1.000000e+00   458       220       1         0         
  220   9.409981e-19   3.149486e-05   3.598279e-15   1.000000e+00   460       221       1         0         
  221   9.283876e-19   3.821410e-05   6.467126e-15   1.000000e+00   462       222       1         0         
  222   9.227571e-19   5.629342e-05   5.242365e-15   1.000000e+00   464       223       1         0         
  223   9.164165e-19   2.397854e-05   9.257647e-16   1.000000e+00   466       224       1         0         
  224   9.129426e-19   1.990980e-05   6.706488e-16   1.000000e+00   468       225       1         0         
  225   9.078274e-19   2.470425e-05   2.490397e-15   1.000000e+00   470       226       1         0         
  226   9.010974e-19   4.297558e-05   4.779741e-15   1.000000e+00   472       227       1         0         
  227   8.926680e-19   2.769751e-05   5.988884e-15   1.000000e+00   474       228       1         0         
  228   8.857274e-19   2.113220e-05   3.704316e-15   1.000000e+00   476       229       1         0         
  229   8.801626e-19   4.209034e-05   4.632472e-15   1.000000e+00   478       230       1         0         
  230   8.753838e-19   2.440135e-05   1.412149e-15   1.000000e+00   480       231       1         0         
  231   8.723968e-19   2.184569e-05   5.070085e-16   1.000000e+00   482       232       1         0         
  232   8.652160e-19   2.909982e-05   2.793823e-15   1.000000e+00   484       233       1         0         
  233   8.613576e-19   4.994297e-05   4.558771e-15   1.000000e+00   486       234       1         0         
  234   8.565154e-19   2.798474e-05   1.598943e-15   1.000000e+00   488       235       1         0         
  235   8.498194e-19   2.280235e-05   4.694832e-15   1.000000e+00   490       236       1         0         
  236   8.448545e-19   2.919235e-05   4.034655e-15   1.000000e+00   492       237       1         0         
  237   8.327790e-19   3.687931e-05   8.089054e-15   1.000000e+00   494       238       1         0         
  238   8.313491e-19   1.207964e-04   1.839815e-14   1.000000e+00   496       239       1         0         
  239   8.066638e-19   3.792720e-05   8.998665e-16   1.000000e+00   498       240       1         0         
  240   7.974383e-19   2.679596e-05   1.628364e-15   1.000000e+00   500       241       1         0         
  241   7.823489e-19   3.883228e-05   7.558014e-15   1.000000e+00   502       242       1         0         
  242   7.661870e-19   5.568836e-05   1.222966e-14   1.000000e+00   504       243       1         0         
  243   7.430123e-19   4.057336e-05   2.101271e-14   1.000000e+00   506       244       1         0         
  244   7.229076e-19   4.186910e-05   1.555046e-14   1.000000e+00   508       245       1         0         
  245   7.039769e-19   6.832619e-05   2.299820e-14   1.000000e+00   510       246       1         0         
  246   6.894187e-19   4.550591e-05   3.723634e-15   1.000000e+00   512       247       1         0         
  247   6.779943e-19   4.021285e-05   4.531789e-15   1.000000e+00   514       248       1         0         
  248   6.617039e-19   4.963903e-05   1.061256e-14   1.000000e+00   516       249       1         0         
  249   6.520760e-19   7.153438e-05   1.463045e-14   1.000000e+00   518       250       1         0         
  250   6.419255e-19   3.615393e-05   2.701891e-15   1.000000e+00   520       251       1         0         
  251   6.327621e-19   2.714534e-05   6.464482e-15   1.000000e+00   522       252       1         0         
  252   6.267038e-19   3.030753e-05   5.834960e-15   1.000000e+00   524       253       1         0         
  253   6.158370e-19   4.270334e-05   1.010937e-14   1.000000e+00   526       254       1         0         
  254   6.126863e-19   5.924478e-05   1.186672e-14   1.000000e+00   528       255       1         0         
  255   6.056920e-19   1.930509e-05   4.241916e-15   1.000000e+00   530       256       1         0         
  256   6.032527e-19   1.836164e-05   1.014478e-15   1.000000e+00   532       257       1         0         
  257   5.975471e-19   2.764521e-05   1.208287e-15   1.000000e+00   534       258       1         0         
  258   5.899150e-19   4.794453e-05   5.715660e-15   1.000000e+00   536       259       1         0         
  259   5.809508e-19   3.348656e-05   8.015963e-15   1.000000e+00   538       260       1         0         
  260   5.741453e-19   2.240551e-05   7.346126e-15   1.000000e+00   540       261       1         0         
  261   5.684245e-19   3.190889e-05   1.079711e-14   1.000000e+00   542       262       1         0         
  262   5.646052e-19   3.180215e-05   1.526891e-15   1.000000e+00   544       263       1         0         
  263   5.614714e-19   2.362926e-05   1.165268e-15   1.000000e+00   546       264       1         0         
  264   5.557380e-19   2.658697e-05   2.107775e-15   1.000000e+00   548       265       1         0         
  265   5.533315e-19   3.291521e-05   2.507781e-15   1.000000e+00   550       266       1         0         
  266   5.511295e-19   2.225243e-05   4.790849e-16   1.000000e+00   552       267       1         0         
  267   5.458665e-19   1.799161e-05   4.166443e-15   1.000000e+00   554       268       1         0         
  268   5.435745e-19   1.872336e-05   2.265342e-15   1.000000e+00   556       269       1         0         
  269   5.400153e-19   3.990164e-05   3.142438e-15   4.929999e-01   559       270       2         0         
  270   5.348487e-19   1.434399e-05   5.425003e-15   1.000000e+00   561       271       1         0         
  271   5.331367e-19   1.183571e-05   5.260420e-16   1.000000e+00   563       272       1         0         
  272   5.302562e-19   2.257656e-05   1.589443e-15   1.000000e+00   565       273       1         0         
  273   5.283002e-19   2.563351e-05   1.971464e-15   1.000000e+00   567       274       1         0         
  274   5.265616e-19   1.676225e-05   1.209160e-15   1.000000e+00   569       275       1         0         
  275   5.233757e-19   1.413080e-05   4.244343e-15   1.000000e+00   571       276       1         0         
  276   5.215962e-19   1.770681e-05   2.420258e-15   1.000000e+00   573       277       1         0         
  277   5.179564e-19   1.709646e-05   4.545550e-15   1.000000e+00   575       278       1         0         
  278   5.153490e-19   3.659448e-05   3.382253e-15   1.000000e+00   577       279       1         0         
  279   5.122286e-19   1.717326e-05   1.493727e-15   1.000000e+00   579       280       1         0         
  280   5.099599e-19   1.382852e-05   8.252682e-16   1.000000e+00   581       281       1         0         
  281   5.076083e-19   1.746986e-05   2.061382e-15   1.000000e+00   583       282       1         0         
  282   5.043720e-19   4.221753e-05   6.008656e-15   1.000000e+00   585       283       1         0         
  283   4.997855e-19   2.081644e-05   3.840464e-15   1.000000e+00   587       284       1         0         
  284   4.959797e-19   1.708811e-05   3.478872e-15   1.000000e+00   589       285       1         0         
  285   4.919592e-19   2.128657e-05   4.086055e-15   1.000000e+00   591       286       1         0         
  286   4.876706e-19   4.202192e-05   6.400824e-15   1.000000e+00   593       287       1         0         
  287   4.823281e-19   2.246552e-05   3.292474e-15   1.000000e+00   595       288       1         0         
  288   4.776760e-19   1.867497e-05   2.504002e-15   1.000000e+00   597       289       1         0         
  289   4.731543e-19   2.459345e-05   3.368207e-15   1.000000e+00   599       290       1         0         
  290   4.691114e-19   5.095456e-05   7.153485e-15   1.000000e+00   601       291       1         0         
  291   4.634654e-19   2.389228e-05   1.721787e-15   1.000000e+00   603       292       1         0         
  292   4.585415e-19   2.131715e-05   3.531020e-15   1.000000e+00   605       293       1         0         
  293   4.541893e-19   2.461148e-05   4.102787e-15   1.000000e+00   607       294       1         0         
  294   4.466179e-19   2.764113e-05   6.960922e-15   1.000000e+00   609       295       1         0         
  295   4.426882e-19   3.506733e-05   6.102431e-15   4.532766e-01   612       296       2         0         
  296   4.386677e-19   1.733280e-05   2.272391e-15   1.000000e+00   614       297       1         0         
  297   4.356430e-19   2.003782e-05   1.983364e-15   1.000000e+00   616       298       1         0         
  298   4.309396e-19   2.727400e-05   3.448926e-15   1.000000e+00   618       299       1         0         
  299   4.255904e-19   5.243983e-05   8.944204e-15   1.000000e+00   620       300       1         0         
  300   4.190605e-19   2.418636e-05   3.474507e-15   1.000000e+00   622       301       1         0         
  301   4.153820e-19   1.947527e-05   3.049676e-15   1.000000e+00   624       302       1         0         
  302   4.108331e-19   2.585987e-05   4.828146e-15   1.000000e+00   626       303       1         0         
  303   4.053376e-19   3.407777e-05   6.068973e-15   1.000000e+00   628       304       1         0         
  304   3.971119e-19   3.899633e-05   1.242979e-14   1.000000e+00   630       305       1         0         
  305   3.893907e-19   2.790087e-05   6.367367e-15   1.000000e+00   632       306       1         0         
  306   3.816463e-19   2.878899e-05   5.170241e-15   1.000000e+00   634       307       1         0         
  307   3.761648e-19   3.508904e-05   6.065968e-15   1.000000e+00   636       308       1         0         
  308   3.701326e-19   2.863703e-05   6.216511e-15   1.000000e+00   638       309       1         0         
  309   3.642165e-19   2.481788e-05   7.672478e-15   1.000000e+00   640       310       1         0         
  310   3.597526e-19   2.856742e-05   7.529351e-15   1.000000e+00   642       311       1         0         
  311   3.557865e-19   2.550318e-05   2.554223e-15   1.000000e+00   644       312       1         0         
  312   3.492420e-19   2.990772e-05   7.063255e-15   1.000000e+00   646       313       1         0         
  313   3.469281e-19   4.329815e-05   6.089035e-15   1.000000e+00   648       314       1         0         
  314   3.437483e-19   1.986414e-05   4.016656e-16   1.000000e+00   650       315       1         0         
  315   3.412809e-19   1.622900e-05   1.636577e-15   1.000000e+00   652       316       1         0         
  316   3.377803e-19   2.252319e-05   3.832560e-15   1.000000e+00   654       317       1         0         
  317   3.324703e-19   2.475364e-05   6.488312e-15   1.000000e+00   656       318       1         0         
  318   3.298015e-19   4.289968e-05   5.699335e-15   4.474379e-01   659       319       2         0         
  319   3.249664e-19   1.846671e-05   4.911393e-15   1.000000e+00   661       320       1         0         
  320   3.225865e-19   1.138593e-05   2.766029e-15   1.000000e+00   663       321       1         0         
  321   3.207429e-19   1.498189e-05   2.091946e-15   1.000000e+00   665       322       1         0         
  322   3.197000e-19   2.564357e-05   2.630367e-15   1.000000e+00   667       323       1         0         
  323   3.182836e-19   1.089044e-05   2.454176e-16   1.000000e+00   669       324       1         0         
  324   3.173221e-19   9.388796e-06   8.063526e-16   1.000000e+00   671       325       1         0         
  325   3.165440e-19   1.045392e-05   1.168268e-15   1.000000e+00   673       326       1         0         
  326   3.151954e-19   1.067224e-05   2.014362e-15   1.000000e+00   675       327       1         0         
  327   3.145519e-19   1.516995e-05   1.076496e-15   4.244190e-01   678       328       2         0         
  328   3.136857e-19   8.398886e-06   1.523118e-15   1.000000e+00   680       329       1         0         
  329   3.129427e-19   9.392899e-06   8.774710e-16   1.000000e+00   682       330       1         0         
  330   3.117675e-19   1.345684e-05   1.397860e-15   1.000000e+00   684       331       1         0         
  331   3.107561e-19   2.642302e-05   2.639596e-15   1.000000e+00   686       332       1         0         
  332   3.092639e-19   1.250928e-05   6.156974e-16   1.000000e+00   688       333       1         0         
  333   3.079251e-19   1.202709e-05   1.014172e-15   1.000000e+00   690       334       1         0         
  334   3.064071e-19   1.645978e-05   1.867298e-15   1.000000e+00   692       335       1         0         
  335   3.034418e-19   1.966432e-05   4.250502e-15   1.000000e+00   694       336       1         0         
  336   3.016716e-19   3.503973e-05   4.480134e-15   4.568482e-01   697       337       2         0         
  337   2.983872e-19   1.807817e-05   5.172075e-15   1.000000e+00   699       338       1         0         
  338   2.960421e-19   1.222812e-05   3.322327e-15   1.000000e+00   701       339       1         0         
  339   2.936193e-19   1.701015e-05   3.654012e-15   1.000000e+00   703       340       1         0         
  340   2.910609e-19   2.633877e-05   4.708659e-15   1.000000e+00   705       341       1         0         
  341   2.879157e-19   1.849015e-05   5.449309e-15   1.000000e+00   707       342       1         0         
  342   2.851345e-19   1.455085e-05   3.342280e-15   1.000000e+00   709       343       1         0         
  343   2.816806e-19   2.764344e-05   6.581790e-15   1.000000e+00   711       344       1         0         
  344   2.791181e-19   2.280840e-05   4.841160e-15   1.000000e+00   713       345       1         0         
  345   2.769230e-19   1.693930e-05   2.955992e-15   1.000000e+00   715       346       1         0         
  346   2.740028e-19   2.078141e-05   6.267998e-15   1.000000e+00   717       347       1         0         
  347   2.723626e-19   2.061562e-05   3.316475e-15   1.000000e+00   719       348       1         0         
  348   2.710662e-19   1.726325e-05   3.962542e-16   1.000000e+00   721       349       1         0         
  349   2.679527e-19   2.110977e-05   3.967707e-15   1.000000e+00   723       350       1         0         
  350   2.664475e-19   2.013786e-05   3.654357e-15   1.000000e+00   725       351       1         0         
  351   2.653330e-19   1.522775e-05   1.306198e-15   1.000000e+00   727       352       1         0         
  352   2.620797e-19   1.515940e-05   6.583889e-15   1.000000e+00   729       353       1         0         
  353   2.606884e-19   2.140777e-05   2.636670e-15   1.000000e+00   731       354       1         0         
  354   2.590856e-19   1.758073e-05   1.780938e-15   1.000000e+00   733       355       1         0         
  355   2.553310e-19   2.287849e-05   7.165237e-15   1.000000e+00   735       356       1         0         
  356   2.535447e-19   2.451265e-05   2.890397e-15   1.000000e+00   737       357       1         0         
  357   2.521010e-19   1.498930e-05   8.556181e-16   1.000000e+00   739       358       1         0         
  358   2.496709e-19   1.220030e-05   3.291179e-15   1.000000e+00   741       359       1         0         
  359   2.478146e-19   1.457143e-05   4.058954e-15   1.000000e+00   743       360       1         0         
  360   2.473780e-19   4.926425e-05   1.192702e-14   1.000000e+00   745       361       1         0         
  361   2.435811e-19   1.209324e-05   6.759184e-16   1.000000e+00   747       362       1         0         
  362   2.427195e-19   9.658008e-06   2.703267e-16   1.000000e+00   749       363       1         0         
  363   2.412875e-19   1.257296e-05   2.090817e-15   1.000000e+00   751       364       1         0         
  364   2.395769e-19   1.786182e-05   3.305233e-15   1.000000e+00   753       365       1         0         
  365   2.372816e-19   1.563684e-05   6.427714e-15   1.000000e+00   755       366       1         0         
  366   2.354218e-19   1.241415e-05   1.760395e-15   1.000000e+00   757       367       1         0         
  367   2.328016e-19   1.641418e-05   2.072384e-15   1.000000e+00   759       368       1         0         
  368   2.306715e-19   2.410825e-05   2.601889e-15   1.000000e+00   761       369       1         0         
  369   2.285015e-19   1.340212e-05   2.186405e-15   1.000000e+00   763       370       1         0         
  370   2.270332e-19   1.143340e-05   2.254433e-15   1.000000e+00   765       371       1         0         
  371   2.259545e-19   1.372095e-05   1.690952e-15   1.000000e+00   767       372       1         0         
  372   2.241320e-19   1.514555e-05   2.106866e-15   1.000000e+00   769       373       1         0         
  373   2.214707e-19   3.429048e-05   6.028494e-15   1.000000e+00   771       374       1         0         
  374   2.181271e-19   1.595080e-05   1.455575e-15   1.000000e+00   773       375       1         0         
  375   2.157580e-19   1.633099e-05   2.125897e-15   1.000000e+00   775       376       1         0         
  376   2.125132e-19   2.084940e-05   4.079582e-15   1.000000e+00   777       377       1         0         
  377   2.111135e-19   5.847831e-05   9.728749e-15   1.000000e+00   779       378       1         0         
  378   2.059421e-19   1.989757e-05   1.532045e-15   1.000000e+00   781       379       1         0         
  379   2.038796e-19   1.257248e-05   1.799185e-15   1.000000e+00   783       380       1         0         
  380   2.018280e-19   1.517846e-05   3.897419e-15   1.000000e+00   785       381       1         0         
  381   1.993448e-19   1.613580e-05   4.262753e-15   1.000000e+00   787       382       1         0         
  382   1.977779e-19   2.523028e-05   4.409623e-15   4.637215e-01   790       383       2         0         
  383   1.958226e-19   1.078646e-05   2.213275e-15   1.000000e+00   792       384       1         0         
  384   1.947954e-19   1.080810e-05   1.288519e-15   1.000000e+00   794       385       1         0         
  385   1.931515e-19   1.444658e-05   2.440666e-15   1.000000e+00   796       386       1         0         
  386   1.924055e-19   3.261400e-05   4.663122e-15   1.000000e+00   798       387       1         0         
  387   1.904509e-19   1.200083e-05   3.935675e-16   1.000000e+00   800       388       1         0         
  388   1.894682e-19   9.889017e-06   1.189822e-15   1.000000e+00   802       389       1         0         
  389   1.883058e-19   1.258907e-05   2.349351e-15   1.000000e+00   804       390       1         0         
  390   1.865009e-19   1.385391e-05   4.102498e-15   1.000000e+00   806       391       1         0         
  391   1.854660e-19   1.932736e-05   3.820446e-15   4.688845e-01   809       392       2         0         
  392   1.843047e-19   8.797035e-06   2.431431e-15   1.000000e+00   811       393       1         0         
  393   1.835942e-19   9.045784e-06   1.389002e-15   1.000000e+00   813       394       1         0         
  394   1.828412e-19   1.122089e-05   1.620818e-15   1.000000e+00   815       395       1         0         
  395   1.821364e-19   1.784732e-05   3.103834e-15   1.000000e+00   817       396       1         0         
  396   1.814322e-19   7.822989e-06   7.962489e-16   1.000000e+00   819       397       1         0         
  397   1.810167e-19   6.908365e-06   8.411971e-16   1.000000e+00   821       398       1         0         
  398   1.806169e-19   8.351106e-06   1.121468e-15   1.000000e+00   823       399       1         0         
  399   1.798430e-19   1.208130e-05   2.469064e-15   1.000000e+00   825       400       1         0         
  400   1.792160e-19   1.278876e-05   3.835065e-15   1.000000e+00   827       401       1         0         
  401   1.787027e-19   6.452065e-06   3.781545e-16   1.000000e+00   829       402       1         0         
  402   1.782683e-19   7.203083e-06   5.134246e-16   1.000000e+00   831       403       1         0         
  403   1.778172e-19   8.926240e-06   1.195375e-15   1.000000e+00   833       404       1         0         
  404   1.771239e-19   1.757853e-05   3.292850e-15   1.000000e+00   835       405       1         0         
  405   1.762777e-19   8.796633e-06   2.055471e-15   1.000000e+00   837       406       1         0         
  406   1.756460e-19   8.542637e-06   1.396911e-15   1.000000e+00   839       407       1         0         
  407   1.746934e-19   1.190894e-05   2.399691e-15   1.000000e+00   841       408       1         0         
  408   1.733205e-19   1.918903e-05   5.111120e-15   1.000000e+00   843       409       1         0         
  409   1.717194e-19   1.347026e-05   4.389808e-15   1.000000e+00   845       410       1         0         
  410   1.700843e-19   1.151363e-05   5.196261e-15   1.000000e+00   847       411       1         0         
  411   1.685659e-19   1.781796e-05   6.404824e-15   1.000000e+00   849       412       1         0         
  412   1.671483e-19   1.564052e-05   3.728086e-15   1.000000e+00   851       413       1         0         
  413   1.654142e-19   1.357387e-05   4.767908e-15   1.000000e+00   853       414       1         0         
  414   1.641854e-19   2.003485e-05   6.156646e-15   1.000000e+00   855       415       1         0         
  415   1.631022e-19   1.105684e-05   1.632745e-15   1.000000e+00   857       416       1         0         
  416   1.621115e-19   1.146317e-05   2.089464e-15   1.000000e+00   859       417       1         0         
  417   1.609758e-19   1.296146e-05   3.685541e-15   1.000000e+00   861       418       1         0         
  418   1.600450e-19   2.691955e-05   6.501847e-15   1.000000e+00   863       419       1         0         
  419   1.586530e-19   1.139210e-05   3.780826e-15   1.000000e+00   865       420       1         0         
  420   1.579002e-19   8.275744e-06   1.263418e-15   1.000000e+00   867       421       1         0         
  421   1.571736e-19   9.975404e-06   2.042256e-15   1.000000e+00   869       422       1         0         
  422   1.561353e-19   1.310627e-05   3.372246e-15   1.000000e+00   871       423       1         0         
  423   1.548918e-19   1.495661e-05   7.772405e-15   1.000000e+00   873       424       1         0         
  424   1.538174e-19   9.922958e-06   1.010643e-15   1.000000e+00   875       425       1         0         
  425   1.527538e-19   1.199450e-05   2.499957e-15   1.000000e+00   877       426       1         0         
  426   1.516718e-19   1.469828e-05   3.408650e-15   1.000000e+00   879       427       1         0         
  427   1.504285e-19   1.826226e-05   6.595288e-15   1.000000e+00   881       428       1         0         
  428   1.493932e-19   9.357446e-06   2.601530e-15   1.000000e+00   883       429       1         0         
  429   1.487457e-19   8.692286e-06   1.102153e-15   1.000000e+00   885       430       1         0         
  430   1.480880e-19   9.613075e-06   1.917383e-15   1.000000e+00   887       431       1         0         
  431   1.474273e-19   1.931372e-05   4.288794e-15   1.000000e+00   889       432       1         0         
  432   1.465919e-19   7.368025e-06   1.118521e-15   1.000000e+00   891       433       1         0         
  433   1.462079e-19   6.714425e-06   3.622864e-16   1.000000e+00   893       434       1         0         
  434   1.457326e-19   7.404931e-06   1.229841e-15   1.000000e+00   895       435       1         0         
  435   1.453265e-19   2.214343e-05   3.059805e-15   1.000000e+00   897       436       1         0         
  436   1.444564e-19   9.076072e-06   2.246871e-15   1.000000e+00   899       437       1         0         
  437   1.439463e-19   6.596255e-06   9.343708e-16   1.000000e+00   901       438       1         0         
  438   1.433323e-19   8.789325e-06   1.815551e-15   1.000000e+00   903       439       1         0         
  439   1.422992e-19   1.136318e-05   2.792093e-15   1.000000e+00   905       440       1         0         
  440   1.421342e-19   3.112912e-05   5.858810e-15   1.000000e+00   907       441       1         0         
  441   1.405808e-19   8.344823e-06   1.286153e-15   1.000000e+00   909       442       1         0         
  442   1.401815e-19   7.240811e-06   1.452338e-16   1.000000e+00   911       443       1         0         
  443   1.393023e-19   1.025091e-05   1.284296e-15   1.000000e+00   913       444       1         0         
  444   1.382920e-19   1.437818e-05   2.739693e-15   1.000000e+00   915       445       1         0         
  445   1.372452e-19   1.267620e-05   4.144583e-15   1.000000e+00   917       446       1         0         
  446   1.365273e-19   7.809269e-06   1.294208e-15   1.000000e+00   919       447       1         0         
  447   1.356055e-19   1.101209e-05   2.529388e-15   1.000000e+00   921       448       1         0         
  448   1.347397e-19   1.376277e-05   1.913078e-15   1.000000e+00   923       449       1         0         
  449   1.327789e-19   1.773188e-05   6.137292e-15   1.000000e+00   925       450       1         0         
  450   1.315475e-19   2.066635e-05   4.556401e-15   1.000000e+00   927       451       1         0         
  451   1.305254e-19   1.027818e-05   5.253955e-16   1.000000e+00   929       452       1         0         
  452   1.297603e-19   8.791304e-06   1.052982e-15   1.000000e+00   931       453       1         0         
  453   1.291186e-19   9.693977e-06   1.591252e-15   1.000000e+00   933       454       1         0         
  454   1.280928e-19   1.979263e-05   4.084831e-15   1.000000e+00   935       455       1         0         
  455   1.269535e-19   9.022822e-06   3.463137e-15   1.000000e+00   937       456       1         0         
  456   1.263701e-19   7.773563e-06   6.220636e-16   1.000000e+00   939       457       1         0         
  457   1.252254e-19   1.162410e-05   1.964849e-15   1.000000e+00   941       458       1         0         
  458   1.244737e-19   2.263330e-05   3.273845e-15   1.000000e+00   943       459       1         0         
  459   1.234337e-19   1.258325e-05   8.533953e-16   1.000000e+00   945       460       1         0         
  460   1.219226e-19   1.086884e-05   3.117039e-15   1.000000e+00   947       461       1         0         
  461   1.207894e-19   1.358573e-05   3.083744e-15   1.000000e+00   949       462       1         0         
  462   1.183161e-19   1.538727e-05   6.703855e-15   1.000000e+00   951       463       1         0         
  463   1.173421e-19   2.608148e-05   4.856504e-15   3.382814e-01   954       464       2         0         
  464   1.152583e-19   1.102286e-05   4.688344e-15   1.000000e+00   956       465       1         0         
  465   1.140909e-19   9.392887e-06   2.872547e-15   1.000000e+00   958       466       1         0         
  466   1.126066e-19   1.244233e-05   3.661736e-15   1.000000e+00   960       467       1         0         
  467   1.118334e-19   3.130440e-05   6.939498e-15   1.000000e+00   962       468       1         0         
  468   1.099855e-19   1.106619e-05   8.921861e-16   1.000000e+00   964       469       1         0         
  469   1.091830e-19   8.134255e-06   1.088271e-15   1.000000e+00   966       470       1         0         
  470   1.083927e-19   9.084233e-06   2.192502e-15   1.000000e+00   968       471       1         0         
  471   1.075169e-19   1.301968e-05   3.400254e-15   1.000000e+00   970       472       1         0         
  472   1.067677e-19   9.808111e-06   2.899946e-15   1.000000e+00   972       473       1         0         
  473   1.063149e-19   6.635209e-06   1.331214e-15   1.000000e+00   974       474       1         0         
  474   1.057404e-19   8.777677e-06   1.415495e-15   1.000000e+00   976       475       1         0         
  475   1.052460e-19   1.129242e-05   1.451404e-15   1.000000e+00   978       476       1         0         
  476   1.047086e-19   7.430988e-06   1.287984e-15   1.000000e+00   980       477       1         0         
  477   1.042020e-19   8.528820e-06   1.644560e-15   1.000000e+00   982       478       1         0         
  478   1.039435e-19   8.423782e-06   8.436362e-16   1.000000e+00   984       479       1         0         
  479   1.037706e-19   5.519623e-06   1.345161e-16   1.000000e+00   986       480       1         0         
  480   1.034177e-19   4.893664e-06   8.040178e-16   1.000000e+00   988       481       1         0         
  481   1.031740e-19   6.153704e-06   5.783543e-16   1.000000e+00   990       482       1         0         
  482   1.025568e-19   1.031454e-05   2.200013e-15   1.000000e+00   992       483       1         0         
  483   1.020280e-19   9.514909e-06   1.588850e-15   1.000000e+00   994       484       1         0         
  484   1.016308e-19   7.169098e-06   8.264654e-16   1.000000e+00   996       485       1         0         
  485   1.010784e-19   7.866058e-06   1.290300e-15   1.000000e+00   998       486       1         0         
  486   1.006344e-19   9.816403e-06   1.198818e-15   1.000000e+00   1000      487       1         0         
  487   1.001092e-19   8.121364e-06   1.326763e-15   1.000000e+00   1002      488       1         0         
  488   9.952233e-20   1.234150e-05   2.658189e-15   1.000000e+00   1004      489       1         0         
  489   9.910089e-20   6.950361e-06   6.494265e-16   1.000000e+00   1006      490       1         0         
  490   9.883225e-20   6.599596e-06   2.178749e-16   1.000000e+00   1008      491       1         0         
  491   9.808037e-20   9.203899e-06   1.598130e-15   1.000000e+00   1010      492       1         0         
  492   9.789196e-20   2.204540e-05   2.562013e-15   1.000000e+00   1012      493       1         0         
  493   9.718059e-20   8.878300e-06   2.894405e-16   1.000000e+00   1014      494       1         0         
  494   9.675181e-20   5.510287e-06   9.046463e-16   1.000000e+00   1016      495       1         0         
  495   9.627358e-20   7.146654e-06   1.632597e-15   1.000000e+00   1018      496       1         0         
  496   9.569740e-20   7.118588e-06   1.780768e-15   1.000000e+00   1020      497       1         0         
  497   9.544345e-20   1.348312e-05   1.735464e-15   3.705831e-01   1023      498       2         0         
  498   9.495663e-20   5.152094e-06   1.196757e-15   1.000000e+00   1025      499       1         0         
  499   9.475518e-20   4.059236e-06   4.330625e-16   1.000000e+00   1027      500       1         0         
  500   9.448461e-20   5.351716e-06   7.393336e-16   1.000000e+00   1029      501       1         0         
Optimization Terminated with Status: Iteration Limit Exceeded
