[MetricOpStats] ParamMass_M  (rows=14264)
  row_sum       min=1.3468e-07  max=0.00594  mean=0.00197907  max/|min|=44104.5
  |row_sum|     min=1.3468e-07  max=0.00594  mean=0.00197907  max/min=44104.5
  diag          min=5.98578e-08  max=0.00264  mean=0.000879586  nonpos=0
  max_abs_entry=0.00264
[MetricOpStats] ParamStiffness_K  (rows=14264)
  row_sum       min=-8.9407e-08  max=8.9407e-08  mean=1.38068e-08  max/|min|=1
  |row_sum|     min=2.37605e+08  max=7.92e+08  mean=5.80481e+08  max/min=3.33326
  diag          min=3.96018e+07  max=1.584e+08  mean=1.05543e+08  nonpos=0
  max_abs_entry=1.584e+08
[MetricOpStats] ParamMass_M_reprint  (rows=14264)
  row_sum       min=1.3468e-07  max=0.00594  mean=0.00197907  max/|min|=44104.5
  |row_sum|     min=1.3468e-07  max=0.00594  mean=0.00197907  max/min=44104.5
  diag          min=5.98578e-08  max=0.00264  mean=0.000879586  nonpos=0
  max_abs_entry=0.00264
[MetricOpStats] K_over_M
  |row_sum| ratio  max=1.33333e+11  mean=2.9331e+11
[RieszDiagnostics] M and K retained for diagnostics; Euclidean inner product unchanged.
MrHyDE vector contract check (primal) errors: e[0]=0 e[1]=0 e[2]=0 e[3]=0 e[4]=0 e[5]=0 e[6]=0 e[7]=0 e[8]=0 e[9]=0 e[10]=0 e[11]=0 e[12]=0
MrHyDE vector contract check (dual) errors: e[0]=0 e[1]=2.31244e-16 e[2]=0 e[3]=0 e[4]=0 e[5]=3.95598e-17 e[6]=7.88923e-17 e[7]=0 e[8]=0 e[9]=1.18358e-15 e[10]=2.22045e-16 e[11]=0 e[12]=0
MrHyDE vector contract check: max_primal_err=0 max_dual_err=1.18358e-15 tol=1e-08

Quasi-Newton Method with Limited-Memory BFGS
Line Search: Cubic Interpolation satisfying Wolfe Conditions
-------------------------------------------------------------------------------------------------------------
Quasi-Newton status output definitions

  iter     - Number of iterates (steps taken)
  value    - Objective function value
  gnorm    - Norm of the gradient
  snorm    - Norm of the step (update to optimization vector)
  alpha    - Line search step length
  #fval    - Cumulative number of times the objective function was evaluated
  #grad    - Cumulative number of times the gradient was computed
  ls_#fval - Number of the times the objective function was evaluated during the line search
  ls_#grad - Number of the times the gradient was evaluated during the line search
-------------------------------------------------------------------------------------------------------------
  iter  value          gnorm          snorm          alpha          #fval     #grad     ls_#fval  ls_#grad  
  0     1.242245e-11   7.748128e-01   ---            ---            1         1         ---       ---       
  1     5.419179e-12   5.857231e-01   8.036189e-11   1.037178e-10   13        2         11        0         
  2     6.992045e-13   4.244394e-01   2.983087e-11   1.000000e+00   15        3         1         0         
  3     5.325268e-13   2.123412e-01   1.821529e-12   1.000000e-01   18        4         2         0         
  4     4.784474e-13   1.008092e-01   7.976448e-13   1.000000e+00   20        5         1         0         
  5     4.269591e-13   1.185522e-01   1.724509e-12   1.000000e+00   22        6         1         0         
  6     3.686556e-13   1.555390e-01   2.814721e-12   1.000000e+00   24        7         1         0         
  7     2.808911e-13   1.776167e-01   4.530048e-12   1.000000e+00   26        8         1         0         
  8     2.192527e-13   1.464917e-01   3.683401e-12   4.662227e-01   29        9         2         0         
  9     1.604850e-13   8.190700e-02   2.378053e-12   1.000000e+00   31        10        1         0         
  10    1.231424e-13   1.180091e-01   2.374909e-12   1.000000e+00   33        11        1         0         
  11    1.095532e-13   1.667210e-01   2.301520e-12   1.000000e+00   35        12        1         0         
  12    8.472483e-14   6.111564e-02   6.130938e-13   1.000000e+00   37        13        1         0         
  13    7.735223e-14   4.056681e-02   3.720919e-13   1.000000e+00   39        14        1         0         
  14    7.299050e-14   5.707822e-02   4.483412e-13   1.000000e+00   41        15        1         0         
  15    6.506241e-14   7.531160e-02   9.675228e-13   1.000000e+00   43        16        1         0         
  16    5.183007e-14   7.228752e-02   1.630065e-12   1.000000e+00   45        17        1         0         
  17    4.835806e-14   8.652157e-02   8.258901e-13   2.447673e-01   48        18        2         0         
  18    3.803266e-14   3.588420e-02   1.145388e-12   1.000000e+00   50        19        1         0         
  19    3.356457e-14   3.159765e-02   5.532023e-13   1.000000e+00   52        20        1         0         
  20    2.956340e-14   4.478717e-02   6.346507e-13   1.000000e+00   54        21        1         0         
  21    2.477480e-14   4.553492e-02   9.061593e-13   1.000000e+00   56        22        1         0         
  22    2.252153e-14   4.672228e-02   6.800482e-13   3.719388e-01   59        23        2         0         
  23    1.940651e-14   2.015447e-02   5.209929e-13   1.000000e+00   61        24        1         0         
  24    1.795151e-14   2.186563e-02   3.103627e-13   1.000000e+00   63        25        1         0         
  25    1.662740e-14   2.870931e-02   3.414970e-13   1.000000e+00   65        26        1         0         
  26    1.442943e-14   3.362099e-02   7.087544e-13   1.000000e+00   67        27        1         0         
  27    1.360248e-14   4.644815e-02   1.207159e-12   1.000000e+00   69        28        1         0         
  28    1.100035e-14   1.667514e-02   1.684889e-13   1.000000e+00   71        29        1         0         
  29    1.003032e-14   1.749037e-02   1.608145e-13   1.000000e+00   73        30        1         0         
  30    9.041448e-15   2.215852e-02   3.491951e-13   1.000000e+00   75        31        1         0         
  31    7.685668e-15   2.907651e-02   7.317586e-13   1.000000e+00   77        32        1         0         
  32    6.725419e-15   2.192542e-02   9.170523e-13   1.000000e+00   79        33        1         0         
  33    5.960638e-15   9.718567e-03   1.238521e-13   1.000000e+00   81        34        1         0         
  34    5.573596e-15   1.093269e-02   1.105022e-13   1.000000e+00   83        35        1         0         
  35    5.174355e-15   1.372248e-02   2.053604e-13   1.000000e+00   85        36        1         0         
  36    4.784712e-15   2.252641e-02   5.145833e-13   1.000000e+00   87        37        1         0         
  37    4.117005e-15   9.786001e-03   2.628464e-13   1.000000e+00   89        38        1         0         
  38    3.821385e-15   8.614458e-03   1.520005e-13   1.000000e+00   91        39        1         0         
  39    3.517819e-15   1.090213e-02   2.215893e-13   1.000000e+00   93        40        1         0         
  40    3.265040e-15   1.700494e-02   3.826047e-13   1.000000e+00   95        41        1         0         
  41    2.899946e-15   8.680164e-03   1.646005e-13   1.000000e+00   97        42        1         0         
  42    2.649724e-15   6.933586e-03   1.586404e-13   1.000000e+00   99        43        1         0         
  43    2.469651e-15   8.330930e-03   1.549538e-13   1.000000e+00   101       44        1         0         
  44    2.259650e-15   1.489251e-02   3.665811e-13   1.000000e+00   103       45        1         0         
  45    1.956190e-15   8.127876e-03   2.357074e-13   1.000000e+00   105       46        1         0         
  46    1.763613e-15   6.558789e-03   1.402009e-13   1.000000e+00   107       47        1         0         
  47    1.558685e-15   7.987250e-03   2.195395e-13   1.000000e+00   109       48        1         0         
  48    1.444150e-15   1.350547e-02   3.101568e-13   1.000000e+00   111       49        1         0         
  49    1.240354e-15   6.785724e-03   9.284230e-14   1.000000e+00   113       50        1         0         
  50    1.092838e-15   5.133971e-03   1.482800e-13   1.000000e+00   115       51        1         0         
  51    1.003837e-15   5.641722e-03   1.281604e-13   1.000000e+00   117       52        1         0         
  52    8.806649e-16   1.082603e-02   3.167289e-13   1.000000e+00   119       53        1         0         
  53    7.488466e-16   5.498212e-03   2.289299e-13   1.000000e+00   121       54        1         0         
  54    6.865992e-16   3.688746e-03   3.845241e-14   1.000000e+00   123       55        1         0         
  55    6.054237e-16   3.992198e-03   7.855321e-14   1.000000e+00   125       56        1         0         
  56    5.697841e-16   8.315965e-03   1.469825e-13   1.000000e+00   127       57        1         0         
  57    4.992667e-16   4.038745e-03   7.425877e-14   1.000000e+00   129       58        1         0         
  58    4.589257e-16   2.479392e-03   1.010597e-13   1.000000e+00   131       59        1         0         
  59    4.387263e-16   2.867548e-03   6.343817e-14   1.000000e+00   133       60        1         0         
  60    3.943302e-16   4.709455e-03   1.445443e-13   1.000000e+00   135       61        1         0         
  61    3.522340e-16   5.155388e-03   1.942013e-13   1.000000e+00   137       62        1         0         
  62    3.048071e-16   2.874388e-03   4.057743e-14   1.000000e+00   139       63        1         0         
  63    2.623812e-16   2.788398e-03   7.393115e-14   1.000000e+00   141       64        1         0         
  64    2.404348e-16   3.397180e-03   6.920719e-14   1.000000e+00   143       65        1         0         
  65    2.095872e-16   2.351877e-03   1.100565e-13   1.000000e+00   145       66        1         0         
  66    1.901189e-16   2.851523e-03   9.208816e-14   1.000000e+00   147       67        1         0         
  67    1.711377e-16   2.308523e-03   8.175926e-14   1.000000e+00   149       68        1         0         
  68    1.552679e-16   2.106732e-03   3.819045e-14   1.000000e+00   151       69        1         0         
  69    1.441659e-16   4.315854e-03   9.021368e-14   1.000000e+00   153       70        1         0         
  70    1.222137e-16   1.656192e-03   2.953685e-14   1.000000e+00   155       71        1         0         
  71    1.154484e-16   1.462562e-03   1.310200e-14   1.000000e+00   157       72        1         0         
  72    1.030788e-16   1.730707e-03   5.368016e-14   1.000000e+00   159       73        1         0         
  73    9.674150e-17   2.010075e-03   4.276373e-14   4.618418e-01   162       74        2         0         
  74    8.914405e-17   1.428194e-03   3.887851e-14   1.000000e+00   164       75        1         0         
  75    7.908382e-17   1.388571e-03   6.062179e-14   1.000000e+00   166       76        1         0         
  76    7.447873e-17   2.010482e-03   4.756775e-14   1.000000e+00   168       77        1         0         
  77    6.907642e-17   1.067131e-03   1.080982e-14   1.000000e+00   170       78        1         0         
  78    6.456738e-17   8.729757e-04   1.844693e-14   1.000000e+00   172       79        1         0         
  79    6.141977e-17   9.561489e-04   1.835039e-14   1.000000e+00   174       80        1         0         
  80    5.954824e-17   2.440966e-03   5.588491e-14   1.000000e+00   176       81        1         0         
  81    5.334311e-17   8.397789e-04   1.478151e-14   1.000000e+00   178       82        1         0         
  82    5.127521e-17   7.528139e-04   1.107387e-14   1.000000e+00   180       83        1         0         
  83    4.803931e-17   9.001399e-04   2.546258e-14   1.000000e+00   182       84        1         0         
  84    4.402152e-17   1.332403e-03   4.083631e-14   1.000000e+00   184       85        1         0         
  85    4.066681e-17   1.167921e-03   5.237273e-14   1.000000e+00   186       86        1         0         
  86    3.846953e-17   5.510862e-04   6.510362e-15   1.000000e+00   188       87        1         0         
  87    3.712965e-17   5.760294e-04   7.284929e-15   1.000000e+00   190       88        1         0         
  88    3.561936e-17   7.405655e-04   1.426640e-14   1.000000e+00   192       89        1         0         
  89    3.369367e-17   1.099876e-03   3.696178e-14   1.000000e+00   194       90        1         0         
  90    3.162224e-17   5.371827e-04   1.705264e-14   1.000000e+00   196       91        1         0         
  91    3.043759e-17   5.035866e-04   1.257679e-14   1.000000e+00   198       92        1         0         
  92    2.919567e-17   5.915150e-04   1.598155e-14   1.000000e+00   200       93        1         0         
  93    2.841500e-17   1.158125e-03   2.818274e-14   1.000000e+00   202       94        1         0         
  94    2.704007e-17   4.306117e-04   4.006451e-15   1.000000e+00   204       95        1         0         
  95    2.646068e-17   3.638887e-04   4.868223e-15   1.000000e+00   206       96        1         0         
  96    2.577281e-17   4.569754e-04   8.255564e-15   1.000000e+00   208       97        1         0         
  97    2.449716e-17   6.039915e-04   1.839239e-14   1.000000e+00   210       98        1         0         
  98    2.364139e-17   1.050043e-03   3.843114e-14   1.000000e+00   212       99        1         0         
  99    2.224397e-17   4.042581e-04   4.885559e-15   1.000000e+00   214       100       1         0         
  100   2.156692e-17   4.143081e-04   6.675360e-15   1.000000e+00   216       101       1         0         
  101   2.070420e-17   4.934494e-04   1.357225e-14   1.000000e+00   218       102       1         0         
  102   1.990125e-17   9.651042e-04   2.625921e-14   1.000000e+00   220       103       1         0         
  103   1.872726e-17   3.537108e-04   1.689063e-14   1.000000e+00   222       104       1         0         
  104   1.829919e-17   2.924248e-04   5.131756e-15   1.000000e+00   224       105       1         0         
  105   1.772274e-17   4.009360e-04   1.040604e-14   1.000000e+00   226       106       1         0         
  106   1.715938e-17   6.334296e-04   1.688762e-14   1.000000e+00   228       107       1         0         
  107   1.643147e-17   3.633283e-04   1.313376e-14   1.000000e+00   230       108       1         0         
  108   1.586106e-17   2.738595e-04   1.132228e-14   1.000000e+00   232       109       1         0         
  109   1.543891e-17   4.293076e-04   1.062230e-14   1.000000e+00   234       110       1         0         
  110   1.499246e-17   3.765112e-04   1.082203e-14   1.000000e+00   236       111       1         0         
  111   1.445567e-17   3.179935e-04   1.199482e-14   1.000000e+00   238       112       1         0         
  112   1.405978e-17   5.888130e-04   2.023754e-14   1.000000e+00   240       113       1         0         
  113   1.361651e-17   2.808663e-04   3.118230e-15   1.000000e+00   242       114       1         0         
  114   1.338515e-17   2.651773e-04   2.623829e-15   1.000000e+00   244       115       1         0         
  115   1.298608e-17   3.168146e-04   9.833790e-15   1.000000e+00   246       116       1         0         
  116   1.267524e-17   6.273026e-04   1.814611e-14   1.000000e+00   248       117       1         0         
  117   1.217818e-17   2.948550e-04   1.067018e-14   1.000000e+00   250       118       1         0         
  118   1.184760e-17   2.102508e-04   9.820175e-15   1.000000e+00   252       119       1         0         
  119   1.159370e-17   2.292175e-04   9.032105e-15   1.000000e+00   254       120       1         0         
  120   1.135416e-17   4.119203e-04   1.253358e-14   1.000000e+00   256       121       1         0         
  121   1.107249e-17   1.951682e-04   7.499831e-15   1.000000e+00   258       122       1         0         
  122   1.090718e-17   1.809010e-04   3.412224e-15   1.000000e+00   260       123       1         0         
  123   1.065264e-17   2.551909e-04   7.726401e-15   1.000000e+00   262       124       1         0         
  124   1.050076e-17   5.104451e-04   1.443558e-14   1.000000e+00   264       125       1         0         
  125   1.020395e-17   2.298962e-04   3.911353e-15   1.000000e+00   266       126       1         0         
  126   1.000508e-17   1.581251e-04   6.650765e-15   1.000000e+00   268       127       1         0         
  127   9.867443e-18   1.792766e-04   6.576265e-15   1.000000e+00   270       128       1         0         
  128   9.670685e-18   2.719801e-04   9.591733e-15   1.000000e+00   272       129       1         0         
  129   9.454487e-18   1.841732e-04   1.167857e-14   1.000000e+00   274       130       1         0         
  130   9.321935e-18   1.515465e-04   2.830221e-15   1.000000e+00   276       131       1         0         
  131   9.083215e-18   2.486897e-04   8.301899e-15   1.000000e+00   278       132       1         0         
  132   8.974567e-18   4.401877e-04   1.172157e-14   1.000000e+00   280       133       1         0         
  133   8.779360e-18   2.136573e-04   2.514859e-15   1.000000e+00   282       134       1         0         
  134   8.600192e-18   1.465991e-04   7.739322e-15   1.000000e+00   284       135       1         0         
  135   8.484894e-18   1.725011e-04   7.570609e-15   1.000000e+00   286       136       1         0         
  136   8.243608e-18   2.103219e-04   1.289945e-14   1.000000e+00   288       137       1         0         
  137   8.119443e-18   2.999543e-04   1.071522e-14   3.866897e-01   291       138       2         0         
  138   7.928453e-18   1.604726e-04   8.697673e-15   1.000000e+00   293       139       1         0         
  139   7.790933e-18   1.584406e-04   5.874273e-15   1.000000e+00   295       140       1         0         
  140   7.585410e-18   2.749144e-04   1.096572e-14   1.000000e+00   297       141       1         0         
  141   7.397946e-18   2.761368e-04   1.462784e-14   1.000000e+00   299       142       1         0         
  142   7.258817e-18   1.534183e-04   3.091810e-15   1.000000e+00   301       143       1         0         
  143   7.134129e-18   1.521552e-04   6.002311e-15   1.000000e+00   303       144       1         0         
  144   7.038838e-18   1.894499e-04   6.457363e-15   1.000000e+00   305       145       1         0         
  145   6.853139e-18   2.047817e-04   1.511756e-14   1.000000e+00   307       146       1         0         
  146   6.744040e-18   2.984884e-04   1.314573e-14   1.000000e+00   309       147       1         0         
  147   6.621011e-18   1.645422e-04   2.152578e-15   1.000000e+00   311       148       1         0         
  148   6.505226e-18   1.552556e-04   3.682690e-15   1.000000e+00   313       149       1         0         
  149   6.382974e-18   1.840074e-04   7.576718e-15   1.000000e+00   315       150       1         0         
  150   6.320336e-18   4.520045e-04   1.722761e-14   1.000000e+00   317       151       1         0         
  151   6.111170e-18   1.584976e-04   6.162892e-15   1.000000e+00   319       152       1         0         
  152   6.037530e-18   1.202840e-04   2.805017e-15   1.000000e+00   321       153       1         0         
  153   5.946050e-18   1.550175e-04   5.776400e-15   1.000000e+00   323       154       1         0         
  154   5.829869e-18   2.103153e-04   9.413744e-15   1.000000e+00   325       155       1         0         
  155   5.718459e-18   2.457294e-04   1.463910e-14   1.000000e+00   327       156       1         0         
  156   5.604949e-18   1.251124e-04   3.193534e-15   1.000000e+00   329       157       1         0         
  157   5.511774e-18   1.497978e-04   3.767731e-15   1.000000e+00   331       158       1         0         
  158   5.418294e-18   1.719659e-04   5.988732e-15   1.000000e+00   333       159       1         0         
  159   5.415629e-18   5.048633e-04   1.970986e-14   1.000000e+00   335       160       1         0         
  160   5.178993e-18   1.381148e-04   1.751685e-15   1.000000e+00   337       161       1         0         
  161   5.122901e-18   1.101700e-04   2.394116e-15   1.000000e+00   339       162       1         0         
  162   5.030048e-18   1.545530e-04   7.617751e-15   1.000000e+00   341       163       1         0         
  163   4.903523e-18   1.957379e-04   1.108181e-14   1.000000e+00   343       164       1         0         
  164   4.875595e-18   4.916375e-04   2.846558e-14   1.000000e+00   345       165       1         0         
  165   4.629938e-18   1.475871e-04   2.020098e-15   1.000000e+00   347       166       1         0         
  166   4.563443e-18   1.246617e-04   1.259120e-15   1.000000e+00   349       167       1         0         
  167   4.465869e-18   1.590652e-04   5.652967e-15   1.000000e+00   351       168       1         0         
  168   4.322271e-18   2.068591e-04   1.252387e-14   1.000000e+00   353       169       1         0         
  169   4.241793e-18   3.632683e-04   2.661949e-14   1.000000e+00   355       170       1         0         
  170   4.077783e-18   1.248726e-04   1.740757e-15   1.000000e+00   357       171       1         0         
  171   4.019766e-18   1.153629e-04   2.338793e-15   1.000000e+00   359       172       1         0         
  172   3.952693e-18   1.334070e-04   6.445796e-15   1.000000e+00   361       173       1         0         
  173   3.940374e-18   3.621920e-04   1.139075e-14   1.000000e+00   363       174       1         0         
  174   3.823642e-18   1.135556e-04   4.263332e-15   1.000000e+00   365       175       1         0         
  175   3.790550e-18   7.798589e-05   1.435989e-15   1.000000e+00   367       176       1         0         
  176   3.749643e-18   1.032362e-04   3.353003e-15   1.000000e+00   369       177       1         0         
  177   3.689680e-18   1.221620e-04   5.360544e-15   1.000000e+00   371       178       1         0         
  178   3.643327e-18   2.117752e-04   6.312502e-15   4.840578e-01   374       179       2         0         
  179   3.557134e-18   1.099885e-04   8.417899e-15   1.000000e+00   376       180       1         0         
  180   3.500412e-18   8.593218e-05   4.845114e-15   1.000000e+00   378       181       1         0         
  181   3.431662e-18   1.275392e-04   7.666856e-15   1.000000e+00   380       182       1         0         
  182   3.398421e-18   2.169836e-04   7.883678e-15   1.000000e+00   382       183       1         0         
  183   3.344017e-18   1.022488e-04   1.731479e-15   1.000000e+00   384       184       1         0         
  184   3.303977e-18   8.078610e-05   2.452299e-15   1.000000e+00   386       185       1         0         
  185   3.271793e-18   9.406656e-05   3.377279e-15   1.000000e+00   388       186       1         0         
  186   3.214784e-18   1.364114e-04   7.485016e-15   1.000000e+00   390       187       1         0         
  187   3.176083e-18   1.524026e-04   9.921536e-15   1.000000e+00   392       188       1         0         
  188   3.144170e-18   6.485844e-05   1.427888e-15   1.000000e+00   394       189       1         0         
  189   3.124760e-18   7.060619e-05   8.860463e-16   1.000000e+00   396       190       1         0         
  190   3.096572e-18   8.858991e-05   2.658457e-15   1.000000e+00   398       191       1         0         
  191   3.061841e-18   1.935613e-04   7.208614e-15   1.000000e+00   400       192       1         0         
  192   3.009517e-18   8.338539e-05   6.050809e-15   1.000000e+00   402       193       1         0         
  193   2.983736e-18   6.339521e-05   3.054102e-15   1.000000e+00   404       194       1         0         
  194   2.952008e-18   8.258641e-05   4.870019e-15   1.000000e+00   406       195       1         0         
  195   2.926466e-18   1.345263e-04   5.240469e-15   1.000000e+00   408       196       1         0         
  196   2.892854e-18   8.692184e-05   4.412026e-15   1.000000e+00   410       197       1         0         
  197   2.858672e-18   6.534677e-05   3.836886e-15   1.000000e+00   412       198       1         0         
  198   2.831559e-18   1.023704e-04   4.064322e-15   1.000000e+00   414       199       1         0         
  199   2.801279e-18   1.003645e-04   4.708287e-15   1.000000e+00   416       200       1         0         
  200   2.766144e-18   8.187705e-05   4.775739e-15   1.000000e+00   418       201       1         0         
  201   2.744968e-18   1.983321e-04   1.021088e-14   1.000000e+00   420       202       1         0         
  202   2.704379e-18   7.525642e-05   8.806983e-16   1.000000e+00   422       203       1         0         
  203   2.690731e-18   6.509992e-05   4.438161e-16   1.000000e+00   424       204       1         0         
  204   2.657893e-18   7.677676e-05   3.805167e-15   1.000000e+00   426       205       1         0         
  205   2.635647e-18   1.533610e-04   6.131182e-15   1.000000e+00   428       206       1         0         
  206   2.602351e-18   8.252167e-05   3.814217e-15   1.000000e+00   430       207       1         0         
  207   2.567560e-18   6.926539e-05   5.841477e-15   1.000000e+00   432       208       1         0         
  208   2.534931e-18   8.788651e-05   5.739448e-15   1.000000e+00   434       209       1         0         
  209   2.491853e-18   1.646114e-04   1.027802e-14   1.000000e+00   436       210       1         0         
  210   2.439153e-18   9.063524e-05   7.142462e-15   1.000000e+00   438       211       1         0         
  211   2.404874e-18   7.306455e-05   2.556328e-15   1.000000e+00   440       212       1         0         
  212   2.360221e-18   1.133627e-04   5.079590e-15   1.000000e+00   442       213       1         0         
  213   2.325958e-18   1.536382e-04   6.776771e-15   1.000000e+00   444       214       1         0         
  214   2.288722e-18   9.600390e-05   3.432634e-15   1.000000e+00   446       215       1         0         
  215   2.228587e-18   7.956920e-05   1.017765e-14   1.000000e+00   448       216       1         0         
  216   2.198730e-18   9.015257e-05   4.746778e-15   1.000000e+00   450       217       1         0         
  217   2.147124e-18   1.592899e-04   1.441171e-14   1.000000e+00   452       218       1         0         
  218   2.105162e-18   8.334308e-05   1.835476e-15   1.000000e+00   454       219       1         0         
  219   2.086325e-18   7.994874e-05   1.144880e-15   1.000000e+00   456       220       1         0         
  220   2.050105e-18   1.035023e-04   3.515912e-15   1.000000e+00   458       221       1         0         
  221   2.025135e-18   2.042571e-04   1.119711e-14   1.000000e+00   460       222       1         0         
  222   1.981031e-18   8.373070e-05   2.048381e-15   1.000000e+00   462       223       1         0         
  223   1.949984e-18   6.688089e-05   6.131021e-15   1.000000e+00   464       224       1         0         
  224   1.921876e-18   8.176486e-05   6.792597e-15   1.000000e+00   466       225       1         0         
  225   1.869483e-18   1.058282e-04   1.023091e-14   1.000000e+00   468       226       1         0         
  226   1.836049e-18   1.351314e-04   1.052162e-14   4.692762e-01   471       227       2         0         
  227   1.799794e-18   6.863041e-05   4.107540e-15   1.000000e+00   473       228       1         0         
  228   1.777518e-18   7.031550e-05   1.948024e-15   1.000000e+00   475       229       1         0         
  229   1.748200e-18   1.039517e-04   3.937106e-15   1.000000e+00   477       230       1         0         
  230   1.715664e-18   1.365070e-04   8.888369e-15   1.000000e+00   479       231       1         0         
  231   1.678055e-18   7.845652e-05   5.297995e-15   1.000000e+00   481       232       1         0         
  232   1.638722e-18   8.407639e-05   9.896013e-15   1.000000e+00   483       233       1         0         
  233   1.612016e-18   9.795949e-05   6.904336e-15   1.000000e+00   485       234       1         0         
  234   1.583868e-18   1.292448e-04   1.263542e-14   1.000000e+00   487       235       1         0         
  235   1.560187e-18   5.742699e-05   9.188338e-16   1.000000e+00   489       236       1         0         
  236   1.550652e-18   5.602650e-05   2.025011e-15   1.000000e+00   491       237       1         0         
  237   1.536922e-18   6.467068e-05   1.343607e-15   1.000000e+00   493       238       1         0         
  238   1.527940e-18   1.630491e-04   6.911061e-15   1.000000e+00   495       239       1         0         
  239   1.502070e-18   6.160616e-05   2.674970e-15   1.000000e+00   497       240       1         0         
  240   1.490096e-18   4.744813e-05   3.791919e-15   1.000000e+00   499       241       1         0         
  241   1.477559e-18   5.973673e-05   4.629299e-15   1.000000e+00   501       242       1         0         
  242   1.457067e-18   6.852090e-05   5.547174e-15   1.000000e+00   503       243       1         0         
  243   1.446653e-18   1.049347e-04   4.311450e-15   4.054338e-01   506       244       2         0         
  244   1.426795e-18   4.948099e-05   3.683706e-15   1.000000e+00   508       245       1         0         
  245   1.416037e-18   3.957834e-05   1.306797e-15   1.000000e+00   510       246       1         0         
  246   1.404529e-18   6.501944e-05   1.740509e-15   1.000000e+00   512       247       1         0         
  247   1.394865e-18   6.024910e-05   1.944378e-15   1.000000e+00   514       248       1         0         
  248   1.386096e-18   3.881181e-05   1.517540e-15   1.000000e+00   516       249       1         0         
  249   1.374895e-18   4.459475e-05   4.451870e-15   1.000000e+00   518       250       1         0         
  250   1.367653e-18   5.962340e-05   2.204537e-15   1.000000e+00   520       251       1         0         
  251   1.357323e-18   4.833462e-05   2.554341e-15   1.000000e+00   522       252       1         0         
  252   1.347878e-18   9.472865e-05   4.998933e-15   1.000000e+00   524       253       1         0         
  253   1.336359e-18   4.107908e-05   1.002855e-15   1.000000e+00   526       254       1         0         
  254   1.331093e-18   3.749945e-05   4.171409e-16   1.000000e+00   528       255       1         0         
  255   1.320209e-18   4.721356e-05   2.497168e-15   1.000000e+00   530       256       1         0         
  256   1.318197e-18   1.215260e-04   5.533847e-15   1.000000e+00   532       257       1         0         
  257   1.305072e-18   4.355814e-05   5.950865e-16   1.000000e+00   534       258       1         0         
  258   1.298748e-18   3.169394e-05   2.028172e-15   1.000000e+00   536       259       1         0         
  259   1.289927e-18   4.232693e-05   3.895634e-15   1.000000e+00   538       260       1         0         
  260   1.279271e-18   4.423645e-05   3.686497e-15   1.000000e+00   540       261       1         0         
  261   1.273356e-18   8.315228e-05   3.543383e-15   3.624971e-01   543       262       2         0         
  262   1.259983e-18   3.955573e-05   3.652783e-15   1.000000e+00   545       263       1         0         
  263   1.251921e-18   3.151823e-05   2.054025e-15   1.000000e+00   547       264       1         0         
  264   1.241753e-18   4.991953e-05   3.082898e-15   1.000000e+00   549       265       1         0         
  265   1.234277e-18   7.617136e-05   3.929751e-15   1.000000e+00   551       266       1         0         
  266   1.226025e-18   4.025755e-05   6.742321e-16   1.000000e+00   553       267       1         0         
  267   1.217191e-18   4.004874e-05   1.947448e-15   1.000000e+00   555       268       1         0         
  268   1.208137e-18   5.100414e-05   2.970966e-15   1.000000e+00   557       269       1         0         
  269   1.194800e-18   1.155409e-04   7.550100e-15   1.000000e+00   559       270       1         0         
  270   1.174746e-18   5.154699e-05   5.187665e-15   1.000000e+00   561       271       1         0         
  271   1.162851e-18   4.254032e-05   2.385401e-15   1.000000e+00   563       272       1         0         
  272   1.148546e-18   5.380438e-05   3.621298e-15   1.000000e+00   565       273       1         0         
  273   1.131292e-18   7.998819e-05   5.818676e-15   1.000000e+00   567       274       1         0         
  274   1.108883e-18   5.995672e-05   7.637818e-15   1.000000e+00   569       275       1         0         
  275   1.092793e-18   4.972455e-05   3.561062e-15   1.000000e+00   571       276       1         0         
  276   1.073833e-18   7.692104e-05   6.255316e-15   1.000000e+00   573       277       1         0         
  277   1.059981e-18   6.871493e-05   3.001820e-15   1.000000e+00   575       278       1         0         
  278   1.043412e-18   6.076836e-05   4.626785e-15   1.000000e+00   577       279       1         0         
  279   1.023914e-18   8.632902e-05   8.696807e-15   1.000000e+00   579       280       1         0         
  280   1.009890e-18   6.644142e-05   5.867895e-15   1.000000e+00   581       281       1         0         
  281   1.001660e-18   5.012559e-05   4.925600e-16   1.000000e+00   583       282       1         0         
  282   9.856408e-19   5.356961e-05   3.111690e-15   1.000000e+00   585       283       1         0         
  283   9.778462e-19   7.873714e-05   4.284703e-15   1.000000e+00   587       284       1         0         
  284   9.690762e-19   5.423210e-05   1.950263e-15   1.000000e+00   589       285       1         0         
  285   9.509187e-19   4.909628e-05   6.806179e-15   1.000000e+00   591       286       1         0         
  286   9.420323e-19   5.717865e-05   3.866434e-15   1.000000e+00   593       287       1         0         
  287   9.261585e-19   6.548255e-05   8.771502e-15   1.000000e+00   595       288       1         0         
  288   9.140043e-19   6.913198e-05   3.833137e-15   1.000000e+00   597       289       1         0         
  289   9.038902e-19   4.979859e-05   1.747204e-15   1.000000e+00   599       290       1         0         
  290   8.933310e-19   4.514539e-05   1.718422e-15   1.000000e+00   601       291       1         0         
  291   8.846659e-19   6.067675e-05   3.885001e-15   1.000000e+00   603       292       1         0         
  292   8.732625e-19   4.693592e-05   5.107004e-15   1.000000e+00   605       293       1         0         
  293   8.609740e-19   5.349913e-05   6.301268e-15   1.000000e+00   607       294       1         0         
  294   8.525982e-19   6.796684e-05   6.381520e-15   1.000000e+00   609       295       1         0         
  295   8.447637e-19   4.095226e-05   4.101320e-16   1.000000e+00   611       296       1         0         
  296   8.356526e-19   3.677388e-05   1.303825e-15   1.000000e+00   613       297       1         0         
  297   8.295848e-19   4.346432e-05   2.241529e-15   1.000000e+00   615       298       1         0         
  298   8.217175e-19   5.561544e-05   6.586545e-15   1.000000e+00   617       299       1         0         
  299   8.154279e-19   3.247218e-05   1.760138e-15   1.000000e+00   619       300       1         0         
  300   8.115655e-19   3.147321e-05   8.673701e-16   1.000000e+00   621       301       1         0         
  301   8.062362e-19   3.866364e-05   1.900371e-15   1.000000e+00   623       302       1         0         
  302   8.011971e-19   6.874626e-05   3.230554e-15   1.000000e+00   625       303       1         0         
  303   7.948489e-19   3.291995e-05   7.877718e-16   1.000000e+00   627       304       1         0         
  304   7.900401e-19   2.982276e-05   9.273746e-16   1.000000e+00   629       305       1         0         
  305   7.852741e-19   3.535132e-05   1.260466e-15   1.000000e+00   631       306       1         0         
  306   7.757146e-19   6.200989e-05   3.481321e-15   1.000000e+00   633       307       1         0         
  307   7.666064e-19   5.294783e-05   4.655689e-15   1.000000e+00   635       308       1         0         
  308   7.607039e-19   3.098823e-05   5.333833e-16   1.000000e+00   637       309       1         0         
  309   7.538285e-19   3.886028e-05   1.704117e-15   1.000000e+00   639       310       1         0         
  310   7.471924e-19   5.213609e-05   2.284407e-15   1.000000e+00   641       311       1         0         
  311   7.334319e-19   5.229201e-05   5.800624e-15   1.000000e+00   643       312       1         0         
  312   7.227355e-19   7.393849e-05   5.507024e-15   1.000000e+00   645       313       1         0         
  313   7.117957e-19   4.542755e-05   2.442494e-15   1.000000e+00   647       314       1         0         
  314   7.018679e-19   4.206432e-05   2.976949e-15   1.000000e+00   649       315       1         0         
  315   6.936977e-19   5.279914e-05   3.307692e-15   1.000000e+00   651       316       1         0         
  316   6.827496e-19   5.087563e-05   6.326071e-15   1.000000e+00   653       317       1         0         
  317   6.741388e-19   4.413996e-05   3.134892e-15   1.000000e+00   655       318       1         0         
  318   6.655425e-19   4.464622e-05   3.094135e-15   1.000000e+00   657       319       1         0         
  319   6.572016e-19   5.062163e-05   3.447304e-15   1.000000e+00   659       320       1         0         
  320   6.481628e-19   5.410869e-05   4.593803e-15   1.000000e+00   661       321       1         0         
  321   6.397229e-19   4.244036e-05   3.634606e-15   1.000000e+00   663       322       1         0         
  322   6.331922e-19   3.976188e-05   2.347331e-15   1.000000e+00   665       323       1         0         
  323   6.266035e-19   5.582647e-05   3.843506e-15   1.000000e+00   667       324       1         0         
  324   6.197269e-19   3.844489e-05   3.299150e-15   1.000000e+00   669       325       1         0         
  325   6.143999e-19   3.413700e-05   2.030949e-15   1.000000e+00   671       326       1         0         
  326   6.072373e-19   5.194174e-05   3.859778e-15   1.000000e+00   673       327       1         0         
  327   6.010870e-19   5.416116e-05   3.996137e-15   1.000000e+00   675       328       1         0         
  328   5.949922e-19   3.798272e-05   1.678067e-15   1.000000e+00   677       329       1         0         
  329   5.860325e-19   3.795400e-05   3.533166e-15   1.000000e+00   679       330       1         0         
  330   5.808668e-19   4.777981e-05   3.192062e-15   1.000000e+00   681       331       1         0         
  331   5.740013e-19   3.556547e-05   3.719673e-15   1.000000e+00   683       332       1         0         
  332   5.684679e-19   5.456515e-05   3.726698e-15   1.000000e+00   685       333       1         0         
  333   5.638790e-19   3.249978e-05   1.216121e-15   1.000000e+00   687       334       1         0         
  334   5.606849e-19   2.809427e-05   4.208848e-16   1.000000e+00   689       335       1         0         
  335   5.557344e-19   3.364353e-05   1.439141e-15   1.000000e+00   691       336       1         0         
  336   5.550767e-19   7.666533e-05   3.846271e-15   1.000000e+00   693       337       1         0         
  337   5.497799e-19   2.876627e-05   1.676897e-16   1.000000e+00   695       338       1         0         
  338   5.471686e-19   2.068837e-05   1.193485e-15   1.000000e+00   697       339       1         0         
  339   5.439746e-19   2.860338e-05   2.731247e-15   1.000000e+00   699       340       1         0         
  340   5.402376e-19   2.911926e-05   2.677514e-15   1.000000e+00   701       341       1         0         
  341   5.382391e-19   5.041516e-05   2.468162e-15   3.623109e-01   704       342       2         0         
  342   5.335728e-19   2.315322e-05   2.340651e-15   1.000000e+00   706       343       1         0         
  343   5.309721e-19   1.939833e-05   1.139170e-15   1.000000e+00   708       344       1         0         
  344   5.279373e-19   3.396405e-05   1.598161e-15   1.000000e+00   710       345       1         0         
  345   5.252810e-19   3.113934e-05   1.365896e-15   1.000000e+00   712       346       1         0         
  346   5.230092e-19   2.185266e-05   9.464184e-16   1.000000e+00   714       347       1         0         
  347   5.198512e-19   2.577643e-05   2.369162e-15   1.000000e+00   716       348       1         0         
  348   5.180518e-19   3.128015e-05   1.651177e-15   1.000000e+00   718       349       1         0         
  349   5.160853e-19   2.375301e-05   9.410475e-16   1.000000e+00   720       350       1         0         
  350   5.125974e-19   2.872687e-05   1.900433e-15   1.000000e+00   722       351       1         0         
  351   5.109125e-19   2.967524e-05   9.035192e-16   1.000000e+00   724       352       1         0         
  352   5.095562e-19   2.188221e-05   1.945897e-16   1.000000e+00   726       353       1         0         
  353   5.063228e-19   2.037327e-05   1.201964e-15   1.000000e+00   728       354       1         0         
  354   5.048178e-19   2.862601e-05   1.273902e-15   1.000000e+00   730       355       1         0         
  355   5.030017e-19   2.348502e-05   1.306558e-15   1.000000e+00   732       356       1         0         
  356   4.997794e-19   3.825545e-05   3.259000e-15   1.000000e+00   734       357       1         0         
  357   4.976454e-19   2.476068e-05   1.119236e-15   1.000000e+00   736       358       1         0         
  358   4.965837e-19   1.922039e-05   4.079702e-16   1.000000e+00   738       359       1         0         
  359   4.929779e-19   2.042317e-05   1.004913e-15   1.000000e+00   740       360       1         0         
  360   4.909935e-19   4.803465e-05   2.654469e-15   1.000000e+00   742       361       1         0         
  361   4.882577e-19   2.819798e-05   1.060212e-15   1.000000e+00   744       362       1         0         
  362   4.839643e-19   2.241798e-05   3.413021e-15   1.000000e+00   746       363       1         0         
  363   4.810650e-19   2.723193e-05   2.725320e-15   1.000000e+00   748       364       1         0         
  364   4.743665e-19   4.464153e-05   5.268259e-15   1.000000e+00   750       365       1         0         
  365   4.691311e-19   6.261479e-05   8.614297e-15   1.000000e+00   752       366       1         0         
  366   4.636145e-19   2.596246e-05   1.874903e-15   1.000000e+00   754       367       1         0         
  367   4.607012e-19   2.686156e-05   1.061049e-15   1.000000e+00   756       368       1         0         
  368   4.560869e-19   3.532055e-05   1.552156e-15   1.000000e+00   758       369       1         0         
  369   4.511551e-19   8.539913e-05   6.098557e-15   1.000000e+00   760       370       1         0         
  370   4.418615e-19   3.527772e-05   4.440397e-15   1.000000e+00   762       371       1         0         
  371   4.369773e-19   2.675072e-05   4.054455e-15   1.000000e+00   764       372       1         0         
  372   4.319107e-19   3.292019e-05   5.193548e-15   1.000000e+00   766       373       1         0         
  373   4.252654e-19   5.206723e-05   7.394749e-15   1.000000e+00   768       374       1         0         
  374   4.180241e-19   4.259098e-05   7.221627e-15   1.000000e+00   770       375       1         0         
  375   4.129431e-19   2.927060e-05   1.211668e-15   1.000000e+00   772       376       1         0         
  376   4.073266e-19   4.117360e-05   1.443510e-15   1.000000e+00   774       377       1         0         
  377   4.027884e-19   4.510293e-05   1.963746e-15   1.000000e+00   776       378       1         0         
  378   3.959808e-19   4.247753e-05   5.060479e-15   1.000000e+00   778       379       1         0         
  379   3.894923e-19   1.001295e-04   1.457579e-14   1.000000e+00   780       380       1         0         
  380   3.781579e-19   3.658210e-05   5.461019e-15   1.000000e+00   782       381       1         0         
  381   3.739066e-19   3.253249e-05   1.024214e-15   1.000000e+00   784       382       1         0         
  382   3.651234e-19   4.197351e-05   5.641220e-15   1.000000e+00   786       383       1         0         
  383   3.611672e-19   5.579222e-05   3.868869e-15   4.861541e-01   789       384       2         0         
  384   3.556431e-19   3.761810e-05   4.071461e-15   1.000000e+00   791       385       1         0         
  385   3.485194e-19   2.992563e-05   5.040140e-15   1.000000e+00   793       386       1         0         
  386   3.436759e-19   5.123638e-05   5.789381e-15   1.000000e+00   795       387       1         0         
  387   3.387681e-19   3.511646e-05   2.667726e-15   1.000000e+00   797       388       1         0         
  388   3.335814e-19   3.004621e-05   3.435848e-15   1.000000e+00   799       389       1         0         
  389   3.294288e-19   4.008946e-05   4.867041e-15   1.000000e+00   801       390       1         0         
  390   3.250909e-19   3.327564e-05   3.915722e-15   1.000000e+00   803       391       1         0         
  391   3.219312e-19   2.366423e-05   2.531704e-15   1.000000e+00   805       392       1         0         
  392   3.193553e-19   2.862826e-05   2.071410e-15   1.000000e+00   807       393       1         0         
  393   3.173658e-19   2.482887e-05   1.424426e-15   1.000000e+00   809       394       1         0         
  394   3.153158e-19   2.140198e-05   1.149287e-15   1.000000e+00   811       395       1         0         
  395   3.134490e-19   3.299486e-05   2.551344e-15   1.000000e+00   813       396       1         0         
  396   3.117007e-19   1.896262e-05   9.340976e-16   1.000000e+00   815       397       1         0         
  397   3.104419e-19   1.827919e-05   4.132073e-16   1.000000e+00   817       398       1         0         
  398   3.083464e-19   2.286774e-05   1.827475e-15   1.000000e+00   819       399       1         0         
  399   3.080237e-19   4.934989e-05   1.917059e-15   1.000000e+00   821       400       1         0         
  400   3.058422e-19   1.897443e-05   5.264368e-16   1.000000e+00   823       401       1         0         
  401   3.047637e-19   1.321549e-05   5.877886e-16   1.000000e+00   825       402       1         0         
  402   3.035235e-19   1.751827e-05   1.140936e-15   1.000000e+00   827       403       1         0         
  403   3.016412e-19   1.972592e-05   1.638283e-15   1.000000e+00   829       404       1         0         
  404   3.005445e-19   3.423234e-05   2.071694e-15   3.831261e-01   832       405       2         0         
  405   2.982802e-19   1.686308e-05   2.001750e-15   1.000000e+00   834       406       1         0         
  406   2.968481e-19   1.466739e-05   1.419471e-15   1.000000e+00   836       407       1         0         
  407   2.951507e-19   2.429465e-05   2.288735e-15   1.000000e+00   838       408       1         0         
  408   2.937322e-19   2.613629e-05   2.084492e-15   1.000000e+00   840       409       1         0         
  409   2.922852e-19   1.783001e-05   9.488015e-16   1.000000e+00   842       410       1         0         
  410   2.903432e-19   1.970528e-05   1.642881e-15   1.000000e+00   844       411       1         0         
  411   2.890787e-19   2.473568e-05   1.035582e-15   1.000000e+00   846       412       1         0         
  412   2.876705e-19   1.962941e-05   9.779942e-16   1.000000e+00   848       413       1         0         
  413   2.849341e-19   2.870386e-05   3.142959e-15   1.000000e+00   850       414       1         0         
  414   2.836312e-19   3.052667e-05   1.343142e-15   1.000000e+00   852       415       1         0         
  415   2.825265e-19   1.851553e-05   5.316988e-16   1.000000e+00   854       416       1         0         
  416   2.808109e-19   1.413184e-05   6.199190e-16   1.000000e+00   856       417       1         0         
  417   2.796221e-19   1.676044e-05   6.866733e-16   1.000000e+00   858       418       1         0         
  418   2.788845e-19   5.129253e-05   2.009266e-15   1.000000e+00   860       419       1         0         
  419   2.762319e-19   1.626364e-05   9.501503e-16   1.000000e+00   862       420       1         0         
  420   2.753391e-19   1.265428e-05   6.966799e-16   1.000000e+00   864       421       1         0         
  421   2.740559e-19   1.638605e-05   1.228284e-15   1.000000e+00   866       422       1         0         
  422   2.725257e-19   2.600414e-05   1.484525e-15   1.000000e+00   868       423       1         0         
  423   2.707132e-19   1.869830e-05   1.776729e-15   1.000000e+00   870       424       1         0         
  424   2.695061e-19   1.266846e-05   3.375524e-16   1.000000e+00   872       425       1         0         
  425   2.681792e-19   1.780910e-05   5.389631e-16   1.000000e+00   874       426       1         0         
  426   2.673712e-19   2.332662e-05   5.992869e-16   1.000000e+00   876       427       1         0         
  427   2.664261e-19   1.516398e-05   7.016351e-16   1.000000e+00   878       428       1         0         
  428   2.650539e-19   1.358957e-05   1.718037e-15   1.000000e+00   880       429       1         0         
  429   2.644140e-19   1.722483e-05   6.735496e-16   1.000000e+00   882       430       1         0         
  430   2.634481e-19   1.669772e-05   7.240833e-16   1.000000e+00   884       431       1         0         
  431   2.630478e-19   5.454232e-05   2.197708e-15   1.000000e+00   886       432       1         0         
  432   2.604671e-19   1.484339e-05   1.959955e-16   1.000000e+00   888       433       1         0         
  433   2.598239e-19   1.137322e-05   1.277006e-16   1.000000e+00   890       434       1         0         
  434   2.583522e-19   1.695572e-05   9.039422e-16   1.000000e+00   892       435       1         0         
  435   2.564456e-19   2.299113e-05   2.008357e-15   1.000000e+00   894       436       1         0         
  436   2.544563e-19   3.975701e-05   4.842844e-15   1.000000e+00   896       437       1         0         
  437   2.518581e-19   1.685268e-05   1.183181e-15   1.000000e+00   898       438       1         0         
  438   2.503052e-19   1.843735e-05   1.016393e-15   1.000000e+00   900       439       1         0         
  439   2.483992e-19   2.259686e-05   1.826521e-15   1.000000e+00   902       440       1         0         
  440   2.475688e-19   6.136155e-05   4.348490e-15   1.000000e+00   904       441       1         0         
  441   2.440258e-19   2.085430e-05   6.169544e-16   1.000000e+00   906       442       1         0         
  442   2.425567e-19   1.536583e-05   7.328977e-16   1.000000e+00   908       443       1         0         
  443   2.407022e-19   2.078084e-05   1.822253e-15   1.000000e+00   910       444       1         0         
  444   2.380569e-19   2.369035e-05   2.825211e-15   1.000000e+00   912       445       1         0         
  445   2.362277e-19   4.153665e-05   3.219457e-15   4.183031e-01   915       446       2         0         
  446   2.328606e-19   2.013315e-05   3.557478e-15   1.000000e+00   917       447       1         0         
  447   2.307596e-19   1.773747e-05   2.040908e-15   1.000000e+00   919       448       1         0         
  448   2.280694e-19   2.597655e-05   2.757248e-15   1.000000e+00   921       449       1         0         
  449   2.269520e-19   5.002047e-05   3.949194e-15   1.000000e+00   923       450       1         0         
  450   2.242553e-19   2.052705e-05   3.435778e-16   1.000000e+00   925       451       1         0         
  451   2.226990e-19   1.725490e-05   4.504728e-16   1.000000e+00   927       452       1         0         
  452   2.211484e-19   2.214836e-05   1.431486e-15   1.000000e+00   929       453       1         0         
  453   2.183559e-19   2.566043e-05   3.124214e-15   1.000000e+00   931       454       1         0         
  454   2.169975e-19   3.663216e-05   2.653927e-15   3.647656e-01   934       455       2         0         
  455   2.145462e-19   1.838016e-05   2.975807e-15   1.000000e+00   936       456       1         0         
  456   2.129076e-19   1.638660e-05   1.926706e-15   1.000000e+00   938       457       1         0         
  457   2.110046e-19   2.176252e-05   2.015105e-15   1.000000e+00   940       458       1         0         
  458   2.101907e-19   4.856275e-05   3.156576e-15   1.000000e+00   942       459       1         0         
  459   2.077523e-19   1.908081e-05   1.940039e-16   1.000000e+00   944       460       1         0         
  460   2.066131e-19   1.492709e-05   2.527316e-16   1.000000e+00   946       461       1         0         
  461   2.054263e-19   1.891918e-05   1.001423e-15   1.000000e+00   948       462       1         0         
  462   2.034968e-19   2.232869e-05   2.121287e-15   1.000000e+00   950       463       1         0         
  463   2.021994e-19   3.466483e-05   2.405466e-15   4.498554e-01   953       464       2         0         
  464   1.997502e-19   1.890078e-05   3.236948e-15   1.000000e+00   955       465       1         0         
  465   1.978987e-19   1.676889e-05   2.310980e-15   1.000000e+00   957       466       1         0         
  466   1.956058e-19   2.842620e-05   3.131001e-15   1.000000e+00   959       467       1         0         
  467   1.935997e-19   3.246487e-05   3.128930e-15   1.000000e+00   961       468       1         0         
  468   1.914553e-19   2.161892e-05   8.977231e-16   1.000000e+00   963       469       1         0         
  469   1.882782e-19   2.208070e-05   2.252431e-15   1.000000e+00   965       470       1         0         
  470   1.867261e-19   3.490195e-05   2.355107e-15   1.000000e+00   967       471       1         0         
  471   1.845965e-19   2.590902e-05   2.443730e-15   1.000000e+00   969       472       1         0         
  472   1.813381e-19   2.067810e-05   5.064891e-15   1.000000e+00   971       473       1         0         
  473   1.801717e-19   3.610387e-05   3.121512e-15   1.000000e+00   973       474       1         0         
  474   1.785239e-19   2.370374e-05   9.366341e-16   1.000000e+00   975       475       1         0         
  475   1.760172e-19   2.154804e-05   1.565805e-15   1.000000e+00   977       476       1         0         
  476   1.741615e-19   2.449546e-05   1.850898e-15   1.000000e+00   979       477       1         0         
  477   1.727025e-19   5.470215e-05   5.330156e-15   1.000000e+00   981       478       1         0         
  478   1.693047e-19   2.205235e-05   2.042326e-15   1.000000e+00   983       479       1         0         
  479   1.675506e-19   1.887554e-05   1.687320e-15   1.000000e+00   985       480       1         0         
  480   1.655599e-19   2.293751e-05   3.134874e-15   1.000000e+00   987       481       1         0         
  481   1.643701e-19   4.611092e-05   3.983043e-15   1.000000e+00   989       482       1         0         
  482   1.619050e-19   2.174868e-05   2.293265e-15   1.000000e+00   991       483       1         0         
  483   1.601863e-19   1.650522e-05   1.383960e-15   1.000000e+00   993       484       1         0         
  484   1.588378e-19   2.007052e-05   1.210236e-15   1.000000e+00   995       485       1         0         
  485   1.577621e-19   4.113256e-05   3.130680e-15   1.000000e+00   997       486       1         0         
  486   1.556559e-19   1.812391e-05   1.454701e-15   1.000000e+00   999       487       1         0         
  487   1.544719e-19   1.413324e-05   1.074825e-15   1.000000e+00   1001      488       1         0         
  488   1.534227e-19   1.675020e-05   1.625371e-15   1.000000e+00   1003      489       1         0         
  489   1.532271e-19   3.890386e-05   2.432766e-15   1.000000e+00   1005      490       1         0         
  490   1.518283e-19   1.380055e-05   3.370058e-16   1.000000e+00   1007      491       1         0         
  491   1.512810e-19   9.994463e-06   2.936830e-16   1.000000e+00   1009      492       1         0         
  492   1.507646e-19   1.229528e-05   5.560847e-16   1.000000e+00   1011      493       1         0         
  493   1.499119e-19   1.360030e-05   1.016866e-15   1.000000e+00   1013      494       1         0         
  494   1.493908e-19   2.403873e-05   1.041944e-15   4.293532e-01   1016      495       2         0         
  495   1.483239e-19   1.214189e-05   1.671689e-15   1.000000e+00   1018      496       1         0         
  496   1.476897e-19   9.487494e-06   6.430220e-16   1.000000e+00   1020      497       1         0         
  497   1.470333e-19   1.932164e-05   1.056118e-15   1.000000e+00   1022      498       1         0         
  498   1.464367e-19   1.440939e-05   5.621165e-16   1.000000e+00   1024      499       1         0         
  499   1.459264e-19   1.187174e-05   2.479272e-16   1.000000e+00   1026      500       1         0         
  500   1.449219e-19   1.749348e-05   1.371379e-15   1.000000e+00   1028      501       1         0         
Optimization Terminated with Status: Iteration Limit Exceeded
