p=0 | CubeHexMesh: Building sub cells
[MetricOpStats] ParamMass_M  (rows=4760)
  row_sum       min=4.0404e-07  max=0.00198  mean=0.000659429  max/|min|=4900.5
  |row_sum|     min=4.0404e-07  max=0.00198  mean=0.000659429  max/min=4900.5
  diag          min=1.79574e-07  max=0.00088  mean=0.000293079  nonpos=0
  max_abs_entry=0.00088
[MetricOpStats] ParamStiffness_K  (rows=4760)
  row_sum       min=-2.98023e-08  max=3.72529e-08  mean=-3.56199e-10  max/|min|=1.25
  |row_sum|     min=7.92162e+07  max=2.64e+08  mean=1.93296e+08  max/min=3.33265
  diag          min=1.32054e+07  max=5.28e+07  mean=3.5148e+07  nonpos=0
  max_abs_entry=5.28e+07
[MetricOpStats] ParamMass_M_reprint  (rows=4760)
  row_sum       min=4.0404e-07  max=0.00198  mean=0.000659429  max/|min|=4900.5
  |row_sum|     min=4.0404e-07  max=0.00198  mean=0.000659429  max/min=4900.5
  diag          min=1.79574e-07  max=0.00088  mean=0.000293079  nonpos=0
  max_abs_entry=0.00088
[MetricOpStats] K_over_M
  |row_sum| ratio  max=1.33333e+11  mean=2.93127e+11
[RieszAutoScale] mean(diag(K))/mean(diag(M)) = 1.19927e+11
[RieszMap] alpha1=1.19927e+11  alpha2=1  mode=auto_balanced
[MetricOpStats] Hcurl_H  (rows=4760  alpha1=1.19927e+11  alpha2=1  scale=1  solver=sparse_direct)
  row_sum       min=48455.2  max=2.37455e+08  mean=7.9083e+07  max/|min|=4900.5
  |row_sum|     min=7.92323e+07  max=3.95887e+08  mean=2.37206e+08  max/min=4.99653
  diag          min=1.32269e+07  max=1.58335e+08  mean=7.0296e+07  nonpos=0
  max_abs_entry=1.58335e+08
MrHyDE vector contract check (primal) errors: e[0]=0 e[1]=0 e[2]=0 e[3]=0 e[4]=0 e[5]=0 e[6]=0 e[7]=0 e[8]=0 e[9]=0 e[10]=0 e[11]=0 e[12]=0
MrHyDE vector contract check (dual) errors: e[0]=0 e[1]=5.1089e-19 e[2]=0 e[3]=0 e[4]=0 e[5]=7.87625e-20 e[6]=1.56723e-19 e[7]=0 e[8]=0 e[9]=2.5411e-21 e[10]=4.44089e-16 e[11]=9.17834e-18 e[12]=2.13614e-15
MrHyDE vector contract check: max_primal_err=0 max_dual_err=2.13614e-15 tol=1e-08

Quasi-Newton Method with Limited-Memory BFGS
Line Search: Cubic Interpolation satisfying Wolfe Conditions
-------------------------------------------------------------------------------------------------------------
Quasi-Newton status output definitions

  iter     - Number of iterates (steps taken)
  value    - Objective function value
  gnorm    - Norm of the gradient
  snorm    - Norm of the step (update to optimization vector)
  alpha    - Line search step length
  #fval    - Cumulative number of times the objective function was evaluated
  #grad    - Cumulative number of times the gradient was computed
  ls_#fval - Number of the times the objective function was evaluated during the line search
  ls_#grad - Number of the times the gradient was evaluated during the line search
-------------------------------------------------------------------------------------------------------------
  iter  value          gnorm          snorm          alpha          #fval     #grad     ls_#fval  ls_#grad  
  0     1.230816e-11   1.219414e-03   ---            ---            1         1         ---       ---       
  1     1.230610e-11   7.944259e-04   9.957650e-12   8.165930e-09   12        2         10        0         
  2     1.230610e-11   7.944259e-04   0.000000e+00   0.000000e+00   33        3         20        0         
Optimization Terminated with Status: Step Tolerance Met
exit_code=0
