[MetricOpStats] ParamMass_M  (rows=4760)
  row_sum       min=4.0404e-07  max=0.00198  mean=0.000659429  max/|min|=4900.5
  |row_sum|     min=4.0404e-07  max=0.00198  mean=0.000659429  max/min=4900.5
  diag          min=1.79574e-07  max=0.00088  mean=0.000293079  nonpos=0
  max_abs_entry=0.00088
[MetricOpStats] ParamStiffness_K  (rows=4760)
  row_sum       min=-3.35276e-08  max=2.23517e-08  mean=-1.10208e-09  max/|min|=0.666667
  |row_sum|     min=7.92162e+07  max=2.64e+08  mean=1.93296e+08  max/min=3.33265
  diag          min=1.32054e+07  max=5.28e+07  mean=3.5148e+07  nonpos=0
  max_abs_entry=5.28e+07
[MetricOpStats] ParamMass_M_reprint  (rows=4760)
  row_sum       min=4.0404e-07  max=0.00198  mean=0.000659429  max/|min|=4900.5
  |row_sum|     min=4.0404e-07  max=0.00198  mean=0.000659429  max/min=4900.5
  diag          min=1.79574e-07  max=0.00088  mean=0.000293079  nonpos=0
  max_abs_entry=0.00088
[MetricOpStats] K_over_M
  |row_sum| ratio  max=1.33333e+11  mean=2.93127e+11
[RieszAutoScale] mean(diag(K))/mean(diag(M)) = 1.19927e+11
[RieszMap] alpha1=1.19927e+13  alpha2=1  mode=auto_balanced  auto_amplify=100
[MetricOpStats] Hcurl_H  (rows=4760  alpha1=1.19927e+13  alpha2=1  solver=sparse_direct)
  row_sum       min=4.84552e+06  max=2.37455e+10  mean=7.9083e+09  max/|min|=4900.5
  |row_sum|     min=8.08313e+07  max=2.39039e+10  mean=8.06216e+09  max/min=295.725
  diag          min=1.5359e+07  max=1.06063e+10  mean=3.54995e+09  nonpos=0
  max_abs_entry=1.06063e+10
MrHyDE vector contract check (primal) errors: e[0]=0 e[1]=0 e[2]=0 e[3]=0 e[4]=0 e[5]=0 e[6]=0 e[7]=0 e[8]=0 e[9]=0 e[10]=0 e[11]=0 e[12]=0
MrHyDE vector contract check (dual) errors: e[0]=0 e[1]=9.13013e-20 e[2]=0 e[3]=0 e[4]=0 e[5]=1.57652e-20 e[6]=3.1955e-20 e[7]=0 e[8]=0 e[9]=1.05879e-22 e[10]=0 e[11]=1.23487e-19 e[12]=1.11537e-16
MrHyDE vector contract check: max_primal_err=0 max_dual_err=1.11537e-16 tol=1e-08

Quasi-Newton Method with Limited-Memory BFGS
Line Search: Cubic Interpolation satisfying Wolfe Conditions
-------------------------------------------------------------------------------------------------------------
Quasi-Newton status output definitions

  iter     - Number of iterates (steps taken)
  value    - Objective function value
  gnorm    - Norm of the gradient
  snorm    - Norm of the step (update to optimization vector)
  alpha    - Line search step length
  #fval    - Cumulative number of times the objective function was evaluated
  #grad    - Cumulative number of times the gradient was computed
  ls_#fval - Number of the times the objective function was evaluated during the line search
  ls_#grad - Number of the times the gradient was evaluated during the line search
-------------------------------------------------------------------------------------------------------------
  iter  value          gnorm          snorm          alpha          #fval     #grad     ls_#fval  ls_#grad  
  0     1.230816e-11   3.444694e-04   ---            ---            1         1         ---       ---       
  1     1.363965e-12   1.036847e-04   1.211663e-07   3.517478e-04   7         2         5         0         
  2     3.927111e-13   3.799773e-05   2.492340e-08   1.000000e+00   9         3         1         0         
  3     1.717244e-13   2.464002e-05   1.608009e-08   1.000000e+00   11        4         1         0         
  4     1.035273e-13   3.099624e-05   1.488905e-08   1.000000e+00   13        5         1         0         
  5     5.679768e-14   1.335118e-05   5.230529e-09   1.000000e+00   15        6         1         0         
  6     4.107206e-14   9.441808e-06   3.086725e-09   1.000000e+00   17        7         1         0         
  7     2.543972e-14   8.552367e-06   5.885941e-09   1.000000e+00   19        8         1         0         
  8     2.251698e-14   1.696926e-05   7.011507e-09   1.000000e+00   21        9         1         0         
  9     1.330091e-14   5.183823e-06   1.565641e-09   1.000000e+00   23        10        1         0         
  10    1.092664e-14   3.537889e-06   1.162810e-09   1.000000e+00   25        11        1         0         
  11    8.294792e-15   3.829501e-06   2.334355e-09   1.000000e+00   27        12        1         0         
  12    5.580463e-15   4.399166e-06   3.237411e-09   1.000000e+00   29        13        1         0         
  13    5.215386e-15   6.760368e-06   4.657141e-09   1.000000e+00   31        14        1         0         
  14    3.410717e-15   1.906780e-06   1.359279e-09   1.000000e+00   33        15        1         0         
  15    3.021819e-15   1.703253e-06   4.809124e-10   1.000000e+00   35        16        1         0         
  16    2.237730e-15   2.087957e-06   1.568634e-09   1.000000e+00   37        17        1         0         
  17    2.121699e-15   4.750172e-06   2.343125e-09   1.000000e+00   39        18        1         0         
  18    1.417136e-15   1.522265e-06   6.166044e-10   1.000000e+00   41        19        1         0         
  19    1.211072e-15   1.034093e-06   5.445999e-10   1.000000e+00   43        20        1         0         
  20    9.868616e-16   1.225825e-06   9.277662e-10   1.000000e+00   45        21        1         0         
  21    7.126738e-16   1.237079e-06   1.212974e-09   1.000000e+00   47        22        1         0         
  22    6.146956e-16   1.848002e-06   8.802239e-10   3.612640e-01   50        23        2         0         
  23    4.391497e-16   7.625505e-07   8.266420e-10   1.000000e+00   52        24        1         0         
  24    3.597174e-16   6.368852e-07   4.292291e-10   1.000000e+00   54        25        1         0         
  25    2.652254e-16   7.418150e-07   6.564514e-10   1.000000e+00   56        26        1         0         
  26    2.236836e-16   9.630646e-07   4.637127e-10   4.819117e-01   59        27        2         0         
  27    1.687552e-16   5.136598e-07   4.408806e-10   1.000000e+00   61        28        1         0         
  28    1.312024e-16   3.757430e-07   3.678891e-10   1.000000e+00   63        29        1         0         
  29    1.046127e-16   5.184242e-07   3.859923e-10   1.000000e+00   65        30        1         0         
  30    8.550714e-17   4.813303e-07   3.843511e-10   1.000000e+00   67        31        1         0         
  31    7.087624e-17   2.611215e-07   1.150940e-10   1.000000e+00   69        32        1         0         
  32    5.874196e-17   2.497031e-07   1.923721e-10   1.000000e+00   71        33        1         0         
  33    5.191414e-17   2.923071e-07   1.661575e-10   1.000000e+00   73        34        1         0         
  34    4.250854e-17   2.126411e-07   2.875922e-10   1.000000e+00   75        35        1         0         
  35    3.666383e-17   2.388469e-07   1.984179e-10   1.000000e+00   77        36        1         0         
  36    3.187181e-17   1.878666e-07   1.619758e-10   1.000000e+00   79        37        1         0         
  37    2.869815e-17   1.464734e-07   8.428657e-11   1.000000e+00   81        38        1         0         
  38    2.544756e-17   1.695421e-07   1.569687e-10   1.000000e+00   83        39        1         0         
  39    2.375713e-17   1.771990e-07   1.467223e-10   1.000000e+00   85        40        1         0         
  40    2.210769e-17   1.044644e-07   3.313889e-11   1.000000e+00   87        41        1         0         
  41    2.038441e-17   8.756715e-08   8.845557e-11   1.000000e+00   89        42        1         0         
  42    1.938748e-17   1.047254e-07   8.309185e-11   1.000000e+00   91        43        1         0         
  43    1.881511e-17   1.729476e-07   1.790144e-10   1.000000e+00   93        44        1         0         
  44    1.747370e-17   7.590838e-08   3.431774e-11   1.000000e+00   95        45        1         0         
  45    1.687175e-17   7.178306e-08   2.666519e-11   1.000000e+00   97        46        1         0         
  46    1.612117e-17   8.378143e-08   6.634270e-11   1.000000e+00   99        47        1         0         
  47    1.563493e-17   1.102547e-07   7.321893e-11   4.794152e-01   102       48        2         0         
  48    1.494825e-17   6.902281e-08   9.055807e-11   1.000000e+00   104       49        1         0         
  49    1.436319e-17   6.329775e-08   9.247999e-11   1.000000e+00   106       50        1         0         
  50    1.396534e-17   9.773241e-08   1.113931e-10   1.000000e+00   108       51        1         0         
  51    1.347624e-17   6.298362e-08   3.392621e-11   1.000000e+00   110       52        1         0         
  52    1.300075e-17   5.524995e-08   4.870891e-11   1.000000e+00   112       53        1         0         
  53    1.262210e-17   6.427269e-08   5.784099e-11   1.000000e+00   114       54        1         0         
  54    1.221309e-17   8.952237e-08   1.227439e-10   1.000000e+00   116       55        1         0         
  55    1.173052e-17   5.944745e-08   6.386016e-11   1.000000e+00   118       56        1         0         
  56    1.128323e-17   5.666355e-08   7.093782e-11   1.000000e+00   120       57        1         0         
  57    1.083204e-17   6.922256e-08   8.971362e-11   1.000000e+00   122       58        1         0         
  58    1.032984e-17   9.181785e-08   1.449804e-10   1.000000e+00   124       59        1         0         
  59    9.774549e-18   5.855290e-08   8.036681e-11   1.000000e+00   126       60        1         0         
  60    9.279112e-18   5.376684e-08   7.627066e-11   1.000000e+00   128       61        1         0         
  61    8.843598e-18   6.553264e-08   8.440678e-11   1.000000e+00   130       62        1         0         
  62    8.409237e-18   9.354934e-08   1.607867e-10   1.000000e+00   132       63        1         0         
  63    7.875329e-18   5.092506e-08   6.623232e-11   1.000000e+00   134       64        1         0         
  64    7.497788e-18   4.928679e-08   6.396421e-11   1.000000e+00   136       65        1         0         
  65    7.139000e-18   6.047457e-08   8.383272e-11   1.000000e+00   138       66        1         0         
  66    6.842336e-18   9.555777e-08   1.693987e-10   1.000000e+00   140       67        1         0         
  67    6.420232e-18   3.997253e-08   2.308983e-11   1.000000e+00   142       68        1         0         
  68    6.214020e-18   3.854985e-08   2.663160e-11   1.000000e+00   144       69        1         0         
  69    6.012527e-18   4.245011e-08   4.780899e-11   1.000000e+00   146       70        1         0         
  70    5.931846e-18   1.141780e-07   1.260906e-10   1.000000e+00   148       71        1         0         
  71    5.522313e-18   3.818835e-08   4.564801e-11   1.000000e+00   150       72        1         0         
  72    5.384354e-18   2.844017e-08   2.888718e-11   1.000000e+00   152       73        1         0         
  73    5.234413e-18   3.567954e-08   5.339005e-11   1.000000e+00   154       74        1         0         
  74    5.045119e-18   4.558764e-08   7.335143e-11   1.000000e+00   156       75        1         0         
  75    4.948766e-18   6.407144e-08   1.314408e-10   1.000000e+00   158       76        1         0         
  76    4.756580e-18   2.569250e-08   1.462681e-11   1.000000e+00   160       77        1         0         
  77    4.684009e-18   2.691234e-08   1.185143e-11   1.000000e+00   162       78        1         0         
  78    4.583886e-18   3.438110e-08   3.019874e-11   1.000000e+00   164       79        1         0         
  79    4.561038e-18   7.488306e-08   9.132687e-11   1.000000e+00   166       80        1         0         
  80    4.363534e-18   2.831689e-08   3.531272e-11   1.000000e+00   168       81        1         0         
  81    4.283531e-18   2.310996e-08   3.703584e-11   1.000000e+00   170       82        1         0         
  82    4.209140e-18   2.856723e-08   5.196106e-11   1.000000e+00   172       83        1         0         
  83    4.128141e-18   4.237962e-08   7.038536e-11   1.000000e+00   174       84        1         0         
  84    4.043849e-18   2.907928e-08   6.836566e-11   1.000000e+00   176       85        1         0         
  85    3.972814e-18   2.028178e-08   1.405422e-11   1.000000e+00   178       86        1         0         
  86    3.899071e-18   2.895031e-08   2.672054e-11   1.000000e+00   180       87        1         0         
  87    3.845691e-18   3.605011e-08   3.259109e-11   1.000000e+00   182       88        1         0         
  88    3.762501e-18   2.961184e-08   5.082818e-11   1.000000e+00   184       89        1         0         
  89    3.686047e-18   5.205917e-08   1.147677e-10   1.000000e+00   186       90        1         0         
  90    3.571753e-18   3.057073e-08   6.709428e-11   1.000000e+00   188       91        1         0         
  91    3.486768e-18   2.972112e-08   1.869415e-11   1.000000e+00   190       92        1         0         
  92    3.329275e-18   4.020961e-08   7.862213e-11   1.000000e+00   192       93        1         0         
  93    3.255941e-18   3.986550e-08   5.844553e-11   4.714739e-01   195       94        2         0         
  94    3.165369e-18   3.120194e-08   5.508639e-11   1.000000e+00   197       95        1         0         
  95    3.034373e-18   3.386489e-08   1.219460e-10   1.000000e+00   199       96        1         0         
  96    3.021057e-18   5.742102e-08   8.932212e-11   1.000000e+00   201       97        1         0         
  97    2.914262e-18   2.491551e-08   8.702118e-12   1.000000e+00   203       98        1         0         
  98    2.859943e-18   1.806840e-08   1.126926e-11   1.000000e+00   205       99        1         0         
  99    2.818699e-18   2.167130e-08   1.991799e-11   1.000000e+00   207       100       1         0         
  100   2.746966e-18   2.320411e-08   4.849946e-11   1.000000e+00   209       101       1         0         
  101   2.739974e-18   6.376959e-08   9.893973e-11   1.000000e+00   211       102       1         0         
  102   2.602424e-18   2.224880e-08   4.551085e-11   1.000000e+00   213       103       1         0         
  103   2.543452e-18   1.788281e-08   2.465511e-11   1.000000e+00   215       104       1         0         
  104   2.468344e-18   2.528910e-08   5.332342e-11   1.000000e+00   217       105       1         0         
  105   2.352299e-18   4.003063e-08   8.949955e-11   1.000000e+00   219       106       1         0         
  106   2.187415e-18   4.003762e-08   1.797843e-10   1.000000e+00   221       107       1         0         
  107   2.042561e-18   3.127261e-08   6.547102e-11   1.000000e+00   223       108       1         0         
  108   1.937171e-18   2.656234e-08   3.988210e-11   1.000000e+00   225       109       1         0         
  109   1.872093e-18   2.461183e-08   3.077556e-11   1.000000e+00   227       110       1         0         
  110   1.807605e-18   2.034856e-08   5.759442e-11   1.000000e+00   229       111       1         0         
  111   1.770920e-18   1.785646e-08   5.556907e-11   1.000000e+00   231       112       1         0         
  112   1.751399e-18   1.189080e-08   1.229139e-11   1.000000e+00   233       113       1         0         
  113   1.734076e-18   1.053151e-08   9.696274e-12   1.000000e+00   235       114       1         0         
  114   1.718116e-18   1.341157e-08   1.452189e-11   1.000000e+00   237       115       1         0         
  115   1.703005e-18   1.273906e-08   1.481647e-11   1.000000e+00   239       116       1         0         
  116   1.689327e-18   1.086888e-08   1.131386e-11   1.000000e+00   241       117       1         0         
  117   1.674573e-18   1.162207e-08   1.510184e-11   1.000000e+00   243       118       1         0         
  118   1.657963e-18   1.784144e-08   2.628448e-11   1.000000e+00   245       119       1         0         
  119   1.636903e-18   1.529223e-08   3.380463e-11   1.000000e+00   247       120       1         0         
  120   1.614898e-18   1.332827e-08   1.961753e-11   1.000000e+00   249       121       1         0         
  121   1.591181e-18   1.669045e-08   3.813331e-11   1.000000e+00   251       122       1         0         
  122   1.571449e-18   1.694315e-08   2.090748e-11   1.000000e+00   253       123       1         0         
  123   1.548662e-18   1.401167e-08   1.962069e-11   1.000000e+00   255       124       1         0         
  124   1.521417e-18   2.021088e-08   4.495417e-11   1.000000e+00   257       125       1         0         
  125   1.494438e-18   1.784504e-08   3.409897e-11   1.000000e+00   259       126       1         0         
  126   1.468426e-18   1.588596e-08   2.330388e-11   1.000000e+00   261       127       1         0         
  127   1.418850e-18   2.160548e-08   8.236533e-11   1.000000e+00   263       128       1         0         
  128   1.404422e-18   3.350402e-08   6.540589e-11   1.000000e+00   265       129       1         0         
  129   1.365735e-18   1.564918e-08   4.449258e-12   1.000000e+00   267       130       1         0         
  130   1.341020e-18   1.025336e-08   1.995115e-11   1.000000e+00   269       131       1         0         
  131   1.327054e-18   1.109554e-08   2.509509e-11   1.000000e+00   271       132       1         0         
  132   1.305107e-18   1.802503e-08   4.205834e-11   1.000000e+00   273       133       1         0         
  133   1.288244e-18   1.626702e-08   4.943613e-11   1.000000e+00   275       134       1         0         
  134   1.273048e-18   9.261790e-09   3.358534e-12   1.000000e+00   277       135       1         0         
  135   1.258506e-18   1.059235e-08   7.246026e-12   1.000000e+00   279       136       1         0         
  136   1.241841e-18   1.421342e-08   2.007767e-11   1.000000e+00   281       137       1         0         
  137   1.233607e-18   2.653586e-08   5.444764e-11   1.000000e+00   283       138       1         0         
  138   1.206398e-18   1.025413e-08   1.490238e-11   1.000000e+00   285       139       1         0         
  139   1.196559e-18   9.492036e-09   1.395159e-11   1.000000e+00   287       140       1         0         
  140   1.184622e-18   1.175676e-08   2.272599e-11   1.000000e+00   289       141       1         0         
  141   1.167566e-18   1.789781e-08   3.770859e-11   1.000000e+00   291       142       1         0         
  142   1.146892e-18   1.668846e-08   5.205840e-11   1.000000e+00   293       143       1         0         
  143   1.122285e-18   1.324603e-08   2.406379e-11   1.000000e+00   295       144       1         0         
  144   1.083414e-18   2.118389e-08   6.063638e-11   1.000000e+00   297       145       1         0         
  145   1.058664e-18   2.873511e-08   5.419082e-11   1.000000e+00   299       146       1         0         
  146   1.020095e-18   2.191175e-08   4.583861e-11   1.000000e+00   301       147       1         0         
  147   9.596206e-19   2.527278e-08   1.493413e-10   1.000000e+00   303       148       1         0         
  148   9.341515e-19   2.771092e-08   7.051318e-11   1.000000e+00   305       149       1         0         
  149   9.059136e-19   1.977962e-08   1.208195e-11   1.000000e+00   307       150       1         0         
  150   8.467171e-19   1.421984e-08   7.550760e-11   1.000000e+00   309       151       1         0         
  151   8.240860e-19   1.499267e-08   4.162745e-11   1.000000e+00   311       152       1         0         
  152   8.141889e-19   3.199599e-08   1.248786e-10   1.000000e+00   313       153       1         0         
  153   7.713546e-19   1.096313e-08   7.390574e-12   1.000000e+00   315       154       1         0         
  154   7.611548e-19   9.413965e-09   7.993964e-12   1.000000e+00   317       155       1         0         
  155   7.427461e-19   1.189310e-08   1.766234e-11   1.000000e+00   319       156       1         0         
  156   7.328194e-19   1.068709e-08   2.577078e-11   4.785980e-01   322       157       2         0         
  157   7.253944e-19   6.936255e-09   1.934890e-11   1.000000e+00   324       158       1         0         
  158   7.192178e-19   7.043602e-09   2.290970e-11   1.000000e+00   326       159       1         0         
  159   7.154544e-19   8.219733e-09   1.336221e-11   1.000000e+00   328       160       1         0         
  160   7.112488e-19   5.390441e-09   2.778562e-12   1.000000e+00   330       161       1         0         
  161   7.065355e-19   5.016853e-09   8.165642e-12   1.000000e+00   332       162       1         0         
  162   7.042734e-19   6.820702e-09   5.353768e-12   1.000000e+00   334       163       1         0         
  163   7.009679e-19   5.649410e-09   5.538250e-12   1.000000e+00   336       164       1         0         
  164   6.963575e-19   9.421280e-09   1.779288e-11   1.000000e+00   338       165       1         0         
  165   6.910802e-19   7.578365e-09   1.080767e-11   1.000000e+00   340       166       1         0         
  166   6.859191e-19   7.766844e-09   7.868875e-12   1.000000e+00   342       167       1         0         
  167   6.788974e-19   1.285430e-08   2.716828e-11   1.000000e+00   344       168       1         0         
  168   6.769562e-19   1.281589e-08   1.487077e-11   1.000000e+00   346       169       1         0         
  169   6.707453e-19   4.804951e-09   5.937739e-12   1.000000e+00   348       170       1         0         
  170   6.685358e-19   3.795132e-09   1.508111e-12   1.000000e+00   350       171       1         0         
  171   6.649159e-19   5.696833e-09   6.669021e-12   1.000000e+00   352       172       1         0         
  172   6.599723e-19   8.120179e-09   1.260967e-11   1.000000e+00   354       173       1         0         
  173   6.575020e-19   1.613806e-08   3.690994e-11   1.000000e+00   356       174       1         0         
  174   6.457897e-19   8.325659e-09   1.335114e-11   1.000000e+00   358       175       1         0         
  175   6.369614e-19   8.474740e-09   1.526388e-11   1.000000e+00   360       176       1         0         
  176   6.288646e-19   9.719351e-09   2.077282e-11   1.000000e+00   362       177       1         0         
  177   6.271188e-19   2.201015e-08   3.972118e-11   1.000000e+00   364       178       1         0         
  178   6.116109e-19   8.783454e-09   1.219653e-11   1.000000e+00   366       179       1         0         
  179   6.039730e-19   6.781530e-09   1.105857e-11   1.000000e+00   368       180       1         0         
  180   5.974913e-19   8.162966e-09   1.739642e-11   1.000000e+00   370       181       1         0         
  181   5.865999e-19   8.927433e-09   2.751207e-11   1.000000e+00   372       182       1         0         
  182   5.791831e-19   1.386606e-08   3.330098e-11   4.317472e-01   375       183       2         0         
  183   5.653055e-19   7.684162e-09   3.365957e-11   1.000000e+00   377       184       1         0         
  184   5.549524e-19   8.451785e-09   2.590865e-11   1.000000e+00   379       185       1         0         
  185   5.420320e-19   1.468001e-08   4.613200e-11   1.000000e+00   381       186       1         0         
  186   5.297239e-19   1.395843e-08   4.213410e-11   1.000000e+00   383       187       1         0         
  187   5.183122e-19   8.249380e-09   5.191829e-12   1.000000e+00   385       188       1         0         
  188   5.061661e-19   8.608669e-09   1.582500e-11   1.000000e+00   387       189       1         0         
  189   4.987892e-19   1.043616e-08   2.124378e-11   1.000000e+00   389       190       1         0         
  190   4.862301e-19   7.859284e-09   4.567991e-11   1.000000e+00   391       191       1         0         
  191   4.798035e-19   1.420168e-08   4.506634e-11   1.000000e+00   393       192       1         0         
  192   4.709271e-19   6.634959e-09   1.025512e-11   1.000000e+00   395       193       1         0         
  193   4.665685e-19   6.266334e-09   4.830474e-12   1.000000e+00   397       194       1         0         
  194   4.602374e-19   7.162550e-09   1.686768e-11   1.000000e+00   399       195       1         0         
  195   4.571970e-19   9.271782e-09   1.399845e-11   4.471360e-01   402       196       2         0         
  196   4.524390e-19   5.972534e-09   1.847117e-11   1.000000e+00   404       197       1         0         
  197   4.476467e-19   5.105069e-09   1.909910e-11   1.000000e+00   406       198       1         0         
  198   4.435330e-19   8.235228e-09   2.202236e-11   1.000000e+00   408       199       1         0         
  199   4.388609e-19   6.677439e-09   1.675039e-11   1.000000e+00   410       200       1         0         
  200   4.326715e-19   6.575142e-09   1.989482e-11   1.000000e+00   412       201       1         0         
  201   4.261649e-19   1.191312e-08   4.064202e-11   1.000000e+00   414       202       1         0         
  202   4.175002e-19   9.230559e-09   3.494397e-11   1.000000e+00   416       203       1         0         
  203   4.088764e-19   8.310680e-09   2.455563e-11   1.000000e+00   418       204       1         0         
  204   3.961145e-19   1.371019e-08   7.291698e-11   1.000000e+00   420       205       1         0         
  205   3.878324e-19   1.336023e-08   4.829388e-11   1.000000e+00   422       206       1         0         
  206   3.796077e-19   7.710917e-09   7.463055e-12   1.000000e+00   424       207       1         0         
  207   3.707108e-19   6.357218e-09   2.796281e-11   1.000000e+00   426       208       1         0         
  208   3.649563e-19   7.739529e-09   2.894892e-11   1.000000e+00   428       209       1         0         
  209   3.557592e-19   1.373908e-08   8.737331e-11   1.000000e+00   430       210       1         0         
  210   3.450430e-19   8.386027e-09   3.949823e-11   1.000000e+00   432       211       1         0         
  211   3.389786e-19   6.897664e-09   9.884892e-12   1.000000e+00   434       212       1         0         
  212   3.326262e-19   8.086836e-09   2.407746e-11   1.000000e+00   436       213       1         0         
  213   3.281890e-19   9.909003e-09   3.607133e-11   1.000000e+00   438       214       1         0         
  214   3.233626e-19   6.171156e-09   1.077288e-11   1.000000e+00   440       215       1         0         
  215   3.178151e-19   5.078550e-09   3.073996e-11   1.000000e+00   442       216       1         0         
  216   3.149156e-19   5.831949e-09   1.852918e-11   1.000000e+00   444       217       1         0         
  217   3.106912e-19   4.249536e-09   2.386924e-11   1.000000e+00   446       218       1         0         
  218   3.083144e-19   6.274191e-09   1.378346e-11   1.000000e+00   448       219       1         0         
  219   3.057634e-19   4.002509e-09   8.308658e-12   1.000000e+00   450       220       1         0         
  220   3.037586e-19   3.357803e-09   3.516960e-12   1.000000e+00   452       221       1         0         
  221   3.023955e-19   4.731429e-09   6.649345e-12   1.000000e+00   454       222       1         0         
  222   3.008601e-19   3.343636e-09   9.778564e-12   1.000000e+00   456       223       1         0         
  223   2.994364e-19   3.234508e-09   8.043842e-12   1.000000e+00   458       224       1         0         
  224   2.980979e-19   4.644677e-09   1.643275e-11   1.000000e+00   460       225       1         0         
  225   2.966821e-19   4.354565e-09   7.326988e-12   1.000000e+00   462       226       1         0         
  226   2.950351e-19   4.083761e-09   7.044009e-12   1.000000e+00   464       227       1         0         
  227   2.926563e-19   5.854290e-09   1.605911e-11   1.000000e+00   466       228       1         0         
  228   2.911108e-19   7.409159e-09   1.375312e-11   1.000000e+00   468       229       1         0         
  229   2.886089e-19   4.481378e-09   5.999667e-12   1.000000e+00   470       230       1         0         
  230   2.855766e-19   4.147014e-09   1.436093e-11   1.000000e+00   472       231       1         0         
  231   2.835291e-19   5.031911e-09   1.305137e-11   1.000000e+00   474       232       1         0         
  232   2.814787e-19   1.084945e-08   3.723805e-11   1.000000e+00   476       233       1         0         
  233   2.765153e-19   4.878391e-09   1.509550e-11   1.000000e+00   478       234       1         0         
  234   2.742783e-19   4.235793e-09   2.269468e-12   1.000000e+00   480       235       1         0         
  235   2.712280e-19   5.099831e-09   9.597146e-12   1.000000e+00   482       236       1         0         
  236   2.699022e-19   1.031877e-08   2.416703e-11   1.000000e+00   484       237       1         0         
  237   2.661480e-19   4.731834e-09   7.953937e-12   1.000000e+00   486       238       1         0         
  238   2.639028e-19   3.294586e-09   1.330702e-11   1.000000e+00   488       239       1         0         
  239   2.625649e-19   3.629992e-09   1.073233e-11   1.000000e+00   490       240       1         0         
  240   2.610392e-19   7.422612e-09   2.047132e-11   1.000000e+00   492       241       1         0         
  241   2.588037e-19   3.311332e-09   1.223986e-11   1.000000e+00   494       242       1         0         
  242   2.577333e-19   2.964997e-09   2.249093e-12   1.000000e+00   496       243       1         0         
  243   2.558157e-19   4.372787e-09   8.077862e-12   1.000000e+00   498       244       1         0         
  244   2.548501e-19   9.232860e-09   1.883204e-11   1.000000e+00   500       245       1         0         
  245   2.515706e-19   6.244748e-09   1.535404e-11   1.000000e+00   502       246       1         0         
  246   2.466189e-19   4.991502e-09   3.492350e-11   1.000000e+00   504       247       1         0         
  247   2.435348e-19   6.186392e-09   2.813885e-11   1.000000e+00   506       248       1         0         
  248   2.404136e-19   8.931342e-09   4.986650e-11   1.000000e+00   508       249       1         0         
  249   2.356023e-19   5.429908e-09   1.791427e-11   1.000000e+00   510       250       1         0         
  250   2.309799e-19   5.718961e-09   1.597925e-11   1.000000e+00   512       251       1         0         
  251   2.271954e-19   7.541750e-09   2.310461e-11   1.000000e+00   514       252       1         0         
  252   2.239538e-19   9.304300e-09   4.676329e-11   1.000000e+00   516       253       1         0         
  253   2.192278e-19   4.902796e-09   1.036844e-11   1.000000e+00   518       254       1         0         
  254   2.158413e-19   4.520784e-09   1.801227e-11   1.000000e+00   520       255       1         0         
  255   2.138277e-19   4.831285e-09   1.376836e-11   1.000000e+00   522       256       1         0         
  256   2.122951e-19   6.600058e-09   2.532032e-11   1.000000e+00   524       257       1         0         
  257   2.101519e-19   3.306397e-09   2.788039e-12   1.000000e+00   526       258       1         0         
  258   2.088627e-19   3.777197e-09   2.079909e-12   1.000000e+00   528       259       1         0         
  259   2.069947e-19   4.846689e-09   7.944186e-12   1.000000e+00   530       260       1         0         
  260   2.067470e-19   1.177475e-08   2.253555e-11   1.000000e+00   532       261       1         0         
  261   2.023182e-19   4.766585e-09   1.160685e-11   1.000000e+00   534       262       1         0         
  262   2.003930e-19   3.478090e-09   7.086182e-12   1.000000e+00   536       263       1         0         
  263   1.985427e-19   4.310111e-09   1.106073e-11   1.000000e+00   538       264       1         0         
  264   1.956021e-19   5.325660e-09   1.637764e-11   1.000000e+00   540       265       1         0         
  265   1.935176e-19   6.844231e-09   1.671368e-11   4.781287e-01   543       266       2         0         
  266   1.905145e-19   3.660402e-09   1.382791e-11   1.000000e+00   545       267       1         0         
  267   1.887521e-19   3.457396e-09   7.539302e-12   1.000000e+00   547       268       1         0         
  268   1.875268e-19   6.100608e-09   9.655553e-12   1.000000e+00   549       269       1         0         
  269   1.857385e-19   4.190750e-09   6.149107e-12   1.000000e+00   551       270       1         0         
  270   1.838339e-19   3.533903e-09   9.954123e-12   1.000000e+00   553       271       1         0         
  271   1.819715e-19   4.842676e-09   1.583217e-11   1.000000e+00   555       272       1         0         
  272   1.804206e-19   5.971462e-09   2.010487e-11   1.000000e+00   557       273       1         0         
  273   1.785012e-19   4.007101e-09   6.248922e-12   1.000000e+00   559       274       1         0         
  274   1.760140e-19   3.982700e-09   1.350546e-11   1.000000e+00   561       275       1         0         
  275   1.744635e-19   5.028219e-09   9.638858e-12   1.000000e+00   563       276       1         0         
  276   1.717115e-19   4.350301e-09   1.953343e-11   1.000000e+00   565       277       1         0         
  277   1.702373e-19   7.785010e-09   1.902370e-11   1.000000e+00   567       278       1         0         
  278   1.677715e-19   2.963647e-09   4.633219e-12   1.000000e+00   569       279       1         0         
  279   1.669041e-19   2.282012e-09   2.111776e-12   1.000000e+00   571       280       1         0         
  280   1.661212e-19   2.215275e-09   4.083939e-12   1.000000e+00   573       281       1         0         
  281   1.659389e-19   6.538708e-09   8.753548e-12   1.000000e+00   575       282       1         0         
  282   1.645754e-19   2.553907e-09   1.887242e-12   1.000000e+00   577       283       1         0         
  283   1.639005e-19   2.132771e-09   2.863881e-12   1.000000e+00   579       284       1         0         
  284   1.630749e-19   2.889218e-09   5.530054e-12   1.000000e+00   581       285       1         0         
  285   1.617918e-19   3.518603e-09   8.120894e-12   1.000000e+00   583       286       1         0         
  286   1.609741e-19   5.472780e-09   1.154562e-11   4.149342e-01   586       287       2         0         
  287   1.591984e-19   2.957084e-09   1.135512e-11   1.000000e+00   588       288       1         0         
  288   1.579953e-19   2.781802e-09   9.651476e-12   1.000000e+00   590       289       1         0         
  289   1.570432e-19   5.356994e-09   1.293996e-11   1.000000e+00   592       290       1         0         
  290   1.556097e-19   3.422960e-09   9.470480e-12   1.000000e+00   594       291       1         0         
  291   1.544581e-19   2.779373e-09   4.559279e-12   1.000000e+00   596       292       1         0         
  292   1.530249e-19   3.975207e-09   1.176346e-11   1.000000e+00   598       293       1         0         
  293   1.521479e-19   5.793804e-09   1.365958e-11   1.000000e+00   600       294       1         0         
  294   1.506621e-19   4.211056e-09   8.179243e-12   1.000000e+00   602       295       1         0         
  295   1.480876e-19   4.033339e-09   2.365588e-11   1.000000e+00   604       296       1         0         
  296   1.466400e-19   5.405111e-09   1.211054e-11   1.000000e+00   606       297       1         0         
  297   1.439235e-19   5.828027e-09   2.248595e-11   1.000000e+00   608       298       1         0         
  298   1.430035e-19   1.544948e-08   5.692446e-11   1.000000e+00   610       299       1         0         
  299   1.349121e-19   5.243177e-09   1.855948e-11   1.000000e+00   612       300       1         0         
  300   1.317490e-19   3.853553e-09   9.336653e-12   1.000000e+00   614       301       1         0         
  301   1.288320e-19   4.527236e-09   2.027696e-11   1.000000e+00   616       302       1         0         
  302   1.260068e-19   7.527447e-09   3.254287e-11   1.000000e+00   618       303       1         0         
  303   1.231011e-19   3.550767e-09   2.803027e-11   1.000000e+00   620       304       1         0         
  304   1.219002e-19   2.410077e-09   1.511377e-12   1.000000e+00   622       305       1         0         
  305   1.207212e-19   2.713827e-09   3.753029e-12   1.000000e+00   624       306       1         0         
  306   1.197684e-19   4.807531e-09   1.046391e-11   1.000000e+00   626       307       1         0         
  307   1.185882e-19   2.747213e-09   7.901429e-12   1.000000e+00   628       308       1         0         
  308   1.177195e-19   2.015284e-09   8.869936e-12   1.000000e+00   630       309       1         0         
  309   1.172538e-19   2.133640e-09   4.894955e-12   1.000000e+00   632       310       1         0         
  310   1.165964e-19   2.657662e-09   9.099363e-12   1.000000e+00   634       311       1         0         
  311   1.163073e-19   2.884023e-09   3.455193e-12   1.000000e+00   636       312       1         0         
  312   1.159520e-19   1.643395e-09   4.495685e-13   1.000000e+00   638       313       1         0         
  313   1.156196e-19   1.627749e-09   9.767155e-13   1.000000e+00   640       314       1         0         
  314   1.152218e-19   2.221187e-09   4.146286e-12   1.000000e+00   642       315       1         0         
  315   1.145454e-19   3.382460e-09   1.199478e-11   1.000000e+00   644       316       1         0         
  316   1.140937e-19   4.042210e-09   1.925734e-11   1.000000e+00   646       317       1         0         
  317   1.131757e-19   2.160691e-09   5.323022e-12   1.000000e+00   648       318       1         0         
  318   1.123493e-19   2.507130e-09   7.212773e-12   1.000000e+00   650       319       1         0         
  319   1.117493e-19   3.056267e-09   7.994948e-12   1.000000e+00   652       320       1         0         
  320   1.112865e-19   6.854093e-09   2.641697e-11   1.000000e+00   654       321       1         0         
  321   1.094423e-19   3.270649e-09   1.083406e-11   1.000000e+00   656       322       1         0         
  322   1.081257e-19   3.272141e-09   1.022788e-11   1.000000e+00   658       323       1         0         
  323   1.066483e-19   4.150556e-09   1.871553e-11   1.000000e+00   660       324       1         0         
  324   1.051930e-19   6.209046e-09   2.997330e-11   1.000000e+00   662       325       1         0         
  325   1.034232e-19   3.175594e-09   3.166566e-11   1.000000e+00   664       326       1         0         
  326   1.024466e-19   2.151890e-09   3.587770e-12   1.000000e+00   666       327       1         0         
  327   1.016258e-19   2.851674e-09   5.002905e-12   1.000000e+00   668       328       1         0         
  328   1.010854e-19   3.582047e-09   1.087349e-11   1.000000e+00   670       329       1         0         
  329   1.003180e-19   2.599678e-09   9.352667e-12   1.000000e+00   672       330       1         0         
  330   9.948622e-20   2.920597e-09   2.109441e-11   1.000000e+00   674       331       1         0         
  331   9.894554e-20   3.195364e-09   1.151767e-11   1.000000e+00   676       332       1         0         
  332   9.821150e-20   2.870538e-09   7.010635e-12   1.000000e+00   678       333       1         0         
  333   9.733042e-20   4.746177e-09   2.241051e-11   1.000000e+00   680       334       1         0         
  334   9.649463e-20   3.300443e-09   6.728775e-12   1.000000e+00   682       335       1         0         
  335   9.599067e-20   2.202863e-09   2.528495e-12   1.000000e+00   684       336       1         0         
  336   9.519792e-20   1.772675e-09   5.536820e-12   1.000000e+00   686       337       1         0         
  337   9.456124e-20   2.983002e-09   1.171318e-11   1.000000e+00   688       338       1         0         
  338   9.372095e-20   3.463037e-09   2.458239e-11   1.000000e+00   690       339       1         0         
  339   9.273834e-20   3.036672e-09   1.480684e-11   1.000000e+00   692       340       1         0         
  340   9.161130e-20   2.852842e-09   1.880815e-11   1.000000e+00   694       341       1         0         
  341   9.079627e-20   4.657974e-09   1.487330e-11   1.000000e+00   696       342       1         0         
  342   8.953950e-20   3.514382e-09   7.750603e-12   1.000000e+00   698       343       1         0         
  343   8.767063e-20   3.560530e-09   1.839476e-11   1.000000e+00   700       344       1         0         
  344   8.624254e-20   5.200241e-09   2.322180e-11   1.000000e+00   702       345       1         0         
  345   8.451314e-20   3.945652e-09   3.044489e-11   1.000000e+00   704       346       1         0         
  346   8.288845e-20   3.254711e-09   2.337166e-11   1.000000e+00   706       347       1         0         
  347   8.138089e-20   3.519190e-09   2.303290e-11   1.000000e+00   708       348       1         0         
  348   8.008109e-20   3.845008e-09   1.181429e-11   1.000000e+00   710       349       1         0         
  349   7.839270e-20   3.271174e-09   1.092752e-11   1.000000e+00   712       350       1         0         
  350   7.675662e-20   3.836573e-09   1.695846e-11   1.000000e+00   714       351       1         0         
  351   7.545312e-20   3.585562e-09   1.449012e-11   1.000000e+00   716       352       1         0         
  352   7.430627e-20   2.821966e-09   1.180538e-11   1.000000e+00   718       353       1         0         
  353   7.316661e-20   3.513666e-09   1.958615e-11   1.000000e+00   720       354       1         0         
  354   7.219468e-20   3.173906e-09   9.824146e-12   1.000000e+00   722       355       1         0         
  355   7.126826e-20   2.766341e-09   6.480784e-12   1.000000e+00   724       356       1         0         
  356   7.011288e-20   3.817533e-09   1.237131e-11   1.000000e+00   726       357       1         0         
  357   6.933278e-20   3.582132e-09   9.378766e-12   1.000000e+00   728       358       1         0         
  358   6.862936e-20   2.513693e-09   2.125156e-12   1.000000e+00   730       359       1         0         
  359   6.777733e-20   2.037024e-09   4.341156e-12   1.000000e+00   732       360       1         0         
  360   6.744537e-20   2.894967e-09   7.998927e-12   1.000000e+00   734       361       1         0         
  361   6.700222e-20   1.873971e-09   5.635184e-12   1.000000e+00   736       362       1         0         
  362   6.659190e-20   1.609418e-09   7.820457e-12   1.000000e+00   738       363       1         0         
  363   6.637698e-20   1.893679e-09   2.935916e-12   1.000000e+00   740       364       1         0         
  364   6.605587e-20   1.992390e-09   2.877809e-12   1.000000e+00   742       365       1         0         
  365   6.550607e-20   3.957554e-09   8.276315e-12   1.000000e+00   744       366       1         0         
  366   6.489724e-20   2.696868e-09   7.141340e-12   1.000000e+00   746       367       1         0         
  367   6.440316e-20   1.751761e-09   1.163609e-12   1.000000e+00   748       368       1         0         
  368   6.382713e-20   1.832633e-09   4.149309e-12   1.000000e+00   750       369       1         0         
  369   6.360090e-20   3.355995e-09   6.394614e-12   1.000000e+00   752       370       1         0         
  370   6.313136e-20   2.135496e-09   4.689281e-12   1.000000e+00   754       371       1         0         
  371   6.262866e-20   1.656629e-09   7.945341e-12   1.000000e+00   756       372       1         0         
  372   6.237273e-20   2.166823e-09   4.696603e-12   1.000000e+00   758       373       1         0         
  373   6.196327e-20   1.783064e-09   5.145904e-12   1.000000e+00   760       374       1         0         
  374   6.157622e-20   2.750308e-09   4.979487e-12   1.000000e+00   762       375       1         0         
  375   6.109634e-20   1.906190e-09   4.152983e-12   1.000000e+00   764       376       1         0         
  376   6.071985e-20   1.634112e-09   1.285445e-12   1.000000e+00   766       377       1         0         
  377   6.027242e-20   1.875065e-09   3.380920e-12   1.000000e+00   768       378       1         0         
  378   5.996403e-20   2.703366e-09   4.613051e-12   1.000000e+00   770       379       1         0         
  379   5.954837e-20   1.933009e-09   3.311974e-12   1.000000e+00   772       380       1         0         
  380   5.905215e-20   1.919829e-09   5.594008e-12   1.000000e+00   774       381       1         0         
  381   5.877945e-20   2.214365e-09   2.514331e-12   1.000000e+00   776       382       1         0         
  382   5.849154e-20   1.724141e-09   1.322695e-12   1.000000e+00   778       383       1         0         
  383   5.808993e-20   2.047046e-09   3.586590e-12   1.000000e+00   780       384       1         0         
  384   5.787949e-20   2.142922e-09   2.304264e-12   1.000000e+00   782       385       1         0         
  385   5.767999e-20   1.396815e-09   1.284273e-12   1.000000e+00   784       386       1         0         
  386   5.737414e-20   9.731079e-10   4.090460e-12   1.000000e+00   786       387       1         0         
  387   5.725365e-20   1.179179e-09   1.409114e-12   1.000000e+00   788       388       1         0         
  388   5.704437e-20   9.799279e-10   3.016796e-12   1.000000e+00   790       389       1         0         
  389   5.693029e-20   2.019151e-09   2.106442e-12   1.000000e+00   792       390       1         0         
  390   5.672278e-20   1.238297e-09   1.293025e-12   1.000000e+00   794       391       1         0         
  391   5.651044e-20   1.141957e-09   2.298721e-12   1.000000e+00   796       392       1         0         
  392   5.633824e-20   1.727628e-09   2.875687e-12   1.000000e+00   798       393       1         0         
  393   5.604117e-20   1.759344e-09   5.560851e-12   1.000000e+00   800       394       1         0         
  394   5.564898e-20   2.762568e-09   8.568034e-12   1.000000e+00   802       395       1         0         
  395   5.509462e-20   1.704425e-09   8.411697e-12   1.000000e+00   804       396       1         0         
  396   5.470289e-20   1.647710e-09   3.528224e-12   1.000000e+00   806       397       1         0         
  397   5.430213e-20   2.168800e-09   5.587710e-12   1.000000e+00   808       398       1         0         
  398   5.392227e-20   2.228258e-09   6.560442e-12   1.000000e+00   810       399       1         0         
  399   5.346828e-20   1.839942e-09   6.114488e-12   1.000000e+00   812       400       1         0         
  400   5.291091e-20   2.543510e-09   1.273802e-11   1.000000e+00   814       401       1         0         
  401   5.237920e-20   2.918231e-09   1.018043e-11   1.000000e+00   816       402       1         0         
  402   5.161235e-20   2.895861e-09   1.105996e-11   1.000000e+00   818       403       1         0         
  403   5.064795e-20   6.284244e-09   3.652275e-11   1.000000e+00   820       404       1         0         
  404   4.930360e-20   3.291144e-09   1.748605e-11   1.000000e+00   822       405       1         0         
  405   4.861705e-20   2.171017e-09   3.862162e-12   1.000000e+00   824       406       1         0         
  406   4.762512e-20   2.057488e-09   4.667641e-12   1.000000e+00   826       407       1         0         
  407   4.688232e-20   4.040873e-09   1.818288e-11   1.000000e+00   828       408       1         0         
  408   4.572216e-20   2.982104e-09   2.151856e-11   1.000000e+00   830       409       1         0         
  409   4.435047e-20   2.979207e-09   2.889886e-11   1.000000e+00   832       410       1         0         
  410   4.324352e-20   3.991798e-09   3.369675e-11   1.000000e+00   834       411       1         0         
  411   4.229351e-20   2.653549e-09   3.292346e-12   1.000000e+00   836       412       1         0         
  412   4.131393e-20   2.418501e-09   2.785247e-12   1.000000e+00   838       413       1         0         
  413   4.060062e-20   3.301079e-09   1.458547e-11   1.000000e+00   840       414       1         0         
  414   3.970408e-20   2.406827e-09   1.570724e-11   1.000000e+00   842       415       1         0         
  415   3.899683e-20   2.121376e-09   1.696664e-11   1.000000e+00   844       416       1         0         
  416   3.831580e-20   2.228838e-09   1.894696e-11   1.000000e+00   846       417       1         0         
  417   3.778166e-20   2.121502e-09   6.536506e-12   1.000000e+00   848       418       1         0         
  418   3.733647e-20   1.703113e-09   4.063758e-12   1.000000e+00   850       419       1         0         
  419   3.702667e-20   1.598242e-09   1.708693e-12   1.000000e+00   852       420       1         0         
  420   3.676392e-20   1.374102e-09   3.420928e-12   1.000000e+00   854       421       1         0         
  421   3.649021e-20   1.335376e-09   5.593714e-12   1.000000e+00   856       422       1         0         
  422   3.629449e-20   1.270578e-09   5.220926e-12   1.000000e+00   858       423       1         0         
  423   3.613704e-20   1.022886e-09   2.985773e-12   1.000000e+00   860       424       1         0         
  424   3.592680e-20   1.302888e-09   3.821476e-12   1.000000e+00   862       425       1         0         
  425   3.578256e-20   1.663015e-09   2.606875e-12   1.000000e+00   864       426       1         0         
  426   3.563119e-20   1.076644e-09   6.953022e-13   1.000000e+00   866       427       1         0         
  427   3.542201e-20   9.680372e-10   1.745801e-12   1.000000e+00   868       428       1         0         
  428   3.528283e-20   1.376294e-09   2.716357e-12   1.000000e+00   870       429       1         0         
  429   3.505671e-20   1.169419e-09   4.419186e-12   1.000000e+00   872       430       1         0         
  430   3.482815e-20   1.810038e-09   6.433217e-12   1.000000e+00   874       431       1         0         
  431   3.457312e-20   1.183301e-09   6.178859e-12   1.000000e+00   876       432       1         0         
  432   3.441567e-20   9.965161e-10   1.109279e-12   1.000000e+00   878       433       1         0         
  433   3.426091e-20   1.308581e-09   2.280437e-12   1.000000e+00   880       434       1         0         
  434   3.413781e-20   1.137115e-09   2.021508e-12   1.000000e+00   882       435       1         0         
  435   3.404545e-20   8.956968e-10   1.290713e-12   1.000000e+00   884       436       1         0         
  436   3.392451e-20   9.841702e-10   4.363655e-12   1.000000e+00   886       437       1         0         
  437   3.385794e-20   1.458921e-09   2.747525e-12   1.000000e+00   888       438       1         0         
  438   3.376177e-20   1.033927e-09   1.905392e-12   1.000000e+00   890       439       1         0         
  439   3.362172e-20   8.558443e-10   3.534757e-12   1.000000e+00   892       440       1         0         
  440   3.355289e-20   1.115535e-09   2.340746e-12   1.000000e+00   894       441       1         0         
  441   3.344033e-20   1.063444e-09   3.810604e-12   1.000000e+00   896       442       1         0         
  442   3.338865e-20   2.541903e-09   8.258980e-12   1.000000e+00   898       443       1         0         
  443   3.314560e-20   1.105041e-09   3.082464e-12   1.000000e+00   900       444       1         0         
  444   3.299389e-20   1.072870e-09   1.711192e-12   1.000000e+00   902       445       1         0         
  445   3.279469e-20   1.437603e-09   4.411106e-12   1.000000e+00   904       446       1         0         
  446   3.252846e-20   2.500852e-09   1.008134e-11   1.000000e+00   906       447       1         0         
  447   3.214602e-20   1.847723e-09   1.440244e-11   1.000000e+00   908       448       1         0         
  448   3.180089e-20   1.391433e-09   9.322238e-12   1.000000e+00   910       449       1         0         
  449   3.148875e-20   1.960983e-09   1.206989e-11   1.000000e+00   912       450       1         0         
  450   3.126087e-20   1.723876e-09   4.003237e-12   1.000000e+00   914       451       1         0         
  451   3.104065e-20   1.347546e-09   1.682979e-12   1.000000e+00   916       452       1         0         
  452   3.079819e-20   1.481244e-09   5.902555e-12   1.000000e+00   918       453       1         0         
  453   3.064885e-20   1.615873e-09   5.089252e-12   1.000000e+00   920       454       1         0         
  454   3.050237e-20   1.221549e-09   3.568579e-12   1.000000e+00   922       455       1         0         
  455   3.033081e-20   1.317023e-09   7.407488e-12   1.000000e+00   924       456       1         0         
  456   3.024984e-20   1.351543e-09   1.441816e-12   1.000000e+00   926       457       1         0         
  457   3.017175e-20   1.008957e-09   4.842516e-13   1.000000e+00   928       458       1         0         
  458   2.997890e-20   8.980067e-10   2.094996e-12   1.000000e+00   930       459       1         0         
  459   2.990050e-20   1.285839e-09   2.868700e-12   1.000000e+00   932       460       1         0         
  460   2.975613e-20   1.185360e-09   3.557983e-12   1.000000e+00   934       461       1         0         
  461   2.958933e-20   2.606732e-09   8.342622e-12   1.000000e+00   936       462       1         0         
  462   2.923611e-20   1.391405e-09   8.138819e-12   1.000000e+00   938       463       1         0         
  463   2.896461e-20   1.408457e-09   3.876706e-12   1.000000e+00   940       464       1         0         
  464   2.864221e-20   2.296554e-09   8.725751e-12   1.000000e+00   942       465       1         0         
  465   2.831896e-20   2.635619e-09   1.078200e-11   1.000000e+00   944       466       1         0         
  466   2.786263e-20   1.944412e-09   7.986749e-12   1.000000e+00   946       467       1         0         
  467   2.725173e-20   2.260729e-09   1.909786e-11   1.000000e+00   948       468       1         0         
  468   2.692412e-20   2.980623e-09   1.125185e-11   1.000000e+00   950       469       1         0         
  469   2.648538e-20   2.363691e-09   7.544959e-12   1.000000e+00   952       470       1         0         
  470   2.560129e-20   2.711625e-09   2.705044e-11   1.000000e+00   954       471       1         0         
  471   2.528271e-20   3.445274e-09   1.299259e-11   1.000000e+00   956       472       1         0         
  472   2.483294e-20   2.165094e-09   2.181947e-12   1.000000e+00   958       473       1         0         
  473   2.413745e-20   1.762758e-09   1.116082e-11   1.000000e+00   960       474       1         0         
  474   2.372923e-20   1.902795e-09   9.415043e-12   1.000000e+00   962       475       1         0         
  475   2.342789e-20   5.017103e-09   2.508775e-11   1.000000e+00   964       476       1         0         
  476   2.253038e-20   1.380872e-09   1.022248e-11   1.000000e+00   966       477       1         0         
  477   2.235538e-20   9.880256e-10   1.419098e-12   1.000000e+00   968       478       1         0         
  478   2.212681e-20   1.270485e-09   1.999484e-12   1.000000e+00   970       479       1         0         
  479   2.211005e-20   2.853932e-09   8.675480e-12   1.000000e+00   972       480       1         0         
  480   2.186599e-20   1.013646e-09   1.391197e-12   1.000000e+00   974       481       1         0         
  481   2.178244e-20   6.834234e-10   1.545969e-12   1.000000e+00   976       482       1         0         
  482   2.170824e-20   8.598832e-10   2.990733e-12   1.000000e+00   978       483       1         0         
  483   2.158219e-20   9.841815e-10   3.424082e-12   1.000000e+00   980       484       1         0         
  484   2.151984e-20   1.467040e-09   3.367530e-12   3.995154e-01   983       485       2         0         
  485   2.139490e-20   7.503156e-10   1.952437e-12   1.000000e+00   985       486       1         0         
  486   2.131504e-20   7.003149e-10   9.033216e-13   1.000000e+00   987       487       1         0         
  487   2.119872e-20   1.134652e-09   2.057928e-12   1.000000e+00   989       488       1         0         
  488   2.114426e-20   1.915525e-09   3.330683e-12   1.000000e+00   991       489       1         0         
  489   2.099377e-20   9.800703e-10   1.458033e-12   1.000000e+00   993       490       1         0         
  490   2.087293e-20   8.479705e-10   2.879748e-12   1.000000e+00   995       491       1         0         
  491   2.078972e-20   9.494989e-10   2.412707e-12   1.000000e+00   997       492       1         0         
  492   2.065757e-20   1.632119e-09   4.804623e-12   1.000000e+00   999       493       1         0         
  493   2.056707e-20   1.251549e-09   4.548823e-12   1.000000e+00   1001      494       1         0         
  494   2.047203e-20   6.507356e-10   9.209524e-13   1.000000e+00   1003      495       1         0         
  495   2.039747e-20   7.174699e-10   6.941647e-13   1.000000e+00   1005      496       1         0         
  496   2.032111e-20   9.700286e-10   1.254136e-12   1.000000e+00   1007      497       1         0         
  497   2.023468e-20   1.510358e-09   3.770388e-12   1.000000e+00   1009      498       1         0         
  498   2.011641e-20   7.951321e-10   2.453205e-12   1.000000e+00   1011      499       1         0         
  499   2.004748e-20   7.580084e-10   1.899930e-12   1.000000e+00   1013      500       1         0         
  500   1.996120e-20   9.958416e-10   2.361248e-12   1.000000e+00   1015      501       1         0         
Optimization Terminated with Status: Iteration Limit Exceeded
