[MetricOpStats] ParamMass_M  (rows=14264)
  row_sum       min=1.3468e-07  max=0.00594  mean=0.00197907  max/|min|=44104.5
  |row_sum|     min=1.3468e-07  max=0.00594  mean=0.00197907  max/min=44104.5
  diag          min=5.98578e-08  max=0.00264  mean=0.000879586  nonpos=0
  max_abs_entry=0.00264
[MetricOpStats] ParamStiffness_K  (rows=14264)
  row_sum       min=-8.9407e-08  max=8.9407e-08  mean=1.38068e-08  max/|min|=1
  |row_sum|     min=2.37605e+08  max=7.92e+08  mean=5.80481e+08  max/min=3.33326
  diag          min=3.96018e+07  max=1.584e+08  mean=1.05543e+08  nonpos=0
  max_abs_entry=1.584e+08
[MetricOpStats] ParamMass_M_reprint  (rows=14264)
  row_sum       min=1.3468e-07  max=0.00594  mean=0.00197907  max/|min|=44104.5
  |row_sum|     min=1.3468e-07  max=0.00594  mean=0.00197907  max/min=44104.5
  diag          min=5.98578e-08  max=0.00264  mean=0.000879586  nonpos=0
  max_abs_entry=0.00264
[MetricOpStats] K_over_M
  |row_sum| ratio  max=1.33333e+11  mean=2.9331e+11
[RieszAutoScale] mean(diag(K))/mean(diag(M)) = 1.19992e+11
[RieszMap] alpha1=1.19992e+13  alpha2=1  mode=auto_balanced  auto_amplify=100
[MetricOpStats] Hcurl_H  (rows=14264  alpha1=1.19992e+13  alpha2=1  solver=sparse_direct)
  row_sum       min=1.61605e+06  max=7.12752e+10  mean=2.37472e+10  max/|min|=44104.5
  |row_sum|     min=2.38144e+08  max=7.17504e+10  mean=2.42207e+10  max/min=301.29
  diag          min=4.032e+07  max=3.18362e+10  mean=1.06599e+10  nonpos=0
  max_abs_entry=3.18362e+10
MrHyDE vector contract check (primal) errors: e[0]=0 e[1]=0 e[2]=0 e[3]=0 e[4]=0 e[5]=0 e[6]=0 e[7]=0 e[8]=0 e[9]=0 e[10]=0 e[11]=0 e[12]=0
MrHyDE vector contract check (dual) errors: e[0]=0 e[1]=7.02677e-20 e[2]=0 e[3]=0 e[4]=0 e[5]=1.29424e-20 e[6]=2.57829e-20 e[7]=0 e[8]=0 e[9]=2.64698e-23 e[10]=4.44089e-16 e[11]=8.86409e-19 e[12]=2.97428e-15
MrHyDE vector contract check: max_primal_err=0 max_dual_err=2.97428e-15 tol=1e-08

Quasi-Newton Method with Limited-Memory BFGS
Line Search: Cubic Interpolation satisfying Wolfe Conditions
-------------------------------------------------------------------------------------------------------------
Quasi-Newton status output definitions

  iter     - Number of iterates (steps taken)
  value    - Objective function value
  gnorm    - Norm of the gradient
  snorm    - Norm of the step (update to optimization vector)
  alpha    - Line search step length
  #fval    - Cumulative number of times the objective function was evaluated
  #grad    - Cumulative number of times the gradient was computed
  ls_#fval - Number of the times the objective function was evaluated during the line search
  ls_#grad - Number of the times the gradient was evaluated during the line search
-------------------------------------------------------------------------------------------------------------
  iter  value          gnorm          snorm          alpha          #fval     #grad     ls_#fval  ls_#grad  
  0     1.241567e-11   2.907675e-04   ---            ---            1         1         ---       ---       
  1     1.185960e-12   7.297091e-05   1.127263e-07   3.876854e-04   7         2         5         0         
  2     4.135328e-13   3.351902e-05   2.265080e-08   1.000000e+00   9         3         1         0         
  3     1.841693e-13   3.404588e-05   2.111713e-08   1.000000e+00   11        4         1         0         
  4     1.551918e-13   4.339957e-05   1.239459e-08   1.000000e+00   13        5         1         0         
  5     8.617123e-14   1.391657e-05   4.348854e-09   1.000000e+00   15        6         1         0         
  6     6.753576e-14   1.003177e-05   2.560688e-09   1.000000e+00   17        7         1         0         
  7     4.210386e-14   1.033255e-05   6.511680e-09   1.000000e+00   19        8         1         0         
  8     2.923093e-14   1.420663e-05   6.425358e-09   1.000000e+00   21        9         1         0         
  9     1.877190e-14   6.183414e-06   4.785360e-09   1.000000e+00   23        10        1         0         
  10    1.539688e-14   4.296324e-06   1.150993e-09   1.000000e+00   25        11        1         0         
  11    1.119117e-14   4.457253e-06   2.611189e-09   1.000000e+00   27        12        1         0         
  12    9.658214e-15   8.136176e-06   3.629805e-09   1.000000e+00   29        13        1         0         
  13    7.029007e-15   3.313235e-06   8.831127e-10   1.000000e+00   31        14        1         0         
  14    5.760903e-15   2.434415e-06   1.356309e-09   1.000000e+00   33        15        1         0         
  15    4.843060e-15   2.718631e-06   1.454325e-09   1.000000e+00   35        16        1         0         
  16    3.378158e-15   2.766449e-06   2.540510e-09   1.000000e+00   37        17        1         0         
  17    2.905585e-15   2.902858e-06   1.416744e-09   3.473133e-01   40        18        2         0         
  18    2.312218e-15   1.542702e-06   1.188043e-09   1.000000e+00   42        19        1         0         
  19    1.921303e-15   1.487243e-06   8.580838e-10   1.000000e+00   44        20        1         0         
  20    1.522842e-15   2.085865e-06   1.332330e-09   1.000000e+00   46        21        1         0         
  21    1.310485e-15   2.365243e-06   1.563094e-09   1.000000e+00   48        22        1         0         
  22    1.023769e-15   1.048033e-06   3.041692e-10   1.000000e+00   50        23        1         0         
  23    8.504798e-16   1.016724e-06   5.183293e-10   1.000000e+00   52        24        1         0         
  24    7.093530e-16   1.134245e-06   6.589809e-10   1.000000e+00   54        25        1         0         
  25    5.493042e-16   2.003888e-06   1.509598e-09   1.000000e+00   56        26        1         0         
  26    3.795345e-16   8.311858e-07   1.115970e-09   1.000000e+00   58        27        1         0         
  27    3.142091e-16   5.333180e-07   2.455907e-10   1.000000e+00   60        28        1         0         
  28    2.421983e-16   5.635287e-07   3.519091e-10   1.000000e+00   62        29        1         0         
  29    2.023429e-16   1.008193e-06   6.284701e-10   1.000000e+00   64        30        1         0         
  30    1.477918e-16   4.649968e-07   3.871144e-10   1.000000e+00   66        31        1         0         
  31    1.210201e-16   3.396118e-07   3.123444e-10   1.000000e+00   68        32        1         0         
  32    9.991393e-17   4.087991e-07   3.237175e-10   1.000000e+00   70        33        1         0         
  33    8.508074e-17   6.255501e-07   4.075872e-10   1.000000e+00   72        34        1         0         
  34    6.597487e-17   2.757908e-07   1.165930e-10   1.000000e+00   74        35        1         0         
  35    5.598949e-17   2.148942e-07   1.264208e-10   1.000000e+00   76        36        1         0         
  36    4.891812e-17   2.387888e-07   1.209813e-10   1.000000e+00   78        37        1         0         
  37    4.045986e-17   4.546877e-07   3.079216e-10   1.000000e+00   80        38        1         0         
  38    3.110581e-17   2.094889e-07   2.053093e-10   1.000000e+00   82        39        1         0         
  39    2.723237e-17   1.434386e-07   5.164134e-11   1.000000e+00   84        40        1         0         
  40    2.292817e-17   1.697975e-07   1.118571e-10   1.000000e+00   86        41        1         0         
  41    2.000403e-17   2.553127e-07   1.562952e-10   1.000000e+00   88        42        1         0         
  42    1.642142e-17   1.559676e-07   9.149070e-11   1.000000e+00   90        43        1         0         
  43    1.329316e-17   1.155611e-07   1.527550e-10   1.000000e+00   92        44        1         0         
  44    1.216794e-17   1.374407e-07   6.904903e-11   1.000000e+00   94        45        1         0         
  45    1.078611e-17   1.116162e-07   5.088441e-11   1.000000e+00   96        46        1         0         
  46    9.372863e-18   1.856776e-07   1.450396e-10   1.000000e+00   98        47        1         0         
  47    8.047622e-18   1.041148e-07   6.218835e-11   1.000000e+00   100       48        1         0         
  48    7.396470e-18   6.639336e-08   1.818583e-11   1.000000e+00   102       49        1         0         
  49    6.444286e-18   5.092954e-08   4.468633e-11   1.000000e+00   104       50        1         0         
  50    5.938492e-18   9.171406e-08   7.582177e-11   1.000000e+00   106       51        1         0         
  51    5.340441e-18   6.331211e-08   8.815766e-11   1.000000e+00   108       52        1         0         
  52    4.821373e-18   4.848754e-08   5.468881e-11   1.000000e+00   110       53        1         0         
  53    4.474437e-18   7.977090e-08   8.556193e-11   1.000000e+00   112       54        1         0         
  54    4.103638e-18   5.471586e-08   2.625939e-11   1.000000e+00   114       55        1         0         
  55    3.877150e-18   4.296890e-08   1.754863e-11   1.000000e+00   116       56        1         0         
  56    3.589603e-18   5.175712e-08   5.055376e-11   1.000000e+00   118       57        1         0         
  57    3.476700e-18   6.120998e-08   4.835139e-11   1.000000e+00   120       58        1         0         
  58    3.305251e-18   3.742622e-08   1.833599e-11   1.000000e+00   122       59        1         0         
  59    3.127251e-18   2.908282e-08   4.315380e-11   1.000000e+00   124       60        1         0         
  60    3.039251e-18   3.386458e-08   2.505857e-11   1.000000e+00   126       61        1         0         
  61    2.991821e-18   6.021578e-08   6.276521e-11   1.000000e+00   128       62        1         0         
  62    2.811423e-18   2.923378e-08   1.499297e-11   1.000000e+00   130       63        1         0         
  63    2.725023e-18   2.571247e-08   1.002625e-11   1.000000e+00   132       64        1         0         
  64    2.627653e-18   2.999851e-08   2.066912e-11   1.000000e+00   134       65        1         0         
  65    2.570995e-18   3.105692e-08   2.255981e-11   4.922971e-01   137       66        2         0         
  66    2.500077e-18   2.436950e-08   3.289064e-11   1.000000e+00   139       67        1         0         
  67    2.420757e-18   3.065558e-08   4.387822e-11   1.000000e+00   141       68        1         0         
  68    2.347323e-18   3.180585e-08   4.235641e-11   1.000000e+00   143       69        1         0         
  69    2.277729e-18   2.174772e-08   9.775361e-12   1.000000e+00   145       70        1         0         
  70    2.189464e-18   2.254889e-08   2.402900e-11   1.000000e+00   147       71        1         0         
  71    2.138946e-18   3.386165e-08   2.773362e-11   1.000000e+00   149       72        1         0         
  72    2.058809e-18   2.443752e-08   2.827015e-11   1.000000e+00   151       73        1         0         
  73    1.959172e-18   2.470920e-08   6.058782e-11   1.000000e+00   153       74        1         0         
  74    1.917225e-18   3.418608e-08   4.115429e-11   1.000000e+00   155       75        1         0         
  75    1.857012e-18   2.146615e-08   7.791927e-12   1.000000e+00   157       76        1         0         
  76    1.780375e-18   1.761134e-08   2.331616e-11   1.000000e+00   159       77        1         0         
  77    1.734395e-18   2.167932e-08   2.424836e-11   1.000000e+00   161       78        1         0         
  78    1.701572e-18   4.335462e-08   7.247531e-11   1.000000e+00   163       79        1         0         
  79    1.604310e-18   2.060761e-08   2.131954e-11   1.000000e+00   165       80        1         0         
  80    1.555622e-18   1.846402e-08   1.176959e-11   1.000000e+00   167       81        1         0         
  81    1.501799e-18   2.196197e-08   2.581022e-11   1.000000e+00   169       82        1         0         
  82    1.498362e-18   4.739507e-08   5.044070e-11   1.000000e+00   171       83        1         0         
  83    1.413035e-18   1.904539e-08   7.981999e-12   1.000000e+00   173       84        1         0         
  84    1.373255e-18   1.534490e-08   1.580590e-11   1.000000e+00   175       85        1         0         
  85    1.338040e-18   1.875137e-08   2.449760e-11   1.000000e+00   177       86        1         0         
  86    1.268690e-18   2.244874e-08   4.337475e-11   1.000000e+00   179       87        1         0         
  87    1.236487e-18   2.905595e-08   3.893699e-11   3.714751e-01   182       88        2         0         
  88    1.175769e-18   1.621246e-08   3.497098e-11   1.000000e+00   184       89        1         0         
  89    1.133927e-18   1.512747e-08   2.199732e-11   1.000000e+00   186       90        1         0         
  90    1.095935e-18   2.695527e-08   3.776755e-11   1.000000e+00   188       91        1         0         
  91    1.060952e-18   2.293462e-08   2.545933e-11   1.000000e+00   190       92        1         0         
  92    1.026143e-18   1.498320e-08   7.920593e-12   1.000000e+00   192       93        1         0         
  93    9.830958e-19   1.782947e-08   2.791929e-11   1.000000e+00   194       94        1         0         
  94    9.613809e-19   2.334313e-08   2.478627e-11   1.000000e+00   196       95        1         0         
  95    9.253086e-19   1.870372e-08   3.413463e-11   1.000000e+00   198       96        1         0         
  96    9.128601e-19   3.553449e-08   6.148395e-11   1.000000e+00   200       97        1         0         
  97    8.658347e-19   1.452774e-08   1.244497e-11   1.000000e+00   202       98        1         0         
  98    8.482429e-19   1.290737e-08   4.854010e-12   1.000000e+00   204       99        1         0         
  99    8.213842e-19   1.792936e-08   2.067449e-11   1.000000e+00   206       100       1         0         
  100   8.062251e-19   1.468688e-08   1.814543e-11   4.371580e-01   209       101       2         0         
  101   7.913504e-19   1.344890e-08   2.268788e-11   1.000000e+00   211       102       1         0         
  102   7.717604e-19   1.861675e-08   4.830628e-11   1.000000e+00   213       103       1         0         
  103   7.556456e-19   1.331291e-08   2.118959e-11   4.936760e-01   216       104       2         0         
  104   7.400903e-19   1.208909e-08   1.112423e-11   1.000000e+00   218       105       1         0         
  105   7.217153e-19   1.891535e-08   2.361607e-11   1.000000e+00   220       106       1         0         
  106   7.105841e-19   2.042428e-08   2.196507e-11   1.000000e+00   222       107       1         0         
  107   6.868893e-19   1.171559e-08   4.442771e-12   1.000000e+00   224       108       1         0         
  108   6.673087e-19   1.049466e-08   1.508834e-11   1.000000e+00   226       109       1         0         
  109   6.560107e-19   1.314069e-08   1.854778e-11   1.000000e+00   228       110       1         0         
  110   6.436517e-19   1.832177e-08   4.588845e-11   1.000000e+00   230       111       1         0         
  111   6.244979e-19   1.279714e-08   1.606453e-11   1.000000e+00   232       112       1         0         
  112   6.112646e-19   1.141959e-08   5.676112e-12   1.000000e+00   234       113       1         0         
  113   5.956551e-19   1.183189e-08   1.472442e-11   1.000000e+00   236       114       1         0         
  114   5.860925e-19   1.505074e-08   1.541309e-11   4.766590e-01   239       115       2         0         
  115   5.700525e-19   1.154204e-08   2.786438e-11   1.000000e+00   241       116       1         0         
  116   5.551493e-19   1.339716e-08   3.293614e-11   1.000000e+00   243       117       1         0         
  117   5.474194e-19   1.647974e-08   3.693863e-11   1.000000e+00   245       118       1         0         
  118   5.321071e-19   9.446733e-09   3.842999e-12   1.000000e+00   247       119       1         0         
  119   5.196116e-19   8.625445e-09   6.119322e-12   1.000000e+00   249       120       1         0         
  120   5.108090e-19   1.059148e-08   1.209968e-11   1.000000e+00   251       121       1         0         
  121   5.106227e-19   2.263428e-08   3.832120e-11   1.000000e+00   253       122       1         0         
  122   4.889055e-19   9.795080e-09   1.378537e-11   1.000000e+00   255       123       1         0         
  123   4.792851e-19   8.608315e-09   1.015642e-11   1.000000e+00   257       124       1         0         
  124   4.696503e-19   1.004423e-08   1.732519e-11   1.000000e+00   259       125       1         0         
  125   4.630581e-19   1.276951e-08   1.441135e-11   4.794020e-01   262       126       2         0         
  126   4.518883e-19   9.399045e-09   2.132663e-11   1.000000e+00   264       127       1         0         
  127   4.419130e-19   1.178321e-08   2.163396e-11   1.000000e+00   266       128       1         0         
  128   4.317271e-19   1.029434e-08   2.228131e-11   1.000000e+00   268       129       1         0         
  129   4.234452e-19   7.757911e-09   4.120606e-12   1.000000e+00   270       130       1         0         
  130   4.137278e-19   9.086312e-09   9.643725e-12   1.000000e+00   272       131       1         0         
  131   4.079663e-19   1.264060e-08   1.492821e-11   1.000000e+00   274       132       1         0         
  132   3.992200e-19   8.560270e-09   1.034043e-11   1.000000e+00   276       133       1         0         
  133   3.891375e-19   7.583470e-09   2.452818e-11   1.000000e+00   278       134       1         0         
  134   3.841548e-19   1.042544e-08   1.352218e-11   1.000000e+00   280       135       1         0         
  135   3.764403e-19   8.977670e-09   1.112497e-11   1.000000e+00   282       136       1         0         
  136   3.743786e-19   1.863975e-08   2.958732e-11   1.000000e+00   284       137       1         0         
  137   3.610027e-19   8.747781e-09   7.089731e-12   1.000000e+00   286       138       1         0         
  138   3.545083e-19   7.930001e-09   5.529979e-12   1.000000e+00   288       139       1         0         
  139   3.451397e-19   9.452078e-09   2.644029e-11   1.000000e+00   290       140       1         0         
  140   3.419006e-19   1.081994e-08   1.469320e-11   4.063175e-01   293       141       2         0         
  141   3.367766e-19   9.355665e-09   2.357664e-11   1.000000e+00   295       142       1         0         
  142   3.313736e-19   1.193430e-08   3.569957e-11   1.000000e+00   297       143       1         0         
  143   3.303814e-19   1.334744e-08   3.015127e-11   1.000000e+00   299       144       1         0         
  144   3.195781e-19   6.998650e-09   9.588215e-12   1.000000e+00   301       145       1         0         
  145   3.117221e-19   6.397651e-09   1.035618e-11   1.000000e+00   303       146       1         0         
  146   3.065844e-19   7.935279e-09   6.883095e-12   1.000000e+00   305       147       1         0         
  147   3.055491e-19   1.556533e-08   2.222973e-11   1.000000e+00   307       148       1         0         
  148   2.959165e-19   6.686286e-09   1.366447e-11   1.000000e+00   309       149       1         0         
  149   2.919415e-19   6.224787e-09   1.096357e-11   1.000000e+00   311       150       1         0         
  150   2.867997e-19   8.025292e-09   1.489895e-11   1.000000e+00   313       151       1         0         
  151   2.839240e-19   1.491336e-08   1.722688e-11   1.000000e+00   315       152       1         0         
  152   2.749722e-19   7.460610e-09   7.738162e-12   1.000000e+00   317       153       1         0         
  153   2.695606e-19   5.390273e-09   8.083348e-12   1.000000e+00   319       154       1         0         
  154   2.657074e-19   6.332667e-09   6.305071e-12   1.000000e+00   321       155       1         0         
  155   2.629277e-19   1.109318e-08   1.266458e-11   1.000000e+00   323       156       1         0         
  156   2.572788e-19   5.271663e-09   9.861036e-12   1.000000e+00   325       157       1         0         
  157   2.541453e-19   4.047775e-09   1.039979e-11   1.000000e+00   327       158       1         0         
  158   2.514786e-19   5.055676e-09   1.110299e-11   1.000000e+00   329       159       1         0         
  159   2.498978e-19   8.229743e-09   1.077995e-11   1.000000e+00   331       160       1         0         
  160   2.469732e-19   4.306420e-09   3.055244e-12   1.000000e+00   333       161       1         0         
  161   2.451266e-19   3.811650e-09   4.963839e-12   1.000000e+00   335       162       1         0         
  162   2.438246e-19   4.612647e-09   3.760766e-12   1.000000e+00   337       163       1         0         
  163   2.426482e-19   8.976936e-09   1.130707e-11   1.000000e+00   339       164       1         0         
  164   2.389589e-19   4.497830e-09   6.812005e-12   1.000000e+00   341       165       1         0         
  165   2.367002e-19   4.181952e-09   7.539009e-12   1.000000e+00   343       166       1         0         
  166   2.340676e-19   5.242213e-09   1.179878e-11   1.000000e+00   345       167       1         0         
  167   2.330946e-19   1.068815e-08   1.693440e-11   1.000000e+00   347       168       1         0         
  168   2.285089e-19   5.613700e-09   6.877814e-12   1.000000e+00   349       169       1         0         
  169   2.252378e-19   4.424188e-09   7.005675e-12   1.000000e+00   351       170       1         0         
  170   2.229753e-19   5.391094e-09   7.500002e-12   1.000000e+00   353       171       1         0         
  171   2.212222e-19   1.108798e-08   1.767694e-11   1.000000e+00   355       172       1         0         
  172   2.158368e-19   5.559887e-09   1.212696e-11   1.000000e+00   357       173       1         0         
  173   2.125114e-19   4.384869e-09   9.273409e-12   1.000000e+00   359       174       1         0         
  174   2.096215e-19   5.309672e-09   1.303681e-11   1.000000e+00   361       175       1         0         
  175   2.085701e-19   1.049001e-08   1.950268e-11   1.000000e+00   363       176       1         0         
  176   2.040532e-19   5.221152e-09   8.635119e-12   1.000000e+00   365       177       1         0         
  177   2.013101e-19   3.994042e-09   8.350432e-12   1.000000e+00   367       178       1         0         
  178   1.995694e-19   4.638927e-09   7.720019e-12   1.000000e+00   369       179       1         0         
  179   1.984824e-19   9.275685e-09   1.858260e-11   1.000000e+00   371       180       1         0         
  180   1.946935e-19   4.593354e-09   8.187128e-12   1.000000e+00   373       181       1         0         
  181   1.924149e-19   4.041725e-09   8.431212e-12   1.000000e+00   375       182       1         0         
  182   1.903035e-19   4.763419e-09   1.053602e-11   1.000000e+00   377       183       1         0         
  183   1.894368e-19   9.925468e-09   1.935666e-11   1.000000e+00   379       184       1         0         
  184   1.853116e-19   4.870846e-09   9.139250e-12   1.000000e+00   381       185       1         0         
  185   1.830165e-19   3.865449e-09   6.018390e-12   1.000000e+00   383       186       1         0         
  186   1.812014e-19   4.499077e-09   8.573969e-12   1.000000e+00   385       187       1         0         
  187   1.804581e-19   9.011636e-09   1.670826e-11   1.000000e+00   387       188       1         0         
  188   1.769494e-19   4.566130e-09   9.704452e-12   1.000000e+00   389       189       1         0         
  189   1.745520e-19   3.903286e-09   1.055664e-11   1.000000e+00   391       190       1         0         
  190   1.726526e-19   4.881518e-09   1.121770e-11   1.000000e+00   393       191       1         0         
  191   1.719212e-19   1.085550e-08   2.532772e-11   1.000000e+00   395       192       1         0         
  192   1.670440e-19   5.335165e-09   8.379253e-12   1.000000e+00   397       193       1         0         
  193   1.638689e-19   4.700874e-09   9.990867e-12   1.000000e+00   399       194       1         0         
  194   1.610509e-19   5.679727e-09   1.235351e-11   1.000000e+00   401       195       1         0         
  195   1.577241e-19   9.723913e-09   2.654967e-11   1.000000e+00   403       196       1         0         
  196   1.518569e-19   6.315045e-09   2.692055e-11   1.000000e+00   405       197       1         0         
  197   1.471222e-19   5.165816e-09   2.120613e-11   1.000000e+00   407       198       1         0         
  198   1.425987e-19   9.283985e-09   3.511545e-11   1.000000e+00   409       199       1         0         
  199   1.378457e-19   8.123397e-09   2.717388e-11   1.000000e+00   411       200       1         0         
  200   1.331727e-19   6.309702e-09   1.160158e-11   1.000000e+00   413       201       1         0         
  201   1.257638e-19   9.466098e-09   4.325789e-11   1.000000e+00   415       202       1         0         
  202   1.229394e-19   1.131536e-08   3.019041e-11   1.000000e+00   417       203       1         0         
  203   1.181644e-19   6.887589e-09   1.492634e-12   1.000000e+00   419       204       1         0         
  204   1.112551e-19   5.371923e-09   2.267760e-11   1.000000e+00   421       205       1         0         
  205   1.079319e-19   5.998133e-09   2.347027e-11   1.000000e+00   423       206       1         0         
  206   1.025872e-19   1.048706e-08   5.141662e-11   1.000000e+00   425       207       1         0         
  207   1.016479e-19   1.074272e-08   4.592729e-11   1.000000e+00   427       208       1         0         
  208   9.668115e-20   3.095565e-09   1.674393e-11   1.000000e+00   429       209       1         0         
  209   9.587794e-20   2.593958e-09   2.472329e-12   1.000000e+00   431       210       1         0         
  210   9.437911e-20   3.179493e-09   3.441396e-12   1.000000e+00   433       211       1         0         
  211   9.368015e-20   5.363966e-09   8.797089e-12   1.000000e+00   435       212       1         0         
  212   9.238655e-20   2.400259e-09   8.633748e-12   1.000000e+00   437       213       1         0         
  213   9.185663e-20   1.802656e-09   4.559497e-12   1.000000e+00   439       214       1         0         
  214   9.132882e-20   2.481021e-09   5.356777e-12   1.000000e+00   441       215       1         0         
  215   9.091821e-20   3.384113e-09   3.633446e-12   1.000000e+00   443       216       1         0         
  216   9.031907e-20   1.981995e-09   1.407144e-12   1.000000e+00   445       217       1         0         
  217   8.987211e-20   1.639779e-09   1.551395e-12   1.000000e+00   447       218       1         0         
  218   8.964070e-20   2.002550e-09   1.069263e-12   1.000000e+00   449       219       1         0         
  219   8.934173e-20   1.813061e-09   2.054979e-12   1.000000e+00   451       220       1         0         
  220   8.920276e-20   2.880322e-09   4.307447e-12   1.000000e+00   453       221       1         0         
  221   8.883698e-20   1.392786e-09   1.045739e-12   1.000000e+00   455       222       1         0         
  222   8.865123e-20   1.555403e-09   9.254053e-13   1.000000e+00   457       223       1         0         
  223   8.836667e-20   2.033974e-09   1.853254e-12   1.000000e+00   459       224       1         0         
  224   8.822907e-20   3.891351e-09   4.021321e-12   1.000000e+00   461       225       1         0         
  225   8.761989e-20   2.322701e-09   3.391733e-12   1.000000e+00   463       226       1         0         
  226   8.709690e-20   1.951406e-09   4.001010e-12   1.000000e+00   465       227       1         0         
  227   8.672743e-20   2.852922e-09   4.925484e-12   1.000000e+00   467       228       1         0         
  228   8.651803e-20   3.854236e-09   6.908034e-12   1.000000e+00   469       229       1         0         
  229   8.577616e-20   2.448032e-09   3.149948e-12   1.000000e+00   471       230       1         0         
  230   8.494337e-20   2.416998e-09   6.277798e-12   1.000000e+00   473       231       1         0         
  231   8.447766e-20   3.194587e-09   5.205201e-12   1.000000e+00   475       232       1         0         
  232   8.367310e-20   3.429687e-09   1.189812e-11   1.000000e+00   477       233       1         0         
  233   8.297330e-20   5.218336e-09   1.337408e-11   1.000000e+00   479       234       1         0         
  234   8.162995e-20   3.162927e-09   1.191180e-11   1.000000e+00   481       235       1         0         
  235   8.067458e-20   2.653980e-09   4.763504e-12   1.000000e+00   483       236       1         0         
  236   7.999006e-20   3.186619e-09   3.536076e-12   1.000000e+00   485       237       1         0         
  237   7.920283e-20   2.926745e-09   6.598988e-12   1.000000e+00   487       238       1         0         
  238   7.835611e-20   2.449956e-09   8.199659e-12   1.000000e+00   489       239       1         0         
  239   7.769514e-20   3.940466e-09   1.501227e-11   1.000000e+00   491       240       1         0         
  240   7.688317e-20   3.211543e-09   8.433630e-12   1.000000e+00   493       241       1         0         
  241   7.611670e-20   2.747601e-09   4.112863e-12   1.000000e+00   495       242       1         0         
  242   7.542189e-20   3.980008e-09   1.000007e-11   1.000000e+00   497       243       1         0         
  243   7.483328e-20   4.109148e-09   6.997895e-12   1.000000e+00   499       244       1         0         
  244   7.407080e-20   3.218104e-09   2.981410e-12   1.000000e+00   501       245       1         0         
  245   7.275891e-20   3.349097e-09   1.515587e-11   1.000000e+00   503       246       1         0         
  246   7.220452e-20   4.513508e-09   1.150295e-11   1.000000e+00   505       247       1         0         
  247   7.119482e-20   3.887397e-09   1.163336e-11   1.000000e+00   507       248       1         0         
  248   7.117772e-20   7.768923e-09   3.249383e-11   1.000000e+00   509       249       1         0         
  249   6.890421e-20   3.662375e-09   6.509286e-12   1.000000e+00   511       250       1         0         
  250   6.790556e-20   3.421478e-09   3.097564e-12   1.000000e+00   513       251       1         0         
  251   6.559781e-20   4.687893e-09   1.009212e-11   1.000000e+00   515       252       1         0         
  252   6.455536e-20   5.091758e-09   1.351399e-11   4.154363e-01   518       253       2         0         
  253   6.306562e-20   4.394219e-09   2.387980e-11   1.000000e+00   520       254       1         0         
  254   6.133411e-20   7.095518e-09   4.642346e-11   1.000000e+00   522       255       1         0         
  255   5.908367e-20   5.575487e-09   3.403013e-11   1.000000e+00   524       256       1         0         
  256   5.733316e-20   3.249101e-09   5.923343e-12   1.000000e+00   526       257       1         0         
  257   5.566054e-20   3.049703e-09   4.570848e-12   1.000000e+00   528       258       1         0         
  258   5.443943e-20   4.431560e-09   9.469777e-12   1.000000e+00   530       259       1         0         
  259   5.238115e-20   3.904739e-09   2.202864e-11   1.000000e+00   532       260       1         0         
  260   5.110690e-20   4.842074e-09   2.373792e-11   1.000000e+00   534       261       1         0         
  261   4.966934e-20   2.762672e-09   1.753560e-11   1.000000e+00   536       262       1         0         
  262   4.882886e-20   2.514732e-09   6.684005e-12   1.000000e+00   538       263       1         0         
  263   4.793654e-20   3.375662e-09   6.288192e-12   1.000000e+00   540       264       1         0         
  264   4.707010e-20   3.177507e-09   1.047703e-11   1.000000e+00   542       265       1         0         
  265   4.634135e-20   2.406672e-09   6.639626e-12   1.000000e+00   544       266       1         0         
  266   4.556899e-20   2.378118e-09   1.013921e-11   1.000000e+00   546       267       1         0         
  267   4.498328e-20   3.171962e-09   1.213541e-11   1.000000e+00   548       268       1         0         
  268   4.427318e-20   2.365085e-09   1.353315e-11   1.000000e+00   550       269       1         0         
  269   4.372174e-20   2.124411e-09   9.291741e-12   1.000000e+00   552       270       1         0         
  270   4.321186e-20   2.575731e-09   6.434761e-12   1.000000e+00   554       271       1         0         
  271   4.259674e-20   2.767874e-09   8.411296e-12   1.000000e+00   556       272       1         0         
  272   4.199989e-20   2.453162e-09   5.651396e-12   1.000000e+00   558       273       1         0         
  273   4.147044e-20   2.180194e-09   4.210955e-12   1.000000e+00   560       274       1         0         
  274   4.099312e-20   2.296717e-09   3.952471e-12   1.000000e+00   562       275       1         0         
  275   4.049584e-20   2.801387e-09   7.672260e-12   1.000000e+00   564       276       1         0         
  276   3.995770e-20   2.386687e-09   4.707467e-12   1.000000e+00   566       277       1         0         
  277   3.951570e-20   1.974771e-09   2.758855e-12   1.000000e+00   568       278       1         0         
  278   3.899272e-20   2.548516e-09   5.569259e-12   1.000000e+00   570       279       1         0         
  279   3.858962e-20   2.932483e-09   4.242538e-12   1.000000e+00   572       280       1         0         
  280   3.812702e-20   2.188653e-09   3.267477e-12   1.000000e+00   574       281       1         0         
  281   3.766298e-20   2.245647e-09   6.508144e-12   1.000000e+00   576       282       1         0         
  282   3.737533e-20   2.842095e-09   3.847557e-12   1.000000e+00   578       283       1         0         
  283   3.692743e-20   2.310685e-09   2.323603e-12   1.000000e+00   580       284       1         0         
  284   3.649419e-20   3.230696e-09   6.024681e-12   1.000000e+00   582       285       1         0         
  285   3.603130e-20   2.616978e-09   2.816111e-12   1.000000e+00   584       286       1         0         
  286   3.562944e-20   2.326659e-09   1.901227e-12   1.000000e+00   586       287       1         0         
  287   3.493980e-20   3.378179e-09   1.049235e-11   1.000000e+00   588       288       1         0         
  288   3.451103e-20   2.162078e-09   3.373016e-12   4.619967e-01   591       289       2         0         
  289   3.420834e-20   1.999283e-09   2.174194e-12   1.000000e+00   593       290       1         0         
  290   3.362270e-20   2.172528e-09   6.333259e-12   1.000000e+00   595       291       1         0         
  291   3.342383e-20   2.571614e-09   2.393915e-12   4.301791e-01   598       292       2         0         
  292   3.303483e-20   1.946246e-09   2.625468e-12   1.000000e+00   600       293       1         0         
  293   3.253030e-20   1.526131e-09   4.096115e-12   1.000000e+00   602       294       1         0         
  294   3.241282e-20   2.744615e-09   3.616315e-12   1.000000e+00   604       295       1         0         
  295   3.209781e-20   1.298934e-09   8.843848e-13   1.000000e+00   606       296       1         0         
  296   3.194329e-20   1.053383e-09   9.982756e-13   1.000000e+00   608       297       1         0         
  297   3.179971e-20   1.222369e-09   1.759561e-12   1.000000e+00   610       298       1         0         
  298   3.172312e-20   2.163325e-09   2.905126e-12   1.000000e+00   612       299       1         0         
  299   3.153217e-20   9.155921e-10   1.304915e-12   1.000000e+00   614       300       1         0         
  300   3.146111e-20   7.483831e-10   6.706961e-13   1.000000e+00   616       301       1         0         
  301   3.138510e-20   8.481920e-10   1.015678e-12   1.000000e+00   618       302       1         0         
  302   3.130974e-20   1.243386e-09   1.681760e-12   1.000000e+00   620       303       1         0         
  303   3.120626e-20   8.335085e-10   1.932709e-12   1.000000e+00   622       304       1         0         
  304   3.113782e-20   7.006873e-10   7.776476e-13   1.000000e+00   624       305       1         0         
  305   3.105671e-20   1.028575e-09   1.564565e-12   1.000000e+00   626       306       1         0         
  306   3.098499e-20   1.126838e-09   1.248621e-12   1.000000e+00   628       307       1         0         
  307   3.089371e-20   9.694166e-10   1.429441e-12   1.000000e+00   630       308       1         0         
  308   3.078772e-20   1.358758e-09   3.234722e-12   1.000000e+00   632       309       1         0         
  309   3.068807e-20   1.313955e-09   2.344833e-12   1.000000e+00   634       310       1         0         
  310   3.057327e-20   1.215323e-09   1.830351e-12   1.000000e+00   636       311       1         0         
  311   3.040394e-20   1.735298e-09   5.730772e-12   1.000000e+00   638       312       1         0         
  312   3.030796e-20   1.988673e-09   3.836806e-12   1.000000e+00   640       313       1         0         
  313   3.014525e-20   1.556720e-09   1.296698e-12   1.000000e+00   642       314       1         0         
  314   2.979714e-20   1.580337e-09   7.667457e-12   1.000000e+00   644       315       1         0         
  315   2.970188e-20   2.148881e-09   5.906803e-12   1.000000e+00   646       316       1         0         
  316   2.952064e-20   1.496357e-09   7.074205e-12   1.000000e+00   648       317       1         0         
  317   2.940209e-20   1.724519e-09   6.219720e-12   1.000000e+00   650       318       1         0         
  318   2.925040e-20   1.566126e-09   3.484214e-12   1.000000e+00   652       319       1         0         
  319   2.907041e-20   1.263706e-09   9.029239e-13   1.000000e+00   654       320       1         0         
  320   2.884311e-20   1.390382e-09   2.021461e-12   1.000000e+00   656       321       1         0         
  321   2.874653e-20   1.790812e-09   2.647384e-12   1.000000e+00   658       322       1         0         
  322   2.860935e-20   1.177255e-09   1.310574e-12   1.000000e+00   660       323       1         0         
  323   2.842239e-20   1.051897e-09   4.072079e-12   1.000000e+00   662       324       1         0         
  324   2.828083e-20   1.280620e-09   2.577416e-12   1.000000e+00   664       325       1         0         
  325   2.810048e-20   2.191666e-09   6.710660e-12   1.000000e+00   666       326       1         0         
  326   2.783070e-20   1.254558e-09   1.618476e-12   1.000000e+00   668       327       1         0         
  327   2.767853e-20   1.231618e-09   1.069786e-12   1.000000e+00   670       328       1         0         
  328   2.739624e-20   1.700510e-09   4.387098e-12   1.000000e+00   672       329       1         0         
  329   2.722205e-20   3.435290e-09   1.076508e-11   1.000000e+00   674       330       1         0         
  330   2.673881e-20   1.656415e-09   3.673143e-12   1.000000e+00   676       331       1         0         
  331   2.639590e-20   1.571678e-09   8.203726e-12   1.000000e+00   678       332       1         0         
  332   2.612580e-20   1.816191e-09   7.636529e-12   1.000000e+00   680       333       1         0         
  333   2.549695e-20   2.143240e-09   1.586241e-11   1.000000e+00   682       334       1         0         
  334   2.524859e-20   2.804138e-09   1.123353e-11   3.322197e-01   685       335       2         0         
  335   2.472398e-20   1.579267e-09   1.220818e-11   1.000000e+00   687       336       1         0         
  336   2.438784e-20   1.523935e-09   7.504280e-12   1.000000e+00   689       337       1         0         
  337   2.403746e-20   2.673247e-09   1.410012e-11   1.000000e+00   691       338       1         0         
  338   2.361752e-20   2.010330e-09   9.740315e-12   1.000000e+00   693       339       1         0         
  339   2.323247e-20   1.704237e-09   1.008506e-11   1.000000e+00   695       340       1         0         
  340   2.294800e-20   2.455249e-09   1.638814e-11   1.000000e+00   697       341       1         0         
  341   2.267416e-20   2.465054e-09   1.362057e-11   1.000000e+00   699       342       1         0         
  342   2.233862e-20   2.111763e-09   1.153492e-11   1.000000e+00   701       343       1         0         
  343   2.204971e-20   3.046727e-09   2.030890e-11   1.000000e+00   703       344       1         0         
  344   2.172948e-20   2.701847e-09   1.073321e-11   1.000000e+00   705       345       1         0         
  345   2.135948e-20   2.183980e-09   2.913093e-12   1.000000e+00   707       346       1         0         
  346   2.073397e-20   2.042047e-09   1.347533e-11   1.000000e+00   709       347       1         0         
  347   2.053517e-20   2.192965e-09   7.470703e-12   4.952611e-01   712       348       2         0         
  348   2.022519e-20   2.159119e-09   1.180815e-11   1.000000e+00   714       349       1         0         
  349   1.980203e-20   3.067813e-09   1.888105e-11   1.000000e+00   716       350       1         0         
  350   1.936172e-20   2.679404e-09   9.805439e-12   1.000000e+00   718       351       1         0         
  351   1.894061e-20   1.596814e-09   1.440266e-12   1.000000e+00   720       352       1         0         
  352   1.856668e-20   1.557282e-09   2.788353e-12   1.000000e+00   722       353       1         0         
  353   1.830562e-20   2.235299e-09   7.178739e-12   1.000000e+00   724       354       1         0         
  354   1.791718e-20   1.651521e-09   1.210227e-11   1.000000e+00   726       355       1         0         
  355   1.767619e-20   1.812843e-09   1.152494e-11   1.000000e+00   728       356       1         0         
  356   1.742489e-20   1.525277e-09   1.016459e-11   1.000000e+00   730       357       1         0         
  357   1.718550e-20   1.519240e-09   8.133198e-12   1.000000e+00   732       358       1         0         
  358   1.705294e-20   2.741868e-09   1.986829e-11   1.000000e+00   734       359       1         0         
  359   1.675287e-20   1.558029e-09   8.450825e-12   1.000000e+00   736       360       1         0         
  360   1.661020e-20   1.425170e-09   4.599178e-12   1.000000e+00   738       361       1         0         
  361   1.646056e-20   1.681741e-09   1.463407e-11   1.000000e+00   740       362       1         0         
  362   1.637427e-20   1.606510e-09   9.250557e-12   4.208421e-01   743       363       2         0         
  363   1.632465e-20   1.467389e-09   1.558762e-11   1.000000e+00   745       364       1         0         
  364   1.626952e-20   1.573905e-09   8.806757e-12   4.712896e-01   748       365       2         0         
  365   1.622144e-20   1.459940e-09   2.065087e-11   1.000000e+00   750       366       1         0         
  366   1.610532e-20   2.044580e-09   5.540539e-12   1.000000e+00   752       367       1         0         
  367   1.583407e-20   1.589873e-09   4.701541e-12   1.000000e+00   754       368       1         0         
  368   1.563673e-20   2.497966e-09   2.451295e-12   1.000000e+00   756       369       1         0         
  369   1.534348e-20   1.370357e-09   1.230801e-12   1.000000e+00   758       370       1         0         
  370   1.519979e-20   1.269241e-09   1.938924e-12   1.000000e+00   760       371       1         0         
  371   1.499532e-20   1.680865e-09   6.017846e-12   1.000000e+00   762       372       1         0         
  372   1.487357e-20   1.431773e-09   2.088416e-12   4.228208e-01   765       373       2         0         
  373   1.475477e-20   1.175933e-09   2.124697e-12   1.000000e+00   767       374       1         0         
  374   1.458763e-20   1.577592e-09   3.645999e-12   1.000000e+00   769       375       1         0         
  375   1.456177e-20   2.344003e-09   2.397960e-12   1.000000e+00   771       376       1         0         
  376   1.434615e-20   1.141511e-09   7.120109e-13   1.000000e+00   773       377       1         0         
  377   1.421666e-20   9.412823e-10   1.989052e-12   1.000000e+00   775       378       1         0         
  378   1.413794e-20   1.195669e-09   3.178360e-12   1.000000e+00   777       379       1         0         
  379   1.404101e-20   1.692948e-09   5.714826e-12   1.000000e+00   779       380       1         0         
  380   1.393842e-20   1.196813e-09   3.464052e-12   4.855681e-01   782       381       2         0         
  381   1.383215e-20   8.963531e-10   3.159312e-12   1.000000e+00   784       382       1         0         
  382   1.372671e-20   1.511613e-09   2.948889e-12   1.000000e+00   786       383       1         0         
  383   1.358801e-20   1.427944e-09   2.385559e-12   1.000000e+00   788       384       1         0         
  384   1.342967e-20   1.057960e-09   7.242468e-13   1.000000e+00   790       385       1         0         
  385   1.324976e-20   1.509236e-09   2.026223e-12   1.000000e+00   792       386       1         0         
  386   1.314447e-20   1.530837e-09   1.738019e-12   1.000000e+00   794       387       1         0         
  387   1.304420e-20   1.141580e-09   1.675911e-12   1.000000e+00   796       388       1         0         
  388   1.284858e-20   1.134641e-09   6.700210e-12   1.000000e+00   798       389       1         0         
  389   1.278108e-20   1.699461e-09   1.827358e-12   1.000000e+00   800       390       1         0         
  390   1.265518e-20   1.403885e-09   9.961551e-13   1.000000e+00   802       391       1         0         
  391   1.246731e-20   1.924058e-09   3.924506e-12   1.000000e+00   804       392       1         0         
  392   1.231603e-20   1.739560e-09   1.734046e-12   1.000000e+00   806       393       1         0         
  393   1.216441e-20   1.394809e-09   8.432944e-13   1.000000e+00   808       394       1         0         
  394   1.176559e-20   1.432753e-09   6.370113e-12   1.000000e+00   810       395       1         0         
  395   1.164993e-20   1.463394e-09   2.358149e-12   4.830616e-01   813       396       2         0         
  396   1.152252e-20   1.596381e-09   3.374832e-12   1.000000e+00   815       397       1         0         
  397   1.137242e-20   2.162713e-09   4.662285e-12   4.703838e-01   818       398       2         0         
  398   1.113382e-20   1.317280e-09   7.356653e-12   1.000000e+00   820       399       1         0         
  399   1.098192e-20   1.566095e-09   2.223906e-12   1.000000e+00   822       400       1         0         
  400   1.071821e-20   1.405694e-09   2.488572e-12   1.000000e+00   824       401       1         0         
  401   1.065968e-20   2.819217e-09   3.813123e-12   1.000000e+00   826       402       1         0         
  402   1.033388e-20   1.153262e-09   1.832815e-12   1.000000e+00   828       403       1         0         
  403   1.020960e-20   9.972347e-10   2.105614e-12   1.000000e+00   830       404       1         0         
  404   1.010165e-20   1.248860e-09   3.608505e-12   1.000000e+00   832       405       1         0         
  405   1.003849e-20   1.394655e-09   2.030308e-12   4.192141e-01   835       406       2         0         
  406   9.923600e-21   1.015606e-09   2.036712e-12   1.000000e+00   837       407       1         0         
  407   9.777113e-21   9.026579e-10   2.077087e-12   1.000000e+00   839       408       1         0         
  408   9.709224e-21   1.015430e-09   1.052508e-12   4.628011e-01   842       409       2         0         
  409   9.622974e-21   7.419375e-10   8.712316e-13   1.000000e+00   844       410       1         0         
  410   9.552828e-21   8.367174e-10   1.060544e-12   1.000000e+00   846       411       1         0         
  411   9.490644e-21   8.465177e-10   1.629870e-12   1.000000e+00   848       412       1         0         
  412   9.443305e-21   6.025698e-10   8.738334e-13   1.000000e+00   850       413       1         0         
  413   9.403030e-21   5.801079e-10   1.571222e-12   1.000000e+00   852       414       1         0         
  414   9.375059e-21   7.511109e-10   1.089026e-12   1.000000e+00   854       415       1         0         
  415   9.333720e-21   5.371121e-10   7.838827e-13   1.000000e+00   856       416       1         0         
  416   9.308906e-21   7.269140e-10   7.805183e-13   1.000000e+00   858       417       1         0         
  417   9.280134e-21   5.144607e-10   5.471232e-13   1.000000e+00   860       418       1         0         
  418   9.255407e-21   4.553339e-10   2.670567e-13   1.000000e+00   862       419       1         0         
  419   9.227043e-21   6.670139e-10   7.089761e-13   1.000000e+00   864       420       1         0         
  420   9.221184e-21   8.083723e-10   9.682548e-13   1.000000e+00   866       421       1         0         
  421   9.196017e-21   4.230245e-10   2.280707e-13   1.000000e+00   868       422       1         0         
  422   9.176324e-21   3.591842e-10   5.375728e-13   1.000000e+00   870       423       1         0         
  423   9.161079e-21   4.348420e-10   4.947609e-13   1.000000e+00   872       424       1         0         
  424   9.139995e-21   6.892304e-10   8.607376e-13   1.000000e+00   874       425       1         0         
  425   9.139841e-21   8.120923e-10   1.291849e-12   1.000000e+00   876       426       1         0         
  426   9.105730e-21   3.279840e-10   4.521012e-13   1.000000e+00   878       427       1         0         
  427   9.092032e-21   3.344464e-10   2.740827e-13   1.000000e+00   880       428       1         0         
  428   9.075543e-21   4.664557e-10   4.481065e-13   1.000000e+00   882       429       1         0         
  429   9.073223e-21   9.794014e-10   1.161138e-12   1.000000e+00   884       430       1         0         
  430   9.039287e-21   4.960627e-10   7.476240e-13   1.000000e+00   886       431       1         0         
  431   9.019490e-21   4.246684e-10   7.597197e-13   1.000000e+00   888       432       1         0         
  432   8.998526e-21   5.321747e-10   1.120804e-12   1.000000e+00   890       433       1         0         
  433   8.974976e-21   7.596511e-10   1.630277e-12   1.000000e+00   892       434       1         0         
  434   8.963218e-21   8.525757e-10   2.404029e-12   1.000000e+00   894       435       1         0         
  435   8.921578e-21   4.623567e-10   3.250234e-13   1.000000e+00   896       436       1         0         
  436   8.892158e-21   5.761033e-10   5.760697e-13   1.000000e+00   898       437       1         0         
  437   8.870057e-21   6.812744e-10   8.167484e-13   1.000000e+00   900       438       1         0         
  438   8.844185e-21   7.916946e-10   1.429092e-12   4.850703e-01   903       439       2         0         
  439   8.809173e-21   5.515069e-10   2.835775e-12   1.000000e+00   905       440       1         0         
  440   8.783992e-21   7.026919e-10   2.228968e-12   1.000000e+00   907       441       1         0         
  441   8.742690e-21   7.636190e-10   3.515318e-12   1.000000e+00   909       442       1         0         
  442   8.694902e-21   8.480440e-10   2.390089e-12   1.000000e+00   911       443       1         0         
  443   8.685899e-21   1.319559e-09   4.517454e-12   1.000000e+00   913       444       1         0         
  444   8.596077e-21   7.710462e-10   1.103705e-12   1.000000e+00   915       445       1         0         
  445   8.537761e-21   8.626686e-10   9.913921e-13   1.000000e+00   917       446       1         0         
  446   8.476713e-21   1.122811e-09   3.515261e-12   1.000000e+00   919       447       1         0         
  447   8.433287e-21   1.200867e-09   3.841178e-12   4.509181e-01   922       448       2         0         
  448   8.374438e-21   1.038689e-09   7.485100e-12   1.000000e+00   924       449       1         0         
  449   8.343876e-21   1.670721e-09   1.035265e-11   1.000000e+00   926       450       1         0         
  450   8.247537e-21   1.227953e-09   1.107118e-11   1.000000e+00   928       451       1         0         
  451   8.109042e-21   1.139868e-09   3.356912e-12   1.000000e+00   930       452       1         0         
  452   8.028326e-21   1.961292e-09   7.452987e-12   1.000000e+00   932       453       1         0         
  453   7.839853e-21   1.411794e-09   4.125759e-12   1.000000e+00   934       454       1         0         
  454   7.715358e-21   1.373469e-09   4.829778e-12   1.000000e+00   936       455       1         0         
  455   7.610044e-21   1.703369e-09   1.448977e-11   1.000000e+00   938       456       1         0         
  456   7.527441e-21   1.484868e-09   7.495317e-12   4.153855e-01   941       457       2         0         
  457   7.423182e-21   1.338385e-09   8.518566e-12   1.000000e+00   943       458       1         0         
  458   7.302438e-21   1.597194e-09   1.395344e-11   1.000000e+00   945       459       1         0         
  459   7.200167e-21   1.510153e-09   4.697157e-12   4.449538e-01   948       460       2         0         
  460   7.052331e-21   1.272850e-09   3.262641e-12   1.000000e+00   950       461       1         0         
  461   6.899202e-21   1.721914e-09   7.925869e-12   1.000000e+00   952       462       1         0         
  462   6.816420e-21   1.808693e-09   6.970856e-12   1.000000e+00   954       463       1         0         
  463   6.677765e-21   1.114592e-09   2.360950e-12   1.000000e+00   956       464       1         0         
  464   6.563825e-21   9.763522e-10   6.973315e-12   1.000000e+00   958       465       1         0         
  465   6.485940e-21   1.195511e-09   5.410270e-12   1.000000e+00   960       466       1         0         
  466   6.387558e-21   1.705954e-09   1.225115e-11   1.000000e+00   962       467       1         0         
  467   6.228153e-21   1.309278e-09   4.460072e-12   1.000000e+00   964       468       1         0         
  468   6.086692e-21   1.092768e-09   8.569537e-13   1.000000e+00   966       469       1         0         
  469   5.922586e-21   1.263906e-09   2.150027e-12   1.000000e+00   968       470       1         0         
  470   5.858908e-21   1.852447e-09   6.406144e-12   1.000000e+00   970       471       1         0         
  471   5.721560e-21   1.042518e-09   3.613301e-12   1.000000e+00   972       472       1         0         
  472   5.621234e-21   9.089210e-10   7.580806e-12   1.000000e+00   974       473       1         0         
  473   5.546980e-21   1.069880e-09   5.279358e-12   1.000000e+00   976       474       1         0         
  474   5.520892e-21   2.370413e-09   1.386146e-11   1.000000e+00   978       475       1         0         
  475   5.285173e-21   9.412816e-10   2.778291e-12   1.000000e+00   980       476       1         0         
  476   5.191888e-21   8.167474e-10   1.352359e-12   1.000000e+00   982       477       1         0         
  477   5.069884e-21   9.892607e-10   1.239730e-12   1.000000e+00   984       478       1         0         
  478   5.049255e-21   2.168372e-09   5.625719e-12   1.000000e+00   986       479       1         0         
  479   4.884308e-21   1.012277e-09   2.694669e-12   1.000000e+00   988       480       1         0         
  480   4.804334e-21   6.881722e-10   4.701360e-12   1.000000e+00   990       481       1         0         
  481   4.753083e-21   8.100597e-10   4.064151e-12   1.000000e+00   992       482       1         0         
  482   4.657794e-21   1.081703e-09   4.552748e-12   1.000000e+00   994       483       1         0         
  483   4.629650e-21   1.618254e-09   7.385409e-12   1.000000e+00   996       484       1         0         
  484   4.497600e-21   6.239094e-10   2.405419e-12   1.000000e+00   998       485       1         0         
  485   4.444864e-21   6.535591e-10   1.857348e-12   1.000000e+00   1000      486       1         0         
  486   4.383342e-21   7.929871e-10   6.797230e-13   1.000000e+00   1002      487       1         0         
  487   4.332894e-21   1.135059e-09   2.092625e-12   4.889947e-01   1005      488       2         0         
  488   4.243742e-21   7.451841e-10   5.728500e-12   1.000000e+00   1007      489       1         0         
  489   4.184425e-21   7.729208e-10   5.078288e-12   1.000000e+00   1009      490       1         0         
  490   4.159564e-21   1.215363e-09   8.687694e-12   1.000000e+00   1011      491       1         0         
  491   4.083206e-21   5.950901e-10   5.178226e-13   1.000000e+00   1013      492       1         0         
  492   4.046033e-21   5.632487e-10   9.197396e-13   1.000000e+00   1015      493       1         0         
  493   4.003977e-21   7.212914e-10   6.944154e-13   1.000000e+00   1017      494       1         0         
  494   3.978047e-21   8.308473e-10   1.651175e-12   4.900462e-01   1020      495       2         0         
  495   3.943273e-21   6.822119e-10   4.037481e-12   1.000000e+00   1022      496       1         0         
  496   3.926031e-21   1.064255e-09   4.549515e-12   1.000000e+00   1024      497       1         0         
  497   3.879518e-21   5.491558e-10   4.807286e-12   1.000000e+00   1026      498       1         0         
  498   3.840874e-21   5.200237e-10   7.329793e-13   1.000000e+00   1028      499       1         0         
  499   3.817784e-21   1.046514e-09   7.313125e-13   1.000000e+00   1030      500       1         0         
  500   3.765356e-21   5.411775e-10   4.472627e-13   1.000000e+00   1032      501       1         0         
Optimization Terminated with Status: Iteration Limit Exceeded
