[MetricOpStats] ParamMass_M  (rows=14264)
  row_sum       min=1.3468e-07  max=0.00594  mean=0.00197907  max/|min|=44104.5
  |row_sum|     min=1.3468e-07  max=0.00594  mean=0.00197907  max/min=44104.5
  diag          min=5.98578e-08  max=0.00264  mean=0.000879586  nonpos=0
  max_abs_entry=0.00264
[MetricOpStats] ParamStiffness_K  (rows=14264)
  row_sum       min=-8.9407e-08  max=8.9407e-08  mean=1.38068e-08  max/|min|=1
  |row_sum|     min=2.37605e+08  max=7.92e+08  mean=5.80481e+08  max/min=3.33326
  diag          min=3.96018e+07  max=1.584e+08  mean=1.05543e+08  nonpos=0
  max_abs_entry=1.584e+08
[MetricOpStats] ParamMass_M_reprint  (rows=14264)
  row_sum       min=1.3468e-07  max=0.00594  mean=0.00197907  max/|min|=44104.5
  |row_sum|     min=1.3468e-07  max=0.00594  mean=0.00197907  max/min=44104.5
  diag          min=5.98578e-08  max=0.00264  mean=0.000879586  nonpos=0
  max_abs_entry=0.00264
[MetricOpStats] K_over_M
  |row_sum| ratio  max=1.33333e+11  mean=2.9331e+11
[RieszAutoScale] mean(diag(K))/mean(diag(M)) = 1.19992e+11
[RieszMap] alpha1=1.19992e+12  alpha2=1  mode=auto_balanced  auto_amplify=10
[MetricOpStats] Hcurl_H  (rows=14264  alpha1=1.19992e+12  alpha2=1  solver=sparse_direct)
  row_sum       min=161605  max=7.12752e+09  mean=2.37472e+09  max/|min|=44104.5
  |row_sum|     min=2.37659e+08  max=7.60272e+09  mean=2.84952e+09  max/min=31.99
  diag          min=3.96736e+07  max=3.32618e+09  mean=1.16097e+09  nonpos=0
  max_abs_entry=3.32618e+09
MrHyDE vector contract check (primal) errors: e[0]=0 e[1]=0 e[2]=0 e[3]=0 e[4]=0 e[5]=0 e[6]=0 e[7]=0 e[8]=0 e[9]=0 e[10]=0 e[11]=0 e[12]=0
MrHyDE vector contract check (dual) errors: e[0]=0 e[1]=1.25181e-19 e[2]=0 e[3]=0 e[4]=0 e[5]=2.2934e-20 e[6]=4.56259e-20 e[7]=0 e[8]=0 e[9]=1.05879e-22 e[10]=4.44089e-16 e[11]=8.53572e-18 e[12]=3.05986e-15
MrHyDE vector contract check: max_primal_err=0 max_dual_err=3.05986e-15 tol=1e-08

Quasi-Newton Method with Limited-Memory BFGS
Line Search: Cubic Interpolation satisfying Wolfe Conditions
-------------------------------------------------------------------------------------------------------------
Quasi-Newton status output definitions

  iter     - Number of iterates (steps taken)
  value    - Objective function value
  gnorm    - Norm of the gradient
  snorm    - Norm of the step (update to optimization vector)
  alpha    - Line search step length
  #fval    - Cumulative number of times the objective function was evaluated
  #grad    - Cumulative number of times the gradient was computed
  ls_#fval - Number of the times the objective function was evaluated during the line search
  ls_#grad - Number of the times the gradient was evaluated during the line search
-------------------------------------------------------------------------------------------------------------
  iter  value          gnorm          snorm          alpha          #fval     #grad     ls_#fval  ls_#grad  
  0     1.241567e-11   5.094305e-04   ---            ---            1         1         ---       ---       
  1     1.528582e-12   1.674484e-04   6.841087e-08   1.342889e-04   7         2         5         0         
  2     3.827912e-13   5.226473e-05   1.476555e-08   1.000000e+00   9         3         1         0         
  3     1.645327e-13   2.896344e-05   8.065138e-09   1.000000e+00   11        4         1         0         
  4     5.905599e-14   1.697573e-05   8.158978e-09   1.000000e+00   13        5         1         0         
  5     4.371391e-14   2.840129e-05   6.979442e-09   1.000000e+00   15        6         1         0         
  6     1.839363e-14   7.933792e-06   2.083833e-09   1.000000e+00   17        7         1         0         
  7     1.388020e-14   5.640553e-06   1.075309e-09   1.000000e+00   19        8         1         0         
  8     8.378180e-15   5.499879e-06   2.472140e-09   1.000000e+00   21        9         1         0         
  9     7.945011e-15   1.266477e-05   3.192451e-09   1.000000e+00   23        10        1         0         
  10    3.899770e-15   3.574916e-06   6.862411e-10   1.000000e+00   25        11        1         0         
  11    3.089353e-15   2.340772e-06   4.922637e-10   1.000000e+00   27        12        1         0         
  12    2.216675e-15   2.598821e-06   1.035146e-09   1.000000e+00   29        13        1         0         
  13    1.312428e-15   2.321157e-06   1.307120e-09   1.000000e+00   31        14        1         0         
  14    1.029367e-15   2.952322e-06   8.106364e-10   3.750740e-01   34        15        2         0         
  15    5.976352e-16   1.249969e-06   8.998876e-10   1.000000e+00   36        16        1         0         
  16    4.282466e-16   9.604287e-07   3.784510e-10   1.000000e+00   38        17        1         0         
  17    2.728388e-16   1.210635e-06   6.279010e-10   1.000000e+00   40        18        1         0         
  18    2.544281e-16   1.630947e-06   5.470645e-10   1.000000e+00   42        19        1         0         
  19    1.703254e-16   5.153230e-07   1.769213e-10   1.000000e+00   44        20        1         0         
  20    1.475160e-16   3.790595e-07   9.455940e-11   1.000000e+00   46        21        1         0         
  21    1.203053e-16   4.176155e-07   2.139466e-10   1.000000e+00   48        22        1         0         
  22    9.744089e-17   5.283101e-07   2.665117e-10   1.000000e+00   50        23        1         0         
  23    8.650610e-17   5.115405e-07   3.332264e-10   1.000000e+00   52        24        1         0         
  24    7.471634e-17   2.351085e-07   7.048504e-11   1.000000e+00   54        25        1         0         
  25    6.871423e-17   2.434633e-07   7.495856e-11   1.000000e+00   56        26        1         0         
  26    6.146295e-17   3.065621e-07   1.456288e-10   1.000000e+00   58        27        1         0         
  27    5.638487e-17   3.466764e-07   1.567868e-10   4.729919e-01   61        28        2         0         
  28    4.997045e-17   2.188042e-07   2.116010e-10   1.000000e+00   63        29        1         0         
  29    4.500722e-17   2.116491e-07   1.883054e-10   1.000000e+00   65        30        1         0         
  30    4.356894e-17   4.166639e-07   2.688097e-10   1.000000e+00   67        31        1         0         
  31    3.731566e-17   2.076385e-07   6.401438e-11   1.000000e+00   69        32        1         0         
  32    3.371516e-17   1.773965e-07   6.825391e-11   1.000000e+00   71        33        1         0         
  33    3.036580e-17   1.939693e-07   1.057649e-10   1.000000e+00   73        34        1         0         
  34    2.705181e-17   2.940420e-07   2.095482e-10   1.000000e+00   75        35        1         0         
  35    2.375852e-17   2.219286e-07   2.575530e-10   1.000000e+00   77        36        1         0         
  36    2.049744e-17   1.418495e-07   6.409372e-11   1.000000e+00   79        37        1         0         
  37    1.757877e-17   1.699058e-07   1.322474e-10   1.000000e+00   81        38        1         0         
  38    1.656482e-17   2.244002e-07   1.116332e-10   1.000000e+00   83        39        1         0         
  39    1.476499e-17   1.449415e-07   6.429743e-11   1.000000e+00   85        40        1         0         
  40    1.334176e-17   1.258530e-07   1.213024e-10   1.000000e+00   87        41        1         0         
  41    1.271670e-17   1.460430e-07   6.127751e-11   1.000000e+00   89        42        1         0         
  42    1.178221e-17   1.261595e-07   5.772713e-11   1.000000e+00   91        43        1         0         
  43    1.154095e-17   2.513315e-07   1.811097e-10   1.000000e+00   93        44        1         0         
  44    1.009841e-17   1.145609e-07   7.657209e-11   1.000000e+00   95        45        1         0         
  45    9.365131e-18   7.661221e-08   2.457768e-11   1.000000e+00   97        46        1         0         
  46    8.554207e-18   6.529858e-08   4.452468e-11   1.000000e+00   99        47        1         0         
  47    8.272797e-18   8.940826e-08   5.911139e-11   4.850809e-01   102       48        2         0         
  48    7.985680e-18   9.172918e-08   1.337019e-10   1.000000e+00   104       49        1         0         
  49    7.762447e-18   1.222899e-07   6.890126e-11   3.985408e-01   107       50        2         0         
  50    7.151149e-18   9.228307e-08   1.527128e-10   1.000000e+00   109       51        1         0         
  51    6.891323e-18   1.071771e-07   8.705438e-11   4.440444e-01   112       52        2         0         
  52    6.605047e-18   7.853654e-08   1.481850e-10   1.000000e+00   114       53        1         0         
  53    6.345679e-18   9.441223e-08   6.589664e-11   1.000000e+00   116       54        1         0         
  54    5.731583e-18   7.837758e-08   1.001650e-10   1.000000e+00   118       55        1         0         
  55    5.643732e-18   1.613635e-07   1.061286e-10   1.000000e+00   120       56        1         0         
  56    4.861199e-18   8.043854e-08   6.791094e-11   1.000000e+00   122       57        1         0         
  57    4.456799e-18   6.069495e-08   4.571020e-11   1.000000e+00   124       58        1         0         
  58    4.245913e-18   7.546396e-08   4.333204e-11   1.000000e+00   126       59        1         0         
  59    4.155170e-18   7.370319e-08   6.514523e-11   1.000000e+00   128       60        1         0         
  60    3.926459e-18   4.902440e-08   2.535607e-11   1.000000e+00   130       61        1         0         
  61    3.795043e-18   4.671560e-08   4.432493e-11   1.000000e+00   132       62        1         0         
  62    3.761846e-18   5.881226e-08   3.130890e-11   1.000000e+00   134       63        1         0         
  63    3.601664e-18   3.802021e-08   1.706794e-11   1.000000e+00   136       64        1         0         
  64    3.443538e-18   3.689419e-08   3.220263e-11   1.000000e+00   138       65        1         0         
  65    3.373587e-18   4.846418e-08   3.322786e-11   1.000000e+00   140       66        1         0         
  66    3.267834e-18   3.925377e-08   3.347763e-11   1.000000e+00   142       67        1         0         
  67    3.124064e-18   4.786040e-08   8.047497e-11   1.000000e+00   144       68        1         0         
  68    3.028388e-18   6.177476e-08   6.167647e-11   1.000000e+00   146       69        1         0         
  69    2.876818e-18   4.479684e-08   1.997911e-11   1.000000e+00   148       70        1         0         
  70    2.644989e-18   4.094077e-08   7.817540e-11   1.000000e+00   150       71        1         0         
  71    2.558646e-18   6.243960e-08   7.639316e-11   1.000000e+00   152       72        1         0         
  72    2.391977e-18   4.977625e-08   8.558342e-11   1.000000e+00   154       73        1         0         
  73    2.331966e-18   8.251082e-08   1.381849e-10   1.000000e+00   156       74        1         0         
  74    2.107220e-18   3.689576e-08   1.971788e-11   1.000000e+00   158       75        1         0         
  75    2.035515e-18   2.566016e-08   2.577110e-11   1.000000e+00   160       76        1         0         
  76    1.955755e-18   2.842916e-08   1.594621e-11   1.000000e+00   162       77        1         0         
  77    1.949130e-18   4.906465e-08   6.233507e-11   1.000000e+00   164       78        1         0         
  78    1.878778e-18   2.610734e-08   3.103673e-11   1.000000e+00   166       79        1         0         
  79    1.839629e-18   2.195745e-08   5.511792e-11   1.000000e+00   168       80        1         0         
  80    1.811910e-18   2.535806e-08   3.559324e-11   1.000000e+00   170       81        1         0         
  81    1.786602e-18   3.448414e-08   3.964982e-11   4.575860e-01   173       82        2         0         
  82    1.764683e-18   3.118212e-08   7.679753e-11   1.000000e+00   175       83        1         0         
  83    1.732070e-18   3.904342e-08   3.785743e-11   1.000000e+00   177       84        1         0         
  84    1.653515e-18   3.758860e-08   6.201994e-11   1.000000e+00   179       85        1         0         
  85    1.605931e-18   4.141349e-08   3.198700e-11   4.946950e-01   182       86        2         0         
  86    1.573424e-18   4.293504e-08   6.614811e-11   1.000000e+00   184       87        1         0         
  87    1.528994e-18   3.801040e-08   2.365287e-11   4.884443e-01   187       88        2         0         
  88    1.454261e-18   4.068490e-08   4.121037e-11   1.000000e+00   189       89        1         0         
  89    1.413984e-18   5.077526e-08   6.238457e-11   1.000000e+00   191       90        1         0         
  90    1.356696e-18   3.079911e-08   3.307284e-11   4.873594e-01   194       91        2         0         
  91    1.318497e-18   2.645292e-08   2.975834e-11   1.000000e+00   196       92        1         0         
  92    1.297029e-18   3.688699e-08   3.257769e-11   1.000000e+00   198       93        1         0         
  93    1.294218e-18   4.314579e-08   3.637863e-11   1.000000e+00   200       94        1         0         
  94    1.223798e-18   2.319009e-08   1.470072e-11   1.000000e+00   202       95        1         0         
  95    1.181180e-18   2.140063e-08   1.817972e-11   1.000000e+00   204       96        1         0         
  96    1.156675e-18   2.347961e-08   1.076602e-11   1.000000e+00   206       97        1         0         
  97    1.135038e-18   2.821897e-08   1.795950e-11   4.473975e-01   209       98        2         0         
  98    1.101420e-18   2.039729e-08   3.844593e-11   1.000000e+00   211       99        1         0         
  99    1.082337e-18   2.541611e-08   3.204136e-11   1.000000e+00   213       100       1         0         
  100   1.049548e-18   2.678005e-08   6.154167e-11   1.000000e+00   215       101       1         0         
  101   1.034047e-18   3.164549e-08   3.311168e-11   4.587652e-01   218       102       2         0         
  102   1.018614e-18   3.204259e-08   8.208956e-11   1.000000e+00   220       103       1         0         
  103   1.008379e-18   3.171619e-08   1.756614e-11   1.450466e-01   224       104       3         0         
  104   9.923820e-19   3.755538e-08   1.221298e-10   1.000000e+00   226       105       1         0         
  105   9.722067e-19   3.864865e-08   5.191872e-11   4.502428e-01   229       106       2         0         
  106   9.231365e-19   2.452167e-08   1.051915e-10   1.000000e+00   231       107       1         0         
  107   8.965092e-19   4.434069e-08   1.664129e-11   1.000000e+00   233       108       1         0         
  108   8.087309e-19   2.204710e-08   3.460944e-11   1.000000e+00   235       109       1         0         
  109   7.669744e-19   1.723714e-08   3.648241e-11   1.000000e+00   237       110       1         0         
  110   7.543576e-19   1.961054e-08   7.848507e-12   1.000000e+00   239       111       1         0         
  111   7.396944e-19   1.655355e-08   2.389604e-11   1.000000e+00   241       112       1         0         
  112   7.366281e-19   2.951152e-08   4.409521e-11   1.000000e+00   243       113       1         0         
  113   7.168365e-19   1.698784e-08   1.572927e-11   4.990219e-01   246       114       2         0         
  114   7.113010e-19   1.785203e-08   2.622800e-11   1.000000e+00   248       115       1         0         
  115   7.105080e-19   2.140879e-08   2.628041e-11   4.504016e-01   251       116       2         0         
  116   7.089534e-19   2.239008e-08   3.240469e-11   4.177965e-01   254       117       2         0         
  117   7.025239e-19   1.880743e-08   2.452084e-11   4.912711e-01   257       118       2         0         
  118   6.986169e-19   2.121204e-08   2.205801e-11   4.316070e-01   260       119       2         0         
  119   6.962176e-19   1.909946e-08   4.816511e-11   1.000000e+00   262       120       1         0         
  120   6.846491e-19   2.343125e-08   2.551322e-11   1.000000e+00   264       121       1         0         
  121   6.576758e-19   1.813764e-08   3.527417e-11   1.000000e+00   266       122       1         0         
  122   6.546577e-19   2.986267e-08   3.421151e-11   1.000000e+00   268       123       1         0         
  123   6.279076e-19   1.464783e-08   1.486512e-11   1.000000e+00   270       124       1         0         
  124   6.186198e-19   1.467978e-08   1.605054e-11   1.000000e+00   272       125       1         0         
  125   6.107316e-19   2.035116e-08   2.225113e-11   1.000000e+00   274       126       1         0         
  126   5.982772e-19   1.217825e-08   1.316473e-11   4.902126e-01   277       127       2         0         
  127   5.893195e-19   1.137761e-08   1.896772e-11   1.000000e+00   279       128       1         0         
  128   5.811371e-19   1.746349e-08   4.191656e-11   1.000000e+00   281       129       1         0         
  129   5.736924e-19   1.427278e-08   1.830140e-11   4.716569e-01   284       130       2         0         
  130   5.654061e-19   1.200840e-08   1.697958e-11   1.000000e+00   286       131       1         0         
  131   5.535156e-19   1.566775e-08   3.374515e-11   1.000000e+00   288       132       1         0         
  132   5.528351e-19   2.451743e-08   2.486362e-11   1.000000e+00   290       133       1         0         
  133   5.379219e-19   1.403874e-08   5.828782e-12   1.000000e+00   292       134       1         0         
  134   5.273537e-19   1.328412e-08   2.260680e-11   1.000000e+00   294       135       1         0         
  135   5.228024e-19   1.826429e-08   3.191149e-11   1.000000e+00   296       136       1         0         
  136   5.143460e-19   2.292186e-08   7.940668e-11   1.000000e+00   298       137       1         0         
  137   5.104154e-19   2.264845e-08   1.650641e-11   1.242758e-01   302       138       3         0         
  138   4.963292e-19   2.003784e-08   1.083964e-10   1.000000e+00   304       139       1         0         
  139   4.750160e-19   1.883601e-08   7.807343e-11   1.000000e+00   306       140       1         0         
  140   4.544451e-19   1.692612e-08   4.684481e-11   4.544719e-01   309       141       2         0         
  141   4.364488e-19   1.666738e-08   1.755408e-11   1.000000e+00   311       142       1         0         
  142   4.306934e-19   2.234732e-08   1.872219e-11   1.000000e+00   313       143       1         0         
  143   4.132318e-19   1.419907e-08   1.823654e-11   1.000000e+00   315       144       1         0         
  144   4.040956e-19   1.484059e-08   3.358259e-11   1.000000e+00   317       145       1         0         
  145   4.013442e-19   1.399301e-08   2.799788e-11   4.368489e-01   320       146       2         0         
  146   4.001846e-19   1.405664e-08   3.460030e-11   4.872499e-01   323       147       2         0         
  147   3.979497e-19   1.470279e-08   1.432346e-11   1.409192e-01   327       148       3         0         
  148   3.911683e-19   1.155787e-08   5.795908e-11   4.947063e-01   330       149       2         0         
  149   3.889654e-19   1.202896e-08   1.179956e-11   1.337507e-01   334       150       3         0         
  150   3.870687e-19   1.361662e-08   8.220511e-11   1.000000e+00   336       151       1         0         
  151   3.849417e-19   1.628387e-08   2.756776e-11   3.461145e-01   339       152       2         0         
  152   3.705102e-19   1.433672e-08   2.568233e-11   1.000000e+00   341       153       1         0         
  153   3.669694e-19   2.199340e-08   2.389995e-11   3.459772e-01   344       154       2         0         
  154   3.524738e-19   1.165369e-08   3.247971e-11   1.000000e+00   346       155       1         0         
  155   3.478692e-19   1.227618e-08   1.319204e-11   1.000000e+00   348       156       1         0         
  156   3.401300e-19   1.285224e-08   3.090539e-11   1.000000e+00   350       157       1         0         
  157   3.359634e-19   1.528108e-08   1.848167e-11   4.623545e-01   353       158       2         0         
  158   3.286734e-19   1.437105e-08   5.482272e-11   1.000000e+00   355       159       1         0         
  159   3.265217e-19   1.809701e-08   2.544879e-11   4.009363e-01   358       160       2         0         
  160   3.199198e-19   1.621135e-08   5.746576e-11   1.000000e+00   360       161       1         0         
  161   3.160705e-19   1.900093e-08   1.847248e-11   3.995524e-01   363       162       2         0         
  162   3.010376e-19   1.128770e-08   2.023165e-11   1.000000e+00   365       163       1         0         
  163   2.886246e-19   1.516042e-08   3.046724e-11   1.000000e+00   367       164       1         0         
  164   2.726563e-19   8.700541e-09   3.459391e-11   1.000000e+00   369       165       1         0         
  165   2.656324e-19   7.790404e-09   2.886433e-11   1.000000e+00   371       166       1         0         
  166   2.652045e-19   1.404354e-08   3.240931e-11   1.000000e+00   373       167       1         0         
  167   2.608419e-19   7.239087e-09   1.823238e-11   1.000000e+00   375       168       1         0         
  168   2.591779e-19   5.291811e-09   9.095183e-12   1.000000e+00   377       169       1         0         
  169   2.566233e-19   6.482568e-09   7.085105e-12   1.000000e+00   379       170       1         0         
  170   2.521531e-19   6.425892e-09   1.802501e-11   1.000000e+00   381       171       1         0         
  171   2.481538e-19   5.396220e-09   1.840971e-11   1.000000e+00   383       172       1         0         
  172   2.448997e-19   4.700268e-09   1.633432e-11   1.000000e+00   385       173       1         0         
  173   2.439691e-19   5.284345e-09   6.561348e-12   1.000000e+00   387       174       1         0         
  174   2.435054e-19   4.920705e-09   9.171305e-12   1.000000e+00   389       175       1         0         
  175   2.431588e-19   8.698331e-09   8.172483e-12   1.000000e+00   391       176       1         0         
  176   2.396481e-19   5.511462e-09   9.863277e-12   1.000000e+00   393       177       1         0         
  177   2.361875e-19   6.558892e-09   2.976102e-11   1.000000e+00   395       178       1         0         
  178   2.347432e-19   9.476879e-09   3.384436e-11   1.000000e+00   397       179       1         0         
  179   2.321156e-19   6.794745e-09   3.369027e-11   1.000000e+00   399       180       1         0         
  180   2.291609e-19   6.757821e-09   6.794125e-12   1.000000e+00   401       181       1         0         
  181   2.269662e-19   9.011056e-09   1.426516e-11   1.000000e+00   403       182       1         0         
  182   2.258319e-19   8.368212e-09   6.044653e-12   4.688043e-01   406       183       2         0         
  183   2.247658e-19   7.194831e-09   1.441061e-11   1.000000e+00   408       184       1         0         
  184   2.240456e-19   7.248404e-09   1.025656e-11   4.735466e-01   411       185       2         0         
  185   2.231584e-19   6.995210e-09   1.497344e-11   4.749920e-01   414       186       2         0         
  186   2.225540e-19   7.933004e-09   1.471653e-11   4.650071e-01   417       187       2         0         
  187   2.221978e-19   8.989478e-09   1.720283e-11   4.368376e-01   420       188       2         0         
  188   2.213754e-19   8.340522e-09   1.515415e-11   4.658118e-01   423       189       2         0         
  189   2.206477e-19   7.942346e-09   1.838398e-11   4.553002e-01   426       190       2         0         
  190   2.204810e-19   7.331315e-09   1.956122e-11   4.363855e-01   429       191       2         0         
  191   2.203427e-19   6.866278e-09   8.044442e-12   1.421819e-01   433       192       3         0         
  192   2.202688e-19   6.786049e-09   4.997562e-12   4.926309e-02   438       193       4         0         
  193   2.202186e-19   6.666494e-09   7.898280e-12   4.376867e-02   443       194       4         0         
  194   2.201961e-19   6.590090e-09   3.552925e-12   1.509933e-02   449       195       5         0         
  195   2.201936e-19   6.572101e-09   2.059612e-12   6.165045e-03   456       196       6         0         
  196   2.201868e-19   6.545628e-09   2.478932e-12   5.612435e-03   463       197       6         0         
  197   2.201750e-19   6.487481e-09   6.320329e-12   1.303470e-02   469       198       5         0         
  198   2.201747e-19   6.476332e-09   1.395334e-12   2.209701e-03   477       199       7         0         
  199   2.201732e-19   6.459651e-09   3.518181e-12   4.944659e-03   484       200       6         0         
  200   2.201660e-19   6.431720e-09   3.905019e-12   4.974513e-03   491       201       6         0         
  201   2.201635e-19   6.421549e-09   2.164823e-12   2.353594e-03   499       202       7         0         
  202   2.201567e-19   6.403453e-09   5.195481e-12   5.169347e-03   506       203       6         0         
  203   2.201532e-19   6.390766e-09   2.447772e-12   2.310813e-03   514       204       7         0         
  204   2.201520e-19   6.382965e-09   2.490024e-12   2.065766e-03   522       205       7         0         
  205   2.201458e-19   6.375233e-09   2.680231e-12   2.227474e-03   530       206       7         0         
  206   2.201420e-19   6.361771e-09   2.857102e-12   1.998883e-03   538       207       7         0         
  207   2.201389e-19   6.361102e-09   6.532897e-12   4.942040e-03   545       208       6         0         
  208   2.201389e-19   6.361102e-09   0.000000e+00   0.000000e+00   566       209       20        0         
Optimization Terminated with Status: Step Tolerance Met
