[MetricOpStats] ParamMass_M  (rows=14264)
  row_sum       min=1.3468e-07  max=0.00594  mean=0.00197907  max/|min|=44104.5
  |row_sum|     min=1.3468e-07  max=0.00594  mean=0.00197907  max/min=44104.5
  diag          min=5.98578e-08  max=0.00264  mean=0.000879586  nonpos=0
  max_abs_entry=0.00264
[MetricOpStats] ParamStiffness_K  (rows=14264)
  row_sum       min=-8.9407e-08  max=8.9407e-08  mean=1.38068e-08  max/|min|=1
  |row_sum|     min=2.37605e+08  max=7.92e+08  mean=5.80481e+08  max/min=3.33326
  diag          min=3.96018e+07  max=1.584e+08  mean=1.05543e+08  nonpos=0
  max_abs_entry=1.584e+08
[MetricOpStats] ParamMass_M_reprint  (rows=14264)
  row_sum       min=1.3468e-07  max=0.00594  mean=0.00197907  max/|min|=44104.5
  |row_sum|     min=1.3468e-07  max=0.00594  mean=0.00197907  max/min=44104.5
  diag          min=5.98578e-08  max=0.00264  mean=0.000879586  nonpos=0
  max_abs_entry=0.00264
[MetricOpStats] K_over_M
  |row_sum| ratio  max=1.33333e+11  mean=2.9331e+11
[RieszAutoScale] mean(diag(K))/mean(diag(M)) = 1.19992e+11
[RieszMap] alpha1=1.19992e+15  alpha2=1  mode=auto_balanced  auto_amplify=10000
[MetricOpStats] Hcurl_H  (rows=14264  alpha1=1.19992e+15  alpha2=1  solver=sparse_direct)
  row_sum       min=1.61605e+08  max=7.12752e+12  mean=2.37472e+12  max/|min|=44104.5
  |row_sum|     min=2.91474e+08  max=7.12799e+12  mean=2.37505e+12  max/min=24455
  diag          min=1.11426e+08  max=3.16794e+12  mean=1.05554e+12  nonpos=0
  max_abs_entry=3.16794e+12
MrHyDE vector contract check (primal) errors: e[0]=0 e[1]=0 e[2]=0 e[3]=0 e[4]=0 e[5]=0 e[6]=0 e[7]=0 e[8]=0 e[9]=0 e[10]=0 e[11]=0 e[12]=0
MrHyDE vector contract check (dual) errors: e[0]=0 e[1]=2.02513e-20 e[2]=0 e[3]=0 e[4]=0 e[5]=3.36399e-21 e[6]=6.69524e-21 e[7]=0 e[8]=0 e[9]=1.65436e-24 e[10]=1.11022e-16 e[11]=1.35904e-20 e[12]=0
MrHyDE vector contract check: max_primal_err=0 max_dual_err=1.11022e-16 tol=1e-08

Quasi-Newton Method with Limited-Memory BFGS
Line Search: Cubic Interpolation satisfying Wolfe Conditions
-------------------------------------------------------------------------------------------------------------
Quasi-Newton status output definitions

  iter     - Number of iterates (steps taken)
  value    - Objective function value
  gnorm    - Norm of the gradient
  snorm    - Norm of the step (update to optimization vector)
  alpha    - Line search step length
  #fval    - Cumulative number of times the objective function was evaluated
  #grad    - Cumulative number of times the gradient was computed
  ls_#fval - Number of the times the objective function was evaluated during the line search
  ls_#grad - Number of the times the gradient was evaluated during the line search
-------------------------------------------------------------------------------------------------------------
  iter  value          gnorm          snorm          alpha          #fval     #grad     ls_#fval  ls_#grad  
  0     1.241567e-11   6.001577e-05   ---            ---            1         1         ---       ---       
  1     4.194689e-12   3.954311e-05   9.679209e-07   1.612778e-02   5         2         3         0         
  2     5.406962e-13   1.112052e-05   3.260025e-07   1.000000e+00   7         3         1         0         
  3     4.623738e-13   1.012905e-05   2.783953e-08   2.682830e-01   10        4         2         0         
  4     3.852071e-13   7.089245e-06   2.466561e-08   1.000000e+00   12        5         1         0         
  5     2.350055e-13   7.064808e-06   7.809809e-08   1.000000e+00   14        6         1         0         
  6     2.002678e-13   1.086859e-05   3.372373e-08   3.261627e-01   17        7         2         0         
  7     1.429153e-13   5.628739e-06   4.154587e-08   1.000000e+00   19        8         1         0         
  8     1.086960e-13   4.602123e-06   3.240628e-08   1.000000e+00   21        9         1         0         
  9     9.903426e-14   1.036847e-05   4.007231e-08   1.000000e+00   23        10        1         0         
  10    6.978583e-14   3.404410e-06   1.109637e-08   1.000000e+00   25        11        1         0         
  11    6.083676e-14   2.646244e-06   1.209276e-08   1.000000e+00   27        12        1         0         
  12    5.313191e-14   2.559825e-06   1.204327e-08   1.000000e+00   29        13        1         0         
  13    4.810166e-14   4.398359e-06   1.255417e-08   4.043454e-01   32        14        2         0         
  14    3.812624e-14   2.613772e-06   1.681637e-08   1.000000e+00   34        15        1         0         
  15    2.941510e-14   2.194784e-06   1.883938e-08   1.000000e+00   36        16        1         0         
  16    2.854615e-14   5.919219e-06   2.413924e-08   1.000000e+00   38        17        1         0         
  17    2.076883e-14   1.547826e-06   3.870665e-09   1.000000e+00   40        18        1         0         
  18    1.953617e-14   1.202304e-06   2.615742e-09   1.000000e+00   42        19        1         0         
  19    1.732179e-14   1.492884e-06   5.851489e-09   1.000000e+00   44        20        1         0         
  20    1.490609e-14   2.212199e-06   9.986417e-09   1.000000e+00   46        21        1         0         
  21    1.228039e-14   1.991057e-06   1.669566e-08   1.000000e+00   48        22        1         0         
  22    1.024926e-14   1.148769e-06   6.233323e-09   1.000000e+00   50        23        1         0         
  23    8.810200e-15   1.244500e-06   6.982938e-09   1.000000e+00   52        24        1         0         
  24    7.885159e-15   1.604999e-06   5.889469e-09   1.000000e+00   54        25        1         0         
  25    6.511905e-15   1.140842e-06   7.329625e-09   1.000000e+00   56        26        1         0         
  26    5.675562e-15   1.624401e-06   9.064625e-09   1.000000e+00   58        27        1         0         
  27    4.872277e-15   8.120049e-07   2.761903e-09   1.000000e+00   60        28        1         0         
  28    4.554049e-15   6.842101e-07   1.135308e-09   1.000000e+00   62        29        1         0         
  29    3.958589e-15   8.619844e-07   4.638218e-09   1.000000e+00   64        30        1         0         
  30    3.752103e-15   1.449086e-06   6.502538e-09   1.000000e+00   66        31        1         0         
  31    3.251276e-15   6.803293e-07   1.064778e-09   1.000000e+00   68        32        1         0         
  32    2.897714e-15   4.886117e-07   2.991765e-09   1.000000e+00   70        33        1         0         
  33    2.636127e-15   5.570443e-07   3.404837e-09   1.000000e+00   72        34        1         0         
  34    2.180818e-15   5.719824e-07   5.475241e-09   1.000000e+00   74        35        1         0         
  35    2.026580e-15   8.524595e-07   3.824482e-09   3.147885e-01   77        36        2         0         
  36    1.687397e-15   4.444509e-07   3.980393e-09   1.000000e+00   79        37        1         0         
  37    1.469878e-15   3.946504e-07   2.825543e-09   1.000000e+00   81        38        1         0         
  38    1.205860e-15   5.803347e-07   4.750782e-09   1.000000e+00   83        39        1         0         
  39    1.181475e-15   9.674550e-07   5.572848e-09   1.000000e+00   85        40        1         0         
  40    9.350496e-16   3.329640e-07   1.399277e-09   1.000000e+00   87        41        1         0         
  41    8.564744e-16   2.686336e-07   6.808531e-10   1.000000e+00   89        42        1         0         
  42    7.574649e-16   3.604892e-07   1.815607e-09   1.000000e+00   91        43        1         0         
  43    6.612564e-16   5.891931e-07   3.183331e-09   1.000000e+00   93        44        1         0         
  44    5.464064e-16   2.875799e-07   3.290610e-09   1.000000e+00   95        45        1         0         
  45    4.995069e-16   1.812587e-07   7.490205e-10   1.000000e+00   97        46        1         0         
  46    4.570022e-16   2.358550e-07   1.124354e-09   1.000000e+00   99        47        1         0         
  47    4.210174e-16   3.343155e-07   1.377217e-09   1.000000e+00   101       48        1         0         
  48    3.645538e-16   2.629434e-07   1.520242e-09   1.000000e+00   103       49        1         0         
  49    3.299219e-16   4.813898e-07   2.929256e-09   1.000000e+00   105       50        1         0         
  50    2.706763e-16   1.962921e-07   8.571217e-10   1.000000e+00   107       51        1         0         
  51    2.541169e-16   1.697557e-07   3.235110e-10   1.000000e+00   109       52        1         0         
  52    2.142768e-16   2.540623e-07   1.624292e-09   1.000000e+00   111       53        1         0         
  53    1.998417e-16   3.674130e-07   2.414391e-09   1.000000e+00   113       54        1         0         
  54    1.666312e-16   1.458572e-07   2.964188e-10   1.000000e+00   115       55        1         0         
  55    1.520870e-16   1.042788e-07   6.088363e-10   1.000000e+00   117       56        1         0         
  56    1.384883e-16   1.186265e-07   8.359287e-10   1.000000e+00   119       57        1         0         
  57    1.221989e-16   1.991488e-07   1.202271e-09   1.000000e+00   121       58        1         0         
  58    1.065993e-16   1.369216e-07   1.401323e-09   1.000000e+00   123       59        1         0         
  59    9.699719e-17   8.332724e-08   2.361150e-10   1.000000e+00   125       60        1         0         
  60    8.711128e-17   9.556058e-08   4.493986e-10   1.000000e+00   127       61        1         0         
  61    7.931988e-17   1.366313e-07   7.180458e-10   1.000000e+00   129       62        1         0         
  62    6.916510e-17   8.252124e-08   7.901790e-10   1.000000e+00   131       63        1         0         
  63    6.273790e-17   9.296535e-08   7.277647e-10   1.000000e+00   133       64        1         0         
  64    5.825169e-17   7.546299e-08   4.777679e-10   1.000000e+00   135       65        1         0         
  65    5.460095e-17   6.737071e-08   2.257607e-10   1.000000e+00   137       66        1         0         
  66    5.024418e-17   1.460896e-07   7.837819e-10   1.000000e+00   139       67        1         0         
  67    4.360114e-17   6.661142e-08   3.235747e-10   1.000000e+00   141       68        1         0         
  68    4.117888e-17   5.400229e-08   9.901015e-11   1.000000e+00   143       69        1         0         
  69    3.639582e-17   6.831377e-08   5.197819e-10   1.000000e+00   145       70        1         0         
  70    3.491143e-17   1.272670e-07   7.282093e-10   1.000000e+00   147       71        1         0         
  71    3.148819e-17   5.092791e-08   1.034747e-10   1.000000e+00   149       72        1         0         
  72    2.960424e-17   3.425033e-08   1.483455e-10   1.000000e+00   151       73        1         0         
  73    2.751727e-17   4.626005e-08   3.116103e-10   1.000000e+00   153       74        1         0         
  74    2.473114e-17   4.699793e-08   4.188204e-10   1.000000e+00   155       75        1         0         
  75    2.383388e-17   7.183730e-08   2.681549e-10   2.741616e-01   158       76        2         0         
  76    2.163641e-17   3.228408e-08   3.208726e-10   1.000000e+00   160       77        1         0         
  77    2.054020e-17   2.701439e-08   1.569609e-10   1.000000e+00   162       78        1         0         
  78    1.878076e-17   3.742428e-08   3.074606e-10   1.000000e+00   164       79        1         0         
  79    1.794514e-17   8.254809e-08   4.407074e-10   1.000000e+00   166       80        1         0         
  80    1.604709e-17   3.519583e-08   1.704303e-10   1.000000e+00   168       81        1         0         
  81    1.504317e-17   2.557568e-08   1.460301e-10   1.000000e+00   170       82        1         0         
  82    1.417653e-17   2.903024e-08   2.040601e-10   1.000000e+00   172       83        1         0         
  83    1.313434e-17   4.171711e-08   3.089394e-10   1.000000e+00   174       84        1         0         
  84    1.223466e-17   3.701425e-08   3.895920e-10   1.000000e+00   176       85        1         0         
  85    1.160153e-17   2.081176e-08   5.249689e-11   1.000000e+00   178       86        1         0         
  86    1.105630e-17   2.421685e-08   9.153645e-11   1.000000e+00   180       87        1         0         
  87    1.052298e-17   3.090044e-08   1.529814e-10   1.000000e+00   182       88        1         0         
  88    9.730039e-18   2.686869e-08   3.156336e-10   1.000000e+00   184       89        1         0         
  89    9.217526e-18   1.982278e-08   1.689639e-10   1.000000e+00   186       90        1         0         
  90    8.773493e-18   2.151548e-08   1.741153e-10   1.000000e+00   188       91        1         0         
  91    8.366718e-18   2.714981e-08   1.572894e-10   1.000000e+00   190       92        1         0         
  92    7.907366e-18   2.186285e-08   1.755783e-10   1.000000e+00   192       93        1         0         
  93    7.581084e-18   1.750875e-08   1.171153e-10   1.000000e+00   194       94        1         0         
  94    7.370566e-18   1.470227e-08   5.749672e-11   1.000000e+00   196       95        1         0         
  95    7.116210e-18   1.672118e-08   1.021003e-10   1.000000e+00   198       96        1         0         
  96    6.876816e-18   2.162312e-08   1.866340e-10   1.000000e+00   200       97        1         0         
  97    6.670724e-18   1.265814e-08   6.476449e-11   1.000000e+00   202       98        1         0         
  98    6.505807e-18   1.241561e-08   7.513888e-11   1.000000e+00   204       99        1         0         
  99    6.352846e-18   1.526326e-08   8.736403e-11   1.000000e+00   206       100       1         0         
  100   6.154535e-18   1.934772e-08   1.717111e-10   1.000000e+00   208       101       1         0         
  101   6.004361e-18   1.186223e-08   5.599027e-11   1.000000e+00   210       102       1         0         
  102   5.930365e-18   8.802670e-09   1.902750e-11   1.000000e+00   212       103       1         0         
  103   5.837360e-18   8.968872e-09   4.288104e-11   1.000000e+00   214       104       1         0         
  104   5.744825e-18   1.698492e-08   9.487985e-11   1.000000e+00   216       105       1         0         
  105   5.623252e-18   9.947311e-09   6.311408e-11   1.000000e+00   218       106       1         0         
  106   5.499872e-18   8.681451e-09   8.751549e-11   1.000000e+00   220       107       1         0         
  107   5.388242e-18   1.009720e-08   8.815163e-11   1.000000e+00   222       108       1         0         
  108   5.315215e-18   2.185882e-08   1.634781e-10   1.000000e+00   224       109       1         0         
  109   5.185822e-18   7.846811e-09   1.823434e-11   1.000000e+00   226       110       1         0         
  110   5.141891e-18   6.681307e-09   1.942987e-11   1.000000e+00   228       111       1         0         
  111   5.071491e-18   8.568933e-09   4.466194e-11   1.000000e+00   230       112       1         0         
  112   4.961200e-18   1.425316e-08   1.019096e-10   1.000000e+00   232       113       1         0         
  113   4.818883e-18   1.059140e-08   1.522171e-10   1.000000e+00   234       114       1         0         
  114   4.718011e-18   7.781379e-09   8.022377e-11   1.000000e+00   236       115       1         0         
  115   4.612768e-18   1.021757e-08   1.186164e-10   1.000000e+00   238       116       1         0         
  116   4.545338e-18   9.862359e-09   4.941906e-11   1.000000e+00   240       117       1         0         
  117   4.460947e-18   9.140216e-09   6.103599e-11   1.000000e+00   242       118       1         0         
  118   4.355922e-18   1.505180e-08   1.336318e-10   1.000000e+00   244       119       1         0         
  119   4.259323e-18   9.918754e-09   9.572541e-11   1.000000e+00   246       120       1         0         
  120   4.199940e-18   8.472670e-09   3.502636e-11   1.000000e+00   248       121       1         0         
  121   4.054699e-18   1.116206e-08   1.598485e-10   1.000000e+00   250       122       1         0         
  122   3.987168e-18   1.827344e-08   1.492605e-10   1.000000e+00   252       123       1         0         
  123   3.903139e-18   9.994960e-09   2.570782e-11   1.000000e+00   254       124       1         0         
  124   3.800011e-18   7.620445e-09   8.764311e-11   1.000000e+00   256       125       1         0         
  125   3.732638e-18   8.975925e-09   8.640593e-11   1.000000e+00   258       126       1         0         
  126   3.572297e-18   1.077933e-08   1.988940e-10   1.000000e+00   260       127       1         0         
  127   3.492559e-18   1.759502e-08   1.553181e-10   3.434431e-01   263       128       2         0         
  128   3.335746e-18   9.346272e-09   1.696141e-10   1.000000e+00   265       129       1         0         
  129   3.227127e-18   7.822713e-09   1.137396e-10   1.000000e+00   267       130       1         0         
  130   3.114882e-18   1.293714e-08   1.447951e-10   1.000000e+00   269       131       1         0         
  131   3.006415e-18   1.100859e-08   1.355775e-10   1.000000e+00   271       132       1         0         
  132   2.917499e-18   8.961556e-09   8.032772e-11   1.000000e+00   273       133       1         0         
  133   2.789700e-18   1.301992e-08   1.933464e-10   1.000000e+00   275       134       1         0         
  134   2.681702e-18   1.427661e-08   1.726142e-10   1.000000e+00   277       135       1         0         
  135   2.558581e-18   1.222671e-08   1.741751e-10   1.000000e+00   279       136       1         0         
  136   2.452660e-18   2.296117e-08   3.748030e-10   1.000000e+00   281       137       1         0         
  137   2.310024e-18   9.310605e-09   7.696001e-11   1.000000e+00   283       138       1         0         
  138   2.259966e-18   7.731584e-09   3.265554e-11   1.000000e+00   285       139       1         0         
  139   2.183386e-18   9.726368e-09   8.003933e-11   1.000000e+00   287       140       1         0         
  140   2.148644e-18   7.393332e-09   7.904871e-11   4.973344e-01   290       141       2         0         
  141   2.122963e-18   5.979985e-09   6.527909e-11   1.000000e+00   292       142       1         0         
  142   2.064282e-18   6.622560e-09   1.852752e-10   1.000000e+00   294       143       1         0         
  143   2.036516e-18   1.172152e-08   1.032166e-10   1.000000e+00   296       144       1         0         
  144   1.993759e-18   6.946434e-09   3.539639e-11   1.000000e+00   298       145       1         0         
  145   1.949847e-18   5.039170e-09   4.009134e-11   1.000000e+00   300       146       1         0         
  146   1.925333e-18   6.072567e-09   2.729425e-11   1.000000e+00   302       147       1         0         
  147   1.885732e-18   7.918855e-09   8.236324e-11   1.000000e+00   304       148       1         0         
  148   1.850599e-18   6.526396e-09   7.185886e-11   1.000000e+00   306       149       1         0         
  149   1.823430e-18   4.850108e-09   5.687738e-11   1.000000e+00   308       150       1         0         
  150   1.798192e-18   4.959650e-09   7.526416e-11   1.000000e+00   310       151       1         0         
  151   1.775948e-18   7.081184e-09   5.849693e-11   1.000000e+00   312       152       1         0         
  152   1.749160e-18   4.933792e-09   3.875548e-11   1.000000e+00   314       153       1         0         
  153   1.716767e-18   4.605599e-09   5.337562e-11   1.000000e+00   316       154       1         0         
  154   1.690625e-18   7.445913e-09   5.978521e-11   1.000000e+00   318       155       1         0         
  155   1.655050e-18   5.896134e-09   8.234835e-11   1.000000e+00   320       156       1         0         
  156   1.614635e-18   6.544884e-09   1.188261e-10   1.000000e+00   322       157       1         0         
  157   1.582920e-18   7.349573e-09   1.273228e-10   1.000000e+00   324       158       1         0         
  158   1.555145e-18   5.489367e-09   2.139677e-11   1.000000e+00   326       159       1         0         
  159   1.507160e-18   5.991008e-09   6.160920e-11   1.000000e+00   328       160       1         0         
  160   1.465652e-18   8.705058e-09   8.864187e-11   1.000000e+00   330       161       1         0         
  161   1.402445e-18   6.503887e-09   1.410476e-10   1.000000e+00   332       162       1         0         
  162   1.356502e-18   7.996330e-09   1.253129e-10   1.000000e+00   334       163       1         0         
  163   1.318728e-18   5.677886e-09   7.566852e-11   1.000000e+00   336       164       1         0         
  164   1.295924e-18   4.998837e-09   2.149923e-11   1.000000e+00   338       165       1         0         
  165   1.265526e-18   5.825567e-09   4.667945e-11   1.000000e+00   340       166       1         0         
  166   1.234869e-18   7.090416e-09   7.737230e-11   1.000000e+00   342       167       1         0         
  167   1.205535e-18   5.171325e-09   6.461599e-11   1.000000e+00   344       168       1         0         
  168   1.173269e-18   4.393793e-09   9.447385e-11   1.000000e+00   346       169       1         0         
  169   1.153682e-18   5.127937e-09   5.730350e-11   1.000000e+00   348       170       1         0         
  170   1.132796e-18   4.206531e-09   4.790694e-11   1.000000e+00   350       171       1         0         
  171   1.112998e-18   4.920917e-09   5.093599e-11   1.000000e+00   352       172       1         0         
  172   1.098453e-18   4.686638e-09   3.489800e-11   1.000000e+00   354       173       1         0         
  173   1.085124e-18   3.439530e-09   1.823261e-11   1.000000e+00   356       174       1         0         
  174   1.068743e-18   3.521880e-09   4.388739e-11   1.000000e+00   358       175       1         0         
  175   1.058479e-18   5.741442e-09   5.709810e-11   1.000000e+00   360       176       1         0         
  176   1.046973e-18   3.605371e-09   2.013495e-11   1.000000e+00   362       177       1         0         
  177   1.027738e-18   3.309773e-09   6.423821e-11   1.000000e+00   364       178       1         0         
  178   1.015383e-18   3.588421e-09   4.606283e-11   1.000000e+00   366       179       1         0         
  179   1.002345e-18   6.412609e-09   6.837370e-11   4.911531e-01   369       180       2         0         
  180   9.820070e-19   2.878653e-09   7.395935e-11   1.000000e+00   371       181       1         0         
  181   9.733684e-19   2.455746e-09   1.895549e-11   1.000000e+00   373       182       1         0         
  182   9.600626e-19   4.250523e-09   4.015876e-11   1.000000e+00   375       183       1         0         
  183   9.486684e-19   5.253126e-09   5.385487e-11   1.000000e+00   377       184       1         0         
  184   9.366352e-19   3.463172e-09   2.566023e-11   1.000000e+00   379       185       1         0         
  185   9.175337e-19   3.165596e-09   8.157599e-11   1.000000e+00   381       186       1         0         
  186   9.077481e-19   3.953092e-09   5.126555e-11   1.000000e+00   383       187       1         0         
  187   8.924526e-19   3.100426e-09   7.269407e-11   1.000000e+00   385       188       1         0         
  188   8.851927e-19   7.675059e-09   8.790659e-11   1.000000e+00   387       189       1         0         
  189   8.702374e-19   2.616079e-09   8.194061e-12   1.000000e+00   389       190       1         0         
  190   8.654100e-19   2.247668e-09   9.764166e-12   1.000000e+00   391       191       1         0         
  191   8.563957e-19   2.858100e-09   2.157420e-11   1.000000e+00   393       192       1         0         
  192   8.487183e-19   6.796180e-09   5.966207e-11   1.000000e+00   395       193       1         0         
  193   8.342773e-19   3.790802e-09   4.406900e-11   1.000000e+00   397       194       1         0         
  194   8.170186e-19   3.036307e-09   8.323840e-11   1.000000e+00   399       195       1         0         
  195   8.024485e-19   3.752246e-09   7.676020e-11   1.000000e+00   401       196       1         0         
  196   7.865761e-19   8.031036e-09   1.203576e-10   1.000000e+00   403       197       1         0         
  197   7.646008e-19   3.369918e-09   6.201672e-11   1.000000e+00   405       198       1         0         
  198   7.542491e-19   2.626235e-09   1.328774e-11   1.000000e+00   407       199       1         0         
  199   7.422821e-19   3.293350e-09   2.321353e-11   1.000000e+00   409       200       1         0         
  200   7.319815e-19   6.941916e-09   6.914694e-11   1.000000e+00   411       201       1         0         
  201   7.163422e-19   3.436954e-09   3.523314e-11   1.000000e+00   413       202       1         0         
  202   7.027628e-19   2.652300e-09   6.751113e-11   1.000000e+00   415       203       1         0         
  203   6.925782e-19   3.081113e-09   6.241964e-11   1.000000e+00   417       204       1         0         
  204   6.803180e-19   6.699478e-09   9.681967e-11   1.000000e+00   419       205       1         0         
  205   6.633765e-19   3.238335e-09   6.213148e-11   1.000000e+00   421       206       1         0         
  206   6.524267e-19   2.655737e-09   2.114718e-11   1.000000e+00   423       207       1         0         
  207   6.407356e-19   3.425879e-09   3.163697e-11   1.000000e+00   425       208       1         0         
  208   6.309852e-19   7.119967e-09   8.437393e-11   1.000000e+00   427       209       1         0         
  209   6.149723e-19   3.537862e-09   2.990548e-11   1.000000e+00   429       210       1         0         
  210   6.006221e-19   2.893540e-09   6.502841e-11   1.000000e+00   431       211       1         0         
  211   5.897435e-19   3.402360e-09   6.923630e-11   1.000000e+00   433       212       1         0         
  212   5.800675e-19   8.166859e-09   1.190541e-10   1.000000e+00   435       213       1         0         
  213   5.616312e-19   3.270346e-09   5.422349e-11   1.000000e+00   437       214       1         0         
  214   5.523508e-19   2.649845e-09   2.012604e-11   1.000000e+00   439       215       1         0         
  215   5.419126e-19   3.362839e-09   3.652695e-11   1.000000e+00   441       216       1         0         
  216   5.285766e-19   5.570236e-09   8.632580e-11   1.000000e+00   443       217       1         0         
  217   5.133667e-19   3.416805e-09   9.961281e-11   1.000000e+00   445       218       1         0         
  218   5.048770e-19   2.266787e-09   3.222544e-11   1.000000e+00   447       219       1         0         
  219   4.966417e-19   3.216142e-09   4.916674e-11   1.000000e+00   449       220       1         0         
  220   4.908604e-19   3.989653e-09   4.161116e-11   1.000000e+00   451       221       1         0         
  221   4.836468e-19   2.967790e-09   2.691700e-11   1.000000e+00   453       222       1         0         
  222   4.726737e-19   3.978360e-09   7.460810e-11   1.000000e+00   455       223       1         0         
  223   4.670986e-19   3.571509e-09   2.564204e-11   1.000000e+00   457       224       1         0         
  224   4.631023e-19   2.641531e-09   4.149093e-12   1.000000e+00   459       225       1         0         
  225   4.513673e-19   2.289998e-09   4.979696e-11   1.000000e+00   461       226       1         0         
  226   4.463044e-19   3.130892e-09   3.766407e-11   1.000000e+00   463       227       1         0         
  227   4.371948e-19   2.702817e-09   5.578010e-11   1.000000e+00   465       228       1         0         
  228   4.305887e-19   7.142015e-09   1.118941e-10   1.000000e+00   467       229       1         0         
  229   4.169068e-19   2.090500e-09   2.704979e-11   1.000000e+00   469       230       1         0         
  230   4.134274e-19   1.782292e-09   1.700722e-11   1.000000e+00   471       231       1         0         
  231   4.071842e-19   2.113925e-09   1.623632e-11   1.000000e+00   473       232       1         0         
  232   4.033543e-19   3.494848e-09   2.653328e-11   4.202585e-01   476       233       2         0         
  233   3.972346e-19   2.091706e-09   3.418839e-11   1.000000e+00   478       234       1         0         
  234   3.913926e-19   1.681195e-09   4.513711e-11   1.000000e+00   480       235       1         0         
  235   3.867639e-19   3.169883e-09   5.184593e-11   1.000000e+00   482       236       1         0         
  236   3.815507e-19   2.141522e-09   2.724199e-11   1.000000e+00   484       237       1         0         
  237   3.763415e-19   1.957915e-09   1.673333e-11   1.000000e+00   486       238       1         0         
  238   3.712568e-19   3.115935e-09   2.712204e-11   1.000000e+00   488       239       1         0         
  239   3.659885e-19   2.343778e-09   2.495739e-11   1.000000e+00   490       240       1         0         
  240   3.616213e-19   1.961390e-09   1.805993e-11   1.000000e+00   492       241       1         0         
  241   3.554720e-19   3.237127e-09   5.776532e-11   1.000000e+00   494       242       1         0         
  242   3.510766e-19   2.791387e-09   3.461473e-11   1.000000e+00   496       243       1         0         
  243   3.479949e-19   1.963416e-09   1.026462e-11   1.000000e+00   498       244       1         0         
  244   3.424485e-19   1.783775e-09   3.316766e-11   1.000000e+00   500       245       1         0         
  245   3.392332e-19   2.465680e-09   2.618095e-11   1.000000e+00   502       246       1         0         
  246   3.345311e-19   2.175669e-09   2.818032e-11   1.000000e+00   504       247       1         0         
  247   3.288986e-19   4.167430e-09   6.540753e-11   1.000000e+00   506       248       1         0         
  248   3.224973e-19   1.954547e-09   2.161919e-11   1.000000e+00   508       249       1         0         
  249   3.192079e-19   1.897829e-09   1.081097e-11   1.000000e+00   510       250       1         0         
  250   3.132430e-19   2.346350e-09   4.077657e-11   1.000000e+00   512       251       1         0         
  251   3.095258e-19   3.303803e-09   4.020637e-11   4.900683e-01   515       252       2         0         
  252   3.039920e-19   2.270572e-09   4.297936e-11   1.000000e+00   517       253       1         0         
  253   2.961506e-19   2.113483e-09   6.785290e-11   1.000000e+00   519       254       1         0         
  254   2.901395e-19   3.975076e-09   7.071986e-11   1.000000e+00   521       255       1         0         
  255   2.831345e-19   2.683308e-09   4.049017e-11   1.000000e+00   523       256       1         0         
  256   2.751644e-19   2.351587e-09   3.768562e-11   1.000000e+00   525       257       1         0         
  257   2.672367e-19   3.141204e-09   5.168947e-11   1.000000e+00   527       258       1         0         
  258   2.581296e-19   3.857827e-09   8.909478e-11   1.000000e+00   529       259       1         0         
  259   2.493377e-19   2.965244e-09   7.017656e-11   1.000000e+00   531       260       1         0         
  260   2.413236e-19   2.400536e-09   7.117142e-11   1.000000e+00   533       261       1         0         
  261   2.358090e-19   2.594331e-09   4.320177e-11   1.000000e+00   535       262       1         0         
  262   2.304082e-19   2.756953e-09   5.591395e-11   1.000000e+00   537       263       1         0         
  263   2.254806e-19   2.101391e-09   3.468846e-11   1.000000e+00   539       264       1         0         
  264   2.215199e-19   1.888394e-09   2.157371e-11   1.000000e+00   541       265       1         0         
  265   2.174022e-19   2.727184e-09   4.201493e-11   1.000000e+00   543       266       1         0         
  266   2.136225e-19   2.335210e-09   3.463411e-11   1.000000e+00   545       267       1         0         
  267   2.107261e-19   1.561685e-09   1.605203e-11   1.000000e+00   547       268       1         0         
  268   2.079225e-19   1.538133e-09   2.464997e-11   1.000000e+00   549       269       1         0         
  269   2.060250e-19   2.156904e-09   2.092237e-11   1.000000e+00   551       270       1         0         
  270   2.035766e-19   1.587771e-09   1.510845e-11   1.000000e+00   553       271       1         0         
  271   2.002381e-19   1.824264e-09   2.771991e-11   1.000000e+00   555       272       1         0         
  272   1.982719e-19   2.336110e-09   2.060106e-11   1.000000e+00   557       273       1         0         
  273   1.960774e-19   1.627075e-09   6.457248e-12   1.000000e+00   559       274       1         0         
  274   1.924714e-19   1.306270e-09   2.118435e-11   1.000000e+00   561       275       1         0         
  275   1.910678e-19   1.932626e-09   1.811423e-11   1.000000e+00   563       276       1         0         
  276   1.893516e-19   1.333606e-09   1.315920e-11   1.000000e+00   565       277       1         0         
  277   1.872975e-19   1.422024e-09   2.368259e-11   1.000000e+00   567       278       1         0         
  278   1.863337e-19   1.598801e-09   1.590580e-11   1.000000e+00   569       279       1         0         
  279   1.854601e-19   1.109547e-09   2.088542e-12   1.000000e+00   571       280       1         0         
  280   1.837050e-19   9.136739e-10   1.485341e-11   1.000000e+00   573       281       1         0         
  281   1.829600e-19   1.180885e-09   1.268223e-11   1.000000e+00   575       282       1         0         
  282   1.817298e-19   9.742509e-10   2.221789e-11   1.000000e+00   577       283       1         0         
  283   1.808071e-19   1.927127e-09   2.350893e-11   1.000000e+00   579       284       1         0         
  284   1.794715e-19   9.304179e-10   9.540672e-12   1.000000e+00   581       285       1         0         
  285   1.785759e-19   8.831352e-10   3.782227e-12   1.000000e+00   583       286       1         0         
  286   1.774078e-19   1.147407e-09   8.495427e-12   1.000000e+00   585       287       1         0         
  287   1.765575e-19   2.750555e-09   2.825459e-11   1.000000e+00   587       288       1         0         
  288   1.744319e-19   1.239439e-09   9.244323e-12   1.000000e+00   589       289       1         0         
  289   1.729811e-19   1.073143e-09   1.475435e-11   1.000000e+00   591       290       1         0         
  290   1.715172e-19   1.294192e-09   2.110778e-11   1.000000e+00   593       291       1         0         
  291   1.692586e-19   2.139701e-09   3.160561e-11   1.000000e+00   595       292       1         0         
  292   1.666470e-19   1.387098e-09   3.922720e-11   1.000000e+00   597       293       1         0         
  293   1.649382e-19   1.021296e-09   7.458350e-12   1.000000e+00   599       294       1         0         
  294   1.626628e-19   1.623839e-09   1.452732e-11   1.000000e+00   601       295       1         0         
  295   1.609791e-19   1.996595e-09   1.966766e-11   1.000000e+00   603       296       1         0         
  296   1.590067e-19   1.502739e-09   1.787650e-11   1.000000e+00   605       297       1         0         
  297   1.557827e-19   1.965658e-09   4.931764e-11   1.000000e+00   607       298       1         0         
  298   1.540033e-19   1.839805e-09   2.165499e-11   1.000000e+00   609       299       1         0         
  299   1.525827e-19   1.543772e-09   4.438841e-12   1.000000e+00   611       300       1         0         
  300   1.479829e-19   2.348528e-09   3.947440e-11   1.000000e+00   613       301       1         0         
  301   1.461072e-19   2.721327e-09   3.213455e-11   1.000000e+00   615       302       1         0         
  302   1.444067e-19   1.549912e-09   1.592728e-12   1.000000e+00   617       303       1         0         
  303   1.417891e-19   1.101815e-09   1.545693e-11   1.000000e+00   619       304       1         0         
  304   1.397030e-19   1.520610e-09   2.630846e-11   1.000000e+00   621       305       1         0         
  305   1.359736e-19   1.759577e-09   4.422311e-11   1.000000e+00   623       306       1         0         
  306   1.337912e-19   2.805119e-09   4.178738e-11   3.829298e-01   626       307       2         0         
  307   1.299012e-19   1.393423e-09   3.764824e-11   1.000000e+00   628       308       1         0         
  308   1.273167e-19   1.313596e-09   2.330463e-11   1.000000e+00   630       309       1         0         
  309   1.240783e-19   2.136768e-09   3.283355e-11   1.000000e+00   632       310       1         0         
  310   1.209315e-19   2.617573e-09   4.836318e-11   1.000000e+00   634       311       1         0         
  311   1.177438e-19   1.630017e-09   1.569437e-11   1.000000e+00   636       312       1         0         
  312   1.136833e-19   1.766937e-09   3.606251e-11   1.000000e+00   638       313       1         0         
  313   1.106889e-19   2.313032e-09   3.739130e-11   1.000000e+00   640       314       1         0         
  314   1.050326e-19   2.139869e-09   8.520172e-11   1.000000e+00   642       315       1         0         
  315   1.015039e-19   3.816636e-09   7.690678e-11   1.000000e+00   644       316       1         0         
  316   9.690780e-20   1.767249e-09   2.004269e-11   1.000000e+00   646       317       1         0         
  317   9.423535e-20   1.500534e-09   1.256372e-11   1.000000e+00   648       318       1         0         
  318   9.177263e-20   1.632089e-09   2.666337e-11   1.000000e+00   650       319       1         0         
  319   9.161338e-20   4.601777e-09   7.259211e-11   1.000000e+00   652       320       1         0         
  320   8.696561e-20   1.354772e-09   6.219019e-12   1.000000e+00   654       321       1         0         
  321   8.570330e-20   1.007165e-09   1.103099e-11   1.000000e+00   656       322       1         0         
  322   8.403403e-20   1.256448e-09   2.748768e-11   1.000000e+00   658       323       1         0         
  323   8.217820e-20   1.568144e-09   3.013270e-11   1.000000e+00   660       324       1         0         
  324   8.165476e-20   2.770090e-09   5.668314e-11   1.000000e+00   662       325       1         0         
  325   7.945362e-20   8.382947e-10   1.224984e-11   1.000000e+00   664       326       1         0         
  326   7.888740e-20   8.193353e-10   5.128607e-12   1.000000e+00   666       327       1         0         
  327   7.792775e-20   9.221083e-10   6.119770e-12   1.000000e+00   668       328       1         0         
  328   7.746577e-20   2.386861e-09   2.177692e-11   1.000000e+00   670       329       1         0         
  329   7.601687e-20   8.315637e-10   1.397797e-11   1.000000e+00   672       330       1         0         
  330   7.542632e-20   6.556439e-10   1.219967e-11   1.000000e+00   674       331       1         0         
  331   7.470761e-20   8.882524e-10   1.868047e-11   1.000000e+00   676       332       1         0         
  332   7.389818e-20   1.441466e-09   2.049778e-11   1.000000e+00   678       333       1         0         
  333   7.289226e-20   9.113103e-10   2.199970e-11   1.000000e+00   680       334       1         0         
  334   7.216388e-20   6.932919e-10   4.383538e-12   1.000000e+00   682       335       1         0         
  335   7.143038e-20   1.280178e-09   7.252739e-12   1.000000e+00   684       336       1         0         
  336   7.072918e-20   1.078618e-09   6.910856e-12   1.000000e+00   686       337       1         0         
  337   6.992633e-20   9.808639e-10   1.234649e-11   1.000000e+00   688       338       1         0         
  338   6.865540e-20   1.071506e-09   3.102362e-11   1.000000e+00   690       339       1         0         
  339   6.855874e-20   2.165852e-09   2.829790e-11   1.000000e+00   692       340       1         0         
  340   6.754033e-20   9.018522e-10   4.190664e-12   1.000000e+00   694       341       1         0         
  341   6.696666e-20   6.818177e-10   2.243531e-12   1.000000e+00   696       342       1         0         
  342   6.614465e-20   9.818038e-10   9.543221e-12   1.000000e+00   698       343       1         0         
  343   6.519934e-20   1.017147e-09   1.630214e-11   1.000000e+00   700       344       1         0         
  344   6.463723e-20   1.812380e-09   1.817398e-11   3.998439e-01   703       345       2         0         
  345   6.333328e-20   8.990536e-10   2.471225e-11   1.000000e+00   705       346       1         0         
  346   6.254844e-20   6.275665e-10   1.482380e-11   1.000000e+00   707       347       1         0         
  347   6.184599e-20   9.273755e-10   1.707261e-11   1.000000e+00   709       348       1         0         
  348   6.146042e-20   1.341059e-09   1.272779e-11   1.000000e+00   711       349       1         0         
  349   6.090231e-20   7.158115e-10   1.401375e-12   1.000000e+00   713       350       1         0         
  350   6.032912e-20   6.652894e-10   4.931525e-12   1.000000e+00   715       351       1         0         
  351   5.994873e-20   7.573512e-10   8.048557e-12   1.000000e+00   717       352       1         0         
  352   5.986561e-20   2.126229e-09   2.425887e-11   1.000000e+00   719       353       1         0         
  353   5.888409e-20   6.520788e-10   7.101566e-12   1.000000e+00   721       354       1         0         
  354   5.857910e-20   5.152961e-10   3.328393e-12   1.000000e+00   723       355       1         0         
  355   5.817687e-20   6.998635e-10   8.118398e-12   1.000000e+00   725       356       1         0         
  356   5.759644e-20   7.486790e-10   1.210962e-11   1.000000e+00   727       357       1         0         
  357   5.735201e-20   1.222914e-09   8.723423e-12   3.136844e-01   730       358       2         0         
  358   5.673192e-20   5.643656e-10   1.370554e-11   1.000000e+00   732       359       1         0         
  359   5.641306e-20   4.379863e-10   5.518624e-12   1.000000e+00   734       360       1         0         
  360   5.599568e-20   7.030702e-10   8.689905e-12   1.000000e+00   736       361       1         0         
  361   5.574036e-20   9.456624e-10   8.695025e-12   1.000000e+00   738       362       1         0         
  362   5.546386e-20   4.901239e-10   1.079011e-12   1.000000e+00   740       363       1         0         
  363   5.521471e-20   4.201792e-10   4.025800e-12   1.000000e+00   742       364       1         0         
  364   5.504719e-20   4.890141e-10   4.259292e-12   1.000000e+00   744       365       1         0         
  365   5.466765e-20   1.075382e-09   1.493001e-11   1.000000e+00   746       366       1         0         
  366   5.419206e-20   6.219992e-10   1.298632e-11   1.000000e+00   748       367       1         0         
  367   5.388685e-20   5.031053e-10   4.014186e-12   1.000000e+00   750       368       1         0         
  368   5.331454e-20   7.686349e-10   1.234661e-11   1.000000e+00   752       369       1         0         
  369   5.302999e-20   1.422490e-09   1.530970e-11   1.000000e+00   754       370       1         0         
  370   5.251731e-20   8.335337e-10   4.512200e-12   1.000000e+00   756       371       1         0         
  371   5.177539e-20   6.415677e-10   1.592190e-11   1.000000e+00   758       372       1         0         
  372   5.136775e-20   7.260641e-10   1.259327e-11   1.000000e+00   760       373       1         0         
  373   5.038118e-20   8.990913e-10   2.775477e-11   1.000000e+00   762       374       1         0         
  374   4.993837e-20   1.065757e-09   1.796946e-11   3.816713e-01   765       375       2         0         
  375   4.938057e-20   6.101781e-10   1.175075e-11   1.000000e+00   767       376       1         0         
  376   4.888332e-20   6.622873e-10   9.998297e-12   1.000000e+00   769       377       1         0         
  377   4.816131e-20   1.019314e-09   1.570033e-11   1.000000e+00   771       378       1         0         
  378   4.739821e-20   1.357896e-09   3.435081e-11   1.000000e+00   773       379       1         0         
  379   4.657294e-20   7.877175e-10   1.188386e-11   1.000000e+00   775       380       1         0         
  380   4.579035e-20   8.633868e-10   1.703628e-11   1.000000e+00   777       381       1         0         
  381   4.499110e-20   1.164349e-09   2.335942e-11   1.000000e+00   779       382       1         0         
  382   4.374803e-20   1.763505e-09   5.231704e-11   1.000000e+00   781       383       1         0         
  383   4.236602e-20   1.124054e-09   3.742890e-11   1.000000e+00   783       384       1         0         
  384   4.138654e-20   8.603976e-10   1.874033e-11   1.000000e+00   785       385       1         0         
  385   4.045939e-20   1.172696e-09   2.046180e-11   1.000000e+00   787       386       1         0         
  386   3.949817e-20   1.237933e-09   2.454501e-11   1.000000e+00   789       387       1         0         
  387   3.815920e-20   1.120824e-09   3.804396e-11   1.000000e+00   791       388       1         0         
  388   3.761504e-20   2.409341e-09   5.947382e-11   1.000000e+00   793       389       1         0         
  389   3.615475e-20   9.666887e-10   4.790465e-12   1.000000e+00   795       390       1         0         
  390   3.546239e-20   9.157291e-10   6.390622e-12   1.000000e+00   797       391       1         0         
  391   3.431583e-20   1.199372e-09   2.660659e-11   1.000000e+00   799       392       1         0         
  392   3.293026e-20   1.371698e-09   4.431337e-11   1.000000e+00   801       393       1         0         
  393   3.275729e-20   2.560737e-09   9.095453e-11   1.000000e+00   803       394       1         0         
  394   3.092991e-20   8.056373e-10   1.426692e-11   1.000000e+00   805       395       1         0         
  395   3.036706e-20   8.261534e-10   1.834323e-12   1.000000e+00   807       396       1         0         
  396   2.938094e-20   1.109271e-09   1.871467e-11   1.000000e+00   809       397       1         0         
  397   2.817679e-20   1.483320e-09   3.975131e-11   1.000000e+00   811       398       1         0         
  398   2.760377e-20   1.773645e-09   6.921849e-11   1.000000e+00   813       399       1         0         
  399   2.660171e-20   6.340801e-10   7.158915e-12   1.000000e+00   815       400       1         0         
  400   2.623171e-20   6.596591e-10   3.309884e-12   1.000000e+00   817       401       1         0         
  401   2.568844e-20   9.099495e-10   1.382827e-11   1.000000e+00   819       402       1         0         
  402   2.508929e-20   1.711178e-09   3.065785e-11   1.000000e+00   821       403       1         0         
  403   2.419015e-20   8.450980e-10   2.428346e-11   1.000000e+00   823       404       1         0         
  404   2.371040e-20   5.759440e-10   1.168998e-11   1.000000e+00   825       405       1         0         
  405   2.332103e-20   6.660522e-10   1.144606e-11   1.000000e+00   827       406       1         0         
  406   2.299251e-20   9.238620e-10   1.492526e-11   1.000000e+00   829       407       1         0         
  407   2.257255e-20   6.889631e-10   1.097975e-11   1.000000e+00   831       408       1         0         
  408   2.207498e-20   6.521482e-10   1.385330e-11   1.000000e+00   833       409       1         0         
  409   2.176029e-20   1.045743e-09   1.534048e-11   1.000000e+00   835       410       1         0         
  410   2.137761e-20   7.013092e-10   4.494661e-12   1.000000e+00   837       411       1         0         
  411   2.092031e-20   6.147019e-10   1.021796e-11   1.000000e+00   839       412       1         0         
  412   2.059029e-20   6.672217e-10   1.242353e-11   1.000000e+00   841       413       1         0         
  413   2.026990e-20   1.153189e-09   2.772781e-11   1.000000e+00   843       414       1         0         
  414   1.981420e-20   6.369429e-10   9.415373e-12   1.000000e+00   845       415       1         0         
  415   1.950406e-20   5.383801e-10   6.501363e-12   1.000000e+00   847       416       1         0         
  416   1.923836e-20   5.869612e-10   8.031203e-12   1.000000e+00   849       417       1         0         
  417   1.910788e-20   1.047802e-09   1.495727e-11   1.000000e+00   851       418       1         0         
  418   1.881558e-20   4.709984e-10   9.186742e-13   1.000000e+00   853       419       1         0         
  419   1.862157e-20   3.852053e-10   3.450222e-12   1.000000e+00   855       420       1         0         
  420   1.847283e-20   4.288727e-10   6.175057e-12   1.000000e+00   857       421       1         0         
  421   1.822080e-20   6.305630e-10   1.065957e-11   1.000000e+00   859       422       1         0         
  422   1.810575e-20   7.316852e-10   1.734118e-11   1.000000e+00   861       423       1         0         
  423   1.793174e-20   2.618875e-10   3.874309e-12   1.000000e+00   863       424       1         0         
  424   1.787017e-20   2.584128e-10   1.113104e-12   1.000000e+00   865       425       1         0         
  425   1.777583e-20   3.195158e-10   2.465985e-12   1.000000e+00   867       426       1         0         
  426   1.771383e-20   4.351235e-10   2.744106e-12   4.886878e-01   870       427       2         0         
  427   1.762752e-20   2.457064e-10   4.993075e-12   1.000000e+00   872       428       1         0         
  428   1.756473e-20   2.100737e-10   3.743658e-12   1.000000e+00   874       429       1         0         
  429   1.749543e-20   3.688136e-10   4.612767e-12   1.000000e+00   876       430       1         0         
  430   1.742355e-20   3.209095e-10   3.115306e-12   1.000000e+00   878       431       1         0         
  431   1.734012e-20   2.763899e-10   1.569139e-12   1.000000e+00   880       432       1         0         
  432   1.723895e-20   5.565990e-10   5.115469e-12   1.000000e+00   882       433       1         0         
  433   1.712345e-20   3.351124e-10   1.976123e-12   1.000000e+00   884       434       1         0         
  434   1.704142e-20   3.130380e-10   2.235275e-12   1.000000e+00   886       435       1         0         
  435   1.687642e-20   3.942503e-10   7.905249e-12   1.000000e+00   888       436       1         0         
  436   1.681303e-20   8.119242e-10   1.032655e-11   1.000000e+00   890       437       1         0         
  437   1.664630e-20   4.037054e-10   2.604296e-12   1.000000e+00   892       438       1         0         
  438   1.650914e-20   2.998324e-10   4.197704e-12   1.000000e+00   894       439       1         0         
  439   1.640059e-20   3.521868e-10   4.651311e-12   1.000000e+00   896       440       1         0         
  440   1.621467e-20   4.632213e-10   7.779432e-12   1.000000e+00   898       441       1         0         
  441   1.606678e-20   9.483326e-10   1.979693e-11   1.000000e+00   900       442       1         0         
  442   1.577465e-20   3.867608e-10   1.090214e-12   1.000000e+00   902       443       1         0         
  443   1.560994e-20   4.022160e-10   2.088978e-12   1.000000e+00   904       444       1         0         
  444   1.541628e-20   4.698375e-10   6.678492e-12   1.000000e+00   906       445       1         0         
  445   1.523735e-20   1.154944e-09   1.629382e-11   1.000000e+00   908       446       1         0         
  446   1.487896e-20   4.405882e-10   1.042822e-11   1.000000e+00   910       447       1         0         
  447   1.471695e-20   3.264863e-10   6.294770e-12   1.000000e+00   912       448       1         0         
  448   1.454322e-20   4.284991e-10   8.384725e-12   1.000000e+00   914       449       1         0         
  449   1.432338e-20   7.169592e-10   1.184942e-11   1.000000e+00   916       450       1         0         
  450   1.402560e-20   4.517657e-10   1.206066e-11   1.000000e+00   918       451       1         0         
  451   1.379345e-20   3.476122e-10   5.598926e-12   1.000000e+00   920       452       1         0         
  452   1.353423e-20   6.443581e-10   8.886357e-12   1.000000e+00   922       453       1         0         
  453   1.331794e-20   6.447886e-10   9.079924e-12   1.000000e+00   924       454       1         0         
  454   1.313461e-20   4.589942e-10   4.601341e-12   1.000000e+00   926       455       1         0         
  455   1.282526e-20   5.348914e-10   1.757019e-11   1.000000e+00   928       456       1         0         
  456   1.266519e-20   6.066737e-10   9.074799e-12   1.000000e+00   930       457       1         0         
  457   1.248118e-20   5.838303e-10   5.602756e-12   1.000000e+00   932       458       1         0         
  458   1.180724e-20   1.146599e-09   3.668319e-11   1.000000e+00   934       459       1         0         
  459   1.156267e-20   1.107964e-09   2.178354e-11   1.000000e+00   936       460       1         0         
  460   1.127874e-20   3.969188e-10   1.026929e-11   1.000000e+00   938       461       1         0         
  461   1.115105e-20   3.348787e-10   1.031125e-12   1.000000e+00   940       462       1         0         
  462   1.081707e-20   5.420390e-10   1.234165e-11   1.000000e+00   942       463       1         0         
  463   1.048126e-20   7.681445e-10   1.882295e-11   1.000000e+00   944       464       1         0         
  464   1.001240e-20   6.800353e-10   3.623532e-11   1.000000e+00   946       465       1         0         
  465   9.640322e-21   4.632277e-10   1.457033e-11   1.000000e+00   948       466       1         0         
  466   9.277272e-21   6.274810e-10   1.699612e-11   1.000000e+00   950       467       1         0         
  467   9.058000e-21   7.198019e-10   8.971346e-12   1.000000e+00   952       468       1         0         
  468   8.781632e-21   5.280116e-10   7.384164e-12   1.000000e+00   954       469       1         0         
  469   8.513134e-21   8.278513e-10   1.836507e-11   1.000000e+00   956       470       1         0         
  470   8.337074e-21   5.447624e-10   7.258884e-12   1.000000e+00   958       471       1         0         
  471   8.247992e-21   3.314284e-10   7.285654e-13   1.000000e+00   960       472       1         0         
  472   8.105330e-21   2.747146e-10   5.606329e-12   1.000000e+00   962       473       1         0         
  473   7.992760e-21   3.765857e-10   6.997513e-12   1.000000e+00   964       474       1         0         
  474   7.877036e-21   7.801660e-10   1.199743e-11   1.000000e+00   966       475       1         0         
  475   7.687010e-21   3.492638e-10   7.734778e-12   1.000000e+00   968       476       1         0         
  476   7.581747e-21   2.853400e-10   2.615847e-12   1.000000e+00   970       477       1         0         
  477   7.447972e-21   3.926238e-10   4.768609e-12   1.000000e+00   972       478       1         0         
  478   7.346093e-21   6.104013e-10   8.187147e-12   1.000000e+00   974       479       1         0         
  479   7.212915e-21   3.279748e-10   5.549233e-12   1.000000e+00   976       480       1         0         
  480   7.116669e-21   2.450238e-10   4.481572e-12   1.000000e+00   978       481       1         0         
  481   7.048197e-21   3.254420e-10   4.832498e-12   1.000000e+00   980       482       1         0         
  482   6.947763e-21   3.805254e-10   7.822705e-12   1.000000e+00   982       483       1         0         
  483   6.818254e-21   3.347450e-10   7.651464e-12   1.000000e+00   984       484       1         0         
  484   6.704623e-21   5.323711e-10   1.283548e-11   1.000000e+00   986       485       1         0         
  485   6.591543e-21   3.229403e-10   1.814343e-12   1.000000e+00   988       486       1         0         
  486   6.519852e-21   2.990737e-10   1.037295e-12   1.000000e+00   990       487       1         0         
  487   6.405113e-21   4.574115e-10   4.110748e-12   1.000000e+00   992       488       1         0         
  488   6.306634e-21   5.029532e-10   8.898780e-12   1.000000e+00   994       489       1         0         
  489   6.207228e-21   3.127075e-10   3.511839e-12   1.000000e+00   996       490       1         0         
  490   6.082645e-21   2.956792e-10   8.617619e-12   1.000000e+00   998       491       1         0         
  491   5.994010e-21   3.763508e-10   5.517409e-12   1.000000e+00   1000      492       1         0         
  492   5.884122e-21   4.032512e-10   1.035064e-11   1.000000e+00   1002      493       1         0         
  493   5.804795e-21   2.848115e-10   1.456241e-12   1.000000e+00   1004      494       1         0         
  494   5.750261e-21   2.485617e-10   1.357486e-12   1.000000e+00   1006      495       1         0         
  495   5.680347e-21   2.713109e-10   1.913584e-12   1.000000e+00   1008      496       1         0         
  496   5.623679e-21   5.235668e-10   6.344834e-12   1.000000e+00   1010      497       1         0         
  497   5.536931e-21   2.503845e-10   3.819419e-12   1.000000e+00   1012      498       1         0         
  498   5.485184e-21   2.070776e-10   3.891041e-12   1.000000e+00   1014      499       1         0         
  499   5.436446e-21   2.406541e-10   3.612772e-12   1.000000e+00   1016      500       1         0         
  500   5.408865e-21   5.303475e-10   5.376836e-12   1.000000e+00   1018      501       1         0         
Optimization Terminated with Status: Iteration Limit Exceeded
