[MetricOpStats] ParamMass_M  (rows=9512)
  row_sum       min=2.0202e-07  max=0.00396  mean=0.00131916  max/|min|=19602
  |row_sum|     min=2.0202e-07  max=0.00396  mean=0.00131916  max/min=19602
  diag          min=8.97868e-08  max=0.00176  mean=0.000586293  nonpos=0
  max_abs_entry=0.00176
[MetricOpStats] ParamStiffness_K  (rows=9512)
  row_sum       min=-5.96046e-08  max=5.21541e-08  mean=3.50021e-09  max/|min|=0.875
  |row_sum|     min=1.58408e+08  max=5.28e+08  mean=3.86885e+08  max/min=3.33316
  diag          min=2.64027e+07  max=1.056e+08  mean=7.03444e+07  nonpos=0
  max_abs_entry=1.056e+08
[MetricOpStats] ParamMass_M_reprint  (rows=9512)
  row_sum       min=2.0202e-07  max=0.00396  mean=0.00131916  max/|min|=19602
  |row_sum|     min=2.0202e-07  max=0.00396  mean=0.00131916  max/min=19602
  diag          min=8.97868e-08  max=0.00176  mean=0.000586293  nonpos=0
  max_abs_entry=0.00176
[MetricOpStats] K_over_M
  |row_sum| ratio  max=1.33333e+11  mean=2.93282e+11
[RieszAutoScale] mean(diag(K))/mean(diag(M)) = 1.19982e+11
[RieszMap] alpha1=1.19982e+15  alpha2=1  mode=auto_balanced  auto_amplify=10000
[MetricOpStats] Hcurl_H  (rows=9512  alpha1=1.19982e+15  alpha2=1  solver=sparse_direct)
  row_sum       min=2.42387e+08  max=4.75127e+12  mean=1.58275e+12  max/|min|=19602
  |row_sum|     min=3.21595e+08  max=4.75159e+12  mean=1.58296e+12  max/min=14775.1
  diag          min=1.3413e+08  max=2.11178e+12  mean=7.03514e+11  nonpos=0
  max_abs_entry=2.11178e+12
MrHyDE vector contract check (primal) errors: e[0]=0 e[1]=0 e[2]=0 e[3]=0 e[4]=0 e[5]=0 e[6]=0 e[7]=0 e[8]=0 e[9]=0 e[10]=0 e[11]=0 e[12]=0
MrHyDE vector contract check (dual) errors: e[0]=0 e[1]=1.96916e-20 e[2]=0 e[3]=0 e[4]=0 e[5]=3.20932e-21 e[6]=6.54518e-21 e[7]=0 e[8]=0 e[9]=4.1359e-24 e[10]=1.11022e-16 e[11]=1.27137e-20 e[12]=1.25123e-16
MrHyDE vector contract check: max_primal_err=0 max_dual_err=1.25123e-16 tol=1e-08

Quasi-Newton Method with Limited-Memory BFGS
Line Search: Cubic Interpolation satisfying Wolfe Conditions
-------------------------------------------------------------------------------------------------------------
Quasi-Newton status output definitions

  iter     - Number of iterates (steps taken)
  value    - Objective function value
  gnorm    - Norm of the gradient
  snorm    - Norm of the step (update to optimization vector)
  alpha    - Line search step length
  #fval    - Cumulative number of times the objective function was evaluated
  #grad    - Cumulative number of times the gradient was computed
  ls_#fval - Number of the times the objective function was evaluated during the line search
  ls_#grad - Number of the times the gradient was evaluated during the line search
-------------------------------------------------------------------------------------------------------------
  iter  value          gnorm          snorm          alpha          #fval     #grad     ls_#fval  ls_#grad  
  0     1.239900e-11   5.749320e-05   ---            ---            1         1         ---       ---       
  1     3.990841e-12   3.650749e-05   1.013536e-06   1.762880e-02   5         2         3         0         
  2     5.401684e-13   1.280606e-05   3.356456e-07   1.000000e+00   7         3         1         0         
  3     4.617196e-13   1.086385e-05   2.862702e-08   2.217699e-01   10        4         2         0         
  4     3.915489e-13   6.557013e-06   2.192890e-08   1.000000e+00   12        5         1         0         
  5     2.810333e-13   5.947596e-06   5.608433e-08   1.000000e+00   14        6         1         0         
  6     1.975429e-13   9.826310e-06   6.871739e-08   1.000000e+00   16        7         1         0         
  7     1.926946e-13   1.660725e-05   9.553329e-08   1.000000e+00   18        8         1         0         
  8     1.106245e-13   3.667272e-06   2.934181e-08   1.000000e+00   20        9         1         0         
  9     9.416077e-14   3.343175e-06   1.227626e-08   1.000000e+00   22        10        1         0         
  10    7.056185e-14   4.101737e-06   2.896066e-08   1.000000e+00   24        11        1         0         
  11    6.514569e-14   5.065148e-06   1.165541e-08   2.967135e-01   27        12        2         0         
  12    5.498073e-14   2.762368e-06   1.545936e-08   1.000000e+00   29        13        1         0         
  13    4.627885e-14   2.102100e-06   1.629443e-08   1.000000e+00   31        14        1         0         
  14    3.724194e-14   3.074112e-06   2.027893e-08   1.000000e+00   33        15        1         0         
  15    3.336338e-14   5.624183e-06   3.014802e-08   1.000000e+00   35        16        1         0         
  16    2.408732e-14   1.989333e-06   6.244312e-09   1.000000e+00   37        17        1         0         
  17    2.140417e-14   1.367205e-06   5.279612e-09   1.000000e+00   39        18        1         0         
  18    1.912842e-14   1.534477e-06   6.571800e-09   1.000000e+00   41        19        1         0         
  19    1.589332e-14   1.713595e-06   1.175612e-08   1.000000e+00   43        20        1         0         
  20    1.428409e-14   2.231064e-06   9.982360e-09   4.529702e-01   46        21        2         0         
  21    1.171217e-14   1.189759e-06   1.109120e-08   1.000000e+00   48        22        1         0         
  22    1.006977e-14   1.026274e-06   7.556505e-09   1.000000e+00   50        23        1         0         
  23    8.546271e-15   1.672010e-06   1.013522e-08   1.000000e+00   52        24        1         0         
  24    7.179615e-15   1.544400e-06   9.235382e-09   1.000000e+00   54        25        1         0         
  25    6.055039e-15   8.912365e-07   3.905874e-09   1.000000e+00   56        26        1         0         
  26    5.223292e-15   8.465934e-07   6.026921e-09   1.000000e+00   58        27        1         0         
  27    4.846637e-15   8.652185e-07   3.132591e-09   1.000000e+00   60        28        1         0         
  28    4.373173e-15   7.995312e-07   3.853857e-09   1.000000e+00   62        29        1         0         
  29    3.639198e-15   1.189728e-06   1.042039e-08   1.000000e+00   64        30        1         0         
  30    3.231762e-15   1.013469e-06   6.725643e-09   1.000000e+00   66        31        1         0         
  31    2.887696e-15   5.020451e-07   2.154311e-09   1.000000e+00   68        32        1         0         
  32    2.628934e-15   4.017929e-07   1.713411e-09   1.000000e+00   70        33        1         0         
  33    2.349325e-15   5.063945e-07   3.385730e-09   1.000000e+00   72        34        1         0         
  34    2.049897e-15   9.324852e-07   6.525408e-09   1.000000e+00   74        35        1         0         
  35    1.688021e-15   5.497358e-07   7.067537e-09   1.000000e+00   76        36        1         0         
  36    1.472093e-15   3.822373e-07   2.115443e-09   1.000000e+00   78        37        1         0         
  37    1.242132e-15   5.122987e-07   3.866096e-09   1.000000e+00   80        38        1         0         
  38    1.107622e-15   5.740115e-07   3.089826e-09   1.000000e+00   82        39        1         0         
  39    9.785514e-16   3.809059e-07   1.274183e-09   1.000000e+00   84        40        1         0         
  40    8.092820e-16   2.983464e-07   3.358864e-09   1.000000e+00   86        41        1         0         
  41    7.359581e-16   3.816096e-07   2.160821e-09   1.000000e+00   88        42        1         0         
  42    6.294119e-16   2.954208e-07   2.843858e-09   1.000000e+00   90        43        1         0         
  43    5.851708e-16   5.969040e-07   3.915945e-09   1.000000e+00   92        44        1         0         
  44    4.804317e-16   1.998247e-07   9.517608e-10   1.000000e+00   94        45        1         0         
  45    4.470695e-16   1.863135e-07   5.064561e-10   1.000000e+00   96        46        1         0         
  46    3.656013e-16   2.277691e-07   2.072570e-09   1.000000e+00   98        47        1         0         
  47    3.384472e-16   3.307584e-07   1.466232e-09   4.085160e-01   101       48        2         0         
  48    2.892411e-16   2.056270e-07   2.048656e-09   1.000000e+00   103       49        1         0         
  49    2.458067e-16   1.386399e-07   2.086571e-09   1.000000e+00   105       50        1         0         
  50    2.229128e-16   2.423960e-07   1.934595e-09   1.000000e+00   107       51        1         0         
  51    1.986091e-16   1.434697e-07   6.976552e-10   1.000000e+00   109       52        1         0         
  52    1.794297e-16   1.251362e-07   6.038566e-10   1.000000e+00   111       53        1         0         
  53    1.569224e-16   1.540552e-07   1.019088e-09   1.000000e+00   113       54        1         0         
  54    1.468415e-16   2.714045e-07   1.594741e-09   1.000000e+00   115       55        1         0         
  55    1.260193e-16   1.132906e-07   3.868518e-10   1.000000e+00   117       56        1         0         
  56    1.151482e-16   9.168675e-08   6.692874e-10   1.000000e+00   119       57        1         0         
  57    1.049341e-16   1.107556e-07   7.975210e-10   1.000000e+00   121       58        1         0         
  58    8.768071e-17   1.171203e-07   1.225926e-09   1.000000e+00   123       59        1         0         
  59    8.120319e-17   1.383710e-07   7.911553e-10   3.686170e-01   126       60        2         0         
  60    7.239463e-17   6.387979e-08   5.431996e-10   1.000000e+00   128       61        1         0         
  61    6.764394e-17   6.149835e-08   3.387718e-10   1.000000e+00   130       62        1         0         
  62    6.175567e-17   8.079433e-08   4.851304e-10   1.000000e+00   132       63        1         0         
  63    5.818982e-17   1.614995e-07   9.380379e-10   1.000000e+00   134       64        1         0         
  64    5.041216e-17   6.210223e-08   2.571218e-10   1.000000e+00   136       65        1         0         
  65    4.705086e-17   4.964122e-08   2.936408e-10   1.000000e+00   138       66        1         0         
  66    4.396005e-17   5.772568e-08   3.905029e-10   1.000000e+00   140       67        1         0         
  67    3.933806e-17   6.491720e-08   5.752516e-10   1.000000e+00   142       68        1         0         
  68    3.652153e-17   7.090940e-08   5.467463e-10   4.924195e-01   145       69        2         0         
  69    3.353332e-17   3.739144e-08   3.328184e-10   1.000000e+00   147       70        1         0         
  70    3.147486e-17   3.991512e-08   2.600572e-10   1.000000e+00   149       71        1         0         
  71    2.911497e-17   5.277415e-08   3.495470e-10   1.000000e+00   151       72        1         0         
  72    2.761574e-17   8.693092e-08   6.649236e-10   1.000000e+00   153       73        1         0         
  73    2.518202e-17   3.206275e-08   9.966382e-11   1.000000e+00   155       74        1         0         
  74    2.415055e-17   3.010451e-08   1.358222e-10   1.000000e+00   157       75        1         0         
  75    2.299494e-17   3.621188e-08   2.215249e-10   1.000000e+00   159       76        1         0         
  76    2.113038e-17   4.234868e-08   4.164591e-10   1.000000e+00   161       77        1         0         
  77    2.006939e-17   6.320684e-08   6.424320e-10   1.000000e+00   163       78        1         0         
  78    1.862469e-17   2.456563e-08   7.151163e-11   1.000000e+00   165       79        1         0         
  79    1.794608e-17   2.648606e-08   8.537389e-11   1.000000e+00   167       80        1         0         
  80    1.703732e-17   3.132013e-08   1.818979e-10   1.000000e+00   169       81        1         0         
  81    1.553562e-17   4.566667e-08   4.574892e-10   1.000000e+00   171       82        1         0         
  82    1.466976e-17   4.710129e-08   6.289593e-10   1.000000e+00   173       83        1         0         
  83    1.387988e-17   1.719327e-08   1.261872e-10   1.000000e+00   175       84        1         0         
  84    1.355533e-17   1.752803e-08   5.075390e-11   1.000000e+00   177       85        1         0         
  85    1.301193e-17   2.508010e-08   1.644793e-10   1.000000e+00   179       86        1         0         
  86    1.265959e-17   4.872938e-08   3.119228e-10   1.000000e+00   181       87        1         0         
  87    1.191212e-17   1.909785e-08   1.402335e-10   1.000000e+00   183       88        1         0         
  88    1.156940e-17   1.418892e-08   1.104818e-10   1.000000e+00   185       89        1         0         
  89    1.127358e-17   1.662259e-08   1.230818e-10   1.000000e+00   187       90        1         0         
  90    1.081901e-17   1.911307e-08   2.057249e-10   1.000000e+00   189       91        1         0         
  91    1.056126e-17   2.175895e-08   1.616929e-10   4.762588e-01   192       92        2         0         
  92    1.028836e-17   1.148428e-08   1.019328e-10   1.000000e+00   194       93        1         0         
  93    1.009020e-17   1.254560e-08   7.509329e-11   1.000000e+00   196       94        1         0         
  94    9.865132e-18   1.681130e-08   1.099699e-10   1.000000e+00   198       95        1         0         
  95    9.637034e-18   2.373614e-08   1.962830e-10   1.000000e+00   200       96        1         0         
  96    9.409619e-18   1.080124e-08   5.731635e-11   1.000000e+00   202       97        1         0         
  97    9.270404e-18   1.027946e-08   5.866587e-11   1.000000e+00   204       98        1         0         
  98    9.143228e-18   1.226189e-08   6.749619e-11   1.000000e+00   206       99        1         0         
  99    8.851280e-18   1.984697e-08   2.005703e-10   1.000000e+00   208       100       1         0         
  100   8.578866e-18   1.664887e-08   2.290562e-10   1.000000e+00   210       101       1         0         
  101   8.414108e-18   9.607496e-09   4.366233e-11   1.000000e+00   212       102       1         0         
  102   8.245814e-18   1.118017e-08   8.068779e-11   1.000000e+00   214       103       1         0         
  103   8.115406e-18   1.332793e-08   9.137299e-11   1.000000e+00   216       104       1         0         
  104   7.878197e-18   1.130218e-08   1.697278e-10   1.000000e+00   218       105       1         0         
  105   7.736396e-18   2.813683e-08   2.648839e-10   1.000000e+00   220       106       1         0         
  106   7.496548e-18   1.020459e-08   4.822255e-11   1.000000e+00   222       107       1         0         
  107   7.397969e-18   8.888691e-09   4.007026e-11   1.000000e+00   224       108       1         0         
  108   7.235687e-18   1.085811e-08   1.203839e-10   1.000000e+00   226       109       1         0         
  109   7.019456e-18   1.565607e-08   2.011729e-10   1.000000e+00   228       110       1         0         
  110   6.773487e-18   1.610408e-08   3.407178e-10   1.000000e+00   230       111       1         0         
  111   6.602931e-18   9.355303e-09   7.046405e-11   1.000000e+00   232       112       1         0         
  112   6.458157e-18   1.091583e-08   9.080473e-11   1.000000e+00   234       113       1         0         
  113   6.328130e-18   1.431929e-08   1.081479e-10   1.000000e+00   236       114       1         0         
  114   6.105400e-18   1.052787e-08   2.437658e-10   1.000000e+00   238       115       1         0         
  115   5.953420e-18   1.609536e-08   2.143046e-10   1.000000e+00   240       116       1         0         
  116   5.801488e-18   9.736019e-09   1.364962e-10   1.000000e+00   242       117       1         0         
  117   5.693978e-18   9.381736e-09   8.600975e-11   1.000000e+00   244       118       1         0         
  118   5.531964e-18   1.439573e-08   1.848291e-10   1.000000e+00   246       119       1         0         
  119   5.361435e-18   1.320644e-08   2.057454e-10   1.000000e+00   248       120       1         0         
  120   5.227098e-18   9.909546e-09   9.796801e-11   1.000000e+00   250       121       1         0         
  121   5.024680e-18   1.276253e-08   2.268140e-10   1.000000e+00   252       122       1         0         
  122   4.926481e-18   1.723176e-08   2.067403e-10   1.000000e+00   254       123       1         0         
  123   4.819155e-18   9.399331e-09   4.107663e-11   1.000000e+00   256       124       1         0         
  124   4.707530e-18   7.433051e-09   1.259919e-10   1.000000e+00   258       125       1         0         
  125   4.638604e-18   8.550332e-09   9.524278e-11   1.000000e+00   260       126       1         0         
  126   4.565705e-18   2.452895e-08   3.423466e-10   1.000000e+00   262       127       1         0         
  127   4.379657e-18   8.927770e-09   9.152450e-11   1.000000e+00   264       128       1         0         
  128   4.309275e-18   7.545019e-09   3.075885e-11   1.000000e+00   266       129       1         0         
  129   4.207077e-18   7.992664e-09   1.098590e-10   1.000000e+00   268       130       1         0         
  130   4.149532e-18   2.062182e-08   2.247141e-10   1.000000e+00   270       131       1         0         
  131   4.019733e-18   8.931445e-09   6.372438e-11   1.000000e+00   272       132       1         0         
  132   3.931203e-18   7.528545e-09   1.196167e-10   1.000000e+00   274       133       1         0         
  133   3.837416e-18   9.843204e-09   1.657624e-10   1.000000e+00   276       134       1         0         
  134   3.681210e-18   1.304797e-08   2.366702e-10   1.000000e+00   278       135       1         0         
  135   3.644441e-18   2.548626e-08   4.723960e-10   1.000000e+00   280       136       1         0         
  136   3.456469e-18   7.202348e-09   1.375048e-10   1.000000e+00   282       137       1         0         
  137   3.412181e-18   6.647678e-09   2.955108e-11   1.000000e+00   284       138       1         0         
  138   3.316665e-18   8.953407e-09   7.343530e-11   1.000000e+00   286       139       1         0         
  139   3.224252e-18   1.746846e-08   2.488157e-10   1.000000e+00   288       140       1         0         
  140   3.099007e-18   8.223159e-09   1.694453e-10   1.000000e+00   290       141       1         0         
  141   3.023465e-18   6.768054e-09   1.815011e-10   1.000000e+00   292       142       1         0         
  142   2.942314e-18   8.408959e-09   1.951148e-10   1.000000e+00   294       143       1         0         
  143   2.862442e-18   1.458120e-08   2.564553e-10   1.000000e+00   296       144       1         0         
  144   2.766504e-18   8.547829e-09   8.521396e-11   1.000000e+00   298       145       1         0         
  145   2.697866e-18   6.339827e-09   4.964013e-11   1.000000e+00   300       146       1         0         
  146   2.637689e-18   7.903978e-09   5.496992e-11   1.000000e+00   302       147       1         0         
  147   2.579518e-18   1.046099e-08   1.109415e-10   1.000000e+00   304       148       1         0         
  148   2.522111e-18   6.172394e-09   7.919376e-11   1.000000e+00   306       149       1         0         
  149   2.464978e-18   5.717426e-09   1.765460e-10   1.000000e+00   308       150       1         0         
  150   2.430205e-18   7.004281e-09   9.808170e-11   1.000000e+00   310       151       1         0         
  151   2.366459e-18   6.897631e-09   1.500970e-10   1.000000e+00   312       152       1         0         
  152   2.311082e-18   9.317222e-09   9.282427e-11   1.000000e+00   314       153       1         0         
  153   2.252677e-18   6.698302e-09   7.619769e-11   1.000000e+00   316       154       1         0         
  154   2.209343e-18   5.909138e-09   6.209672e-11   1.000000e+00   318       155       1         0         
  155   2.166673e-18   8.240548e-09   6.289116e-11   1.000000e+00   320       156       1         0         
  156   2.124945e-18   5.615664e-09   8.939606e-11   1.000000e+00   322       157       1         0         
  157   2.097725e-18   4.362947e-09   8.516034e-11   1.000000e+00   324       158       1         0         
  158   2.061795e-18   4.422232e-09   1.256472e-10   1.000000e+00   326       159       1         0         
  159   2.044197e-18   1.033520e-08   8.172747e-11   1.000000e+00   328       160       1         0         
  160   2.016684e-18   4.885088e-09   4.085191e-11   1.000000e+00   330       161       1         0         
  161   1.997677e-18   3.261959e-09   4.878246e-11   1.000000e+00   332       162       1         0         
  162   1.984335e-18   3.896520e-09   2.981575e-11   1.000000e+00   334       163       1         0         
  163   1.955365e-18   6.360027e-09   6.886186e-11   1.000000e+00   336       164       1         0         
  164   1.930297e-18   6.604003e-09   1.033774e-10   1.000000e+00   338       165       1         0         
  165   1.910339e-18   3.173826e-09   4.039310e-11   1.000000e+00   340       166       1         0         
  166   1.894160e-18   3.440540e-09   6.583295e-11   1.000000e+00   342       167       1         0         
  167   1.878074e-18   4.056104e-09   4.918818e-11   1.000000e+00   344       168       1         0         
  168   1.864127e-18   8.948431e-09   1.250720e-10   1.000000e+00   346       169       1         0         
  169   1.840514e-18   2.740802e-09   2.852810e-11   1.000000e+00   348       170       1         0         
  170   1.833689e-18   2.493556e-09   1.439662e-11   1.000000e+00   350       171       1         0         
  171   1.817807e-18   3.538860e-09   3.565457e-11   1.000000e+00   352       172       1         0         
  172   1.798592e-18   5.162448e-09   6.490787e-11   1.000000e+00   354       173       1         0         
  173   1.776584e-18   4.864823e-09   9.993669e-11   1.000000e+00   356       174       1         0         
  174   1.761100e-18   3.005594e-09   4.125587e-11   1.000000e+00   358       175       1         0         
  175   1.745558e-18   3.673872e-09   5.070898e-11   1.000000e+00   360       176       1         0         
  176   1.729303e-18   4.749903e-09   3.849892e-11   1.000000e+00   362       177       1         0         
  177   1.692804e-18   5.275592e-09   1.161247e-10   1.000000e+00   364       178       1         0         
  178   1.661253e-18   7.033533e-09   1.113634e-10   1.000000e+00   366       179       1         0         
  179   1.629257e-18   4.795416e-09   7.197945e-11   1.000000e+00   368       180       1         0         
  180   1.588998e-18   5.620967e-09   1.066759e-10   1.000000e+00   370       181       1         0         
  181   1.547226e-18   6.741497e-09   1.255463e-10   1.000000e+00   372       182       1         0         
  182   1.506072e-18   1.308856e-08   3.094442e-10   1.000000e+00   374       183       1         0         
  183   1.447825e-18   5.075789e-09   5.443972e-11   1.000000e+00   376       184       1         0         
  184   1.424021e-18   4.440823e-09   2.909685e-11   1.000000e+00   378       185       1         0         
  185   1.393158e-18   5.458084e-09   8.375286e-11   1.000000e+00   380       186       1         0         
  186   1.347484e-18   8.378918e-09   1.743430e-10   1.000000e+00   382       187       1         0         
  187   1.291267e-18   6.388640e-09   2.633215e-10   1.000000e+00   384       188       1         0         
  188   1.248121e-18   4.805882e-09   1.347052e-10   1.000000e+00   386       189       1         0         
  189   1.195802e-18   7.320111e-09   2.082272e-10   1.000000e+00   388       190       1         0         
  190   1.161103e-18   8.265375e-09   1.327968e-10   1.000000e+00   390       191       1         0         
  191   1.124090e-18   6.529595e-09   4.773408e-11   1.000000e+00   392       192       1         0         
  192   1.054920e-18   8.463651e-09   2.399420e-10   1.000000e+00   394       193       1         0         
  193   1.023702e-18   7.748228e-09   1.512339e-10   1.000000e+00   396       194       1         0         
  194   1.002687e-18   5.281237e-09   3.269561e-11   1.000000e+00   398       195       1         0         
  195   9.546771e-19   4.330456e-09   2.189978e-10   1.000000e+00   400       196       1         0         
  196   9.326878e-19   4.792503e-09   8.839864e-11   1.000000e+00   402       197       1         0         
  197   9.003184e-19   7.957068e-09   2.717760e-10   1.000000e+00   404       198       1         0         
  198   8.720446e-19   4.283973e-09   2.679662e-11   1.000000e+00   406       199       1         0         
  199   8.617333e-19   3.421278e-09   1.065338e-11   1.000000e+00   408       200       1         0         
  200   8.429217e-19   3.464494e-09   3.549936e-11   1.000000e+00   410       201       1         0         
  201   8.333395e-19   7.094748e-09   9.437166e-11   1.000000e+00   412       202       1         0         
  202   8.181289e-19   3.021715e-09   3.477456e-11   1.000000e+00   414       203       1         0         
  203   8.092870e-19   2.376110e-09   5.246566e-11   1.000000e+00   416       204       1         0         
  204   8.011868e-19   2.579610e-09   5.247533e-11   1.000000e+00   418       205       1         0         
  205   7.912397e-19   5.404261e-09   5.618335e-11   1.000000e+00   420       206       1         0         
  206   7.816613e-19   2.450009e-09   7.065903e-11   1.000000e+00   422       207       1         0         
  207   7.777126e-19   1.717321e-09   2.948139e-11   1.000000e+00   424       208       1         0         
  208   7.708481e-19   2.062450e-09   3.210594e-11   1.000000e+00   426       209       1         0         
  209   7.642991e-19   3.989587e-09   2.556019e-11   1.000000e+00   428       210       1         0         
  210   7.558625e-19   2.752754e-09   4.606274e-11   1.000000e+00   430       211       1         0         
  211   7.486709e-19   1.866876e-09   6.910693e-11   1.000000e+00   432       212       1         0         
  212   7.432289e-19   2.460435e-09   5.533930e-11   1.000000e+00   434       213       1         0         
  213   7.381738e-19   2.360678e-09   2.945781e-11   1.000000e+00   436       214       1         0         
  214   7.313582e-19   2.267711e-09   2.191409e-11   1.000000e+00   438       215       1         0         
  215   7.278715e-19   4.299297e-09   3.067556e-11   1.000000e+00   440       216       1         0         
  216   7.225418e-19   1.705148e-09   1.354060e-11   1.000000e+00   442       217       1         0         
  217   7.200260e-19   1.427597e-09   4.227810e-12   1.000000e+00   444       218       1         0         
  218   7.155316e-19   1.895377e-09   2.532230e-11   1.000000e+00   446       219       1         0         
  219   7.102388e-19   2.686827e-09   4.115006e-11   1.000000e+00   448       220       1         0         
  220   7.033071e-19   2.058442e-09   6.348613e-11   1.000000e+00   450       221       1         0         
  221   6.968559e-19   1.921944e-09   4.253596e-11   1.000000e+00   452       222       1         0         
  222   6.862826e-19   3.137485e-09   7.093813e-11   1.000000e+00   454       223       1         0         
  223   6.781227e-19   3.449046e-09   4.236316e-11   1.000000e+00   456       224       1         0         
  224   6.682524e-19   2.898273e-09   3.415437e-11   1.000000e+00   458       225       1         0         
  225   6.524917e-19   3.623909e-09   8.239435e-11   1.000000e+00   460       226       1         0         
  226   6.413054e-19   3.677916e-09   6.038740e-11   1.000000e+00   462       227       1         0         
  227   6.307475e-19   3.195327e-09   6.835328e-11   1.000000e+00   464       228       1         0         
  228   6.171281e-19   4.758858e-09   1.451124e-10   1.000000e+00   466       229       1         0         
  229   6.063349e-19   3.265977e-09   5.110300e-11   1.000000e+00   468       230       1         0         
  230   5.995646e-19   2.734507e-09   9.393139e-12   1.000000e+00   470       231       1         0         
  231   5.859324e-19   2.969942e-09   5.809450e-11   1.000000e+00   472       232       1         0         
  232   5.801372e-19   5.360918e-09   7.898660e-11   1.000000e+00   474       233       1         0         
  233   5.717173e-19   2.874397e-09   2.132718e-11   1.000000e+00   476       234       1         0         
  234   5.620525e-19   2.095891e-09   4.956124e-11   1.000000e+00   478       235       1         0         
  235   5.540990e-19   2.571424e-09   5.299399e-11   1.000000e+00   480       236       1         0         
  236   5.392869e-19   3.958965e-09   9.135775e-11   1.000000e+00   482       237       1         0         
  237   5.284011e-19   5.795762e-09   1.997588e-10   1.000000e+00   484       238       1         0         
  238   5.141537e-19   2.435851e-09   3.678639e-11   1.000000e+00   486       239       1         0         
  239   5.056516e-19   2.635578e-09   1.195352e-11   1.000000e+00   488       240       1         0         
  240   4.936043e-19   3.546416e-09   6.619692e-11   1.000000e+00   490       241       1         0         
  241   4.910283e-19   8.787844e-09   1.574142e-10   1.000000e+00   492       242       1         0         
  242   4.713864e-19   2.963212e-09   6.507578e-11   1.000000e+00   494       243       1         0         
  243   4.653858e-19   1.907549e-09   3.660706e-11   1.000000e+00   496       244       1         0         
  244   4.596432e-19   2.219738e-09   5.285734e-11   1.000000e+00   498       245       1         0         
  245   4.502526e-19   2.649837e-09   7.212551e-11   1.000000e+00   500       246       1         0         
  246   4.458009e-19   3.601028e-09   6.640567e-11   3.889442e-01   503       247       2         0         
  247   4.390155e-19   1.759254e-09   3.610411e-11   1.000000e+00   505       248       1         0         
  248   4.348305e-19   1.627794e-09   2.139557e-11   1.000000e+00   507       249       1         0         
  249   4.292398e-19   2.458358e-09   3.842685e-11   1.000000e+00   509       250       1         0         
  250   4.242797e-19   3.746260e-09   7.205681e-11   1.000000e+00   511       251       1         0         
  251   4.181003e-19   2.038478e-09   2.388052e-11   1.000000e+00   513       252       1         0         
  252   4.124348e-19   1.779238e-09   3.622108e-11   1.000000e+00   515       253       1         0         
  253   4.081689e-19   1.966876e-09   3.154282e-11   1.000000e+00   517       254       1         0         
  254   4.049166e-19   4.718568e-09   6.618593e-11   1.000000e+00   519       255       1         0         
  255   3.980838e-19   1.504664e-09   2.082870e-11   1.000000e+00   521       256       1         0         
  256   3.960853e-19   1.254273e-09   8.870549e-12   1.000000e+00   523       257       1         0         
  257   3.926577e-19   1.718199e-09   1.503562e-11   1.000000e+00   525       258       1         0         
  258   3.887372e-19   2.933830e-09   2.975797e-11   1.000000e+00   527       259       1         0         
  259   3.838020e-19   1.841801e-09   3.620211e-11   1.000000e+00   529       260       1         0         
  260   3.791116e-19   1.445647e-09   3.196748e-11   1.000000e+00   531       261       1         0         
  261   3.745633e-19   2.330738e-09   3.397066e-11   1.000000e+00   533       262       1         0         
  262   3.697432e-19   2.116264e-09   3.682450e-11   1.000000e+00   535       263       1         0         
  263   3.642442e-19   1.871139e-09   2.961535e-11   1.000000e+00   537       264       1         0         
  264   3.577458e-19   4.667794e-09   8.118833e-11   1.000000e+00   539       265       1         0         
  265   3.495657e-19   2.214123e-09   2.101355e-11   1.000000e+00   541       266       1         0         
  266   3.454194e-19   2.031689e-09   9.862915e-12   1.000000e+00   543       267       1         0         
  267   3.362295e-19   2.537499e-09   5.752373e-11   1.000000e+00   545       268       1         0         
  268   3.332919e-19   5.729036e-09   8.282136e-11   1.000000e+00   547       269       1         0         
  269   3.248791e-19   2.413640e-09   9.968648e-12   1.000000e+00   549       270       1         0         
  270   3.193097e-19   1.746855e-09   2.752930e-11   1.000000e+00   551       271       1         0         
  271   3.120581e-19   2.492105e-09   5.331499e-11   1.000000e+00   553       272       1         0         
  272   3.016801e-19   2.825785e-09   7.787469e-11   1.000000e+00   555       273       1         0         
  273   2.965464e-19   4.846719e-09   7.701231e-11   3.673289e-01   558       274       2         0         
  274   2.850138e-19   2.385444e-09   8.550667e-11   1.000000e+00   560       275       1         0         
  275   2.783521e-19   1.581577e-09   5.185270e-11   1.000000e+00   562       276       1         0         
  276   2.719969e-19   2.143979e-09   6.419917e-11   1.000000e+00   564       277       1         0         
  277   2.698314e-19   4.204201e-09   7.700766e-11   1.000000e+00   566       278       1         0         
  278   2.647885e-19   1.633386e-09   5.673125e-12   1.000000e+00   568       279       1         0         
  279   2.621472e-19   1.316493e-09   1.110924e-11   1.000000e+00   570       280       1         0         
  280   2.592519e-19   1.635611e-09   3.094672e-11   1.000000e+00   572       281       1         0         
  281   2.547274e-19   1.768043e-09   5.018210e-11   1.000000e+00   574       282       1         0         
  282   2.519096e-19   2.949590e-09   5.677371e-11   4.094897e-01   577       283       2         0         
  283   2.472364e-19   1.397873e-09   4.668268e-11   1.000000e+00   579       284       1         0         
  284   2.442272e-19   1.377948e-09   3.253865e-11   1.000000e+00   581       285       1         0         
  285   2.404926e-19   1.687396e-09   3.871251e-11   1.000000e+00   583       286       1         0         
  286   2.383897e-19   2.461623e-09   3.291255e-11   4.501044e-01   586       287       2         0         
  287   2.352874e-19   1.347676e-09   2.372431e-11   1.000000e+00   588       288       1         0         
  288   2.328883e-19   1.154703e-09   2.084023e-11   1.000000e+00   590       289       1         0         
  289   2.306709e-19   1.803005e-09   3.222844e-11   1.000000e+00   592       290       1         0         
  290   2.281247e-19   1.730373e-09   3.540002e-11   1.000000e+00   594       291       1         0         
  291   2.255183e-19   1.292379e-09   2.979607e-11   1.000000e+00   596       292       1         0         
  292   2.226634e-19   1.923278e-09   5.707867e-11   1.000000e+00   598       293       1         0         
  293   2.207577e-19   1.510027e-09   1.387896e-11   1.000000e+00   600       294       1         0         
  294   2.195411e-19   1.177788e-09   3.886827e-12   1.000000e+00   602       295       1         0         
  295   2.172942e-19   1.454279e-09   2.141127e-11   1.000000e+00   604       296       1         0         
  296   2.158053e-19   1.584960e-09   1.925283e-11   1.000000e+00   606       297       1         0         
  297   2.143564e-19   1.342957e-09   1.569752e-11   1.000000e+00   608       298       1         0         
  298   2.114128e-19   2.089959e-09   6.693378e-11   1.000000e+00   610       299       1         0         
  299   2.094867e-19   1.782647e-09   1.472830e-11   1.000000e+00   612       300       1         0         
  300   2.082524e-19   1.295094e-09   5.371355e-12   1.000000e+00   614       301       1         0         
  301   2.050725e-19   9.772550e-10   2.810201e-11   1.000000e+00   616       302       1         0         
  302   2.034604e-19   1.375160e-09   2.675548e-11   1.000000e+00   618       303       1         0         
  303   2.013733e-19   1.005904e-09   3.390683e-11   1.000000e+00   620       304       1         0         
  304   1.998913e-19   1.362816e-09   2.858603e-11   1.000000e+00   622       305       1         0         
  305   1.985645e-19   9.102101e-10   2.051409e-11   1.000000e+00   624       306       1         0         
  306   1.975514e-19   8.913054e-10   8.908658e-12   1.000000e+00   626       307       1         0         
  307   1.964890e-19   1.461134e-09   1.753427e-11   1.000000e+00   628       308       1         0         
  308   1.952518e-19   8.775321e-10   1.563005e-11   1.000000e+00   630       309       1         0         
  309   1.939914e-19   1.027088e-09   2.446507e-11   1.000000e+00   632       310       1         0         
  310   1.922587e-19   1.280860e-09   3.199153e-11   1.000000e+00   634       311       1         0         
  311   1.912592e-19   3.115781e-09   6.716936e-11   1.000000e+00   636       312       1         0         
  312   1.885305e-19   1.175128e-09   5.589796e-12   1.000000e+00   638       313       1         0         
  313   1.871303e-19   9.781525e-10   6.384509e-12   1.000000e+00   640       314       1         0         
  314   1.852632e-19   1.387025e-09   1.983764e-11   1.000000e+00   642       315       1         0         
  315   1.821990e-19   1.761591e-09   4.261936e-11   1.000000e+00   644       316       1         0         
  316   1.813422e-19   4.700302e-09   1.086150e-10   1.000000e+00   646       317       1         0         
  317   1.754674e-19   1.307136e-09   7.087984e-12   1.000000e+00   648       318       1         0         
  318   1.740035e-19   1.045481e-09   5.893215e-12   1.000000e+00   650       319       1         0         
  319   1.718621e-19   1.281962e-09   2.400859e-11   1.000000e+00   652       320       1         0         
  320   1.687556e-19   1.540363e-09   3.937204e-11   1.000000e+00   654       321       1         0         
  321   1.674223e-19   4.113406e-09   1.076485e-10   1.000000e+00   656       322       1         0         
  322   1.624690e-19   1.193964e-09   8.400595e-12   1.000000e+00   658       323       1         0         
  323   1.610686e-19   1.063541e-09   3.973624e-12   1.000000e+00   660       324       1         0         
  324   1.586481e-19   1.316384e-09   2.575608e-11   1.000000e+00   662       325       1         0         
  325   1.563347e-19   2.734210e-09   4.736781e-11   1.000000e+00   664       326       1         0         
  326   1.532335e-19   1.192455e-09   3.728862e-11   1.000000e+00   666       327       1         0         
  327   1.515226e-19   9.777031e-10   2.696583e-11   1.000000e+00   668       328       1         0         
  328   1.497935e-19   1.351181e-09   2.475769e-11   1.000000e+00   670       329       1         0         
  329   1.477770e-19   2.199905e-09   5.262959e-11   1.000000e+00   672       330       1         0         
  330   1.455742e-19   1.283913e-09   1.535267e-11   1.000000e+00   674       331       1         0         
  331   1.434842e-19   1.063197e-09   2.827906e-11   1.000000e+00   676       332       1         0         
  332   1.418354e-19   1.300975e-09   2.655342e-11   1.000000e+00   678       333       1         0         
  333   1.394286e-19   2.070337e-09   6.201567e-11   1.000000e+00   680       334       1         0         
  334   1.368119e-19   1.405430e-09   4.133377e-11   1.000000e+00   682       335       1         0         
  335   1.344410e-19   1.244226e-09   3.795392e-11   1.000000e+00   684       336       1         0         
  336   1.321900e-19   1.940425e-09   4.695912e-11   1.000000e+00   686       337       1         0         
  337   1.297409e-19   1.574245e-09   4.498612e-11   1.000000e+00   688       338       1         0         
  338   1.273460e-19   1.328840e-09   3.276862e-11   1.000000e+00   690       339       1         0         
  339   1.246109e-19   2.202817e-09   7.137753e-11   1.000000e+00   692       340       1         0         
  340   1.222601e-19   1.522278e-09   3.034189e-11   1.000000e+00   694       341       1         0         
  341   1.206081e-19   1.391256e-09   1.468565e-11   1.000000e+00   696       342       1         0         
  342   1.173234e-19   1.861946e-09   6.160356e-11   1.000000e+00   698       343       1         0         
  343   1.164420e-19   2.714063e-09   4.939509e-11   1.000000e+00   700       344       1         0         
  344   1.145046e-19   1.216615e-09   1.991158e-12   1.000000e+00   702       345       1         0         
  345   1.130426e-19   9.095782e-10   1.366170e-11   1.000000e+00   704       346       1         0         
  346   1.111283e-19   1.376296e-09   3.317926e-11   1.000000e+00   706       347       1         0         
  347   1.086301e-19   1.498164e-09   4.428998e-11   1.000000e+00   708       348       1         0         
  348   1.076287e-19   2.466603e-09   3.329484e-11   3.121664e-01   711       349       2         0         
  349   1.050047e-19   1.172465e-09   3.857747e-11   1.000000e+00   713       350       1         0         
  350   1.034166e-19   8.810866e-10   2.734863e-11   1.000000e+00   715       351       1         0         
  351   1.016370e-19   1.299445e-09   3.101828e-11   1.000000e+00   717       352       1         0         
  352   1.003008e-19   2.379425e-09   4.206248e-11   1.000000e+00   719       353       1         0         
  353   9.810203e-20   1.263914e-09   2.100231e-11   1.000000e+00   721       354       1         0         
  354   9.626470e-20   1.027489e-09   1.450731e-11   1.000000e+00   723       355       1         0         
  355   9.492255e-20   1.119850e-09   2.188936e-11   1.000000e+00   725       356       1         0         
  356   9.386438e-20   2.467252e-09   4.947022e-11   1.000000e+00   727       357       1         0         
  357   9.181002e-20   1.095710e-09   2.384701e-11   1.000000e+00   729       358       1         0         
  358   9.040316e-20   9.888570e-10   2.101319e-11   1.000000e+00   731       359       1         0         
  359   8.891135e-20   1.221811e-09   2.598621e-11   1.000000e+00   733       360       1         0         
  360   8.731331e-20   1.922140e-09   4.126297e-11   1.000000e+00   735       361       1         0         
  361   8.547140e-20   9.416544e-10   3.162724e-11   1.000000e+00   737       362       1         0         
  362   8.440968e-20   7.753117e-10   8.497785e-12   1.000000e+00   739       363       1         0         
  363   8.303600e-20   1.174206e-09   2.162341e-11   1.000000e+00   741       364       1         0         
  364   8.276593e-20   2.124703e-09   2.898624e-11   1.000000e+00   743       365       1         0         
  365   8.155061e-20   8.196077e-10   4.302400e-12   1.000000e+00   745       366       1         0         
  366   8.097681e-20   5.712325e-10   1.098125e-11   1.000000e+00   747       367       1         0         
  367   8.048228e-20   7.109356e-10   1.363940e-11   1.000000e+00   749       368       1         0         
  368   7.968024e-20   7.801347e-10   1.680294e-11   1.000000e+00   751       369       1         0         
  369   7.933418e-20   1.191752e-09   1.250119e-11   3.509553e-01   754       370       2         0         
  370   7.866879e-20   5.306424e-10   9.035264e-12   1.000000e+00   756       371       1         0         
  371   7.834901e-20   4.364512e-10   2.786343e-12   1.000000e+00   758       372       1         0         
  372   7.794909e-20   5.470126e-10   4.119728e-12   1.000000e+00   760       373       1         0         
  373   7.776473e-20   1.209197e-09   8.762905e-12   1.000000e+00   762       374       1         0         
  374   7.730512e-20   4.945063e-10   3.123986e-12   1.000000e+00   764       375       1         0         
  375   7.702644e-20   4.354110e-10   5.994415e-12   1.000000e+00   766       376       1         0         
  376   7.669015e-20   5.854225e-10   9.177408e-12   1.000000e+00   768       377       1         0         
  377   7.613270e-20   7.204765e-10   1.232785e-11   1.000000e+00   770       378       1         0         
  378   7.593981e-20   1.677431e-09   2.518069e-11   1.000000e+00   772       379       1         0         
  379   7.515207e-20   4.794226e-10   5.941140e-12   1.000000e+00   774       380       1         0         
  380   7.493275e-20   4.439897e-10   2.699679e-12   1.000000e+00   776       381       1         0         
  381   7.450791e-20   5.981618e-10   4.657142e-12   1.000000e+00   778       382       1         0         
  382   7.382214e-20   7.661054e-10   1.163329e-11   1.000000e+00   780       383       1         0         
  383   7.372629e-20   2.092432e-09   3.276056e-11   1.000000e+00   782       384       1         0         
  384   7.260657e-20   5.025135e-10   4.714047e-12   1.000000e+00   784       385       1         0         
  385   7.237110e-20   4.383143e-10   3.499210e-12   1.000000e+00   786       386       1         0         
  386   7.184571e-20   6.154169e-10   1.121475e-11   1.000000e+00   788       387       1         0         
  387   7.125566e-20   9.405150e-10   1.472267e-11   1.000000e+00   790       388       1         0         
  388   7.048535e-20   6.730409e-10   1.823140e-11   1.000000e+00   792       389       1         0         
  389   6.991990e-20   5.204942e-10   8.197815e-12   1.000000e+00   794       390       1         0         
  390   6.912493e-20   9.871215e-10   1.451697e-11   1.000000e+00   796       391       1         0         
  391   6.845885e-20   9.895520e-10   1.222172e-11   1.000000e+00   798       392       1         0         
  392   6.769092e-20   8.218126e-10   1.312505e-11   1.000000e+00   800       393       1         0         
  393   6.625079e-20   1.455398e-09   4.522383e-11   1.000000e+00   802       394       1         0         
  394   6.521181e-20   1.200603e-09   2.120904e-11   1.000000e+00   804       395       1         0         
  395   6.463133e-20   9.396711e-10   2.480566e-12   1.000000e+00   806       396       1         0         
  396   6.227825e-20   8.722636e-10   3.634677e-11   1.000000e+00   808       397       1         0         
  397   6.118910e-20   1.751694e-09   3.854743e-11   1.000000e+00   810       398       1         0         
  398   5.984400e-20   1.138199e-09   2.318738e-11   1.000000e+00   812       399       1         0         
  399   5.763483e-20   8.284923e-10   5.407450e-11   1.000000e+00   814       400       1         0         
  400   5.638032e-20   1.044519e-09   3.447620e-11   1.000000e+00   816       401       1         0         
  401   5.465593e-20   1.702143e-09   7.303945e-11   1.000000e+00   818       402       1         0         
  402   5.311898e-20   9.863798e-10   1.777794e-11   1.000000e+00   820       403       1         0         
  403   5.185098e-20   1.009766e-09   1.592876e-11   1.000000e+00   822       404       1         0         
  404   5.037670e-20   1.306114e-09   3.311324e-11   1.000000e+00   824       405       1         0         
  405   4.894470e-20   2.219987e-09   8.330509e-11   1.000000e+00   826       406       1         0         
  406   4.704654e-20   1.076878e-09   1.628580e-11   1.000000e+00   828       407       1         0         
  407   4.516580e-20   1.177216e-09   5.314333e-11   1.000000e+00   830       408       1         0         
  408   4.355652e-20   1.380114e-09   5.375387e-11   1.000000e+00   832       409       1         0         
  409   4.099470e-20   2.212797e-09   1.075548e-10   1.000000e+00   834       410       1         0         
  410   3.956621e-20   1.962231e-09   1.024727e-10   1.000000e+00   836       411       1         0         
  411   3.815171e-20   7.517273e-10   2.109177e-11   1.000000e+00   838       412       1         0         
  412   3.760143e-20   7.249243e-10   8.156979e-12   1.000000e+00   840       413       1         0         
  413   3.689343e-20   8.449214e-10   1.178362e-11   1.000000e+00   842       414       1         0         
  414   3.668879e-20   2.048659e-09   4.210611e-11   1.000000e+00   844       415       1         0         
  415   3.559999e-20   5.463698e-10   1.696357e-11   1.000000e+00   846       416       1         0         
  416   3.539786e-20   4.247879e-10   1.298242e-11   1.000000e+00   848       417       1         0         
  417   3.507866e-20   5.371489e-10   2.319981e-11   1.000000e+00   850       418       1         0         
  418   3.471018e-20   7.622330e-10   1.918684e-11   1.000000e+00   852       419       1         0         
  419   3.430118e-20   6.889993e-10   2.078590e-11   1.000000e+00   854       420       1         0         
  420   3.395230e-20   4.158142e-10   6.456340e-12   1.000000e+00   856       421       1         0         
  421   3.364709e-20   4.839988e-10   9.904572e-12   1.000000e+00   858       422       1         0         
  422   3.346492e-20   5.667800e-10   3.708693e-12   1.000000e+00   860       423       1         0         
  423   3.323394e-20   3.966069e-10   1.073012e-11   1.000000e+00   862       424       1         0         
  424   3.298704e-20   4.916939e-10   2.078866e-11   1.000000e+00   864       425       1         0         
  425   3.282672e-20   5.280859e-10   1.525637e-11   1.000000e+00   866       426       1         0         
  426   3.268058e-20   4.040652e-10   1.752603e-12   1.000000e+00   868       427       1         0         
  427   3.237670e-20   4.066000e-10   8.326438e-12   1.000000e+00   870       428       1         0         
  428   3.224638e-20   5.898475e-10   3.563525e-12   1.000000e+00   872       429       1         0         
  429   3.212085e-20   3.977963e-10   1.815840e-12   1.000000e+00   874       430       1         0         
  430   3.185571e-20   3.074883e-10   1.030971e-11   1.000000e+00   876       431       1         0         
  431   3.172311e-20   3.450111e-10   6.116997e-12   1.000000e+00   878       432       1         0         
  432   3.156250e-20   8.725159e-10   1.888939e-11   1.000000e+00   880       433       1         0         
  433   3.130831e-20   3.161078e-10   1.271972e-12   1.000000e+00   882       434       1         0         
  434   3.122593e-20   2.965868e-10   3.475288e-12   1.000000e+00   884       435       1         0         
  435   3.101216e-20   4.279630e-10   4.848674e-12   1.000000e+00   886       436       1         0         
  436   3.082332e-20   9.684627e-10   8.947295e-12   1.000000e+00   888       437       1         0         
  437   3.052140e-20   4.713837e-10   5.457901e-12   1.000000e+00   890       438       1         0         
  438   3.023797e-20   3.827851e-10   1.248472e-11   1.000000e+00   892       439       1         0         
  439   3.000630e-20   4.768185e-10   1.208572e-11   1.000000e+00   894       440       1         0         
  440   2.953410e-20   6.467091e-10   2.025074e-11   1.000000e+00   896       441       1         0         
  441   2.925772e-20   7.175985e-10   1.738487e-11   4.775113e-01   899       442       2         0         
  442   2.897679e-20   3.858369e-10   5.640677e-12   1.000000e+00   901       443       1         0         
  443   2.875115e-20   4.125712e-10   3.741742e-12   1.000000e+00   903       444       1         0         
  444   2.849752e-20   5.733640e-10   7.047569e-12   1.000000e+00   905       445       1         0         
  445   2.820163e-20   8.866991e-10   1.710485e-11   1.000000e+00   907       446       1         0         
  446   2.786964e-20   4.558279e-10   1.118452e-11   1.000000e+00   909       447       1         0         
  447   2.766612e-20   3.786177e-10   9.207853e-12   1.000000e+00   911       448       1         0         
  448   2.748892e-20   4.521246e-10   9.010850e-12   1.000000e+00   913       449       1         0         
  449   2.723796e-20   7.448753e-10   1.532140e-11   1.000000e+00   915       450       1         0         
  450   2.694814e-20   4.679411e-10   9.230763e-12   1.000000e+00   917       451       1         0         
  451   2.670900e-20   3.728945e-10   4.619779e-12   1.000000e+00   919       452       1         0         
  452   2.644646e-20   4.917979e-10   6.740952e-12   1.000000e+00   921       453       1         0         
  453   2.618710e-20   7.090833e-10   1.093214e-11   1.000000e+00   923       454       1         0         
  454   2.590172e-20   4.815501e-10   9.484046e-12   1.000000e+00   925       455       1         0         
  455   2.555991e-20   4.166395e-10   1.626220e-11   1.000000e+00   927       456       1         0         
  456   2.535827e-20   6.289502e-10   1.269680e-11   1.000000e+00   929       457       1         0         
  457   2.511924e-20   5.156453e-10   9.344010e-12   1.000000e+00   931       458       1         0         
  458   2.465983e-20   4.929396e-10   1.880691e-11   1.000000e+00   933       459       1         0         
  459   2.438726e-20   8.542265e-10   1.899963e-11   1.000000e+00   935       460       1         0         
  460   2.409068e-20   4.956028e-10   3.420084e-12   1.000000e+00   937       461       1         0         
  461   2.374930e-20   4.567950e-10   8.473228e-12   1.000000e+00   939       462       1         0         
  462   2.347797e-20   5.185593e-10   1.158542e-11   1.000000e+00   941       463       1         0         
  463   2.314116e-20   1.118678e-09   2.880462e-11   1.000000e+00   943       464       1         0         
  464   2.266219e-20   4.985322e-10   1.520323e-11   1.000000e+00   945       465       1         0         
  465   2.234386e-20   4.520845e-10   1.186937e-11   1.000000e+00   947       466       1         0         
  466   2.192247e-20   5.966492e-10   1.900173e-11   1.000000e+00   949       467       1         0         
  467   2.138078e-20   9.976964e-10   2.937562e-11   1.000000e+00   951       468       1         0         
  468   2.058034e-20   7.233080e-10   4.116877e-11   1.000000e+00   953       469       1         0         
  469   1.980744e-20   6.878400e-10   3.095838e-11   1.000000e+00   955       470       1         0         
  470   1.901652e-20   1.073101e-09   5.249893e-11   1.000000e+00   957       471       1         0         
  471   1.843603e-20   7.227353e-10   1.322787e-11   1.000000e+00   959       472       1         0         
  472   1.801745e-20   5.789732e-10   1.293406e-11   1.000000e+00   961       473       1         0         
  473   1.765095e-20   6.967679e-10   2.667852e-11   1.000000e+00   963       474       1         0         
  474   1.740348e-20   5.905444e-10   2.337908e-11   1.000000e+00   965       475       1         0         
  475   1.723555e-20   4.208977e-10   6.033684e-12   1.000000e+00   967       476       1         0         
  476   1.695828e-20   4.004765e-10   1.402081e-11   1.000000e+00   969       477       1         0         
  477   1.679727e-20   5.169469e-10   9.606844e-12   1.000000e+00   971       478       1         0         
  478   1.658026e-20   4.116102e-10   9.672788e-12   1.000000e+00   973       479       1         0         
  479   1.637657e-20   6.786191e-10   1.674533e-11   1.000000e+00   975       480       1         0         
  480   1.617190e-20   3.803108e-10   8.357828e-12   1.000000e+00   977       481       1         0         
  481   1.605231e-20   3.506488e-10   4.292592e-12   1.000000e+00   979       482       1         0         
  482   1.582765e-20   5.167523e-10   1.686599e-11   1.000000e+00   981       483       1         0         
  483   1.570163e-20   7.393822e-10   1.964236e-11   1.000000e+00   983       484       1         0         
  484   1.553267e-20   3.580468e-10   8.660309e-13   1.000000e+00   985       485       1         0         
  485   1.538668e-20   2.839816e-10   5.933910e-12   1.000000e+00   987       486       1         0         
  486   1.526441e-20   3.244996e-10   7.680241e-12   1.000000e+00   989       487       1         0         
  487   1.509644e-20   6.988229e-10   1.510884e-11   1.000000e+00   991       488       1         0         
  488   1.489055e-20   3.071140e-10   1.452875e-11   1.000000e+00   993       489       1         0         
  489   1.479284e-20   2.557475e-10   5.250355e-12   1.000000e+00   995       490       1         0         
  490   1.464145e-20   3.273438e-10   9.798634e-12   1.000000e+00   997       491       1         0         
  491   1.458906e-20   7.788605e-10   1.425553e-11   1.000000e+00   999       492       1         0         
  492   1.441881e-20   3.216652e-10   1.261961e-12   1.000000e+00   1001      493       1         0         
  493   1.430455e-20   2.527417e-10   2.767767e-12   1.000000e+00   1003      494       1         0         
  494   1.417399e-20   3.449170e-10   6.461399e-12   1.000000e+00   1005      495       1         0         
  495   1.396412e-20   3.840034e-10   1.115821e-11   1.000000e+00   1007      496       1         0         
  496   1.387167e-20   6.535044e-10   1.003748e-11   3.156402e-01   1010      497       2         0         
  497   1.364873e-20   3.264960e-10   1.221023e-11   1.000000e+00   1012      498       1         0         
  498   1.349752e-20   2.660326e-10   8.812515e-12   1.000000e+00   1014      499       1         0         
  499   1.327095e-20   4.152080e-10   1.439270e-11   1.000000e+00   1016      500       1         0         
  500   1.310003e-20   8.022883e-10   1.997910e-11   1.000000e+00   1018      501       1         0         
Optimization Terminated with Status: Iteration Limit Exceeded
