[MetricOpStats] ParamMass_M  (rows=9512)
  row_sum       min=2.0202e-07  max=0.00396  mean=0.00131916  max/|min|=19602
  |row_sum|     min=2.0202e-07  max=0.00396  mean=0.00131916  max/min=19602
  diag          min=8.97868e-08  max=0.00176  mean=0.000586293  nonpos=0
  max_abs_entry=0.00176
[MetricOpStats] ParamStiffness_K  (rows=9512)
  row_sum       min=-5.96046e-08  max=5.21541e-08  mean=3.50021e-09  max/|min|=0.875
  |row_sum|     min=1.58408e+08  max=5.28e+08  mean=3.86885e+08  max/min=3.33316
  diag          min=2.64027e+07  max=1.056e+08  mean=7.03444e+07  nonpos=0
  max_abs_entry=1.056e+08
[MetricOpStats] ParamMass_M_reprint  (rows=9512)
  row_sum       min=2.0202e-07  max=0.00396  mean=0.00131916  max/|min|=19602
  |row_sum|     min=2.0202e-07  max=0.00396  mean=0.00131916  max/min=19602
  diag          min=8.97868e-08  max=0.00176  mean=0.000586293  nonpos=0
  max_abs_entry=0.00176
[MetricOpStats] K_over_M
  |row_sum| ratio  max=1.33333e+11  mean=2.93282e+11
[RieszAutoScale] mean(diag(K))/mean(diag(M)) = 1.19982e+11
[RieszMap] alpha1=1.19982e+12  alpha2=1  mode=auto_balanced  auto_amplify=10
[MetricOpStats] Hcurl_H  (rows=9512  alpha1=1.19982e+12  alpha2=1  solver=sparse_direct)
  row_sum       min=242387  max=4.75127e+09  mean=1.58275e+09  max/|min|=19602
  |row_sum|     min=1.58489e+08  max=5.06807e+09  mean=1.89908e+09  max/min=31.9775
  diag          min=2.65104e+07  max=2.21728e+09  mean=7.73788e+08  nonpos=0
  max_abs_entry=2.21728e+09
MrHyDE vector contract check (primal) errors: e[0]=0 e[1]=0 e[2]=0 e[3]=0 e[4]=0 e[5]=0 e[6]=0 e[7]=0 e[8]=0 e[9]=0 e[10]=0 e[11]=0 e[12]=0
MrHyDE vector contract check (dual) errors: e[0]=0 e[1]=1.32386e-19 e[2]=0 e[3]=0 e[4]=0 e[5]=2.41036e-20 e[6]=4.81557e-20 e[7]=0 e[8]=0 e[9]=4.76456e-22 e[10]=1.11022e-16 e[11]=1.81654e-18 e[12]=3.66726e-16
MrHyDE vector contract check: max_primal_err=0 max_dual_err=3.66726e-16 tol=1e-08

Quasi-Newton Method with Limited-Memory BFGS
Line Search: Cubic Interpolation satisfying Wolfe Conditions
-------------------------------------------------------------------------------------------------------------
Quasi-Newton status output definitions

  iter     - Number of iterates (steps taken)
  value    - Objective function value
  gnorm    - Norm of the gradient
  snorm    - Norm of the step (update to optimization vector)
  alpha    - Line search step length
  #fval    - Cumulative number of times the objective function was evaluated
  #grad    - Cumulative number of times the gradient was computed
  ls_#fval - Number of the times the objective function was evaluated during the line search
  ls_#grad - Number of the times the gradient was evaluated during the line search
-------------------------------------------------------------------------------------------------------------
  iter  value          gnorm          snorm          alpha          #fval     #grad     ls_#fval  ls_#grad  
  0     1.239900e-11   5.373216e-04   ---            ---            1         1         ---       ---       
  1     1.739495e-12   1.952147e-04   7.040207e-08   1.310241e-04   7         2         5         0         
  2     3.781439e-13   5.468531e-05   1.626992e-08   1.000000e+00   9         3         1         0         
  3     1.728014e-13   3.123631e-05   7.317944e-09   1.000000e+00   11        4         1         0         
  4     5.820439e-14   1.749480e-05   8.570480e-09   1.000000e+00   13        5         1         0         
  5     3.943758e-14   2.704510e-05   6.582996e-09   1.000000e+00   15        6         1         0         
  6     1.734716e-14   7.935965e-06   2.164161e-09   1.000000e+00   17        7         1         0         
  7     1.295007e-14   5.765048e-06   1.118630e-09   1.000000e+00   19        8         1         0         
  8     7.818638e-15   5.495871e-06   2.368358e-09   1.000000e+00   21        9         1         0         
  9     7.576232e-15   1.306213e-05   3.217794e-09   1.000000e+00   23        10        1         0         
  10    3.603195e-15   3.507882e-06   7.152137e-10   1.000000e+00   25        11        1         0         
  11    2.875860e-15   2.327339e-06   4.499156e-10   1.000000e+00   27        12        1         0         
  12    2.027588e-15   2.563925e-06   1.033228e-09   1.000000e+00   29        13        1         0         
  13    1.209849e-15   2.376965e-06   1.253344e-09   1.000000e+00   31        14        1         0         
  14    9.278164e-16   2.765870e-06   8.299957e-10   3.902109e-01   34        15        2         0         
  15    5.770320e-16   1.201471e-06   7.347161e-10   1.000000e+00   36        16        1         0         
  16    4.284125e-16   1.016825e-06   3.538410e-10   1.000000e+00   38        17        1         0         
  17    2.764723e-16   1.211505e-06   6.009067e-10   1.000000e+00   40        18        1         0         
  18    2.697454e-16   1.859769e-06   6.000630e-10   1.000000e+00   42        19        1         0         
  19    1.724176e-16   5.311593e-07   1.879770e-10   1.000000e+00   44        20        1         0         
  20    1.516555e-16   3.979026e-07   8.460059e-11   1.000000e+00   46        21        1         0         
  21    1.249369e-16   4.411908e-07   2.065936e-10   1.000000e+00   48        22        1         0         
  22    1.021433e-16   5.112213e-07   2.601450e-10   1.000000e+00   50        23        1         0         
  23    9.617345e-17   6.288630e-07   3.931219e-10   1.000000e+00   52        24        1         0         
  24    7.995190e-17   2.488204e-07   9.527095e-11   1.000000e+00   54        25        1         0         
  25    7.400900e-17   2.537068e-07   6.706159e-11   1.000000e+00   56        26        1         0         
  26    6.590754e-17   3.249407e-07   1.672035e-10   1.000000e+00   58        27        1         0         
  27    6.148294e-17   3.958294e-07   1.578535e-10   4.487868e-01   61        28        2         0         
  28    5.480794e-17   2.575136e-07   2.451758e-10   1.000000e+00   63        29        1         0         
  29    4.990296e-17   2.686911e-07   2.493249e-10   1.000000e+00   65        30        1         0         
  30    4.875110e-17   4.209606e-07   3.065246e-10   1.000000e+00   67        31        1         0         
  31    4.195673e-17   2.336167e-07   6.111473e-11   1.000000e+00   69        32        1         0         
  32    3.708205e-17   2.006028e-07   9.679722e-11   1.000000e+00   71        33        1         0         
  33    3.377608e-17   2.340432e-07   1.223455e-10   1.000000e+00   73        34        1         0         
  34    3.304039e-17   4.518920e-07   3.079497e-10   1.000000e+00   75        35        1         0         
  35    2.692085e-17   1.911705e-07   1.040166e-10   1.000000e+00   77        36        1         0         
  36    2.422348e-17   1.681857e-07   8.149397e-11   1.000000e+00   79        37        1         0         
  37    2.169949e-17   1.897412e-07   1.229350e-10   1.000000e+00   81        38        1         0         
  38    1.986509e-17   2.800939e-07   1.748826e-10   1.000000e+00   83        39        1         0         
  39    1.809459e-17   1.691157e-07   1.580061e-10   1.000000e+00   85        40        1         0         
  40    1.661402e-17   1.091633e-07   4.534102e-11   1.000000e+00   87        41        1         0         
  41    1.551849e-17   1.264799e-07   6.638063e-11   1.000000e+00   89        42        1         0         
  42    1.512937e-17   2.096172e-07   7.979300e-11   1.000000e+00   91        43        1         0         
  43    1.388491e-17   1.198180e-07   5.746385e-11   1.000000e+00   93        44        1         0         
  44    1.269393e-17   8.753706e-08   1.231873e-10   1.000000e+00   95        45        1         0         
  45    1.215648e-17   9.652746e-08   6.109921e-11   1.000000e+00   97        46        1         0         
  46    1.149933e-17   1.585541e-07   1.626694e-10   1.000000e+00   99        47        1         0         
  47    1.053665e-17   8.756204e-08   3.835342e-11   1.000000e+00   101       48        1         0         
  48    1.008515e-17   7.693879e-08   2.155514e-11   1.000000e+00   103       49        1         0         
  49    9.523297e-18   8.575639e-08   6.177336e-11   1.000000e+00   105       50        1         0         
  50    9.365903e-18   1.679759e-07   1.324162e-10   1.000000e+00   107       51        1         0         
  51    8.607991e-18   8.318375e-08   5.531588e-11   1.000000e+00   109       52        1         0         
  52    8.119560e-18   6.052520e-08   8.609803e-11   1.000000e+00   111       53        1         0         
  53    7.834570e-18   6.658788e-08   6.429748e-11   1.000000e+00   113       54        1         0         
  54    7.355792e-18   1.094130e-07   1.761784e-10   1.000000e+00   115       55        1         0         
  55    7.077356e-18   6.718973e-08   1.154954e-10   4.528156e-01   118       56        2         0         
  56    6.979291e-18   6.071914e-08   1.273640e-10   1.000000e+00   120       57        1         0         
  57    6.874753e-18   7.063854e-08   7.527693e-11   4.859256e-01   123       58        2         0         
  58    6.717337e-18   7.203845e-08   1.122643e-10   4.684229e-01   126       59        2         0         
  59    6.520144e-18   8.399885e-08   8.880545e-11   4.906206e-01   129       60        2         0         
  60    6.325171e-18   8.844518e-08   8.144097e-11   4.377804e-01   132       61        2         0         
  61    6.117434e-18   7.963931e-08   1.191911e-10   1.000000e+00   134       62        1         0         
  62    5.834226e-18   1.208637e-07   8.327627e-11   1.000000e+00   136       63        1         0         
  63    5.103813e-18   8.356525e-08   1.276203e-10   1.000000e+00   138       64        1         0         
  64    4.814900e-18   1.086087e-07   1.260341e-10   1.000000e+00   140       65        1         0         
  65    4.597665e-18   9.300073e-08   2.839792e-11   1.000000e+00   142       66        1         0         
  66    4.253148e-18   4.778205e-08   5.265862e-11   1.000000e+00   144       67        1         0         
  67    4.117974e-18   3.968724e-08   7.574124e-11   1.000000e+00   146       68        1         0         
  68    4.103713e-18   4.723851e-08   3.495329e-11   4.742542e-01   149       69        2         0         
  69    4.098689e-18   5.583980e-08   5.778470e-11   4.152177e-01   152       70        2         0         
  70    4.047602e-18   4.205760e-08   5.056937e-11   4.730869e-01   155       71        2         0         
  71    3.988391e-18   5.218160e-08   6.089871e-11   1.000000e+00   157       72        1         0         
  72    3.949799e-18   8.173399e-08   4.813215e-11   1.000000e+00   159       73        1         0         
  73    3.673471e-18   4.898410e-08   3.643079e-11   1.000000e+00   161       74        1         0         
  74    3.445433e-18   3.530445e-08   6.676777e-11   1.000000e+00   163       75        1         0         
  75    3.375102e-18   6.006902e-08   6.720625e-11   1.000000e+00   165       76        1         0         
  76    3.266607e-18   5.890595e-08   1.103037e-10   1.000000e+00   167       77        1         0         
  77    3.225194e-18   8.018716e-08   1.081601e-10   4.293250e-01   170       78        2         0         
  78    3.204895e-18   6.316654e-08   2.528214e-10   1.000000e+00   172       79        1         0         
  79    3.041737e-18   7.932695e-08   4.460507e-11   1.000000e+00   174       80        1         0         
  80    2.780151e-18   6.424974e-08   7.152779e-11   1.000000e+00   176       81        1         0         
  81    2.667320e-18   5.749253e-08   5.573248e-11   4.990801e-01   179       82        2         0         
  82    2.615303e-18   5.222736e-08   7.196613e-11   1.000000e+00   181       83        1         0         
  83    2.517682e-18   4.395925e-08   4.430786e-11   1.000000e+00   183       84        1         0         
  84    2.444011e-18   4.653936e-08   1.150130e-10   1.000000e+00   185       85        1         0         
  85    2.420796e-18   5.228045e-08   4.833524e-11   4.523096e-01   188       86        2         0         
  86    2.375158e-18   3.875536e-08   1.012325e-10   1.000000e+00   190       87        1         0         
  87    2.336857e-18   4.310947e-08   2.826402e-11   4.730329e-01   193       88        2         0         
  88    2.243607e-18   4.396250e-08   5.499893e-11   1.000000e+00   195       89        1         0         
  89    2.193831e-18   5.195300e-08   4.312471e-11   4.740431e-01   198       90        2         0         
  90    2.096356e-18   4.336601e-08   9.670545e-11   1.000000e+00   200       91        1         0         
  91    2.074200e-18   5.282002e-08   4.550448e-11   4.345322e-01   203       92        2         0         
  92    2.039976e-18   5.446061e-08   1.069941e-10   1.000000e+00   205       93        1         0         
  93    2.011324e-18   6.504456e-08   4.205709e-11   4.335403e-01   208       94        2         0         
  94    1.872498e-18   5.041037e-08   7.997702e-11   1.000000e+00   210       95        1         0         
  95    1.827666e-18   5.890412e-08   2.277985e-11   3.871614e-01   213       96        2         0         
  96    1.719487e-18   4.014180e-08   5.895642e-11   1.000000e+00   215       97        1         0         
  97    1.661065e-18   4.587039e-08   2.608533e-11   1.000000e+00   217       98        1         0         
  98    1.588787e-18   3.304949e-08   1.857882e-11   1.000000e+00   219       99        1         0         
  99    1.545304e-18   2.706206e-08   3.256811e-11   1.000000e+00   221       100       1         0         
  100   1.518646e-18   2.677396e-08   3.978363e-11   4.935322e-01   224       101       2         0         
  101   1.494106e-18   2.639139e-08   3.627981e-11   4.835569e-01   227       102       2         0         
  102   1.481083e-18   3.170826e-08   4.667057e-11   1.000000e+00   229       103       1         0         
  103   1.465758e-18   2.857090e-08   2.102304e-11   4.448025e-01   232       104       2         0         
  104   1.445913e-18   2.895973e-08   4.239101e-11   1.000000e+00   234       105       1         0         
  105   1.440523e-18   3.742613e-08   2.712042e-11   4.093978e-01   237       106       2         0         
  106   1.427169e-18   2.703721e-08   5.373784e-11   1.000000e+00   239       107       1         0         
  107   1.408270e-18   2.703518e-08   1.269756e-11   4.824709e-01   242       108       2         0         
  108   1.365002e-18   2.652717e-08   3.592671e-11   1.000000e+00   244       109       1         0         
  109   1.344290e-18   3.628976e-08   5.410449e-11   1.000000e+00   246       110       1         0         
  110   1.309783e-18   2.800554e-08   5.380143e-11   1.000000e+00   248       111       1         0         
  111   1.282177e-18   1.744733e-08   7.753561e-12   1.000000e+00   250       112       1         0         
  112   1.263952e-18   1.594797e-08   1.814546e-11   1.000000e+00   252       113       1         0         
  113   1.251704e-18   2.653411e-08   2.424355e-11   1.000000e+00   254       114       1         0         
  114   1.218438e-18   2.099015e-08   3.350951e-11   1.000000e+00   256       115       1         0         
  115   1.193502e-18   3.417130e-08   7.944824e-11   1.000000e+00   258       116       1         0         
  116   1.159321e-18   2.680319e-08   4.848603e-11   1.000000e+00   260       117       1         0         
  117   1.125652e-18   2.556723e-08   2.298761e-11   1.000000e+00   262       118       1         0         
  118   1.087050e-18   4.288147e-08   6.985985e-11   1.000000e+00   264       119       1         0         
  119   1.033780e-18   2.859997e-08   5.084620e-11   1.000000e+00   266       120       1         0         
  120   1.006993e-18   1.975719e-08   2.312174e-11   1.000000e+00   268       121       1         0         
  121   9.791572e-19   1.918790e-08   1.017680e-10   1.000000e+00   270       122       1         0         
  122   9.698200e-19   2.371620e-08   4.354421e-11   4.893747e-01   273       123       2         0         
  123   9.574528e-19   2.851873e-08   1.241307e-10   1.000000e+00   275       124       1         0         
  124   9.546919e-19   3.748122e-08   5.245216e-11   3.792261e-01   278       125       2         0         
  125   9.264888e-19   3.282598e-08   8.960063e-11   1.000000e+00   280       126       1         0         
  126   9.103223e-19   4.933875e-08   6.875947e-11   1.000000e+00   282       127       1         0         
  127   8.381091e-19   2.881821e-08   4.143812e-11   1.000000e+00   284       128       1         0         
  128   8.100738e-19   2.613714e-08   6.952231e-11   1.000000e+00   286       129       1         0         
  129   7.959778e-19   2.477513e-08   3.967454e-11   4.560559e-01   289       130       2         0         
  130   7.672917e-19   1.902369e-08   1.646513e-11   1.000000e+00   291       131       1         0         
  131   7.523960e-19   2.977717e-08   5.612416e-11   1.000000e+00   293       132       1         0         
  132   7.189035e-19   1.898757e-08   7.871062e-11   1.000000e+00   295       133       1         0         
  133   7.056290e-19   1.835356e-08   6.136509e-11   1.000000e+00   297       134       1         0         
  134   6.981373e-19   1.304831e-08   1.492637e-11   4.818574e-01   300       135       2         0         
  135   6.936062e-19   1.572459e-08   2.773836e-11   1.000000e+00   302       136       1         0         
  136   6.867546e-19   2.496784e-08   2.775505e-11   1.000000e+00   304       137       1         0         
  137   6.798698e-19   2.171313e-08   7.530082e-11   1.000000e+00   306       138       1         0         
  138   6.670713e-19   1.814036e-08   7.925804e-11   1.000000e+00   308       139       1         0         
  139   6.578713e-19   1.528532e-08   6.666627e-11   4.933114e-01   311       140       2         0         
  140   6.530479e-19   1.649180e-08   4.272998e-11   4.654228e-01   314       141       2         0         
  141   6.506821e-19   1.854657e-08   5.396098e-11   1.000000e+00   316       142       1         0         
  142   6.392573e-19   1.766249e-08   2.340952e-11   1.000000e+00   318       143       1         0         
  143   6.263122e-19   1.915506e-08   3.977745e-11   1.000000e+00   320       144       1         0         
  144   6.171843e-19   2.018509e-08   2.708646e-11   4.983118e-01   323       145       2         0         
  145   6.117052e-19   1.862974e-08   5.465829e-11   1.000000e+00   325       146       1         0         
  146   6.040965e-19   2.313232e-08   1.532687e-11   1.000000e+00   327       147       1         0         
  147   5.862020e-19   1.628537e-08   1.184852e-11   1.000000e+00   329       148       1         0         
  148   5.800195e-19   1.875062e-08   4.349887e-11   1.000000e+00   331       149       1         0         
  149   5.738662e-19   1.209924e-08   2.856275e-11   4.790519e-01   334       150       2         0         
  150   5.719647e-19   1.479099e-08   6.089432e-11   1.000000e+00   336       151       1         0         
  151   5.684245e-19   1.435177e-08   4.965497e-11   1.000000e+00   338       152       1         0         
  152   5.672448e-19   1.498412e-08   1.137189e-11   2.662494e-01   341       153       2         0         
  153   5.604940e-19   8.829392e-09   1.189939e-11   1.000000e+00   343       154       1         0         
  154   5.563934e-19   1.060079e-08   1.818266e-11   1.000000e+00   345       155       1         0         
  155   5.563442e-19   1.459203e-08   2.272996e-11   1.000000e+00   347       156       1         0         
  156   5.558708e-19   1.396024e-08   4.914602e-12   1.388988e-01   351       157       3         0         
  157   5.555290e-19   1.311538e-08   7.607467e-12   1.557117e-01   355       158       3         0         
  158   5.546652e-19   1.224050e-08   1.218044e-11   1.519401e-01   359       159       3         0         
  159   5.531036e-19   1.034381e-08   1.632449e-11   1.424014e-01   363       160       3         0         
  160   5.517994e-19   9.055173e-09   1.632519e-11   1.520736e-01   367       161       3         0         
  161   5.503963e-19   8.903523e-09   1.423633e-11   1.554912e-01   371       162       3         0         
  162   5.492221e-19   9.060784e-09   1.802087e-11   1.325383e-01   375       163       3         0         
  163   5.484699e-19   1.118404e-08   4.076360e-11   4.519455e-01   378       164       2         0         
  164   5.478404e-19   1.134467e-08   9.885802e-12   1.324488e-01   382       165       3         0         
  165   5.458931e-19   1.268866e-08   3.156896e-11   4.791187e-01   385       166       2         0         
  166   5.433328e-19   1.356393e-08   1.037666e-11   1.278862e-01   389       167       3         0         
  167   5.298301e-19   1.492464e-08   6.008956e-11   1.000000e+00   391       168       1         0         
  168   5.223212e-19   2.315204e-08   3.126738e-11   3.497838e-01   394       169       2         0         
  169   4.878166e-19   1.823678e-08   6.254004e-11   1.000000e+00   396       170       1         0         
  170   4.509969e-19   2.328886e-08   1.522953e-10   1.000000e+00   398       171       1         0         
  171   4.371119e-19   1.569187e-08   6.777906e-11   4.295607e-01   401       172       2         0         
  172   4.293282e-19   1.791303e-08   2.428087e-11   1.000000e+00   403       173       1         0         
  173   4.209601e-19   2.440051e-08   3.709755e-11   1.000000e+00   405       174       1         0         
  174   4.111091e-19   1.787511e-08   2.516823e-11   4.991776e-01   408       175       2         0         
  175   4.003382e-19   1.239791e-08   4.545483e-11   1.000000e+00   410       176       1         0         
  176   3.966667e-19   1.483289e-08   4.285781e-11   1.000000e+00   412       177       1         0         
  177   3.927315e-19   1.771659e-08   1.461052e-11   1.000000e+00   414       178       1         0         
  178   3.831911e-19   1.296741e-08   4.452850e-12   1.000000e+00   416       179       1         0         
  179   3.674827e-19   1.170761e-08   2.133215e-11   1.000000e+00   418       180       1         0         
  180   3.653743e-19   1.208638e-08   1.073674e-11   4.633122e-01   421       181       2         0         
  181   3.645414e-19   1.278767e-08   3.193470e-11   1.000000e+00   423       182       1         0         
  182   3.642916e-19   1.212200e-08   8.401067e-12   1.351912e-01   427       183       3         0         
  183   3.632691e-19   1.062736e-08   1.248855e-11   1.594398e-01   431       184       3         0         
  184   3.626594e-19   1.014351e-08   1.211341e-11   1.381184e-01   435       185       3         0         
  185   3.613782e-19   8.366652e-09   1.329988e-11   1.491854e-01   439       186       3         0         
  186   3.612140e-19   8.924663e-09   2.848643e-11   4.368785e-01   442       187       2         0         
  187   3.603603e-19   6.999466e-09   7.405602e-12   1.399028e-01   446       188       3         0         
  188   3.592535e-19   6.783907e-09   1.894493e-11   4.840770e-01   449       189       2         0         
  189   3.587108e-19   1.103347e-08   1.822265e-11   3.904459e-01   452       190       2         0         
  190   3.523245e-19   9.425000e-09   3.757045e-11   1.000000e+00   454       191       1         0         
  191   3.440909e-19   1.331731e-08   3.862124e-11   1.000000e+00   456       192       1         0         
  192   3.286134e-19   8.188196e-09   5.809809e-11   1.000000e+00   458       193       1         0         
  193   3.212532e-19   1.133367e-08   3.117273e-11   1.000000e+00   460       194       1         0         
  194   3.147783e-19   8.043386e-09   1.274988e-11   1.000000e+00   462       195       1         0         
  195   3.114182e-19   6.835098e-09   2.841689e-12   1.000000e+00   464       196       1         0         
  196   3.046341e-19   8.988282e-09   2.774587e-11   1.000000e+00   466       197       1         0         
  197   3.007974e-19   8.864088e-09   2.685477e-11   4.660189e-01   469       198       2         0         
  198   2.961345e-19   7.697637e-09   3.751528e-11   1.000000e+00   471       199       1         0         
  199   2.903997e-19   1.196676e-08   9.388043e-11   1.000000e+00   473       200       1         0         
  200   2.864062e-19   7.953645e-09   5.010008e-11   4.921555e-01   476       201       2         0         
  201   2.825456e-19   1.034868e-08   4.397835e-11   1.000000e+00   478       202       1         0         
  202   2.796122e-19   1.256804e-08   3.212343e-11   4.873457e-01   481       203       2         0         
  203   2.790301e-19   1.461313e-08   3.996739e-11   4.041169e-01   484       204       2         0         
  204   2.784283e-19   1.329765e-08   3.434295e-11   4.507667e-01   487       205       2         0         
  205   2.777959e-19   1.328883e-08   1.474254e-11   1.411325e-01   491       206       3         0         
  206   2.771563e-19   1.234437e-08   6.254930e-11   4.439219e-01   494       207       2         0         
  207   2.766040e-19   1.314605e-08   1.468836e-11   1.011070e-01   498       208       3         0         
  208   2.732843e-19   1.375914e-08   3.972604e-11   4.853388e-01   501       209       2         0         
  209   2.708106e-19   1.760214e-08   3.547724e-11   4.469013e-01   504       210       2         0         
  210   2.631871e-19   1.563261e-08   4.681229e-11   1.000000e+00   506       211       1         0         
  211   2.631756e-19   2.538949e-08   1.019166e-10   1.000000e+00   508       212       1         0         
  212   2.546292e-19   2.308889e-08   1.288252e-10   1.000000e+00   510       213       1         0         
  213   2.524576e-19   2.545367e-08   2.772871e-11   2.675710e-01   513       214       2         0         
  214   2.369320e-19   8.309291e-09   2.067477e-11   1.000000e+00   515       215       1         0         
  215   2.303546e-19   4.148018e-09   3.744204e-11   1.000000e+00   517       216       1         0         
  216   2.280085e-19   3.385937e-09   2.472954e-11   1.000000e+00   519       217       1         0         
  217   2.279713e-19   3.071496e-09   1.511177e-12   1.473635e-01   523       218       3         0         
  218   2.279712e-19   3.034888e-09   4.522910e-13   1.830654e-02   529       219       5         0         
  219   2.279521e-19   2.694670e-09   5.752093e-12   1.427576e-01   533       220       3         0         
  220   2.279474e-19   2.474981e-09   5.910616e-12   1.429403e-01   537       221       3         0         
  221   2.279394e-19   2.472059e-09   2.047342e-12   4.285625e-02   542       222       4         0         
  222   2.279099e-19   2.384082e-09   2.699066e-12   5.169843e-02   547       223       4         0         
  223   2.279003e-19   3.027117e-09   6.611518e-12   1.331469e-01   551       224       3         0         
  224   2.278846e-19   2.890025e-09   2.796941e-12   4.684030e-02   556       225       4         0         
  225   2.278709e-19   3.006060e-09   2.597333e-12   4.872220e-02   561       226       4         0         
  226   2.278254e-19   3.121934e-09   2.787034e-12   4.746367e-02   566       227       4         0         
  227   2.277902e-19   3.585405e-09   7.624769e-12   1.357761e-01   570       228       3         0         
  228   2.277843e-19   3.488519e-09   2.660315e-12   4.553073e-02   575       229       4         0         
  229   2.277740e-19   3.676132e-09   2.744589e-12   5.010063e-02   580       230       4         0         
  230   2.277633e-19   3.697623e-09   1.036870e-12   1.531336e-02   586       231       5         0         
  231   2.277104e-19   4.125452e-09   9.024710e-12   1.440601e-01   590       232       3         0         
  232   2.276587e-19   4.282833e-09   2.465499e-12   3.272887e-02   595       233       4         0         
  233   2.276387e-19   4.684731e-09   8.309316e-12   1.484610e-01   599       234       3         0         
  234   2.276387e-19   4.684731e-09   0.000000e+00   0.000000e+00   620       235       20        0         
Optimization Terminated with Status: Step Tolerance Met
