[MetricOpStats] ParamMass_M  (rows=4760)
  row_sum       min=4.0404e-07  max=0.00198  mean=0.000659429  max/|min|=4900.5
  |row_sum|     min=4.0404e-07  max=0.00198  mean=0.000659429  max/min=4900.5
  diag          min=1.79574e-07  max=0.00088  mean=0.000293079  nonpos=0
  max_abs_entry=0.00088
[MetricOpStats] ParamStiffness_K  (rows=4760)
  row_sum       min=-3.35276e-08  max=2.23517e-08  mean=-1.10208e-09  max/|min|=0.666667
  |row_sum|     min=7.92162e+07  max=2.64e+08  mean=1.93296e+08  max/min=3.33265
  diag          min=1.32054e+07  max=5.28e+07  mean=3.5148e+07  nonpos=0
  max_abs_entry=5.28e+07
[MetricOpStats] ParamMass_M_reprint  (rows=4760)
  row_sum       min=4.0404e-07  max=0.00198  mean=0.000659429  max/|min|=4900.5
  |row_sum|     min=4.0404e-07  max=0.00198  mean=0.000659429  max/min=4900.5
  diag          min=1.79574e-07  max=0.00088  mean=0.000293079  nonpos=0
  max_abs_entry=0.00088
[MetricOpStats] K_over_M
  |row_sum| ratio  max=1.33333e+11  mean=2.93127e+11
[RieszAutoScale] mean(diag(K))/mean(diag(M)) = 1.19927e+11
[RieszMap] alpha1=1.19927e+17  alpha2=1  mode=auto_balanced  auto_amplify=1e+06
[MetricOpStats] Hcurl_H  (rows=4760  alpha1=1.19927e+17  alpha2=1  solver=sparse_direct)
  row_sum       min=4.84552e+10  max=2.37455e+14  mean=7.9083e+13  max/|min|=4900.5
  |row_sum|     min=4.84948e+10  max=2.37455e+14  mean=7.90831e+13  max/min=4896.5
  diag          min=2.15488e+10  max=1.05535e+14  mean=3.5148e+13  nonpos=0
  max_abs_entry=1.05535e+14
MrHyDE vector contract check (primal) errors: e[0]=0 e[1]=0 e[2]=0 e[3]=0 e[4]=0 e[5]=0 e[6]=0 e[7]=0 e[8]=0 e[9]=0 e[10]=0 e[11]=0 e[12]=0
MrHyDE vector contract check (dual) errors: e[0]=0 e[1]=2.05026e-21 e[2]=0 e[3]=0 e[4]=0 e[5]=3.2059e-22 e[6]=6.56314e-22 e[7]=0 e[8]=0 e[9]=1.87408e-25 e[10]=4.44089e-16 e[11]=1.4328e-21 e[12]=0
MrHyDE vector contract check: max_primal_err=0 max_dual_err=4.44089e-16 tol=1e-08

Quasi-Newton Method with Limited-Memory BFGS
Line Search: Cubic Interpolation satisfying Wolfe Conditions
-------------------------------------------------------------------------------------------------------------
Quasi-Newton status output definitions

  iter     - Number of iterates (steps taken)
  value    - Objective function value
  gnorm    - Norm of the gradient
  snorm    - Norm of the step (update to optimization vector)
  alpha    - Line search step length
  #fval    - Cumulative number of times the objective function was evaluated
  #grad    - Cumulative number of times the gradient was computed
  ls_#fval - Number of the times the objective function was evaluated during the line search
  ls_#grad - Number of the times the gradient was evaluated during the line search
-------------------------------------------------------------------------------------------------------------
  iter  value          gnorm          snorm          alpha          #fval     #grad     ls_#fval  ls_#grad  
  0     1.230816e-11   5.537854e-06   ---            ---            1         1         ---       ---       
  1     2.165726e-12   1.844702e-06   5.537854e-06   1.000000e+00   3         2         1         0         
  2     4.978695e-13   1.100933e-06   3.173189e-06   1.000000e+00   5         3         1         0         
  3     4.372416e-13   1.334960e-06   4.290586e-07   2.000943e-01   8         4         2         0         
  4     3.342514e-13   6.684615e-07   4.269173e-07   1.000000e+00   10        5         1         0         
  5     2.504992e-13   5.120957e-07   5.334625e-07   1.000000e+00   12        6         1         0         
  6     1.710320e-13   5.797494e-07   6.314931e-07   1.000000e+00   14        7         1         0         
  7     1.371931e-13   7.500949e-07   4.661068e-07   4.008014e-01   17        8         2         0         
  8     9.320797e-14   3.424950e-07   3.615933e-07   1.000000e+00   19        9         1         0         
  9     7.000120e-14   2.613951e-07   2.815120e-07   1.000000e+00   21        10        1         0         
  10    5.537499e-14   4.170604e-07   3.192168e-07   1.000000e+00   23        11        1         0         
  11    4.280065e-14   2.610906e-07   2.813566e-07   1.000000e+00   25        12        1         0         
  12    3.573474e-14   1.819381e-07   8.759342e-08   1.000000e+00   27        13        1         0         
  13    2.587223e-14   2.113712e-07   2.640114e-07   1.000000e+00   29        14        1         0         
  14    2.456809e-14   4.170100e-07   2.864195e-07   1.000000e+00   31        15        1         0         
  15    1.808471e-14   1.510554e-07   4.512568e-08   1.000000e+00   33        16        1         0         
  16    1.563454e-14   9.127199e-08   7.153241e-08   1.000000e+00   35        17        1         0         
  17    1.382016e-14   1.073322e-07   1.001576e-07   1.000000e+00   37        18        1         0         
  18    1.078348e-14   1.073450e-07   1.491632e-07   1.000000e+00   39        19        1         0         
  19    9.091618e-15   1.926939e-07   1.587532e-07   4.521070e-01   42        20        2         0         
  20    6.074366e-15   6.554295e-08   1.957321e-07   1.000000e+00   44        21        1         0         
  21    5.290131e-15   4.920222e-08   4.682999e-08   1.000000e+00   46        22        1         0         
  22    4.627755e-15   9.684505e-08   8.853875e-08   1.000000e+00   48        23        1         0         
  23    4.034770e-15   7.483352e-08   5.573107e-08   1.000000e+00   50        24        1         0         
  24    3.573500e-15   5.404612e-08   2.833748e-08   1.000000e+00   52        25        1         0         
  25    2.789647e-15   5.131469e-08   1.125090e-07   1.000000e+00   54        26        1         0         
  26    2.592623e-15   8.373869e-08   6.960755e-08   1.000000e+00   56        27        1         0         
  27    2.281638e-15   4.626893e-08   1.232113e-08   1.000000e+00   58        28        1         0         
  28    1.888473e-15   3.678934e-08   4.774140e-08   1.000000e+00   60        29        1         0         
  29    1.638156e-15   4.285525e-08   4.732777e-08   1.000000e+00   62        30        1         0         
  30    1.247080e-15   6.897767e-08   1.099386e-07   1.000000e+00   64        31        1         0         
  31    1.229015e-15   8.498978e-08   9.614980e-08   1.000000e+00   66        32        1         0         
  32    9.300226e-16   2.148558e-08   4.438880e-08   1.000000e+00   68        33        1         0         
  33    8.810802e-16   1.854942e-08   6.595958e-09   1.000000e+00   70        34        1         0         
  34    7.547406e-16   2.753605e-08   2.725381e-08   1.000000e+00   72        35        1         0         
  35    6.496765e-16   3.728162e-08   3.806268e-08   1.000000e+00   74        36        1         0         
  36    5.245237e-16   2.424510e-08   5.676435e-08   1.000000e+00   76        37        1         0         
  37    4.425529e-16   1.645002e-08   2.584381e-08   1.000000e+00   78        38        1         0         
  38    3.702855e-16   2.448216e-08   3.038022e-08   1.000000e+00   80        39        1         0         
  39    3.301071e-16   2.362450e-08   1.943446e-08   1.000000e+00   82        40        1         0         
  40    2.952706e-16   1.450835e-08   7.416574e-09   1.000000e+00   84        41        1         0         
  41    2.521706e-16   1.448346e-08   1.860453e-08   1.000000e+00   86        42        1         0         
  42    2.286612e-16   1.592961e-08   1.238507e-08   1.000000e+00   88        43        1         0         
  43    1.826893e-16   1.893200e-08   3.974513e-08   1.000000e+00   90        44        1         0         
  44    1.564637e-16   1.482956e-08   1.472275e-08   1.000000e+00   92        45        1         0         
  45    1.420519e-16   1.004152e-08   3.631640e-09   1.000000e+00   94        46        1         0         
  46    1.233534e-16   8.963066e-09   8.805274e-09   1.000000e+00   96        47        1         0         
  47    1.090976e-16   1.075771e-08   1.302484e-08   1.000000e+00   98        48        1         0         
  48    9.362255e-17   9.077835e-09   1.856967e-08   1.000000e+00   100       49        1         0         
  49    8.464819e-17   6.811619e-09   8.153971e-09   1.000000e+00   102       50        1         0         
  50    7.816691e-17   6.076496e-09   6.224585e-09   1.000000e+00   104       51        1         0         
  51    7.185610e-17   5.919462e-09   5.983548e-09   1.000000e+00   106       52        1         0         
  52    6.506780e-17   6.382158e-09   8.527014e-09   1.000000e+00   108       53        1         0         
  53    5.983233e-17   5.619605e-09   7.396468e-09   1.000000e+00   110       54        1         0         
  54    5.596346e-17   4.019892e-09   4.742818e-09   1.000000e+00   112       55        1         0         
  55    5.185042e-17   3.699780e-09   5.389337e-09   1.000000e+00   114       56        1         0         
  56    4.820833e-17   7.370918e-09   1.022114e-08   1.000000e+00   116       57        1         0         
  57    4.444387e-17   3.745942e-09   5.603681e-09   1.000000e+00   118       58        1         0         
  58    4.293653e-17   2.614631e-09   1.581511e-09   1.000000e+00   120       59        1         0         
  59    4.129552e-17   2.970269e-09   3.119383e-09   1.000000e+00   122       60        1         0         
  60    3.947073e-17   4.285564e-09   4.912138e-09   1.000000e+00   124       61        1         0         
  61    3.725793e-17   3.118091e-09   4.652686e-09   1.000000e+00   126       62        1         0         
  62    3.509350e-17   4.092300e-09   7.124799e-09   1.000000e+00   128       63        1         0         
  63    3.360832e-17   2.880389e-09   2.947960e-09   1.000000e+00   130       64        1         0         
  64    3.260244e-17   2.529582e-09   1.766148e-09   1.000000e+00   132       65        1         0         
  65    3.079037e-17   3.578719e-09   5.753679e-09   1.000000e+00   134       66        1         0         
  66    3.004850e-17   4.459882e-09   5.499166e-09   1.000000e+00   136       67        1         0         
  67    2.914923e-17   1.875243e-09   1.067644e-09   1.000000e+00   138       68        1         0         
  68    2.856536e-17   1.544367e-09   1.339411e-09   1.000000e+00   140       69        1         0         
  69    2.768346e-17   2.000355e-09   3.265744e-09   1.000000e+00   142       70        1         0         
  70    2.651046e-17   2.372979e-09   4.788832e-09   1.000000e+00   144       71        1         0         
  71    2.576807e-17   2.928799e-09   5.124796e-09   4.880920e-01   147       72        2         0         
  72    2.501193e-17   1.444790e-09   2.671948e-09   1.000000e+00   149       73        1         0         
  73    2.450058e-17   1.588282e-09   1.914232e-09   1.000000e+00   151       74        1         0         
  74    2.390026e-17   2.077229e-09   2.794048e-09   1.000000e+00   153       75        1         0         
  75    2.327756e-17   3.071600e-09   4.513542e-09   1.000000e+00   155       76        1         0         
  76    2.266083e-17   1.557446e-09   1.554141e-09   1.000000e+00   157       77        1         0         
  77    2.218758e-17   1.559219e-09   1.677833e-09   1.000000e+00   159       78        1         0         
  78    2.170060e-17   1.906998e-09   2.282882e-09   1.000000e+00   161       79        1         0         
  79    2.099934e-17   3.571950e-09   6.177866e-09   1.000000e+00   163       80        1         0         
  80    2.026233e-17   1.551506e-09   2.420334e-09   1.000000e+00   165       81        1         0         
  81    1.986753e-17   1.387262e-09   1.903192e-09   1.000000e+00   167       82        1         0         
  82    1.936342e-17   1.908399e-09   3.066791e-09   1.000000e+00   169       83        1         0         
  83    1.871756e-17   2.614303e-09   4.673237e-09   1.000000e+00   171       84        1         0         
  84    1.803685e-17   1.929766e-09   6.108707e-09   1.000000e+00   173       85        1         0         
  85    1.760923e-17   1.213185e-09   1.311952e-09   1.000000e+00   175       86        1         0         
  86    1.720030e-17   1.617861e-09   1.758738e-09   1.000000e+00   177       87        1         0         
  87    1.685041e-17   1.927104e-09   1.960034e-09   1.000000e+00   179       88        1         0         
  88    1.620514e-17   1.851186e-09   5.456117e-09   1.000000e+00   181       89        1         0         
  89    1.604028e-17   3.749673e-09   6.894770e-09   1.000000e+00   183       90        1         0         
  90    1.545547e-17   1.419470e-09   5.749307e-10   1.000000e+00   185       91        1         0         
  91    1.520267e-17   1.210133e-09   1.192159e-09   1.000000e+00   187       92        1         0         
  92    1.482176e-17   1.555836e-09   2.850199e-09   1.000000e+00   189       93        1         0         
  93    1.424700e-17   1.795687e-09   4.996420e-09   1.000000e+00   191       94        1         0         
  94    1.389134e-17   2.209081e-09   4.916452e-09   4.939107e-01   194       95        2         0         
  95    1.346455e-17   1.158202e-09   3.448417e-09   1.000000e+00   196       96        1         0         
  96    1.314960e-17   1.169623e-09   2.273409e-09   1.000000e+00   198       97        1         0         
  97    1.281247e-17   1.511544e-09   2.672867e-09   1.000000e+00   200       98        1         0         
  98    1.254928e-17   2.784252e-09   5.462390e-09   1.000000e+00   202       99        1         0         
  99    1.211972e-17   1.212403e-09   1.032445e-09   1.000000e+00   204       100       1         0         
  100   1.184476e-17   1.207930e-09   1.734854e-09   1.000000e+00   206       101       1         0         
  101   1.154855e-17   1.563206e-09   3.056835e-09   1.000000e+00   208       102       1         0         
  102   1.114015e-17   2.323040e-09   5.332122e-09   1.000000e+00   210       103       1         0         
  103   1.064156e-17   1.482409e-09   6.821224e-09   1.000000e+00   212       104       1         0         
  104   1.027920e-17   1.168225e-09   2.266404e-09   1.000000e+00   214       105       1         0         
  105   9.787943e-18   1.906178e-09   3.838573e-09   1.000000e+00   216       106       1         0         
  106   9.433236e-18   2.174617e-09   3.709072e-09   1.000000e+00   218       107       1         0         
  107   9.065270e-18   1.528028e-09   2.929084e-09   1.000000e+00   220       108       1         0         
  108   8.598129e-18   1.570470e-09   6.659223e-09   1.000000e+00   222       109       1         0         
  109   8.397600e-18   1.641006e-09   3.050634e-09   1.000000e+00   224       110       1         0         
  110   8.219436e-18   1.339246e-09   9.951348e-10   1.000000e+00   226       111       1         0         
  111   7.787950e-18   1.892386e-09   5.398752e-09   1.000000e+00   228       112       1         0         
  112   7.663900e-18   1.893066e-09   2.488874e-09   1.000000e+00   230       113       1         0         
  113   7.543207e-18   8.444569e-10   7.483135e-10   1.000000e+00   232       114       1         0         
  114   7.453858e-18   5.791410e-10   4.230384e-10   1.000000e+00   234       115       1         0         
  115   7.298669e-18   8.727207e-10   1.842271e-09   1.000000e+00   236       116       1         0         
  116   7.158180e-18   8.410055e-10   2.078777e-09   1.000000e+00   238       117       1         0         
  117   7.086484e-18   1.508587e-09   2.089843e-09   3.732807e-01   241       118       2         0         
  118   6.936918e-18   6.347667e-10   2.104448e-09   1.000000e+00   243       119       1         0         
  119   6.868025e-18   4.568225e-10   8.966729e-10   1.000000e+00   245       120       1         0         
  120   6.797138e-18   6.013710e-10   8.445448e-10   1.000000e+00   247       121       1         0         
  121   6.745855e-18   1.279924e-09   1.647508e-09   1.000000e+00   249       122       1         0         
  122   6.661747e-18   6.224916e-10   3.623404e-10   1.000000e+00   251       123       1         0         
  123   6.576576e-18   5.732705e-10   8.634787e-10   1.000000e+00   253       124       1         0         
  124   6.496518e-18   7.096209e-10   1.423318e-09   1.000000e+00   255       125       1         0         
  125   6.339218e-18   7.897893e-10   2.545735e-09   1.000000e+00   257       126       1         0         
  126   6.258699e-18   1.384198e-09   2.443162e-09   3.761920e-01   260       127       2         0         
  127   6.108931e-18   6.292403e-10   2.144076e-09   1.000000e+00   262       128       1         0         
  128   6.020826e-18   5.804239e-10   1.303985e-09   1.000000e+00   264       129       1         0         
  129   5.885546e-18   7.998126e-10   2.036989e-09   1.000000e+00   266       130       1         0         
  130   5.761015e-18   1.505021e-09   3.688449e-09   1.000000e+00   268       131       1         0         
  131   5.616475e-18   7.096823e-10   1.363419e-09   1.000000e+00   270       132       1         0         
  132   5.543241e-18   5.385112e-10   7.388164e-10   1.000000e+00   272       133       1         0         
  133   5.453410e-18   7.191155e-10   1.531528e-09   1.000000e+00   274       134       1         0         
  134   5.360926e-18   1.089879e-09   2.081263e-09   1.000000e+00   276       135       1         0         
  135   5.247700e-18   7.830344e-10   2.087650e-09   1.000000e+00   278       136       1         0         
  136   5.116270e-18   6.431529e-10   2.731332e-09   1.000000e+00   280       137       1         0         
  137   5.032769e-18   9.363634e-10   1.609859e-09   1.000000e+00   282       138       1         0         
  138   4.952672e-18   7.356334e-10   9.533763e-10   1.000000e+00   284       139       1         0         
  139   4.798933e-18   7.310347e-10   2.296662e-09   1.000000e+00   286       140       1         0         
  140   4.686485e-18   1.055718e-09   2.462040e-09   1.000000e+00   288       141       1         0         
  141   4.558827e-18   8.176841e-10   2.321753e-09   1.000000e+00   290       142       1         0         
  142   4.362020e-18   8.738696e-10   4.564533e-09   1.000000e+00   292       143       1         0         
  143   4.260173e-18   1.392883e-09   3.729957e-09   1.000000e+00   294       144       1         0         
  144   4.162399e-18   7.374369e-10   3.497366e-10   1.000000e+00   296       145       1         0         
  145   4.066128e-18   6.353793e-10   8.830775e-10   1.000000e+00   298       146       1         0         
  146   3.979257e-18   7.621653e-10   1.596950e-09   1.000000e+00   300       147       1         0         
  147   3.833112e-18   1.327844e-09   4.201433e-09   1.000000e+00   302       148       1         0         
  148   3.685410e-18   8.218645e-10   4.277325e-09   1.000000e+00   304       149       1         0         
  149   3.599290e-18   6.158020e-10   1.157615e-09   1.000000e+00   306       150       1         0         
  150   3.449147e-18   9.111605e-10   3.186560e-09   1.000000e+00   308       151       1         0         
  151   3.372488e-18   1.358683e-09   3.124504e-09   1.000000e+00   310       152       1         0         
  152   3.281266e-18   7.858905e-10   1.065713e-09   1.000000e+00   312       153       1         0         
  153   3.192354e-18   4.830894e-10   2.026327e-09   1.000000e+00   314       154       1         0         
  154   3.157971e-18   5.136281e-10   1.059729e-09   1.000000e+00   316       155       1         0         
  155   3.118860e-18   1.072024e-09   2.988462e-09   1.000000e+00   318       156       1         0         
  156   3.065170e-18   3.911156e-10   5.059842e-10   1.000000e+00   320       157       1         0         
  157   3.050774e-18   3.304568e-10   2.905782e-10   1.000000e+00   322       158       1         0         
  158   3.023128e-18   3.689946e-10   3.789886e-10   1.000000e+00   324       159       1         0         
  159   3.002806e-18   8.753432e-10   1.341613e-09   1.000000e+00   326       160       1         0         
  160   2.970594e-18   3.744068e-10   5.649575e-10   1.000000e+00   328       161       1         0         
  161   2.952906e-18   2.460805e-10   7.906577e-10   1.000000e+00   330       162       1         0         
  162   2.940045e-18   2.965491e-10   7.181875e-10   1.000000e+00   332       163       1         0         
  163   2.913255e-18   3.790143e-10   1.019128e-09   1.000000e+00   334       164       1         0         
  164   2.900618e-18   8.577921e-10   2.216695e-09   1.000000e+00   336       165       1         0         
  165   2.865678e-18   2.629389e-10   6.372885e-10   1.000000e+00   338       166       1         0         
  166   2.855203e-18   2.387557e-10   3.372134e-10   1.000000e+00   340       167       1         0         
  167   2.834344e-18   3.109909e-10   3.975893e-10   1.000000e+00   342       168       1         0         
  168   2.809226e-18   6.623065e-10   1.032088e-09   1.000000e+00   344       169       1         0         
  169   2.775003e-18   3.631821e-10   1.246447e-09   1.000000e+00   346       170       1         0         
  170   2.746710e-18   3.110972e-10   1.306750e-09   1.000000e+00   348       171       1         0         
  171   2.711012e-18   4.472255e-10   1.702011e-09   1.000000e+00   350       172       1         0         
  172   2.669175e-18   6.758322e-10   2.498688e-09   1.000000e+00   352       173       1         0         
  173   2.624278e-18   4.794541e-10   9.534754e-10   1.000000e+00   354       174       1         0         
  174   2.550305e-18   4.871810e-10   1.963661e-09   1.000000e+00   356       175       1         0         
  175   2.495976e-18   7.329942e-10   1.944860e-09   1.000000e+00   358       176       1         0         
  176   2.413052e-18   6.290711e-10   2.820997e-09   1.000000e+00   360       177       1         0         
  177   2.308310e-18   5.909927e-10   4.142997e-09   1.000000e+00   362       178       1         0         
  178   2.285050e-18   1.656718e-09   6.226107e-09   1.000000e+00   364       179       1         0         
  179   2.174159e-18   5.277773e-10   3.491031e-10   1.000000e+00   366       180       1         0         
  180   2.143109e-18   4.067640e-10   1.931741e-10   1.000000e+00   368       181       1         0         
  181   2.087917e-18   5.243642e-10   1.413387e-09   1.000000e+00   370       182       1         0         
  182   2.020019e-18   7.453303e-10   2.878231e-09   1.000000e+00   372       183       1         0         
  183   1.951810e-18   8.042882e-10   4.794937e-09   1.000000e+00   374       184       1         0         
  184   1.896798e-18   4.425601e-10   1.331701e-09   1.000000e+00   376       185       1         0         
  185   1.844417e-18   5.061246e-10   2.034075e-09   1.000000e+00   378       186       1         0         
  186   1.803620e-18   5.461217e-10   1.498954e-09   1.000000e+00   380       187       1         0         
  187   1.784781e-18   1.248024e-09   4.441839e-09   1.000000e+00   382       188       1         0         
  188   1.713372e-18   3.474005e-10   2.976872e-10   1.000000e+00   384       189       1         0         
  189   1.696843e-18   3.122208e-10   1.739528e-10   1.000000e+00   386       190       1         0         
  190   1.666960e-18   4.195363e-10   1.299555e-09   1.000000e+00   388       191       1         0         
  191   1.664481e-18   9.509294e-10   2.078438e-09   1.000000e+00   390       192       1         0         
  192   1.631371e-18   3.135719e-10   2.567112e-10   1.000000e+00   392       193       1         0         
  193   1.620864e-18   1.986290e-10   3.853873e-10   1.000000e+00   394       194       1         0         
  194   1.610388e-18   2.442093e-10   5.394614e-10   1.000000e+00   396       195       1         0         
  195   1.595282e-18   2.912404e-10   6.299490e-10   1.000000e+00   398       196       1         0         
  196   1.592078e-18   7.090598e-10   1.446862e-09   1.000000e+00   400       197       1         0         
  197   1.570873e-18   1.911918e-10   3.450510e-10   1.000000e+00   402       198       1         0         
  198   1.565857e-18   1.785865e-10   1.170905e-10   1.000000e+00   404       199       1         0         
  199   1.554435e-18   2.349236e-10   2.803394e-10   1.000000e+00   406       200       1         0         
  200   1.536663e-18   3.711889e-10   7.481631e-10   1.000000e+00   408       201       1         0         
  201   1.513785e-18   3.878241e-10   1.567180e-09   1.000000e+00   410       202       1         0         
  202   1.494536e-18   2.521358e-10   6.548651e-10   1.000000e+00   412       203       1         0         
  203   1.467489e-18   3.258383e-10   1.286257e-09   1.000000e+00   414       204       1         0         
  204   1.447988e-18   4.431288e-10   1.007806e-09   1.000000e+00   416       205       1         0         
  205   1.417597e-18   3.490336e-10   1.342536e-09   1.000000e+00   418       206       1         0         
  206   1.381204e-18   5.931512e-10   2.025423e-09   1.000000e+00   420       207       1         0         
  207   1.344561e-18   3.916244e-10   1.888707e-09   1.000000e+00   422       208       1         0         
  208   1.325097e-18   3.335075e-10   3.130312e-10   1.000000e+00   424       209       1         0         
  209   1.295396e-18   6.202860e-10   1.570011e-09   1.000000e+00   426       210       1         0         
  210   1.266217e-18   4.195802e-10   1.741702e-09   1.000000e+00   428       211       1         0         
  211   1.251027e-18   3.007464e-10   4.938667e-10   1.000000e+00   430       212       1         0         
  212   1.225226e-18   3.197231e-10   1.949583e-09   1.000000e+00   432       213       1         0         
  213   1.214149e-18   5.036323e-10   1.557401e-09   1.000000e+00   434       214       1         0         
  214   1.202385e-18   2.763958e-10   1.643006e-10   1.000000e+00   436       215       1         0         
  215   1.187964e-18   2.244465e-10   4.054780e-10   1.000000e+00   438       216       1         0         
  216   1.178057e-18   2.584425e-10   5.013415e-10   1.000000e+00   440       217       1         0         
  217   1.150632e-18   3.695167e-10   1.693756e-09   1.000000e+00   442       218       1         0         
  218   1.139085e-18   4.173353e-10   1.232855e-09   3.953966e-01   445       219       2         0         
  219   1.126487e-18   1.918575e-10   4.823065e-10   1.000000e+00   447       220       1         0         
  220   1.118503e-18   1.880406e-10   4.091909e-10   1.000000e+00   449       221       1         0         
  221   1.110299e-18   2.436934e-10   5.444642e-10   1.000000e+00   451       222       1         0         
  222   1.101397e-18   4.247593e-10   1.002078e-09   1.000000e+00   453       223       1         0         
  223   1.091097e-18   1.775329e-10   3.023849e-10   1.000000e+00   455       224       1         0         
  224   1.086098e-18   1.584630e-10   1.209161e-10   1.000000e+00   457       225       1         0         
  225   1.080048e-18   1.916793e-10   2.267628e-10   1.000000e+00   459       226       1         0         
  226   1.069135e-18   3.371637e-10   7.487793e-10   1.000000e+00   461       227       1         0         
  227   1.055754e-18   2.436054e-10   8.587946e-10   1.000000e+00   463       228       1         0         
  228   1.044797e-18   1.869257e-10   7.254255e-10   1.000000e+00   465       229       1         0         
  229   1.032269e-18   2.622560e-10   1.044048e-09   1.000000e+00   467       230       1         0         
  230   1.023830e-18   3.084407e-10   5.629300e-10   1.000000e+00   469       231       1         0         
  231   1.014720e-18   2.422833e-10   2.496855e-10   1.000000e+00   471       232       1         0         
  232   9.961190e-19   2.335043e-10   9.951735e-10   1.000000e+00   473       233       1         0         
  233   9.854805e-19   3.371062e-10   8.327461e-10   1.000000e+00   475       234       1         0         
  234   9.731510e-19   2.593364e-10   7.818341e-10   1.000000e+00   477       235       1         0         
  235   9.534444e-19   2.583174e-10   1.543324e-09   1.000000e+00   479       236       1         0         
  236   9.430091e-19   4.418953e-10   1.050918e-09   1.000000e+00   481       237       1         0         
  237   9.318270e-19   2.925217e-10   2.270601e-10   1.000000e+00   483       238       1         0         
  238   9.109563e-19   2.267017e-10   9.620081e-10   1.000000e+00   485       239       1         0         
  239   8.985337e-19   2.484721e-10   8.605709e-10   1.000000e+00   487       240       1         0         
  240   8.925928e-19   8.470773e-10   2.778759e-09   1.000000e+00   489       241       1         0         
  241   8.652457e-19   2.602722e-10   1.184193e-10   1.000000e+00   491       242       1         0         
  242   8.561041e-19   1.974721e-10   2.405762e-10   1.000000e+00   493       243       1         0         
  243   8.396742e-19   2.606246e-10   1.034702e-09   1.000000e+00   495       244       1         0         
  244   8.183267e-19   2.920942e-10   1.487575e-09   1.000000e+00   497       245       1         0         
  245   8.047695e-19   6.074922e-10   1.709264e-09   3.831860e-01   500       246       2         0         
  246   7.777333e-19   2.552258e-10   1.810776e-09   1.000000e+00   502       247       1         0         
  247   7.643893e-19   2.151307e-10   9.921492e-10   1.000000e+00   504       248       1         0         
  248   7.456573e-19   2.474215e-10   1.403014e-09   1.000000e+00   506       249       1         0         
  249   7.330927e-19   5.897895e-10   2.193535e-09   1.000000e+00   508       250       1         0         
  250   7.159660e-19   2.142215e-10   7.383082e-10   1.000000e+00   510       251       1         0         
  251   7.100012e-19   1.651597e-10   1.012882e-10   1.000000e+00   512       252       1         0         
  252   7.016544e-19   2.144904e-10   4.596531e-10   1.000000e+00   514       253       1         0         
  253   6.899523e-19   3.490780e-10   1.191970e-09   1.000000e+00   516       254       1         0         
  254   6.756458e-19   2.479724e-10   1.510763e-09   1.000000e+00   518       255       1         0         
  255   6.647227e-19   1.911778e-10   1.125137e-09   1.000000e+00   520       256       1         0         
  256   6.529015e-19   3.178568e-10   1.775178e-09   1.000000e+00   522       257       1         0         
  257   6.434475e-19   2.714380e-10   5.719746e-10   1.000000e+00   524       258       1         0         
  258   6.341034e-19   2.368791e-10   3.592491e-10   1.000000e+00   526       259       1         0         
  259   6.235323e-19   3.697752e-10   9.762446e-10   1.000000e+00   528       260       1         0         
  260   6.160487e-19   2.331288e-10   6.862398e-10   1.000000e+00   530       261       1         0         
  261   6.124431e-19   1.676255e-10   7.606067e-11   1.000000e+00   532       262       1         0         
  262   6.030251e-19   1.693992e-10   8.868064e-10   1.000000e+00   534       263       1         0         
  263   5.970228e-19   2.836567e-10   8.639627e-10   1.000000e+00   536       264       1         0         
  264   5.887778e-19   2.145784e-10   1.072494e-09   1.000000e+00   538       265       1         0         
  265   5.812951e-19   2.093529e-10   1.062786e-09   1.000000e+00   540       266       1         0         
  266   5.763288e-19   1.922168e-10   3.375494e-10   1.000000e+00   542       267       1         0         
  267   5.730893e-19   1.403452e-10   8.971096e-11   1.000000e+00   544       268       1         0         
  268   5.677104e-19   1.370931e-10   2.367034e-10   1.000000e+00   546       269       1         0         
  269   5.637861e-19   2.139517e-10   5.006419e-10   1.000000e+00   548       270       1         0         
  270   5.592989e-19   1.399413e-10   7.331524e-10   1.000000e+00   550       271       1         0         
  271   5.554823e-19   1.338771e-10   6.480725e-10   1.000000e+00   552       272       1         0         
  272   5.516876e-19   1.484494e-10   5.193550e-10   1.000000e+00   554       273       1         0         
  273   5.469159e-19   1.679479e-10   4.468765e-10   1.000000e+00   556       274       1         0         
  274   5.414205e-19   2.955682e-10   9.596755e-10   1.000000e+00   558       275       1         0         
  275   5.353148e-19   1.491586e-10   1.834724e-10   1.000000e+00   560       276       1         0         
  276   5.309038e-19   1.516100e-10   2.632510e-10   1.000000e+00   562       277       1         0         
  277   5.253722e-19   1.849609e-10   7.164606e-10   1.000000e+00   564       278       1         0         
  278   5.228964e-19   4.618938e-10   1.751075e-09   1.000000e+00   566       279       1         0         
  279   5.150389e-19   1.425625e-10   5.950555e-11   1.000000e+00   568       280       1         0         
  280   5.123291e-19   1.066802e-10   2.592944e-10   1.000000e+00   570       281       1         0         
  281   5.082855e-19   1.464652e-10   5.636571e-10   1.000000e+00   572       282       1         0         
  282   5.025963e-19   1.712414e-10   6.523243e-10   1.000000e+00   574       283       1         0         
  283   4.980065e-19   3.045395e-10   9.423021e-10   4.739974e-01   577       284       2         0         
  284   4.905496e-19   1.431041e-10   6.043188e-10   1.000000e+00   579       285       1         0         
  285   4.858881e-19   1.236794e-10   3.793855e-10   1.000000e+00   581       286       1         0         
  286   4.804299e-19   1.588297e-10   5.412064e-10   1.000000e+00   583       287       1         0         
  287   4.772581e-19   3.655411e-10   9.955528e-10   1.000000e+00   585       288       1         0         
  288   4.712673e-19   1.357667e-10   1.692984e-10   1.000000e+00   587       289       1         0         
  289   4.682254e-19   1.143590e-10   2.729605e-10   1.000000e+00   589       290       1         0         
  290   4.641546e-19   1.448624e-10   5.799578e-10   1.000000e+00   591       291       1         0         
  291   4.578534e-19   1.682020e-10   8.189989e-10   1.000000e+00   593       292       1         0         
  292   4.535073e-19   2.653475e-10   9.675855e-10   4.720510e-01   596       293       2         0         
  293   4.478669e-19   1.234841e-10   4.975795e-10   1.000000e+00   598       294       1         0         
  294   4.441572e-19   1.346201e-10   3.632548e-10   1.000000e+00   600       295       1         0         
  295   4.387785e-19   1.973330e-10   6.012923e-10   1.000000e+00   602       296       1         0         
  296   4.316939e-19   3.748390e-10   1.365689e-09   1.000000e+00   604       297       1         0         
  297   4.220967e-19   2.233956e-10   9.115976e-10   1.000000e+00   606       298       1         0         
  298   4.125787e-19   1.890525e-10   1.099320e-09   1.000000e+00   608       299       1         0         
  299   4.033587e-19   2.323386e-10   1.344514e-09   1.000000e+00   610       300       1         0         
  300   3.933064e-19   3.375440e-10   2.100660e-09   1.000000e+00   612       301       1         0         
  301   3.826983e-19   2.506186e-10   2.021461e-09   1.000000e+00   614       302       1         0         
  302   3.750728e-19   1.795662e-10   6.476083e-10   1.000000e+00   616       303       1         0         
  303   3.669100e-19   2.758478e-10   1.138779e-09   1.000000e+00   618       304       1         0         
  304   3.617638e-19   2.167044e-10   5.635211e-10   1.000000e+00   620       305       1         0         
  305   3.575592e-19   1.601045e-10   5.167976e-10   1.000000e+00   622       306       1         0         
  306   3.518907e-19   1.772201e-10   1.435313e-09   1.000000e+00   624       307       1         0         
  307   3.490355e-19   2.067133e-10   5.183554e-10   1.000000e+00   626       308       1         0         
  308   3.462412e-19   1.717288e-10   2.610440e-10   1.000000e+00   628       309       1         0         
  309   3.388739e-19   2.066554e-10   1.327038e-09   1.000000e+00   630       310       1         0         
  310   3.363050e-19   2.473635e-10   2.920087e-10   1.000000e+00   632       311       1         0         
  311   3.338480e-19   1.423553e-10   5.891159e-11   1.000000e+00   634       312       1         0         
  312   3.295163e-19   1.136394e-10   4.454704e-10   1.000000e+00   636       313       1         0         
  313   3.256998e-19   1.575385e-10   5.591178e-10   1.000000e+00   638       314       1         0         
  314   3.184704e-19   1.799585e-10   1.009617e-09   1.000000e+00   640       315       1         0         
  315   3.149622e-19   3.245440e-10   9.248041e-10   3.459137e-01   643       316       2         0         
  316   3.068475e-19   1.446370e-10   1.137726e-09   1.000000e+00   645       317       1         0         
  317   3.027167e-19   1.050653e-10   6.564227e-10   1.000000e+00   647       318       1         0         
  318   2.994319e-19   1.758948e-10   7.078477e-10   1.000000e+00   649       319       1         0         
  319   2.969419e-19   1.380429e-10   3.960184e-10   1.000000e+00   651       320       1         0         
  320   2.952008e-19   9.634199e-11   9.091265e-11   1.000000e+00   653       321       1         0         
  321   2.924917e-19   1.108107e-10   2.440327e-10   1.000000e+00   655       322       1         0         
  322   2.904898e-19   1.361578e-10   3.384951e-10   1.000000e+00   657       323       1         0         
  323   2.880102e-19   1.070906e-10   5.108617e-10   1.000000e+00   659       324       1         0         
  324   2.859620e-19   1.801242e-10   6.922419e-10   1.000000e+00   661       325       1         0         
  325   2.839209e-19   9.337417e-11   7.759479e-11   1.000000e+00   663       326       1         0         
  326   2.824771e-19   9.415423e-11   6.816532e-11   1.000000e+00   665       327       1         0         
  327   2.802750e-19   1.066762e-10   1.955853e-10   1.000000e+00   667       328       1         0         
  328   2.791237e-19   1.401318e-10   1.774840e-10   4.885813e-01   670       329       2         0         
  329   2.776455e-19   8.342839e-11   2.028548e-10   1.000000e+00   672       330       1         0         
  330   2.759709e-19   8.231964e-11   2.941302e-10   1.000000e+00   674       331       1         0         
  331   2.741135e-19   1.064639e-10   3.208985e-10   1.000000e+00   676       332       1         0         
  332   2.714923e-19   1.625440e-10   5.137805e-10   1.000000e+00   678       333       1         0         
  333   2.688871e-19   1.177503e-10   4.097678e-10   1.000000e+00   680       334       1         0         
  334   2.676274e-19   7.214968e-11   7.305870e-11   1.000000e+00   682       335       1         0         
  335   2.660768e-19   9.581382e-11   1.417763e-10   1.000000e+00   684       336       1         0         
  336   2.645324e-19   1.169171e-10   2.005966e-10   1.000000e+00   686       337       1         0         
  337   2.609311e-19   1.269726e-10   6.111266e-10   1.000000e+00   688       338       1         0         
  338   2.585255e-19   2.369285e-10   8.463437e-10   1.000000e+00   690       339       1         0         
  339   2.554793e-19   1.170229e-10   3.116846e-10   1.000000e+00   692       340       1         0         
  340   2.531070e-19   9.992839e-11   3.326734e-10   1.000000e+00   694       341       1         0         
  341   2.506044e-19   1.145996e-10   4.484731e-10   1.000000e+00   696       342       1         0         
  342   2.484811e-19   2.864262e-10   9.764177e-10   1.000000e+00   698       343       1         0         
  343   2.449120e-19   9.250421e-11   1.675402e-10   1.000000e+00   700       344       1         0         
  344   2.437395e-19   7.555722e-11   8.150383e-11   1.000000e+00   702       345       1         0         
  345   2.418263e-19   1.000311e-10   2.864841e-10   1.000000e+00   704       346       1         0         
  346   2.387717e-19   1.318830e-10   5.257848e-10   1.000000e+00   706       347       1         0         
  347   2.359728e-19   3.421410e-10   1.625054e-09   1.000000e+00   708       348       1         0         
  348   2.304999e-19   1.163044e-10   1.520146e-10   1.000000e+00   710       349       1         0         
  349   2.284967e-19   9.776790e-11   1.922974e-10   1.000000e+00   712       350       1         0         
  350   2.253613e-19   1.186188e-10   5.661111e-10   1.000000e+00   714       351       1         0         
  351   2.214732e-19   2.319199e-10   9.160550e-10   1.000000e+00   716       352       1         0         
  352   2.160114e-19   1.535946e-10   1.016347e-09   1.000000e+00   718       353       1         0         
  353   2.096407e-19   1.240666e-10   1.176961e-09   1.000000e+00   720       354       1         0         
  354   2.038494e-19   2.083266e-10   1.228183e-09   1.000000e+00   722       355       1         0         
  355   1.980498e-19   1.748093e-10   1.300959e-09   1.000000e+00   724       356       1         0         
  356   1.935445e-19   1.414182e-10   4.795993e-10   1.000000e+00   726       357       1         0         
  357   1.879949e-19   2.889185e-10   1.512022e-09   1.000000e+00   728       358       1         0         
  358   1.831904e-19   1.637488e-10   6.360717e-10   1.000000e+00   730       359       1         0         
  359   1.809644e-19   1.292370e-10   2.146551e-10   1.000000e+00   732       360       1         0         
  360   1.745961e-19   1.600969e-10   1.484914e-09   1.000000e+00   734       361       1         0         
  361   1.718802e-19   2.552030e-10   1.358096e-09   1.000000e+00   736       362       1         0         
  362   1.691622e-19   1.355658e-10   1.053086e-10   1.000000e+00   738       363       1         0         
  363   1.660058e-19   1.052363e-10   5.590194e-10   1.000000e+00   740       364       1         0         
  364   1.636944e-19   1.307353e-10   5.721061e-10   1.000000e+00   742       365       1         0         
  365   1.589526e-19   1.375418e-10   1.180169e-09   1.000000e+00   744       366       1         0         
  366   1.579236e-19   2.206391e-10   5.606930e-10   2.592186e-01   747       367       2         0         
  367   1.547539e-19   9.434721e-11   6.789670e-10   1.000000e+00   749       368       1         0         
  368   1.532219e-19   7.069637e-11   2.929748e-10   1.000000e+00   751       369       1         0         
  369   1.514277e-19   8.600527e-11   4.531990e-10   1.000000e+00   753       370       1         0         
  370   1.512101e-19   2.187133e-10   6.011547e-10   1.000000e+00   755       371       1         0         
  371   1.493279e-19   6.939482e-11   9.242661e-11   1.000000e+00   757       372       1         0         
  372   1.487440e-19   4.770944e-11   6.071855e-11   1.000000e+00   759       373       1         0         
  373   1.480053e-19   6.205604e-11   1.637609e-10   1.000000e+00   761       374       1         0         
  374   1.470799e-19   7.601281e-11   2.024643e-10   1.000000e+00   763       375       1         0         
  375   1.465864e-19   1.461537e-10   4.821354e-10   1.000000e+00   765       376       1         0         
  376   1.455777e-19   4.557025e-11   9.403753e-11   1.000000e+00   767       377       1         0         
  377   1.452640e-19   4.577931e-11   2.913091e-11   1.000000e+00   769       378       1         0         
  378   1.446426e-19   5.743601e-11   9.183063e-11   1.000000e+00   771       379       1         0         
  379   1.438251e-19   1.075851e-10   2.533807e-10   1.000000e+00   773       380       1         0         
  380   1.428170e-19   5.572347e-11   2.815491e-10   1.000000e+00   775       381       1         0         
  381   1.422020e-19   4.554986e-11   1.519449e-10   1.000000e+00   777       382       1         0         
  382   1.413183e-19   7.293878e-11   2.297071e-10   1.000000e+00   779       383       1         0         
  383   1.406496e-19   1.007062e-10   2.306481e-10   1.000000e+00   781       384       1         0         
  384   1.399814e-19   6.323086e-11   4.569259e-11   1.000000e+00   783       385       1         0         
  385   1.387974e-19   6.163391e-11   1.551525e-10   1.000000e+00   785       386       1         0         
  386   1.380745e-19   7.484017e-11   1.437920e-10   1.000000e+00   787       387       1         0         
  387   1.362644e-19   1.206603e-10   5.677994e-10   1.000000e+00   789       388       1         0         
  388   1.348861e-19   8.432675e-11   2.704750e-10   1.000000e+00   791       389       1         0         
  389   1.341874e-19   6.667123e-11   5.832916e-11   1.000000e+00   793       390       1         0         
  390   1.329205e-19   7.582290e-11   1.820683e-10   1.000000e+00   795       391       1         0         
  391   1.317969e-19   1.131799e-10   2.948366e-10   1.000000e+00   797       392       1         0         
  392   1.305353e-19   8.389763e-11   2.262676e-10   1.000000e+00   799       393       1         0         
  393   1.285399e-19   8.519544e-11   4.685848e-10   1.000000e+00   801       394       1         0         
  394   1.272027e-19   1.063545e-10   3.473943e-10   1.000000e+00   803       395       1         0         
  395   1.257149e-19   9.764157e-11   2.796242e-10   1.000000e+00   805       396       1         0         
  396   1.230036e-19   1.902515e-10   8.932874e-10   1.000000e+00   807       397       1         0         
  397   1.205697e-19   9.915350e-11   3.641188e-10   1.000000e+00   809       398       1         0         
  398   1.193275e-19   9.319313e-11   1.069940e-10   1.000000e+00   811       399       1         0         
  399   1.152549e-19   1.340088e-10   8.263607e-10   1.000000e+00   813       400       1         0         
  400   1.148488e-19   3.303404e-10   1.355983e-09   1.000000e+00   815       401       1         0         
  401   1.110307e-19   1.064095e-10   1.735798e-10   1.000000e+00   817       402       1         0         
  402   1.096268e-19   7.532365e-11   2.243224e-10   1.000000e+00   819       403       1         0         
  403   1.070003e-19   1.060133e-10   7.260810e-10   1.000000e+00   821       404       1         0         
  404   1.041838e-19   1.215759e-10   7.874009e-10   1.000000e+00   823       405       1         0         
  405   1.036552e-19   3.119126e-10   1.980977e-09   1.000000e+00   825       406       1         0         
  406   9.960768e-20   7.833093e-11   4.101793e-10   1.000000e+00   827       407       1         0         
  407   9.883637e-20   6.829473e-11   1.460582e-10   1.000000e+00   829       408       1         0         
  408   9.728067e-20   8.929109e-11   2.381366e-10   1.000000e+00   831       409       1         0         
  409   9.665852e-20   2.053548e-10   5.085161e-10   1.000000e+00   833       410       1         0         
  410   9.490172e-20   7.711222e-11   3.290175e-10   1.000000e+00   835       411       1         0         
  411   9.411519e-20   5.379659e-11   3.362274e-10   1.000000e+00   837       412       1         0         
  412   9.333975e-20   6.930685e-11   3.663715e-10   1.000000e+00   839       413       1         0         
  413   9.214541e-20   8.141661e-11   4.174344e-10   1.000000e+00   841       414       1         0         
  414   9.154295e-20   1.164588e-10   2.653488e-10   4.092731e-01   844       415       2         0         
  415   9.062826e-20   5.255724e-11   1.504138e-10   1.000000e+00   846       416       1         0         
  416   9.014717e-20   4.600762e-11   4.813978e-11   1.000000e+00   848       417       1         0         
  417   8.954025e-20   6.031500e-11   6.627610e-11   1.000000e+00   850       418       1         0         
  418   8.882724e-20   1.146083e-10   2.453941e-10   1.000000e+00   852       419       1         0         
  419   8.789586e-20   6.202188e-11   2.367034e-10   1.000000e+00   854       420       1         0         
  420   8.724335e-20   5.070584e-11   2.568000e-10   1.000000e+00   856       421       1         0         
  421   8.641110e-20   7.165662e-11   3.937596e-10   1.000000e+00   858       422       1         0         
  422   8.556546e-20   1.006953e-10   3.974526e-10   1.000000e+00   860       423       1         0         
  423   8.451373e-20   7.515839e-11   2.879025e-10   1.000000e+00   862       424       1         0         
  424   8.313325e-20   7.096418e-11   3.093050e-10   1.000000e+00   864       425       1         0         
  425   8.235407e-20   1.112703e-10   2.692994e-10   1.000000e+00   866       426       1         0         
  426   8.166224e-20   7.167504e-11   3.358136e-11   1.000000e+00   868       427       1         0         
  427   8.050489e-20   6.709794e-11   2.340267e-10   1.000000e+00   870       428       1         0         
  428   7.951584e-20   7.698809e-11   3.748994e-10   1.000000e+00   872       429       1         0         
  429   7.784626e-20   1.406814e-10   7.523143e-10   1.000000e+00   874       430       1         0         
  430   7.606113e-20   7.528264e-11   8.142450e-10   1.000000e+00   876       431       1         0         
  431   7.525797e-20   5.384917e-11   4.911662e-11   1.000000e+00   878       432       1         0         
  432   7.427839e-20   8.637699e-11   1.187527e-10   1.000000e+00   880       433       1         0         
  433   7.349578e-20   9.500917e-11   1.998782e-10   1.000000e+00   882       434       1         0         
  434   7.275997e-20   7.072059e-11   1.405546e-10   1.000000e+00   884       435       1         0         
  435   7.129814e-20   7.369644e-11   5.079667e-10   1.000000e+00   886       436       1         0         
  436   7.082032e-20   9.306695e-11   2.379657e-10   1.000000e+00   888       437       1         0         
  437   7.042250e-20   5.884107e-11   2.218371e-11   1.000000e+00   890       438       1         0         
  438   6.962572e-20   4.586063e-11   1.551723e-10   1.000000e+00   892       439       1         0         
  439   6.920518e-20   5.204467e-11   1.090107e-10   1.000000e+00   894       440       1         0         
  440   6.868809e-20   1.727859e-10   4.004861e-10   1.000000e+00   896       441       1         0         
  441   6.742775e-20   5.466523e-11   1.305066e-10   1.000000e+00   898       442       1         0         
  442   6.696164e-20   4.166363e-11   6.870614e-11   1.000000e+00   900       443       1         0         
  443   6.633896e-20   5.359458e-11   1.673480e-10   1.000000e+00   902       444       1         0         
  444   6.538207e-20   6.334414e-11   2.558885e-10   1.000000e+00   904       445       1         0         
  445   6.474304e-20   1.078289e-10   3.022996e-10   4.408464e-01   907       446       2         0         
  446   6.384189e-20   4.564164e-11   2.229866e-10   1.000000e+00   909       447       1         0         
  447   6.344204e-20   4.303839e-11   9.958063e-11   1.000000e+00   911       448       1         0         
  448   6.278713e-20   6.337936e-11   1.889951e-10   1.000000e+00   913       449       1         0         
  449   6.224758e-20   1.089245e-10   3.114903e-10   1.000000e+00   915       450       1         0         
  450   6.157301e-20   5.661453e-11   8.996259e-11   1.000000e+00   917       451       1         0         
  451   6.091921e-20   5.228099e-11   1.649178e-10   1.000000e+00   919       452       1         0         
  452   6.035382e-20   6.344843e-11   1.934622e-10   1.000000e+00   921       453       1         0         
  453   5.925284e-20   9.756566e-11   4.695996e-10   1.000000e+00   923       454       1         0         
  454   5.853923e-20   1.082607e-10   6.031799e-10   1.000000e+00   925       455       1         0         
  455   5.789682e-20   4.567603e-11   1.104149e-10   1.000000e+00   927       456       1         0         
  456   5.749698e-20   4.805986e-11   3.010165e-11   1.000000e+00   929       457       1         0         
  457   5.699757e-20   6.148775e-11   1.257684e-10   1.000000e+00   931       458       1         0         
  458   5.635821e-20   1.182764e-10   3.382332e-10   1.000000e+00   933       459       1         0         
  459   5.552336e-20   5.134389e-11   3.310672e-10   1.000000e+00   935       460       1         0         
  460   5.516117e-20   3.823273e-11   1.228822e-10   1.000000e+00   937       461       1         0         
  461   5.470795e-20   5.182289e-11   1.853813e-10   1.000000e+00   939       462       1         0         
  462   5.433004e-20   7.448102e-11   1.810007e-10   1.000000e+00   941       463       1         0         
  463   5.383891e-20   4.981344e-11   1.427951e-10   1.000000e+00   943       464       1         0         
  464   5.329609e-20   4.166623e-11   1.534566e-10   1.000000e+00   945       465       1         0         
  465   5.294500e-20   8.005966e-11   1.321227e-10   1.000000e+00   947       466       1         0         
  466   5.259578e-20   5.262949e-11   6.904283e-11   1.000000e+00   949       467       1         0         
  467   5.217058e-20   3.701427e-11   1.399240e-10   1.000000e+00   951       468       1         0         
  468   5.187116e-20   4.055677e-11   1.357830e-10   1.000000e+00   953       469       1         0         
  469   5.148516e-20   7.541894e-11   2.316575e-10   1.000000e+00   955       470       1         0         
  470   5.106302e-20   4.708674e-11   1.347173e-10   1.000000e+00   957       471       1         0         
  471   5.067027e-20   3.833250e-11   9.739995e-11   1.000000e+00   959       472       1         0         
  472   5.025368e-20   4.342373e-11   1.180942e-10   1.000000e+00   961       473       1         0         
  473   4.994577e-20   8.804965e-11   1.931738e-10   1.000000e+00   963       474       1         0         
  474   4.953946e-20   4.523000e-11   5.757239e-11   1.000000e+00   965       475       1         0         
  475   4.912649e-20   4.219515e-11   1.186767e-10   1.000000e+00   967       476       1         0         
  476   4.866843e-20   5.320640e-11   1.939167e-10   1.000000e+00   969       477       1         0         
  477   4.775156e-20   6.397005e-11   3.677344e-10   1.000000e+00   971       478       1         0         
  478   4.714616e-20   1.052602e-10   4.332772e-10   4.612453e-01   974       479       2         0         
  479   4.624440e-20   4.712766e-11   3.029910e-10   1.000000e+00   976       480       1         0         
  480   4.574142e-20   4.436690e-11   1.554773e-10   1.000000e+00   978       481       1         0         
  481   4.510856e-20   5.935697e-11   2.186279e-10   1.000000e+00   980       482       1         0         
  482   4.453149e-20   1.157605e-10   4.269934e-10   1.000000e+00   982       483       1         0         
  483   4.380731e-20   5.051383e-11   1.047937e-10   1.000000e+00   984       484       1         0         
  484   4.340468e-20   4.122653e-11   1.060238e-10   1.000000e+00   986       485       1         0         
  485   4.299663e-20   4.828360e-11   1.620010e-10   1.000000e+00   988       486       1         0         
  486   4.233249e-20   6.573351e-11   3.014480e-10   1.000000e+00   990       487       1         0         
  487   4.192109e-20   1.073482e-10   5.154122e-10   1.000000e+00   992       488       1         0         
  488   4.134465e-20   3.773107e-11   4.018838e-11   1.000000e+00   994       489       1         0         
  489   4.113213e-20   3.437010e-11   2.010138e-11   1.000000e+00   996       490       1         0         
  490   4.085764e-20   4.143902e-11   9.092257e-11   1.000000e+00   998       491       1         0         
  491   4.060145e-20   8.671880e-11   2.091703e-10   1.000000e+00   1000      492       1         0         
  492   4.022005e-20   3.418231e-11   1.351142e-10   1.000000e+00   1002      493       1         0         
  493   4.005689e-20   2.624636e-11   7.348627e-11   1.000000e+00   1004      494       1         0         
  494   3.986919e-20   3.346195e-11   9.351569e-11   1.000000e+00   1006      495       1         0         
  495   3.962178e-20   4.624220e-11   1.262907e-10   1.000000e+00   1008      496       1         0         
  496   3.932448e-20   4.889525e-11   1.803290e-10   1.000000e+00   1010      497       1         0         
  497   3.909053e-20   2.925934e-11   3.701733e-11   1.000000e+00   1012      498       1         0         
  498   3.885319e-20   3.571116e-11   4.513361e-11   1.000000e+00   1014      499       1         0         
  499   3.863663e-20   4.508241e-11   7.132276e-11   1.000000e+00   1016      500       1         0         
  500   3.820107e-20   4.716732e-11   2.111469e-10   1.000000e+00   1018      501       1         0         
Optimization Terminated with Status: Iteration Limit Exceeded
