p= 0 | CubeHexMesh: Building sub cells
[MetricOpStats] ParamMass_M  (rows=38048)
  row_sum       min=2.0202e-07  max=0.00099  mean=0.000329992  max/|min|=4900.5
  |row_sum|     min=2.0202e-07  max=0.00099  mean=0.000329992  max/min=4900.5
  diag          min=8.97868e-08  max=0.00044  mean=0.000146663  nonpos=0
  max_abs_entry=0.00044
[MetricOpStats] ParamStiffness_K  (rows=38048)
  row_sum       min=-8.9407e-08  max=7.45058e-08  mean=-1.63445e-09  max/|min|=0.833333
  |row_sum|     min=1.58432e+08  max=5.28e+08  mean=3.86917e+08  max/min=3.33265
  diag          min=2.64108e+07  max=1.056e+08  mean=7.03551e+07  nonpos=0
  max_abs_entry=1.056e+08
[MetricOpStats] ParamMass_M_reprint  (rows=38048)
  row_sum       min=2.0202e-07  max=0.00099  mean=0.000329992  max/|min|=4900.5
  |row_sum|     min=2.0202e-07  max=0.00099  mean=0.000329992  max/min=4900.5
  diag          min=8.97868e-08  max=0.00044  mean=0.000146663  nonpos=0
  max_abs_entry=0.00044
[MetricOpStats] K_over_M
  |row_sum| ratio  max=5.33333e+11  mean=1.17251e+12
[RieszAutoScale] mean(diag(K))/mean(diag(M)) = 4.79706e+11
[RieszMap] alpha1=4.79706e+11  alpha2=1  mode=auto_balanced
[MetricOpStats] Hcurl_H  (rows=38048  alpha1=4.79706e+11  alpha2=1  solver=sparse_direct)
  row_sum       min=96910.4  max=4.74909e+08  mean=1.58299e+08  max/|min|=4900.5
  |row_sum|     min=1.58465e+08  max=7.91774e+08  mean=4.74811e+08  max/min=4.99653
  diag          min=2.64538e+07  max=3.16671e+08  mean=1.4071e+08  nonpos=0
  max_abs_entry=3.16671e+08
MrHyDE vector contract check (primal) errors: e[0]=0 e[1]=0 e[2]=0 e[3]=0 e[4]=0 e[5]=0 e[6]=0 e[7]=0 e[8]=0 e[9]=0 e[10]=0 e[11]=0 e[12]=0
MrHyDE vector contract check (dual) errors: e[0]=0 e[1]=2.06602e-19 e[2]=0 e[3]=0 e[4]=0 e[5]=3.56689e-20 e[6]=7.22559e-20 e[7]=0 e[8]=0 e[9]=4.23516e-22 e[10]=6.66134e-16 e[11]=1.00465e-17 e[12]=2.18146e-15
MrHyDE vector contract check: max_primal_err=0 max_dual_err=2.18146e-15 tol=1e-08

Truncated CG Trust-Region Solver
------------------------------------------------------------------------------------------------------------------
Trust-Region status output definitions

  iter    - Number of iterates (steps taken)
  value   - Objective function value
  gnorm   - Norm of the gradient
  snorm   - Norm of the step (update to optimization vector)
  delta   - Trust-Region radius
  #fval   - Number of times the objective function was evaluated
  #grad   - Number of times the gradient was computed

  tr_flag - Trust-Region flag
    0 - Both actual and predicted reductions are positive (success)
    1 - Actual reduction is positive and predicted reduction is negative (impossible)
    2 - Actual reduction is nonpositive and predicted reduction is positive
    3 - Actual reduction is nonpositive and predicted reduction is negative (impossible)
    4 - Actual and/or predicted reduction is a NaN
    5 - Subproblem solution did not produce sufficient decrease

  iterCG - Number of Truncated CG iterations

  flagGC - Trust-Region Truncated CG flag
    0 - Residual tolerance met
    1 - Iteration limit exceeded
    2 - Negative curvature detected
    3 - Trust-Region radius exceeded
    4 - Initial right hand side is zero
------------------------------------------------------------------------------------------------------------------
  iter  value          gnorm          snorm          delta          #fval     #grad     tr_flag   iterCG    flagCG    
  0     1.239900e-11   6.966769e-04   ---            1.000000e-01   1         1         ---       ---       ---       
  In TrustRegionUtilities::analyzeRatio
    Current objective function value:        1.2399e-11
    New objective function value:            0.00718127
    Actual reduction:                        -0.00718127
    Predicted reduction:                     1.01775e-05
    Safeguard:                               2.22045e-15
    Actual reduction with safeguard:         -0.00718127
    Predicted reduction with safeguard:      1.01775e-05
    Ratio of actual and predicted reduction: -705.605
    Trust-region flag:                       2

  In TrustRegionUtilities::interpolateRadius
    Interpolation model value:               -1.01774e-05
    Interpolation step length:               2.72419e-05

------------------------------------------------------------------------------------------------------------------
Trust-Region status output definitions

  iter    - Number of iterates (steps taken)
  value   - Objective function value
  gnorm   - Norm of the gradient
  snorm   - Norm of the step (update to optimization vector)
  delta   - Trust-Region radius
  #fval   - Number of times the objective function was evaluated
  #grad   - Number of times the gradient was computed

  tr_flag - Trust-Region flag
    0 - Both actual and predicted reductions are positive (success)
    1 - Actual reduction is positive and predicted reduction is negative (impossible)
    2 - Actual reduction is nonpositive and predicted reduction is positive
    3 - Actual reduction is nonpositive and predicted reduction is negative (impossible)
    4 - Actual and/or predicted reduction is a NaN
    5 - Subproblem solution did not produce sufficient decrease

  iterCG - Number of Truncated CG iterations

  flagGC - Trust-Region Truncated CG flag
    0 - Residual tolerance met
    1 - Iteration limit exceeded
    2 - Negative curvature detected
    3 - Trust-Region radius exceeded
    4 - Initial right hand side is zero
------------------------------------------------------------------------------------------------------------------
  iter  value          gnorm          snorm          delta          #fval     #grad     tr_flag   iterCG    flagCG    
  1     1.239900e-11   6.966769e-04   1.000000e-01   6.250000e-03   2         1         2         27        2         
Optimization Terminated with Status: Iteration Limit Exceeded
