p= 0 | CubeHexMesh: Building sub cells
[MetricOpStats] ParamMass_M  (rows=304256)
  row_sum       min=1.0101e-07  max=0.000495  mean=0.000165065  max/|min|=4900.5
  |row_sum|     min=1.0101e-07  max=0.000495  mean=0.000165065  max/min=4900.5
  diag          min=4.48934e-08  max=0.00022  mean=7.33623e-05  nonpos=0
  max_abs_entry=0.00022
[MetricOpStats] ParamStiffness_K  (rows=304256)
  row_sum       min=-1.93715e-07  max=1.49012e-07  mean=-5.95236e-09  max/|min|=0.769231
  |row_sum|     min=3.16865e+08  max=1.056e+09  mean=7.7416e+08  max/min=3.33265
  diag          min=5.28215e+07  max=2.112e+08  mean=1.40769e+08  nonpos=0
  max_abs_entry=2.112e+08
[MetricOpStats] ParamMass_M_reprint  (rows=304256)
  row_sum       min=1.0101e-07  max=0.000495  mean=0.000165065  max/|min|=4900.5
  |row_sum|     min=1.0101e-07  max=0.000495  mean=0.000165065  max/min=4900.5
  diag          min=4.48934e-08  max=0.00022  mean=7.33623e-05  nonpos=0
  max_abs_entry=0.00022
[MetricOpStats] K_over_M
  |row_sum| ratio  max=2.13333e+12  mean=4.69003e+12
[RieszAutoScale] mean(diag(K))/mean(diag(M)) = 1.91883e+12
[RieszMap] alpha1=1  alpha2=1  mode=user_override
[MetricOpStats] Hcurl_H  (rows=304256  alpha1=1  alpha2=1  solver=sparse_direct)
  row_sum       min=6.14673e-08  max=0.000495151  mean=0.000165059  max/|min|=8055.52
  |row_sum|     min=3.16865e+08  max=1.056e+09  mean=7.7416e+08  max/min=3.33265
  diag          min=5.28215e+07  max=2.112e+08  mean=1.40769e+08  nonpos=0
  max_abs_entry=2.112e+08
MrHyDE vector contract check (primal) errors: e[0]=0 e[1]=0 e[2]=0 e[3]=0 e[4]=0 e[5]=0 e[6]=0 e[7]=0 e[8]=0 e[9]=0 e[10]=0 e[11]=0 e[12]=0
MrHyDE vector contract check (dual) errors: e[0]=0 e[1]=1.0764e-13 e[2]=0 e[3]=0 e[4]=0 e[5]=1.57644e-14 e[6]=3.24404e-14 e[7]=0 e[8]=0 e[9]=1.69407e-21 e[10]=7.77156e-16 e[11]=6.16828e-10 e[12]=6.03716e-12
MrHyDE vector contract check: max_primal_err=0 max_dual_err=6.16828e-10 tol=1e-08

Truncated CG Trust-Region Solver
------------------------------------------------------------------------------------------------------------------
Trust-Region status output definitions

  iter    - Number of iterates (steps taken)
  value   - Objective function value
  gnorm   - Norm of the gradient
  snorm   - Norm of the step (update to optimization vector)
  delta   - Trust-Region radius
  #fval   - Number of times the objective function was evaluated
  #grad   - Number of times the gradient was computed

  tr_flag - Trust-Region flag
    0 - Both actual and predicted reductions are positive (success)
    1 - Actual reduction is positive and predicted reduction is negative (impossible)
    2 - Actual reduction is nonpositive and predicted reduction is positive
    3 - Actual reduction is nonpositive and predicted reduction is negative (impossible)
    4 - Actual and/or predicted reduction is a NaN
    5 - Subproblem solution did not produce sufficient decrease

  iterCG - Number of Truncated CG iterations

  flagGC - Trust-Region Truncated CG flag
    0 - Residual tolerance met
    1 - Iteration limit exceeded
    2 - Negative curvature detected
    3 - Trust-Region radius exceeded
    4 - Initial right hand side is zero
------------------------------------------------------------------------------------------------------------------
  iter  value          gnorm          snorm          delta          #fval     #grad     tr_flag   iterCG    flagCG    
  0     1.242149e-11   8.760974e-04   ---            1.000000e+00   1         1         ---       ---       ---       
  In TrustRegionUtilities::analyzeRatio
    Current objective function value:        1.24215e-11
    New objective function value:            3.44698e-08
    Actual reduction:                        -3.44574e-08
    Predicted reduction:                     7.93671e-10
    Safeguard:                               2.22045e-15
    Actual reduction with safeguard:         -3.44574e-08
    Predicted reduction with safeguard:      7.93673e-10
    Ratio of actual and predicted reduction: -43.4151
    Trust-region flag:                       2

  In TrustRegionUtilities::interpolateRadius
    Interpolation model value:               -7.8125e-10
    Interpolation step length:               -0.00244442

------------------------------------------------------------------------------------------------------------------
Trust-Region status output definitions

  iter    - Number of iterates (steps taken)
  value   - Objective function value
  gnorm   - Norm of the gradient
  snorm   - Norm of the step (update to optimization vector)
  delta   - Trust-Region radius
  #fval   - Number of times the objective function was evaluated
  #grad   - Number of times the gradient was computed

  tr_flag - Trust-Region flag
    0 - Both actual and predicted reductions are positive (success)
    1 - Actual reduction is positive and predicted reduction is negative (impossible)
    2 - Actual reduction is nonpositive and predicted reduction is positive
    3 - Actual reduction is nonpositive and predicted reduction is negative (impossible)
    4 - Actual and/or predicted reduction is a NaN
    5 - Subproblem solution did not produce sufficient decrease

  iterCG - Number of Truncated CG iterations

  flagGC - Trust-Region Truncated CG flag
    0 - Residual tolerance met
    1 - Iteration limit exceeded
    2 - Negative curvature detected
    3 - Trust-Region radius exceeded
    4 - Initial right hand side is zero
------------------------------------------------------------------------------------------------------------------
  iter  value          gnorm          snorm          delta          #fval     #grad     tr_flag   iterCG    flagCG    
  1     1.242149e-11   8.760974e-04   2.929209e-05   7.323022e-06   2         1         2         20        1         
