p= 0 | CubeHexMesh: Building sub cells
[MetricOpStats] ParamMass_M  (rows=38048)
  row_sum       min=2.0202e-07  max=0.00099  mean=0.000329992  max/|min|=4900.5
  |row_sum|     min=2.0202e-07  max=0.00099  mean=0.000329992  max/min=4900.5
  diag          min=8.97868e-08  max=0.00044  mean=0.000146663  nonpos=0
  max_abs_entry=0.00044
[MetricOpStats] ParamStiffness_K  (rows=38048)
  row_sum       min=-8.9407e-08  max=7.45058e-08  mean=-1.63445e-09  max/|min|=0.833333
  |row_sum|     min=1.58432e+08  max=5.28e+08  mean=3.86917e+08  max/min=3.33265
  diag          min=2.64108e+07  max=1.056e+08  mean=7.03551e+07  nonpos=0
  max_abs_entry=1.056e+08
[MetricOpStats] ParamMass_M_reprint  (rows=38048)
  row_sum       min=2.0202e-07  max=0.00099  mean=0.000329992  max/|min|=4900.5
  |row_sum|     min=2.0202e-07  max=0.00099  mean=0.000329992  max/min=4900.5
  diag          min=8.97868e-08  max=0.00044  mean=0.000146663  nonpos=0
  max_abs_entry=0.00044
[MetricOpStats] K_over_M
  |row_sum| ratio  max=5.33333e+11  mean=1.17251e+12
[RieszAutoScale] mean(diag(K))/mean(diag(M)) = 4.79706e+11
[RieszMap] alpha1=4.79706e+11  alpha2=1  mode=auto_balanced
[MetricOpStats] Hcurl_H  (rows=38048  alpha1=4.79706e+11  alpha2=1  solver=sparse_direct)
  row_sum       min=96910.4  max=4.74909e+08  mean=1.58299e+08  max/|min|=4900.5
  |row_sum|     min=1.58465e+08  max=7.91774e+08  mean=4.74811e+08  max/min=4.99653
  diag          min=2.64538e+07  max=3.16671e+08  mean=1.4071e+08  nonpos=0
  max_abs_entry=3.16671e+08
MrHyDE vector contract check (primal) errors: e[0]=0 e[1]=0 e[2]=0 e[3]=0 e[4]=0 e[5]=0 e[6]=0 e[7]=0 e[8]=0 e[9]=0 e[10]=0 e[11]=0 e[12]=0
MrHyDE vector contract check (dual) errors: e[0]=0 e[1]=2.06602e-19 e[2]=0 e[3]=0 e[4]=0 e[5]=3.56689e-20 e[6]=7.22559e-20 e[7]=0 e[8]=0 e[9]=4.23516e-22 e[10]=6.66134e-16 e[11]=1.00465e-17 e[12]=2.18146e-15
MrHyDE vector contract check: max_primal_err=0 max_dual_err=2.18146e-15 tol=1e-08

Truncated CG Trust-Region Solver
------------------------------------------------------------------------------------------------------------------
Trust-Region status output definitions

  iter    - Number of iterates (steps taken)
  value   - Objective function value
  gnorm   - Norm of the gradient
  snorm   - Norm of the step (update to optimization vector)
  delta   - Trust-Region radius
  #fval   - Number of times the objective function was evaluated
  #grad   - Number of times the gradient was computed

  tr_flag - Trust-Region flag
    0 - Both actual and predicted reductions are positive (success)
    1 - Actual reduction is positive and predicted reduction is negative (impossible)
    2 - Actual reduction is nonpositive and predicted reduction is positive
    3 - Actual reduction is nonpositive and predicted reduction is negative (impossible)
    4 - Actual and/or predicted reduction is a NaN
    5 - Subproblem solution did not produce sufficient decrease

  iterCG - Number of Truncated CG iterations

  flagGC - Trust-Region Truncated CG flag
    0 - Residual tolerance met
    1 - Iteration limit exceeded
    2 - Negative curvature detected
    3 - Trust-Region radius exceeded
    4 - Initial right hand side is zero
------------------------------------------------------------------------------------------------------------------
  iter  value          gnorm          snorm          delta          #fval     #grad     tr_flag   iterCG    flagCG    
  0     1.239900e-11   6.966769e-04   ---            1.000000e+00   1         1         ---       ---       ---       
  In TrustRegionUtilities::analyzeRatio
    Current objective function value:        1.2399e-11
    New objective function value:            1.25438e-09
    Actual reduction:                        -1.24199e-09
    Predicted reduction:                     2.47149e-10
    Safeguard:                               2.22045e-15
    Actual reduction with safeguard:         -1.24198e-09
    Predicted reduction with safeguard:      2.47151e-10
    Ratio of actual and predicted reduction: -5.0252
    Trust-region flag:                       2

  In TrustRegionUtilities::interpolateRadius
    Interpolation model value:               -2.3475e-10
    Interpolation step length:               0.0474963

------------------------------------------------------------------------------------------------------------------
Trust-Region status output definitions

  iter    - Number of iterates (steps taken)
  value   - Objective function value
  gnorm   - Norm of the gradient
  snorm   - Norm of the step (update to optimization vector)
  delta   - Trust-Region radius
  #fval   - Number of times the objective function was evaluated
  #grad   - Number of times the gradient was computed

  tr_flag - Trust-Region flag
    0 - Both actual and predicted reductions are positive (success)
    1 - Actual reduction is positive and predicted reduction is negative (impossible)
    2 - Actual reduction is nonpositive and predicted reduction is positive
    3 - Actual reduction is nonpositive and predicted reduction is negative (impossible)
    4 - Actual and/or predicted reduction is a NaN
    5 - Subproblem solution did not produce sufficient decrease

  iterCG - Number of Truncated CG iterations

  flagGC - Trust-Region Truncated CG flag
    0 - Residual tolerance met
    1 - Iteration limit exceeded
    2 - Negative curvature detected
    3 - Trust-Region radius exceeded
    4 - Initial right hand side is zero
------------------------------------------------------------------------------------------------------------------
  iter  value          gnorm          snorm          delta          #fval     #grad     tr_flag   iterCG    flagCG    
  1     1.239900e-11   6.966769e-04   3.524909e-05   8.812272e-06   2         1         2         20        1         
  In TrustRegionUtilities::analyzeRatio
    Current objective function value:        1.2399e-11
    New objective function value:            8.40361e-11
    Actual reduction:                        -7.16371e-11
    Predicted reduction:                     8.27926e-11
    Safeguard:                               2.22045e-15
    Actual reduction with safeguard:         -7.16348e-11
    Predicted reduction with safeguard:      8.27948e-11
    Ratio of actual and predicted reduction: -0.865209
    Trust-region flag:                       2

  In TrustRegionUtilities::interpolateRadius
    Interpolation model value:               -7.03936e-11
    Interpolation step length:               0.126918

------------------------------------------------------------------------------------------------------------------
Trust-Region status output definitions

  iter    - Number of iterates (steps taken)
  value   - Objective function value
  gnorm   - Norm of the gradient
  snorm   - Norm of the step (update to optimization vector)
  delta   - Trust-Region radius
  #fval   - Number of times the objective function was evaluated
  #grad   - Number of times the gradient was computed

  tr_flag - Trust-Region flag
    0 - Both actual and predicted reductions are positive (success)
    1 - Actual reduction is positive and predicted reduction is negative (impossible)
    2 - Actual reduction is nonpositive and predicted reduction is positive
    3 - Actual reduction is nonpositive and predicted reduction is negative (impossible)
    4 - Actual and/or predicted reduction is a NaN
    5 - Subproblem solution did not produce sufficient decrease

  iterCG - Number of Truncated CG iterations

  flagGC - Trust-Region Truncated CG flag
    0 - Residual tolerance met
    1 - Iteration limit exceeded
    2 - Negative curvature detected
    3 - Trust-Region radius exceeded
    4 - Initial right hand side is zero
------------------------------------------------------------------------------------------------------------------
  iter  value          gnorm          snorm          delta          #fval     #grad     tr_flag   iterCG    flagCG    
  2     1.239900e-11   6.966769e-04   8.812272e-06   1.118437e-06   3         1         2         19        3         
  In TrustRegionUtilities::analyzeRatio
    Current objective function value:        1.2399e-11
    New objective function value:            5.2069e-12
    Actual reduction:                        7.1921e-12
    Predicted reduction:                     2.71488e-11
    Safeguard:                               2.22045e-15
    Actual reduction with safeguard:         7.19432e-12
    Predicted reduction with safeguard:      2.71511e-11
    Ratio of actual and predicted reduction: 0.264974
    Trust-region flag:                       0

------------------------------------------------------------------------------------------------------------------
Trust-Region status output definitions

  iter    - Number of iterates (steps taken)
  value   - Objective function value
  gnorm   - Norm of the gradient
  snorm   - Norm of the step (update to optimization vector)
  delta   - Trust-Region radius
  #fval   - Number of times the objective function was evaluated
  #grad   - Number of times the gradient was computed

  tr_flag - Trust-Region flag
    0 - Both actual and predicted reductions are positive (success)
    1 - Actual reduction is positive and predicted reduction is negative (impossible)
    2 - Actual reduction is nonpositive and predicted reduction is positive
    3 - Actual reduction is nonpositive and predicted reduction is negative (impossible)
    4 - Actual and/or predicted reduction is a NaN
    5 - Subproblem solution did not produce sufficient decrease

  iterCG - Number of Truncated CG iterations

  flagGC - Trust-Region Truncated CG flag
    0 - Residual tolerance met
    1 - Iteration limit exceeded
    2 - Negative curvature detected
    3 - Trust-Region radius exceeded
    4 - Initial right hand side is zero
------------------------------------------------------------------------------------------------------------------
  iter  value          gnorm          snorm          delta          #fval     #grad     tr_flag   iterCG    flagCG    
  3     5.206896e-12   1.753587e-04   1.118437e-06   1.118437e-06   4         2         0         15        3         
  In TrustRegionUtilities::analyzeRatio
    Current objective function value:        5.2069e-12
    New objective function value:            7.52054e-14
    Actual reduction:                        5.13169e-12
    Predicted reduction:                     1.0121e-11
    Safeguard:                               2.22045e-15
    Actual reduction with safeguard:         5.13391e-12
    Predicted reduction with safeguard:      1.01232e-11
    Ratio of actual and predicted reduction: 0.507142
    Trust-region flag:                       0

------------------------------------------------------------------------------------------------------------------
Trust-Region status output definitions

  iter    - Number of iterates (steps taken)
  value   - Objective function value
  gnorm   - Norm of the gradient
  snorm   - Norm of the step (update to optimization vector)
  delta   - Trust-Region radius
  #fval   - Number of times the objective function was evaluated
  #grad   - Number of times the gradient was computed

  tr_flag - Trust-Region flag
    0 - Both actual and predicted reductions are positive (success)
    1 - Actual reduction is positive and predicted reduction is negative (impossible)
    2 - Actual reduction is nonpositive and predicted reduction is positive
    3 - Actual reduction is nonpositive and predicted reduction is negative (impossible)
    4 - Actual and/or predicted reduction is a NaN
    5 - Subproblem solution did not produce sufficient decrease

  iterCG - Number of Truncated CG iterations

  flagGC - Trust-Region Truncated CG flag
    0 - Residual tolerance met
    1 - Iteration limit exceeded
    2 - Negative curvature detected
    3 - Trust-Region radius exceeded
    4 - Initial right hand side is zero
------------------------------------------------------------------------------------------------------------------
  iter  value          gnorm          snorm          delta          #fval     #grad     tr_flag   iterCG    flagCG    
  4     7.520535e-14   1.444204e-05   2.856836e-07   1.118437e-06   5         3         0         20        1         
  In TrustRegionUtilities::analyzeRatio
    Current objective function value:        7.52054e-14
    New objective function value:            2.36832e-13
    Actual reduction:                        -1.61627e-13
    Predicted reduction:                     5.3823e-13
    Safeguard:                               2.22045e-15
    Actual reduction with safeguard:         -1.59406e-13
    Predicted reduction with safeguard:      5.40451e-13
    Ratio of actual and predicted reduction: -0.29495
    Trust-region flag:                       2

  In TrustRegionUtilities::interpolateRadius
    Interpolation model value:               -4.63025e-13
    Interpolation step length:               0.150211

------------------------------------------------------------------------------------------------------------------
Trust-Region status output definitions

  iter    - Number of iterates (steps taken)
  value   - Objective function value
  gnorm   - Norm of the gradient
  snorm   - Norm of the step (update to optimization vector)
  delta   - Trust-Region radius
  #fval   - Number of times the objective function was evaluated
  #grad   - Number of times the gradient was computed

  tr_flag - Trust-Region flag
    0 - Both actual and predicted reductions are positive (success)
    1 - Actual reduction is positive and predicted reduction is negative (impossible)
    2 - Actual reduction is nonpositive and predicted reduction is positive
    3 - Actual reduction is nonpositive and predicted reduction is negative (impossible)
    4 - Actual and/or predicted reduction is a NaN
    5 - Subproblem solution did not produce sufficient decrease

  iterCG - Number of Truncated CG iterations

  flagGC - Trust-Region Truncated CG flag
    0 - Residual tolerance met
    1 - Iteration limit exceeded
    2 - Negative curvature detected
    3 - Trust-Region radius exceeded
    4 - Initial right hand side is zero
------------------------------------------------------------------------------------------------------------------
  iter  value          gnorm          snorm          delta          #fval     #grad     tr_flag   iterCG    flagCG    
  5     7.520535e-14   1.444204e-05   2.690391e-07   6.725977e-08   6         3         2         20        1         
  In TrustRegionUtilities::analyzeRatio
    Current objective function value:        7.52054e-14
    New objective function value:            1.41993e-13
    Actual reduction:                        -6.67877e-14
    Predicted reduction:                     2.04125e-13
    Safeguard:                               2.22045e-15
    Actual reduction with safeguard:         -6.45672e-14
    Predicted reduction with safeguard:      2.06345e-13
    Ratio of actual and predicted reduction: -0.312909
    Trust-region flag:                       2

  In TrustRegionUtilities::interpolateRadius
    Interpolation model value:               -1.28919e-13
    Interpolation step length:               0.145934

------------------------------------------------------------------------------------------------------------------
Trust-Region status output definitions

  iter    - Number of iterates (steps taken)
  value   - Objective function value
  gnorm   - Norm of the gradient
  snorm   - Norm of the step (update to optimization vector)
  delta   - Trust-Region radius
  #fval   - Number of times the objective function was evaluated
  #grad   - Number of times the gradient was computed

  tr_flag - Trust-Region flag
    0 - Both actual and predicted reductions are positive (success)
    1 - Actual reduction is positive and predicted reduction is negative (impossible)
    2 - Actual reduction is nonpositive and predicted reduction is positive
    3 - Actual reduction is nonpositive and predicted reduction is negative (impossible)
    4 - Actual and/or predicted reduction is a NaN
    5 - Subproblem solution did not produce sufficient decrease

  iterCG - Number of Truncated CG iterations

  flagGC - Trust-Region Truncated CG flag
    0 - Residual tolerance met
    1 - Iteration limit exceeded
    2 - Negative curvature detected
    3 - Trust-Region radius exceeded
    4 - Initial right hand side is zero
------------------------------------------------------------------------------------------------------------------
  iter  value          gnorm          snorm          delta          #fval     #grad     tr_flag   iterCG    flagCG    
  6     7.520535e-14   1.444204e-05   6.725977e-08   9.815508e-09   7         3         2         13        3         
  In TrustRegionUtilities::analyzeRatio
    Current objective function value:        7.52054e-14
    New objective function value:            6.26965e-14
    Actual reduction:                        1.25088e-14
    Predicted reduction:                     5.1522e-14
    Safeguard:                               2.22045e-15
    Actual reduction with safeguard:         1.47293e-14
    Predicted reduction with safeguard:      5.37424e-14
    Ratio of actual and predicted reduction: 0.274071
    Trust-region flag:                       0

------------------------------------------------------------------------------------------------------------------
Trust-Region status output definitions

  iter    - Number of iterates (steps taken)
  value   - Objective function value
  gnorm   - Norm of the gradient
  snorm   - Norm of the step (update to optimization vector)
  delta   - Trust-Region radius
  #fval   - Number of times the objective function was evaluated
  #grad   - Number of times the gradient was computed

  tr_flag - Trust-Region flag
    0 - Both actual and predicted reductions are positive (success)
    1 - Actual reduction is positive and predicted reduction is negative (impossible)
    2 - Actual reduction is nonpositive and predicted reduction is positive
    3 - Actual reduction is nonpositive and predicted reduction is negative (impossible)
    4 - Actual and/or predicted reduction is a NaN
    5 - Subproblem solution did not produce sufficient decrease

  iterCG - Number of Truncated CG iterations

  flagGC - Trust-Region Truncated CG flag
    0 - Residual tolerance met
    1 - Iteration limit exceeded
    2 - Negative curvature detected
    3 - Trust-Region radius exceeded
    4 - Initial right hand side is zero
------------------------------------------------------------------------------------------------------------------
  iter  value          gnorm          snorm          delta          #fval     #grad     tr_flag   iterCG    flagCG    
  7     6.269653e-14   1.257280e-05   9.815508e-09   9.815508e-09   8         4         0         4         3         
  In TrustRegionUtilities::analyzeRatio
    Current objective function value:        6.26965e-14
    New objective function value:            6.01993e-14
    Actual reduction:                        2.49725e-15
    Predicted reduction:                     4.06034e-14
    Safeguard:                               2.22045e-15
    Actual reduction with safeguard:         4.7177e-15
    Predicted reduction with safeguard:      4.28239e-14
    Ratio of actual and predicted reduction: 0.110165
    Trust-region flag:                       0

------------------------------------------------------------------------------------------------------------------
Trust-Region status output definitions

  iter    - Number of iterates (steps taken)
  value   - Objective function value
  gnorm   - Norm of the gradient
  snorm   - Norm of the step (update to optimization vector)
  delta   - Trust-Region radius
  #fval   - Number of times the objective function was evaluated
  #grad   - Number of times the gradient was computed

  tr_flag - Trust-Region flag
    0 - Both actual and predicted reductions are positive (success)
    1 - Actual reduction is positive and predicted reduction is negative (impossible)
    2 - Actual reduction is nonpositive and predicted reduction is positive
    3 - Actual reduction is nonpositive and predicted reduction is negative (impossible)
    4 - Actual and/or predicted reduction is a NaN
    5 - Subproblem solution did not produce sufficient decrease

  iterCG - Number of Truncated CG iterations

  flagGC - Trust-Region Truncated CG flag
    0 - Residual tolerance met
    1 - Iteration limit exceeded
    2 - Negative curvature detected
    3 - Trust-Region radius exceeded
    4 - Initial right hand side is zero
------------------------------------------------------------------------------------------------------------------
  iter  value          gnorm          snorm          delta          #fval     #grad     tr_flag   iterCG    flagCG    
  8     6.019928e-14   1.087596e-05   9.815508e-09   9.815508e-09   9         5         0         4         3         
  In TrustRegionUtilities::analyzeRatio
    Current objective function value:        6.01993e-14
    New objective function value:            6.10664e-14
    Actual reduction:                        -8.67124e-16
    Predicted reduction:                     3.43526e-14
    Safeguard:                               2.22045e-15
    Actual reduction with safeguard:         1.35332e-15
    Predicted reduction with safeguard:      3.6573e-14
    Ratio of actual and predicted reduction: 0.0370033
    Trust-region flag:                       0

------------------------------------------------------------------------------------------------------------------
Trust-Region status output definitions

  iter    - Number of iterates (steps taken)
  value   - Objective function value
  gnorm   - Norm of the gradient
  snorm   - Norm of the step (update to optimization vector)
  delta   - Trust-Region radius
  #fval   - Number of times the objective function was evaluated
  #grad   - Number of times the gradient was computed

  tr_flag - Trust-Region flag
    0 - Both actual and predicted reductions are positive (success)
    1 - Actual reduction is positive and predicted reduction is negative (impossible)
    2 - Actual reduction is nonpositive and predicted reduction is positive
    3 - Actual reduction is nonpositive and predicted reduction is negative (impossible)
    4 - Actual and/or predicted reduction is a NaN
    5 - Subproblem solution did not produce sufficient decrease

  iterCG - Number of Truncated CG iterations

  flagGC - Trust-Region Truncated CG flag
    0 - Residual tolerance met
    1 - Iteration limit exceeded
    2 - Negative curvature detected
    3 - Trust-Region radius exceeded
    4 - Initial right hand side is zero
------------------------------------------------------------------------------------------------------------------
  iter  value          gnorm          snorm          delta          #fval     #grad     tr_flag   iterCG    flagCG    
  9     6.019928e-14   1.087596e-05   9.815508e-09   2.453877e-09   10        5         0         5         3         
  In TrustRegionUtilities::analyzeRatio
    Current objective function value:        6.01993e-14
    New objective function value:            5.53667e-14
    Actual reduction:                        4.83256e-15
    Predicted reduction:                     1.32273e-14
    Safeguard:                               2.22045e-15
    Actual reduction with safeguard:         7.05301e-15
    Predicted reduction with safeguard:      1.54477e-14
    Ratio of actual and predicted reduction: 0.456572
    Trust-region flag:                       0

------------------------------------------------------------------------------------------------------------------
Trust-Region status output definitions

  iter    - Number of iterates (steps taken)
  value   - Objective function value
  gnorm   - Norm of the gradient
  snorm   - Norm of the step (update to optimization vector)
  delta   - Trust-Region radius
  #fval   - Number of times the objective function was evaluated
  #grad   - Number of times the gradient was computed

  tr_flag - Trust-Region flag
    0 - Both actual and predicted reductions are positive (success)
    1 - Actual reduction is positive and predicted reduction is negative (impossible)
    2 - Actual reduction is nonpositive and predicted reduction is positive
    3 - Actual reduction is nonpositive and predicted reduction is negative (impossible)
    4 - Actual and/or predicted reduction is a NaN
    5 - Subproblem solution did not produce sufficient decrease

  iterCG - Number of Truncated CG iterations

  flagGC - Trust-Region Truncated CG flag
    0 - Residual tolerance met
    1 - Iteration limit exceeded
    2 - Negative curvature detected
    3 - Trust-Region radius exceeded
    4 - Initial right hand side is zero
------------------------------------------------------------------------------------------------------------------
  iter  value          gnorm          snorm          delta          #fval     #grad     tr_flag   iterCG    flagCG    
  10    5.536672e-14   5.922230e-06   2.453877e-09   2.453877e-09   11        6         0         2         3         
Optimization Terminated with Status: Iteration Limit Exceeded
