p= 0 | CubeHexMesh: Building sub cells
[MetricOpStats] ParamMass_M  (rows=304256)
  row_sum       min=1.0101e-07  max=0.000495  mean=0.000165065  max/|min|=4900.5
  |row_sum|     min=1.0101e-07  max=0.000495  mean=0.000165065  max/min=4900.5
  diag          min=4.48934e-08  max=0.00022  mean=7.33623e-05  nonpos=0
  max_abs_entry=0.00022
[MetricOpStats] ParamStiffness_K  (rows=304256)
  row_sum       min=-1.93715e-07  max=1.49012e-07  mean=-5.95236e-09  max/|min|=0.769231
  |row_sum|     min=3.16865e+08  max=1.056e+09  mean=7.7416e+08  max/min=3.33265
  diag          min=5.28215e+07  max=2.112e+08  mean=1.40769e+08  nonpos=0
  max_abs_entry=2.112e+08
[MetricOpStats] ParamMass_M_reprint  (rows=304256)
  row_sum       min=1.0101e-07  max=0.000495  mean=0.000165065  max/|min|=4900.5
  |row_sum|     min=1.0101e-07  max=0.000495  mean=0.000165065  max/min=4900.5
  diag          min=4.48934e-08  max=0.00022  mean=7.33623e-05  nonpos=0
  max_abs_entry=0.00022
[MetricOpStats] K_over_M
  |row_sum| ratio  max=2.13333e+12  mean=4.69003e+12
[RieszAutoScale] mean(diag(K))/mean(diag(M)) = 1.91883e+12
[RieszMap] alpha1=1.91883e+12  alpha2=1  mode=auto_balanced
[MetricOpStats] Hcurl_H  (rows=304256  alpha1=1.91883e+12  alpha2=1  solver=sparse_direct)
  row_sum       min=193821  max=9.49819e+08  mean=3.16731e+08  max/|min|=4900.5
  |row_sum|     min=3.16929e+08  max=1.58355e+09  mean=9.50022e+08  max/min=4.99653
  diag          min=5.29077e+07  max=6.33342e+08  mean=2.81539e+08  nonpos=0
  max_abs_entry=6.33342e+08
MrHyDE vector contract check (primal) errors: e[0]=0 e[1]=0 e[2]=0 e[3]=0 e[4]=0 e[5]=0 e[6]=0 e[7]=0 e[8]=0 e[9]=0 e[10]=0 e[11]=0 e[12]=0
MrHyDE vector contract check (dual) errors: e[0]=0 e[1]=1.26405e-19 e[2]=0 e[3]=0 e[4]=0 e[5]=2.31516e-20 e[6]=4.70186e-20 e[7]=0 e[8]=0 e[9]=5.29396e-23 e[10]=3.33067e-16 e[11]=1.20149e-17 e[12]=1.90295e-15
MrHyDE vector contract check: max_primal_err=0 max_dual_err=1.90295e-15 tol=1e-08

Truncated CG Trust-Region Solver
------------------------------------------------------------------------------------------------------------------
Trust-Region status output definitions

  iter    - Number of iterates (steps taken)
  value   - Objective function value
  gnorm   - Norm of the gradient
  snorm   - Norm of the step (update to optimization vector)
  delta   - Trust-Region radius
  #fval   - Number of times the objective function was evaluated
  #grad   - Number of times the gradient was computed

  tr_flag - Trust-Region flag
    0 - Both actual and predicted reductions are positive (success)
    1 - Actual reduction is positive and predicted reduction is negative (impossible)
    2 - Actual reduction is nonpositive and predicted reduction is positive
    3 - Actual reduction is nonpositive and predicted reduction is negative (impossible)
    4 - Actual and/or predicted reduction is a NaN
    5 - Subproblem solution did not produce sufficient decrease

  iterCG - Number of Truncated CG iterations

  flagGC - Trust-Region Truncated CG flag
    0 - Residual tolerance met
    1 - Iteration limit exceeded
    2 - Negative curvature detected
    3 - Trust-Region radius exceeded
    4 - Initial right hand side is zero
------------------------------------------------------------------------------------------------------------------
  iter  value          gnorm          snorm          delta          #fval     #grad     tr_flag   iterCG    flagCG    
  0     1.242149e-11   5.003777e-04   ---            1.000000e+00   1         1         ---       ---       ---       
  In TrustRegionUtilities::analyzeRatio
    Current objective function value:        1.24215e-11
    New objective function value:            0.000638684
    Actual reduction:                        -0.000638684
    Predicted reduction:                     2.99501e-07
    Safeguard:                               2.22045e-15
    Actual reduction with safeguard:         -0.000638684
    Predicted reduction with safeguard:      2.99501e-07
    Ratio of actual and predicted reduction: -2132.49
    Trust-region flag:                       2

  In TrustRegionUtilities::interpolateRadius
    Interpolation model value:               -2.99488e-07
    Interpolation step length:               7.87199e-05

------------------------------------------------------------------------------------------------------------------
Trust-Region status output definitions

  iter    - Number of iterates (steps taken)
  value   - Objective function value
  gnorm   - Norm of the gradient
  snorm   - Norm of the step (update to optimization vector)
  delta   - Trust-Region radius
  #fval   - Number of times the objective function was evaluated
  #grad   - Number of times the gradient was computed

  tr_flag - Trust-Region flag
    0 - Both actual and predicted reductions are positive (success)
    1 - Actual reduction is positive and predicted reduction is negative (impossible)
    2 - Actual reduction is nonpositive and predicted reduction is positive
    3 - Actual reduction is nonpositive and predicted reduction is negative (impossible)
    4 - Actual and/or predicted reduction is a NaN
    5 - Subproblem solution did not produce sufficient decrease

  iterCG - Number of Truncated CG iterations

  flagGC - Trust-Region Truncated CG flag
    0 - Residual tolerance met
    1 - Iteration limit exceeded
    2 - Negative curvature detected
    3 - Trust-Region radius exceeded
    4 - Initial right hand side is zero
------------------------------------------------------------------------------------------------------------------
  iter  value          gnorm          snorm          delta          #fval     #grad     tr_flag   iterCG    flagCG    
  1     1.242149e-11   5.003777e-04   1.788531e-02   4.471327e-03   2         1         2         20        1         
  In TrustRegionUtilities::analyzeRatio
    Current objective function value:        1.24215e-11
    New objective function value:            4.00277e-05
    Actual reduction:                        -4.00277e-05
    Predicted reduction:                     9.50572e-08
    Safeguard:                               2.22045e-15
    Actual reduction with safeguard:         -4.00277e-05
    Predicted reduction with safeguard:      9.50572e-08
    Ratio of actual and predicted reduction: -421.091
    Trust-region flag:                       2

  In TrustRegionUtilities::interpolateRadius
    Interpolation model value:               -9.50448e-08
    Interpolation step length:               0.000313605

------------------------------------------------------------------------------------------------------------------
Trust-Region status output definitions

  iter    - Number of iterates (steps taken)
  value   - Objective function value
  gnorm   - Norm of the gradient
  snorm   - Norm of the step (update to optimization vector)
  delta   - Trust-Region radius
  #fval   - Number of times the objective function was evaluated
  #grad   - Number of times the gradient was computed

  tr_flag - Trust-Region flag
    0 - Both actual and predicted reductions are positive (success)
    1 - Actual reduction is positive and predicted reduction is negative (impossible)
    2 - Actual reduction is nonpositive and predicted reduction is positive
    3 - Actual reduction is nonpositive and predicted reduction is negative (impossible)
    4 - Actual and/or predicted reduction is a NaN
    5 - Subproblem solution did not produce sufficient decrease

  iterCG - Number of Truncated CG iterations

  flagGC - Trust-Region Truncated CG flag
    0 - Residual tolerance met
    1 - Iteration limit exceeded
    2 - Negative curvature detected
    3 - Trust-Region radius exceeded
    4 - Initial right hand side is zero
------------------------------------------------------------------------------------------------------------------
  iter  value          gnorm          snorm          delta          #fval     #grad     tr_flag   iterCG    flagCG    
  2     1.242149e-11   5.003777e-04   4.471327e-03   2.794579e-04   3         1         2         19        3         
  In TrustRegionUtilities::analyzeRatio
    Current objective function value:        1.24215e-11
    New objective function value:            1.54824e-07
    Actual reduction:                        -1.54811e-07
    Predicted reduction:                     6.64982e-09
    Safeguard:                               2.22045e-15
    Actual reduction with safeguard:         -1.54811e-07
    Predicted reduction with safeguard:      6.64982e-09
    Ratio of actual and predicted reduction: -23.2805
    Trust-region flag:                       2

  In TrustRegionUtilities::interpolateRadius
    Interpolation model value:               -6.6374e-09
    Interpolation step length:               0.00490726

------------------------------------------------------------------------------------------------------------------
Trust-Region status output definitions

  iter    - Number of iterates (steps taken)
  value   - Objective function value
  gnorm   - Norm of the gradient
  snorm   - Norm of the step (update to optimization vector)
  delta   - Trust-Region radius
  #fval   - Number of times the objective function was evaluated
  #grad   - Number of times the gradient was computed

  tr_flag - Trust-Region flag
    0 - Both actual and predicted reductions are positive (success)
    1 - Actual reduction is positive and predicted reduction is negative (impossible)
    2 - Actual reduction is nonpositive and predicted reduction is positive
    3 - Actual reduction is nonpositive and predicted reduction is negative (impossible)
    4 - Actual and/or predicted reduction is a NaN
    5 - Subproblem solution did not produce sufficient decrease

  iterCG - Number of Truncated CG iterations

  flagGC - Trust-Region Truncated CG flag
    0 - Residual tolerance met
    1 - Iteration limit exceeded
    2 - Negative curvature detected
    3 - Trust-Region radius exceeded
    4 - Initial right hand side is zero
------------------------------------------------------------------------------------------------------------------
  iter  value          gnorm          snorm          delta          #fval     #grad     tr_flag   iterCG    flagCG    
  3     1.242149e-11   5.003777e-04   2.794579e-04   1.746612e-05   4         1         2         17        3         
  In TrustRegionUtilities::analyzeRatio
    Current objective function value:        1.24215e-11
    New objective function value:            9.76954e-10
    Actual reduction:                        -9.64533e-10
    Predicted reduction:                     3.26601e-10
    Safeguard:                               2.22045e-15
    Actual reduction with safeguard:         -9.6453e-10
    Predicted reduction with safeguard:      3.26604e-10
    Ratio of actual and predicted reduction: -2.95321
    Trust-region flag:                       2

  In TrustRegionUtilities::interpolateRadius
    Interpolation model value:               -3.1418e-10
    Interpolation step length:               0.0414371

------------------------------------------------------------------------------------------------------------------
Trust-Region status output definitions

  iter    - Number of iterates (steps taken)
  value   - Objective function value
  gnorm   - Norm of the gradient
  snorm   - Norm of the step (update to optimization vector)
  delta   - Trust-Region radius
  #fval   - Number of times the objective function was evaluated
  #grad   - Number of times the gradient was computed

  tr_flag - Trust-Region flag
    0 - Both actual and predicted reductions are positive (success)
    1 - Actual reduction is positive and predicted reduction is negative (impossible)
    2 - Actual reduction is nonpositive and predicted reduction is positive
    3 - Actual reduction is nonpositive and predicted reduction is negative (impossible)
    4 - Actual and/or predicted reduction is a NaN
    5 - Subproblem solution did not produce sufficient decrease

  iterCG - Number of Truncated CG iterations

  flagGC - Trust-Region Truncated CG flag
    0 - Residual tolerance met
    1 - Iteration limit exceeded
    2 - Negative curvature detected
    3 - Trust-Region radius exceeded
    4 - Initial right hand side is zero
------------------------------------------------------------------------------------------------------------------
  iter  value          gnorm          snorm          delta          #fval     #grad     tr_flag   iterCG    flagCG    
  4     1.242149e-11   5.003777e-04   1.746612e-05   1.091633e-06   5         1         2         15        3         
  In TrustRegionUtilities::analyzeRatio
    Current objective function value:        1.24215e-11
    New objective function value:            1.84641e-11
    Actual reduction:                        -6.04261e-12
    Predicted reduction:                     3.84531e-11
    Safeguard:                               2.22045e-15
    Actual reduction with safeguard:         -6.04039e-12
    Predicted reduction with safeguard:      3.84553e-11
    Ratio of actual and predicted reduction: -0.157076
    Trust-region flag:                       2

  In TrustRegionUtilities::interpolateRadius
    Interpolation model value:               -2.60316e-11
    Interpolation step length:               0.162739

------------------------------------------------------------------------------------------------------------------
Trust-Region status output definitions

  iter    - Number of iterates (steps taken)
  value   - Objective function value
  gnorm   - Norm of the gradient
  snorm   - Norm of the step (update to optimization vector)
  delta   - Trust-Region radius
  #fval   - Number of times the objective function was evaluated
  #grad   - Number of times the gradient was computed

  tr_flag - Trust-Region flag
    0 - Both actual and predicted reductions are positive (success)
    1 - Actual reduction is positive and predicted reduction is negative (impossible)
    2 - Actual reduction is nonpositive and predicted reduction is positive
    3 - Actual reduction is nonpositive and predicted reduction is negative (impossible)
    4 - Actual and/or predicted reduction is a NaN
    5 - Subproblem solution did not produce sufficient decrease

  iterCG - Number of Truncated CG iterations

  flagGC - Trust-Region Truncated CG flag
    0 - Residual tolerance met
    1 - Iteration limit exceeded
    2 - Negative curvature detected
    3 - Trust-Region radius exceeded
    4 - Initial right hand side is zero
------------------------------------------------------------------------------------------------------------------
  iter  value          gnorm          snorm          delta          #fval     #grad     tr_flag   iterCG    flagCG    
  5     1.242149e-11   5.003777e-04   1.091633e-06   1.776508e-07   6         1         2         10        3         
  In TrustRegionUtilities::analyzeRatio
    Current objective function value:        1.24215e-11
    New objective function value:            2.20117e-12
    Actual reduction:                        1.02203e-11
    Predicted reduction:                     2.10465e-11
    Safeguard:                               2.22045e-15
    Actual reduction with safeguard:         1.02225e-11
    Predicted reduction with safeguard:      2.10488e-11
    Ratio of actual and predicted reduction: 0.48566
    Trust-region flag:                       0

------------------------------------------------------------------------------------------------------------------
Trust-Region status output definitions

  iter    - Number of iterates (steps taken)
  value   - Objective function value
  gnorm   - Norm of the gradient
  snorm   - Norm of the step (update to optimization vector)
  delta   - Trust-Region radius
  #fval   - Number of times the objective function was evaluated
  #grad   - Number of times the gradient was computed

  tr_flag - Trust-Region flag
    0 - Both actual and predicted reductions are positive (success)
    1 - Actual reduction is positive and predicted reduction is negative (impossible)
    2 - Actual reduction is nonpositive and predicted reduction is positive
    3 - Actual reduction is nonpositive and predicted reduction is negative (impossible)
    4 - Actual and/or predicted reduction is a NaN
    5 - Subproblem solution did not produce sufficient decrease

  iterCG - Number of Truncated CG iterations

  flagGC - Trust-Region Truncated CG flag
    0 - Residual tolerance met
    1 - Iteration limit exceeded
    2 - Negative curvature detected
    3 - Trust-Region radius exceeded
    4 - Initial right hand side is zero
------------------------------------------------------------------------------------------------------------------
  iter  value          gnorm          snorm          delta          #fval     #grad     tr_flag   iterCG    flagCG    
  6     2.201165e-12   9.952394e-05   1.776508e-07   1.776508e-07   7         2         0         6         3         
  In TrustRegionUtilities::analyzeRatio
    Current objective function value:        2.20117e-12
    New objective function value:            3.60076e-14
    Actual reduction:                        2.16516e-12
    Predicted reduction:                     4.14406e-12
    Safeguard:                               2.22045e-15
    Actual reduction with safeguard:         2.16738e-12
    Predicted reduction with safeguard:      4.14628e-12
    Ratio of actual and predicted reduction: 0.522728
    Trust-region flag:                       0

------------------------------------------------------------------------------------------------------------------
Trust-Region status output definitions

  iter    - Number of iterates (steps taken)
  value   - Objective function value
  gnorm   - Norm of the gradient
  snorm   - Norm of the step (update to optimization vector)
  delta   - Trust-Region radius
  #fval   - Number of times the objective function was evaluated
  #grad   - Number of times the gradient was computed

  tr_flag - Trust-Region flag
    0 - Both actual and predicted reductions are positive (success)
    1 - Actual reduction is positive and predicted reduction is negative (impossible)
    2 - Actual reduction is nonpositive and predicted reduction is positive
    3 - Actual reduction is nonpositive and predicted reduction is negative (impossible)
    4 - Actual and/or predicted reduction is a NaN
    5 - Subproblem solution did not produce sufficient decrease

  iterCG - Number of Truncated CG iterations

  flagGC - Trust-Region Truncated CG flag
    0 - Residual tolerance met
    1 - Iteration limit exceeded
    2 - Negative curvature detected
    3 - Trust-Region radius exceeded
    4 - Initial right hand side is zero
------------------------------------------------------------------------------------------------------------------
  iter  value          gnorm          snorm          delta          #fval     #grad     tr_flag   iterCG    flagCG    
  7     3.600760e-14   5.800671e-06   1.138466e-07   1.776508e-07   8         3         0         20        1         
  In TrustRegionUtilities::analyzeRatio
    Current objective function value:        3.60076e-14
    New objective function value:            2.36415e-13
    Actual reduction:                        -2.00407e-13
    Predicted reduction:                     6.31726e-14
    Safeguard:                               2.22045e-15
    Actual reduction with safeguard:         -1.98187e-13
    Predicted reduction with safeguard:      6.5393e-14
    Ratio of actual and predicted reduction: -3.0307
    Trust-region flag:                       2

  In TrustRegionUtilities::interpolateRadius
    Interpolation model value:               -2.7165e-14
    Interpolation step length:               0.0631025

------------------------------------------------------------------------------------------------------------------
Trust-Region status output definitions

  iter    - Number of iterates (steps taken)
  value   - Objective function value
  gnorm   - Norm of the gradient
  snorm   - Norm of the step (update to optimization vector)
  delta   - Trust-Region radius
  #fval   - Number of times the objective function was evaluated
  #grad   - Number of times the gradient was computed

  tr_flag - Trust-Region flag
    0 - Both actual and predicted reductions are positive (success)
    1 - Actual reduction is positive and predicted reduction is negative (impossible)
    2 - Actual reduction is nonpositive and predicted reduction is positive
    3 - Actual reduction is nonpositive and predicted reduction is negative (impossible)
    4 - Actual and/or predicted reduction is a NaN
    5 - Subproblem solution did not produce sufficient decrease

  iterCG - Number of Truncated CG iterations

  flagGC - Trust-Region Truncated CG flag
    0 - Residual tolerance met
    1 - Iteration limit exceeded
    2 - Negative curvature detected
    3 - Trust-Region radius exceeded
    4 - Initial right hand side is zero
------------------------------------------------------------------------------------------------------------------
  iter  value          gnorm          snorm          delta          #fval     #grad     tr_flag   iterCG    flagCG    
  8     3.600760e-14   5.800671e-06   9.492946e-08   1.121020e-08   9         3         2         20        1         
  In TrustRegionUtilities::analyzeRatio
    Current objective function value:        3.60076e-14
    New objective function value:            2.68167e-14
    Actual reduction:                        9.19087e-15
    Predicted reduction:                     1.52696e-14
    Safeguard:                               2.22045e-15
    Actual reduction with safeguard:         1.14113e-14
    Predicted reduction with safeguard:      1.74901e-14
    Ratio of actual and predicted reduction: 0.652445
    Trust-region flag:                       0

------------------------------------------------------------------------------------------------------------------
Trust-Region status output definitions

  iter    - Number of iterates (steps taken)
  value   - Objective function value
  gnorm   - Norm of the gradient
  snorm   - Norm of the step (update to optimization vector)
  delta   - Trust-Region radius
  #fval   - Number of times the objective function was evaluated
  #grad   - Number of times the gradient was computed

  tr_flag - Trust-Region flag
    0 - Both actual and predicted reductions are positive (success)
    1 - Actual reduction is positive and predicted reduction is negative (impossible)
    2 - Actual reduction is nonpositive and predicted reduction is positive
    3 - Actual reduction is nonpositive and predicted reduction is negative (impossible)
    4 - Actual and/or predicted reduction is a NaN
    5 - Subproblem solution did not produce sufficient decrease

  iterCG - Number of Truncated CG iterations

  flagGC - Trust-Region Truncated CG flag
    0 - Residual tolerance met
    1 - Iteration limit exceeded
    2 - Negative curvature detected
    3 - Trust-Region radius exceeded
    4 - Initial right hand side is zero
------------------------------------------------------------------------------------------------------------------
  iter  value          gnorm          snorm          delta          #fval     #grad     tr_flag   iterCG    flagCG    
  9     2.681673e-14   3.062459e-06   1.121020e-08   1.121020e-08   10        4         0         7         3         
  In TrustRegionUtilities::analyzeRatio
    Current objective function value:        2.68167e-14
    New objective function value:            4.18765e-14
    Actual reduction:                        -1.50598e-14
    Predicted reduction:                     8.04262e-15
    Safeguard:                               2.22045e-15
    Actual reduction with safeguard:         -1.28394e-14
    Predicted reduction with safeguard:      1.02631e-14
    Ratio of actual and predicted reduction: -1.25103
    Trust-region flag:                       2

  In TrustRegionUtilities::interpolateRadius
    Interpolation model value:               1.87741e-14
    Interpolation step length:               0.0625435

------------------------------------------------------------------------------------------------------------------
Trust-Region status output definitions

  iter    - Number of iterates (steps taken)
  value   - Objective function value
  gnorm   - Norm of the gradient
  snorm   - Norm of the step (update to optimization vector)
  delta   - Trust-Region radius
  #fval   - Number of times the objective function was evaluated
  #grad   - Number of times the gradient was computed

  tr_flag - Trust-Region flag
    0 - Both actual and predicted reductions are positive (success)
    1 - Actual reduction is positive and predicted reduction is negative (impossible)
    2 - Actual reduction is nonpositive and predicted reduction is positive
    3 - Actual reduction is nonpositive and predicted reduction is negative (impossible)
    4 - Actual and/or predicted reduction is a NaN
    5 - Subproblem solution did not produce sufficient decrease

  iterCG - Number of Truncated CG iterations

  flagGC - Trust-Region Truncated CG flag
    0 - Residual tolerance met
    1 - Iteration limit exceeded
    2 - Negative curvature detected
    3 - Trust-Region radius exceeded
    4 - Initial right hand side is zero
------------------------------------------------------------------------------------------------------------------
  iter  value          gnorm          snorm          delta          #fval     #grad     tr_flag   iterCG    flagCG    
  10    2.681673e-14   3.062459e-06   1.121020e-08   7.011253e-10   11        4         2         8         3         
Optimization Terminated with Status: Iteration Limit Exceeded
