p= 0 | CubeHexMesh: Building sub cells
[MetricOpStats] ParamMass_M  (rows=38048)
  row_sum       min=2.0202e-07  max=0.00099  mean=0.000329992  max/|min|=4900.5
  |row_sum|     min=2.0202e-07  max=0.00099  mean=0.000329992  max/min=4900.5
  diag          min=8.97868e-08  max=0.00044  mean=0.000146663  nonpos=0
  max_abs_entry=0.00044
[MetricOpStats] ParamStiffness_K  (rows=38048)
  row_sum       min=-8.9407e-08  max=7.45058e-08  mean=-1.63445e-09  max/|min|=0.833333
  |row_sum|     min=1.58432e+08  max=5.28e+08  mean=3.86917e+08  max/min=3.33265
  diag          min=2.64108e+07  max=1.056e+08  mean=7.03551e+07  nonpos=0
  max_abs_entry=1.056e+08
[MetricOpStats] ParamMass_M_reprint  (rows=38048)
  row_sum       min=2.0202e-07  max=0.00099  mean=0.000329992  max/|min|=4900.5
  |row_sum|     min=2.0202e-07  max=0.00099  mean=0.000329992  max/min=4900.5
  diag          min=8.97868e-08  max=0.00044  mean=0.000146663  nonpos=0
  max_abs_entry=0.00044
[MetricOpStats] K_over_M
  |row_sum| ratio  max=5.33333e+11  mean=1.17251e+12
[RieszAutoScale] mean(diag(K))/mean(diag(M)) = 4.79706e+11
[RieszMap] alpha1=1  alpha2=1  mode=user_override
[MetricOpStats] Hcurl_H  (rows=38048  alpha1=1  alpha2=1  solver=sparse_direct)
  row_sum       min=1.93715e-07  max=0.000990078  mean=0.00032999  max/|min|=5111
  |row_sum|     min=1.58432e+08  max=5.28e+08  mean=3.86917e+08  max/min=3.33265
  diag          min=2.64108e+07  max=1.056e+08  mean=7.03551e+07  nonpos=0
  max_abs_entry=1.056e+08
MrHyDE vector contract check (primal) errors: e[0]=0 e[1]=0 e[2]=0 e[3]=0 e[4]=0 e[5]=0 e[6]=0 e[7]=0 e[8]=0 e[9]=0 e[10]=0 e[11]=0 e[12]=0
MrHyDE vector contract check (dual) errors: e[0]=0 e[1]=8.6487e-14 e[2]=0 e[3]=0 e[4]=0 e[5]=1.26103e-14 e[6]=2.5801e-14 e[7]=0 e[8]=0 e[9]=1.48231e-21 e[10]=2.22045e-16 e[11]=8.47085e-11 e[12]=9.16833e-13
MrHyDE vector contract check: max_primal_err=0 max_dual_err=8.47085e-11 tol=1e-08

Truncated CG Trust-Region Solver
------------------------------------------------------------------------------------------------------------------
Trust-Region status output definitions

  iter    - Number of iterates (steps taken)
  value   - Objective function value
  gnorm   - Norm of the gradient
  snorm   - Norm of the step (update to optimization vector)
  delta   - Trust-Region radius
  #fval   - Number of times the objective function was evaluated
  #grad   - Number of times the gradient was computed

  tr_flag - Trust-Region flag
    0 - Both actual and predicted reductions are positive (success)
    1 - Actual reduction is positive and predicted reduction is negative (impossible)
    2 - Actual reduction is nonpositive and predicted reduction is positive
    3 - Actual reduction is nonpositive and predicted reduction is negative (impossible)
    4 - Actual and/or predicted reduction is a NaN
    5 - Subproblem solution did not produce sufficient decrease

  iterCG - Number of Truncated CG iterations

  flagGC - Trust-Region Truncated CG flag
    0 - Residual tolerance met
    1 - Iteration limit exceeded
    2 - Negative curvature detected
    3 - Trust-Region radius exceeded
    4 - Initial right hand side is zero
------------------------------------------------------------------------------------------------------------------
  iter  value          gnorm          snorm          delta          #fval     #grad     tr_flag   iterCG    flagCG    
  0     1.239900e-11   8.590344e-04   ---            1.000000e+00   1         1         ---       ---       ---       
  In TrustRegionUtilities::analyzeRatio
    Current objective function value:        1.2399e-11
    New objective function value:            3.68778e-13
    Actual reduction:                        1.20302e-11
    Predicted reduction:                     2.85063e-11
    Safeguard:                               2.22045e-15
    Actual reduction with safeguard:         1.20324e-11
    Predicted reduction with safeguard:      2.85085e-11
    Ratio of actual and predicted reduction: 0.422065
    Trust-region flag:                       0

------------------------------------------------------------------------------------------------------------------
Trust-Region status output definitions

  iter    - Number of iterates (steps taken)
  value   - Objective function value
  gnorm   - Norm of the gradient
  snorm   - Norm of the step (update to optimization vector)
  delta   - Trust-Region radius
  #fval   - Number of times the objective function was evaluated
  #grad   - Number of times the gradient was computed

  tr_flag - Trust-Region flag
    0 - Both actual and predicted reductions are positive (success)
    1 - Actual reduction is positive and predicted reduction is negative (impossible)
    2 - Actual reduction is nonpositive and predicted reduction is positive
    3 - Actual reduction is nonpositive and predicted reduction is negative (impossible)
    4 - Actual and/or predicted reduction is a NaN
    5 - Subproblem solution did not produce sufficient decrease

  iterCG - Number of Truncated CG iterations

  flagGC - Trust-Region Truncated CG flag
    0 - Residual tolerance met
    1 - Iteration limit exceeded
    2 - Negative curvature detected
    3 - Trust-Region radius exceeded
    4 - Initial right hand side is zero
------------------------------------------------------------------------------------------------------------------
  iter  value          gnorm          snorm          delta          #fval     #grad     tr_flag   iterCG    flagCG    
  1     3.687778e-13   8.507258e-05   5.093445e-07   1.000000e+00   2         2         0         20        1         
  In TrustRegionUtilities::analyzeRatio
    Current objective function value:        3.68778e-13
    New objective function value:            5.39865e-14
    Actual reduction:                        3.14791e-13
    Predicted reduction:                     2.77398e-12
    Safeguard:                               2.22045e-15
    Actual reduction with safeguard:         3.17012e-13
    Predicted reduction with safeguard:      2.7762e-12
    Ratio of actual and predicted reduction: 0.114189
    Trust-region flag:                       0

------------------------------------------------------------------------------------------------------------------
Trust-Region status output definitions

  iter    - Number of iterates (steps taken)
  value   - Objective function value
  gnorm   - Norm of the gradient
  snorm   - Norm of the step (update to optimization vector)
  delta   - Trust-Region radius
  #fval   - Number of times the objective function was evaluated
  #grad   - Number of times the gradient was computed

  tr_flag - Trust-Region flag
    0 - Both actual and predicted reductions are positive (success)
    1 - Actual reduction is positive and predicted reduction is negative (impossible)
    2 - Actual reduction is nonpositive and predicted reduction is positive
    3 - Actual reduction is nonpositive and predicted reduction is negative (impossible)
    4 - Actual and/or predicted reduction is a NaN
    5 - Subproblem solution did not produce sufficient decrease

  iterCG - Number of Truncated CG iterations

  flagGC - Trust-Region Truncated CG flag
    0 - Residual tolerance met
    1 - Iteration limit exceeded
    2 - Negative curvature detected
    3 - Trust-Region radius exceeded
    4 - Initial right hand side is zero
------------------------------------------------------------------------------------------------------------------
  iter  value          gnorm          snorm          delta          #fval     #grad     tr_flag   iterCG    flagCG    
  2     5.398649e-14   3.416972e-05   1.634465e-07   1.000000e+00   3         3         0         20        1         
  In TrustRegionUtilities::analyzeRatio
    Current objective function value:        5.39865e-14
    New objective function value:            3.63416e-15
    Actual reduction:                        5.03523e-14
    Predicted reduction:                     1.61178e-13
    Safeguard:                               2.22045e-15
    Actual reduction with safeguard:         5.25728e-14
    Predicted reduction with safeguard:      1.63398e-13
    Ratio of actual and predicted reduction: 0.321746
    Trust-region flag:                       0

------------------------------------------------------------------------------------------------------------------
Trust-Region status output definitions

  iter    - Number of iterates (steps taken)
  value   - Objective function value
  gnorm   - Norm of the gradient
  snorm   - Norm of the step (update to optimization vector)
  delta   - Trust-Region radius
  #fval   - Number of times the objective function was evaluated
  #grad   - Number of times the gradient was computed

  tr_flag - Trust-Region flag
    0 - Both actual and predicted reductions are positive (success)
    1 - Actual reduction is positive and predicted reduction is negative (impossible)
    2 - Actual reduction is nonpositive and predicted reduction is positive
    3 - Actual reduction is nonpositive and predicted reduction is negative (impossible)
    4 - Actual and/or predicted reduction is a NaN
    5 - Subproblem solution did not produce sufficient decrease

  iterCG - Number of Truncated CG iterations

  flagGC - Trust-Region Truncated CG flag
    0 - Residual tolerance met
    1 - Iteration limit exceeded
    2 - Negative curvature detected
    3 - Trust-Region radius exceeded
    4 - Initial right hand side is zero
------------------------------------------------------------------------------------------------------------------
  iter  value          gnorm          snorm          delta          #fval     #grad     tr_flag   iterCG    flagCG    
  3     3.634158e-15   9.299734e-06   2.633315e-08   1.000000e+00   4         4         0         20        1         
  In TrustRegionUtilities::analyzeRatio
    Current objective function value:        3.63416e-15
    New objective function value:            2.59509e-15
    Actual reduction:                        1.03906e-15
    Predicted reduction:                     3.8044e-14
    Safeguard:                               2.22045e-15
    Actual reduction with safeguard:         3.25951e-15
    Predicted reduction with safeguard:      4.02645e-14
    Ratio of actual and predicted reduction: 0.0809525
    Trust-region flag:                       0

------------------------------------------------------------------------------------------------------------------
Trust-Region status output definitions

  iter    - Number of iterates (steps taken)
  value   - Objective function value
  gnorm   - Norm of the gradient
  snorm   - Norm of the step (update to optimization vector)
  delta   - Trust-Region radius
  #fval   - Number of times the objective function was evaluated
  #grad   - Number of times the gradient was computed

  tr_flag - Trust-Region flag
    0 - Both actual and predicted reductions are positive (success)
    1 - Actual reduction is positive and predicted reduction is negative (impossible)
    2 - Actual reduction is nonpositive and predicted reduction is positive
    3 - Actual reduction is nonpositive and predicted reduction is negative (impossible)
    4 - Actual and/or predicted reduction is a NaN
    5 - Subproblem solution did not produce sufficient decrease

  iterCG - Number of Truncated CG iterations

  flagGC - Trust-Region Truncated CG flag
    0 - Residual tolerance met
    1 - Iteration limit exceeded
    2 - Negative curvature detected
    3 - Trust-Region radius exceeded
    4 - Initial right hand side is zero
------------------------------------------------------------------------------------------------------------------
  iter  value          gnorm          snorm          delta          #fval     #grad     tr_flag   iterCG    flagCG    
  4     2.595094e-15   8.842472e-06   3.515155e-08   1.000000e+00   5         5         0         20        1         
  In TrustRegionUtilities::analyzeRatio
    Current objective function value:        2.59509e-15
    New objective function value:            1.44421e-15
    Actual reduction:                        1.15088e-15
    Predicted reduction:                     1.78316e-14
    Safeguard:                               2.22045e-15
    Actual reduction with safeguard:         3.37133e-15
    Predicted reduction with safeguard:      2.0052e-14
    Ratio of actual and predicted reduction: 0.168129
    Trust-region flag:                       0

------------------------------------------------------------------------------------------------------------------
Trust-Region status output definitions

  iter    - Number of iterates (steps taken)
  value   - Objective function value
  gnorm   - Norm of the gradient
  snorm   - Norm of the step (update to optimization vector)
  delta   - Trust-Region radius
  #fval   - Number of times the objective function was evaluated
  #grad   - Number of times the gradient was computed

  tr_flag - Trust-Region flag
    0 - Both actual and predicted reductions are positive (success)
    1 - Actual reduction is positive and predicted reduction is negative (impossible)
    2 - Actual reduction is nonpositive and predicted reduction is positive
    3 - Actual reduction is nonpositive and predicted reduction is negative (impossible)
    4 - Actual and/or predicted reduction is a NaN
    5 - Subproblem solution did not produce sufficient decrease

  iterCG - Number of Truncated CG iterations

  flagGC - Trust-Region Truncated CG flag
    0 - Residual tolerance met
    1 - Iteration limit exceeded
    2 - Negative curvature detected
    3 - Trust-Region radius exceeded
    4 - Initial right hand side is zero
------------------------------------------------------------------------------------------------------------------
  iter  value          gnorm          snorm          delta          #fval     #grad     tr_flag   iterCG    flagCG    
  5     1.444211e-15   6.088061e-06   2.024311e-08   1.000000e+00   6         6         0         20        1         
  In TrustRegionUtilities::analyzeRatio
    Current objective function value:        1.44421e-15
    New objective function value:            7.0433e-16
    Actual reduction:                        7.39881e-16
    Predicted reduction:                     8.69473e-15
    Safeguard:                               2.22045e-15
    Actual reduction with safeguard:         2.96033e-15
    Predicted reduction with safeguard:      1.09152e-14
    Ratio of actual and predicted reduction: 0.271212
    Trust-region flag:                       0

------------------------------------------------------------------------------------------------------------------
Trust-Region status output definitions

  iter    - Number of iterates (steps taken)
  value   - Objective function value
  gnorm   - Norm of the gradient
  snorm   - Norm of the step (update to optimization vector)
  delta   - Trust-Region radius
  #fval   - Number of times the objective function was evaluated
  #grad   - Number of times the gradient was computed

  tr_flag - Trust-Region flag
    0 - Both actual and predicted reductions are positive (success)
    1 - Actual reduction is positive and predicted reduction is negative (impossible)
    2 - Actual reduction is nonpositive and predicted reduction is positive
    3 - Actual reduction is nonpositive and predicted reduction is negative (impossible)
    4 - Actual and/or predicted reduction is a NaN
    5 - Subproblem solution did not produce sufficient decrease

  iterCG - Number of Truncated CG iterations

  flagGC - Trust-Region Truncated CG flag
    0 - Residual tolerance met
    1 - Iteration limit exceeded
    2 - Negative curvature detected
    3 - Trust-Region radius exceeded
    4 - Initial right hand side is zero
------------------------------------------------------------------------------------------------------------------
  iter  value          gnorm          snorm          delta          #fval     #grad     tr_flag   iterCG    flagCG    
  6     7.043296e-16   4.525869e-06   1.272119e-08   1.000000e+00   7         7         0         20        1         
  In TrustRegionUtilities::analyzeRatio
    Current objective function value:        7.0433e-16
    New objective function value:            3.12773e-16
    Actual reduction:                        3.91556e-16
    Predicted reduction:                     4.35025e-15
    Safeguard:                               2.22045e-15
    Actual reduction with safeguard:         2.612e-15
    Predicted reduction with safeguard:      6.5707e-15
    Ratio of actual and predicted reduction: 0.397523
    Trust-region flag:                       0

------------------------------------------------------------------------------------------------------------------
Trust-Region status output definitions

  iter    - Number of iterates (steps taken)
  value   - Objective function value
  gnorm   - Norm of the gradient
  snorm   - Norm of the step (update to optimization vector)
  delta   - Trust-Region radius
  #fval   - Number of times the objective function was evaluated
  #grad   - Number of times the gradient was computed

  tr_flag - Trust-Region flag
    0 - Both actual and predicted reductions are positive (success)
    1 - Actual reduction is positive and predicted reduction is negative (impossible)
    2 - Actual reduction is nonpositive and predicted reduction is positive
    3 - Actual reduction is nonpositive and predicted reduction is negative (impossible)
    4 - Actual and/or predicted reduction is a NaN
    5 - Subproblem solution did not produce sufficient decrease

  iterCG - Number of Truncated CG iterations

  flagGC - Trust-Region Truncated CG flag
    0 - Residual tolerance met
    1 - Iteration limit exceeded
    2 - Negative curvature detected
    3 - Trust-Region radius exceeded
    4 - Initial right hand side is zero
------------------------------------------------------------------------------------------------------------------
  iter  value          gnorm          snorm          delta          #fval     #grad     tr_flag   iterCG    flagCG    
  7     3.127732e-16   2.497263e-06   8.821534e-09   1.000000e+00   8         8         0         20        1         
  In TrustRegionUtilities::analyzeRatio
    Current objective function value:        3.12773e-16
    New objective function value:            2.52293e-16
    Actual reduction:                        6.04798e-17
    Predicted reduction:                     2.77619e-15
    Safeguard:                               2.22045e-15
    Actual reduction with safeguard:         2.28093e-15
    Predicted reduction with safeguard:      4.99664e-15
    Ratio of actual and predicted reduction: 0.456492
    Trust-region flag:                       0

------------------------------------------------------------------------------------------------------------------
Trust-Region status output definitions

  iter    - Number of iterates (steps taken)
  value   - Objective function value
  gnorm   - Norm of the gradient
  snorm   - Norm of the step (update to optimization vector)
  delta   - Trust-Region radius
  #fval   - Number of times the objective function was evaluated
  #grad   - Number of times the gradient was computed

  tr_flag - Trust-Region flag
    0 - Both actual and predicted reductions are positive (success)
    1 - Actual reduction is positive and predicted reduction is negative (impossible)
    2 - Actual reduction is nonpositive and predicted reduction is positive
    3 - Actual reduction is nonpositive and predicted reduction is negative (impossible)
    4 - Actual and/or predicted reduction is a NaN
    5 - Subproblem solution did not produce sufficient decrease

  iterCG - Number of Truncated CG iterations

  flagGC - Trust-Region Truncated CG flag
    0 - Residual tolerance met
    1 - Iteration limit exceeded
    2 - Negative curvature detected
    3 - Trust-Region radius exceeded
    4 - Initial right hand side is zero
------------------------------------------------------------------------------------------------------------------
  iter  value          gnorm          snorm          delta          #fval     #grad     tr_flag   iterCG    flagCG    
  8     2.522934e-16   2.700103e-06   7.870326e-09   1.000000e+00   9         9         0         20        1         
  In TrustRegionUtilities::analyzeRatio
    Current objective function value:        2.52293e-16
    New objective function value:            1.49975e-16
    Actual reduction:                        1.02318e-16
    Predicted reduction:                     1.93259e-15
    Safeguard:                               2.22045e-15
    Actual reduction with safeguard:         2.32276e-15
    Predicted reduction with safeguard:      4.15304e-15
    Ratio of actual and predicted reduction: 0.559293
    Trust-region flag:                       0

------------------------------------------------------------------------------------------------------------------
Trust-Region status output definitions

  iter    - Number of iterates (steps taken)
  value   - Objective function value
  gnorm   - Norm of the gradient
  snorm   - Norm of the step (update to optimization vector)
  delta   - Trust-Region radius
  #fval   - Number of times the objective function was evaluated
  #grad   - Number of times the gradient was computed

  tr_flag - Trust-Region flag
    0 - Both actual and predicted reductions are positive (success)
    1 - Actual reduction is positive and predicted reduction is negative (impossible)
    2 - Actual reduction is nonpositive and predicted reduction is positive
    3 - Actual reduction is nonpositive and predicted reduction is negative (impossible)
    4 - Actual and/or predicted reduction is a NaN
    5 - Subproblem solution did not produce sufficient decrease

  iterCG - Number of Truncated CG iterations

  flagGC - Trust-Region Truncated CG flag
    0 - Residual tolerance met
    1 - Iteration limit exceeded
    2 - Negative curvature detected
    3 - Trust-Region radius exceeded
    4 - Initial right hand side is zero
------------------------------------------------------------------------------------------------------------------
  iter  value          gnorm          snorm          delta          #fval     #grad     tr_flag   iterCG    flagCG    
  9     1.499751e-16   1.404829e-06   6.182780e-09   1.000000e+00   10        10        0         20        1         
  In TrustRegionUtilities::analyzeRatio
    Current objective function value:        1.49975e-16
    New objective function value:            1.35336e-16
    Actual reduction:                        1.46387e-17
    Predicted reduction:                     1.42222e-15
    Safeguard:                               2.22045e-15
    Actual reduction with safeguard:         2.23508e-15
    Predicted reduction with safeguard:      3.64266e-15
    Ratio of actual and predicted reduction: 0.613586
    Trust-region flag:                       0

------------------------------------------------------------------------------------------------------------------
Trust-Region status output definitions

  iter    - Number of iterates (steps taken)
  value   - Objective function value
  gnorm   - Norm of the gradient
  snorm   - Norm of the step (update to optimization vector)
  delta   - Trust-Region radius
  #fval   - Number of times the objective function was evaluated
  #grad   - Number of times the gradient was computed

  tr_flag - Trust-Region flag
    0 - Both actual and predicted reductions are positive (success)
    1 - Actual reduction is positive and predicted reduction is negative (impossible)
    2 - Actual reduction is nonpositive and predicted reduction is positive
    3 - Actual reduction is nonpositive and predicted reduction is negative (impossible)
    4 - Actual and/or predicted reduction is a NaN
    5 - Subproblem solution did not produce sufficient decrease

  iterCG - Number of Truncated CG iterations

  flagGC - Trust-Region Truncated CG flag
    0 - Residual tolerance met
    1 - Iteration limit exceeded
    2 - Negative curvature detected
    3 - Trust-Region radius exceeded
    4 - Initial right hand side is zero
------------------------------------------------------------------------------------------------------------------
  iter  value          gnorm          snorm          delta          #fval     #grad     tr_flag   iterCG    flagCG    
  10    1.353365e-16   2.186490e-06   5.862711e-09   1.000000e+00   11        11        0         20        1         
Optimization Terminated with Status: Iteration Limit Exceeded
