p=0 | CubeHexMesh: Building sub cells
[MetricOpStats] ParamMass_M  (rows=4760)
  row_sum       min=4.0404e-07  max=0.00198  mean=0.000659429  max/|min|=4900.5
  |row_sum|     min=4.0404e-07  max=0.00198  mean=0.000659429  max/min=4900.5
  diag          min=1.79574e-07  max=0.00088  mean=0.000293079  nonpos=0
  max_abs_entry=0.00088
MrHyDE vector contract check (primal) errors: e[0]=0 e[1]=0 e[2]=0 e[3]=0 e[4]=0 e[5]=0 e[6]=0 e[7]=0 e[8]=0 e[9]=0 e[10]=0 e[11]=0 e[12]=0
MrHyDE vector contract check (dual) errors: e[0]=0 e[1]=7.08644e-16 e[2]=0 e[3]=0 e[4]=0 e[5]=1.25089e-16 e[6]=2.39689e-16 e[7]=0 e[8]=0 e[9]=6.0082e-16 e[10]=0 e[11]=0 e[12]=0
MrHyDE vector contract check: max_primal_err=0 max_dual_err=7.08644e-16 tol=1e-08

Quasi-Newton Method with Limited-Memory BFGS
Line Search: Cubic Interpolation satisfying Wolfe Conditions
-------------------------------------------------------------------------------------------------------------
Quasi-Newton status output definitions

  iter     - Number of iterates (steps taken)
  value    - Objective function value
  gnorm    - Norm of the gradient
  snorm    - Norm of the step (update to optimization vector)
  alpha    - Line search step length
  #fval    - Cumulative number of times the objective function was evaluated
  #grad    - Cumulative number of times the gradient was computed
  ls_#fval - Number of the times the objective function was evaluated during the line search
  ls_#grad - Number of the times the gradient was evaluated during the line search
-------------------------------------------------------------------------------------------------------------
  iter  value          gnorm          snorm          alpha          #fval     #grad     ls_#fval  ls_#grad  
  0     1.230816e-11   2.431688e+00   ---            ---            1         1         ---       ---       
  1     1.205341e-12   5.573730e-01   2.686408e-11   1.104750e-11   15        2         13        0         
  2     4.575711e-13   3.300471e-01   6.506641e-12   1.000000e+00   17        3         1         0         
  3     3.408588e-13   5.431539e-01   3.157963e-12   4.184068e-01   20        4         2         0         
  4     1.998546e-13   2.202451e-01   2.537582e-12   1.000000e+00   22        5         1         0         
  5     1.539637e-13   1.658518e-01   1.032851e-12   1.000000e+00   24        6         1         0         
  6     8.944690e-14   2.090013e-01   2.983337e-12   1.000000e+00   26        7         1         0         
  7     8.375842e-14   3.120888e-01   1.817894e-12   1.000000e+00   28        8         1         0         
  8     5.376413e-14   1.077318e-01   5.385560e-13   1.000000e+00   30        9         1         0         
  9     4.503267e-14   7.021794e-02   3.637312e-13   1.000000e+00   32        10        1         0         
  10    3.554673e-14   8.626931e-02   8.034412e-13   1.000000e+00   34        11        1         0         
  11    2.450298e-14   8.321988e-02   1.045722e-12   1.000000e+00   36        12        1         0         
  12    2.110809e-14   1.204785e-01   8.624931e-13   3.997676e-01   39        13        2         0         
  13    1.458898e-14   4.069807e-02   6.197480e-13   1.000000e+00   41        14        1         0         
  14    1.286548e-14   3.530055e-02   2.378127e-13   1.000000e+00   43        15        1         0         
  15    1.021698e-14   4.315398e-02   4.998846e-13   1.000000e+00   45        16        1         0         
  16    8.049217e-15   6.694358e-02   7.362523e-13   1.000000e+00   47        17        1         0         
  17    5.854929e-15   3.429464e-02   6.567595e-13   1.000000e+00   49        18        1         0         
  18    4.979217e-15   1.997337e-02   1.226635e-13   1.000000e+00   51        19        1         0         
  19    4.237749e-15   2.272896e-02   2.001223e-13   1.000000e+00   53        20        1         0         
  20    3.653883e-15   3.139018e-02   2.992239e-13   1.000000e+00   55        21        1         0         
  21    2.885470e-15   2.219937e-02   3.693027e-13   1.000000e+00   57        22        1         0         
  22    2.347151e-15   2.274320e-02   3.668771e-13   1.000000e+00   59        23        1         0         
  23    1.997117e-15   2.207594e-02   2.875614e-13   1.000000e+00   61        24        1         0         
  24    1.713100e-15   1.667137e-02   7.758177e-14   1.000000e+00   63        25        1         0         
  25    1.258605e-15   1.379250e-02   2.574869e-13   1.000000e+00   65        26        1         0         
  26    1.171869e-15   2.471160e-02   2.655670e-13   1.000000e+00   67        27        1         0         
  27    9.613418e-16   1.171096e-02   6.823450e-14   1.000000e+00   69        28        1         0         
  28    8.258584e-16   8.592990e-03   1.309581e-13   1.000000e+00   71        29        1         0         
  29    7.259436e-16   1.002131e-02   1.225146e-13   1.000000e+00   73        30        1         0         
  30    5.294972e-16   1.003501e-02   2.201452e-13   1.000000e+00   75        31        1         0         
  31    4.916288e-16   1.832768e-02   1.389796e-13   3.649212e-01   78        32        2         0         
  32    3.354327e-16   7.053650e-03   1.668526e-13   1.000000e+00   80        33        1         0         
  33    2.862927e-16   4.485036e-03   5.699518e-14   1.000000e+00   82        34        1         0         
  34    2.445306e-16   5.878133e-03   7.471855e-14   1.000000e+00   84        35        1         0         
  35    2.092746e-16   6.193141e-03   7.367543e-14   1.000000e+00   86        36        1         0         
  36    1.739793e-16   4.389003e-03   6.121718e-14   1.000000e+00   88        37        1         0         
  37    1.454763e-16   6.104087e-03   9.865883e-14   1.000000e+00   90        38        1         0         
  38    1.259120e-16   3.806288e-03   4.031199e-14   1.000000e+00   92        39        1         0         
  39    1.158294e-16   2.835598e-03   1.381880e-14   1.000000e+00   94        40        1         0         
  40    9.532807e-17   3.474445e-03   6.708128e-14   1.000000e+00   96        41        1         0         
  41    8.989035e-17   5.323328e-03   6.366733e-14   1.000000e+00   98        42        1         0         
  42    8.055922e-17   2.493240e-03   9.022662e-15   1.000000e+00   100       43        1         0         
  43    7.356593e-17   1.656255e-03   2.082779e-14   1.000000e+00   102       44        1         0         
  44    6.791529e-17   2.110782e-03   3.079011e-14   1.000000e+00   104       45        1         0         
  45    5.854819e-17   2.083523e-03   4.474273e-14   1.000000e+00   106       46        1         0         
  46    5.499511e-17   3.984677e-03   3.458831e-14   4.139084e-01   109       47        2         0         
  47    4.659683e-17   1.505885e-03   3.673880e-14   1.000000e+00   111       48        1         0         
  48    4.360382e-17   1.017761e-03   1.614730e-14   1.000000e+00   113       49        1         0         
  49    4.065717e-17   1.342444e-03   2.284326e-14   1.000000e+00   115       50        1         0         
  50    3.867987e-17   2.351446e-03   2.903619e-14   1.000000e+00   117       51        1         0         
  51    3.602346e-17   1.082812e-03   8.342259e-15   1.000000e+00   119       52        1         0         
  52    3.422925e-17   8.461757e-04   1.230569e-14   1.000000e+00   121       53        1         0         
  53    3.294223e-17   9.306628e-04   1.268872e-14   1.000000e+00   123       54        1         0         
  54    3.191479e-17   2.370610e-03   3.007914e-14   1.000000e+00   125       55        1         0         
  55    2.967652e-17   8.137853e-04   9.875179e-15   1.000000e+00   127       56        1         0         
  56    2.895591e-17   6.067376e-04   5.239638e-15   1.000000e+00   129       57        1         0         
  57    2.808900e-17   7.214077e-04   1.026601e-14   1.000000e+00   131       58        1         0         
  58    2.738820e-17   1.808418e-03   2.056009e-14   1.000000e+00   133       59        1         0         
  59    2.612302e-17   8.311668e-04   8.357070e-15   1.000000e+00   135       60        1         0         
  60    2.528693e-17   5.546609e-04   1.041797e-14   1.000000e+00   137       61        1         0         
  61    2.466136e-17   6.184824e-04   1.079720e-14   1.000000e+00   139       62        1         0         
  62    2.351439e-17   7.027597e-04   1.883759e-14   1.000000e+00   141       63        1         0         
  63    2.298769e-17   1.167608e-03   1.721685e-14   4.262759e-01   144       64        2         0         
  64    2.217739e-17   4.764259e-04   9.672212e-15   1.000000e+00   146       65        1         0         
  65    2.180775e-17   4.474935e-04   5.694429e-15   1.000000e+00   148       66        1         0         
  66    2.128154e-17   5.424213e-04   9.476475e-15   1.000000e+00   150       67        1         0         
  67    2.116242e-17   1.539191e-03   2.014811e-14   1.000000e+00   152       68        1         0         
  68    2.035455e-17   5.034171e-04   2.615463e-15   1.000000e+00   154       69        1         0         
  69    2.007404e-17   3.995714e-04   3.997755e-15   1.000000e+00   156       70        1         0         
  70    1.966552e-17   5.304719e-04   1.012190e-14   1.000000e+00   158       71        1         0         
  71    1.909168e-17   6.003734e-04   1.471920e-14   1.000000e+00   160       72        1         0         
  72    1.873441e-17   1.130602e-03   1.835734e-14   4.370337e-01   163       73        2         0         
  73    1.797041e-17   5.664538e-04   1.912244e-14   1.000000e+00   165       74        1         0         
  74    1.746674e-17   4.968728e-04   1.255362e-14   1.000000e+00   167       75        1         0         
  75    1.678386e-17   6.931324e-04   2.020461e-14   1.000000e+00   169       76        1         0         
  76    1.649828e-17   1.493817e-03   2.783281e-14   1.000000e+00   171       77        1         0         
  77    1.567364e-17   6.275288e-04   4.684707e-15   1.000000e+00   173       78        1         0         
  78    1.521506e-17   4.659338e-04   6.157284e-15   1.000000e+00   175       79        1         0         
  79    1.477528e-17   5.988550e-04   1.188743e-14   1.000000e+00   177       80        1         0         
  80    1.406611e-17   6.157713e-04   2.168513e-14   1.000000e+00   179       81        1         0         
  81    1.380522e-17   1.169642e-03   1.913200e-14   3.967127e-01   182       82        2         0         
  82    1.312895e-17   4.852736e-04   1.792813e-14   1.000000e+00   184       83        1         0         
  83    1.280789e-17   3.634702e-04   1.075208e-14   1.000000e+00   186       84        1         0         
  84    1.243521e-17   4.727059e-04   1.234015e-14   1.000000e+00   188       85        1         0         
  85    1.197307e-17   7.262389e-04   2.159841e-14   1.000000e+00   190       86        1         0         
  86    1.144135e-17   6.708992e-04   2.407974e-14   1.000000e+00   192       87        1         0         
  87    1.096278e-17   4.665101e-04   1.073100e-14   1.000000e+00   194       88        1         0         
  88    1.020573e-17   5.865178e-04   2.458470e-14   1.000000e+00   196       89        1         0         
  89    9.915441e-18   1.112286e-03   2.351921e-14   1.000000e+00   198       90        1         0         
  90    9.371152e-18   6.026795e-04   1.702757e-14   1.000000e+00   200       91        1         0         
  91    8.849395e-18   4.202206e-04   2.097266e-14   1.000000e+00   202       92        1         0         
  92    8.539303e-18   4.892509e-04   1.510911e-14   1.000000e+00   204       93        1         0         
  93    8.046214e-18   6.669382e-04   2.677965e-14   1.000000e+00   206       94        1         0         
  94    7.879472e-18   8.433019e-04   3.135755e-14   1.000000e+00   208       95        1         0         
  95    7.559619e-18   2.581656e-04   1.459216e-14   1.000000e+00   210       96        1         0         
  96    7.482463e-18   2.224596e-04   3.932321e-15   1.000000e+00   212       97        1         0         
  97    7.371521e-18   2.878912e-04   2.988936e-15   1.000000e+00   214       98        1         0         
  98    7.305416e-18   6.239303e-04   8.057004e-15   1.000000e+00   216       99        1         0         
  99    7.149485e-18   2.359839e-04   5.190086e-15   1.000000e+00   218       100       1         0         
  100   7.073945e-18   1.924880e-04   6.620804e-15   1.000000e+00   220       101       1         0         
  101   7.006523e-18   2.215341e-04   6.162505e-15   1.000000e+00   222       102       1         0         
  102   6.898501e-18   3.242826e-04   6.655483e-15   1.000000e+00   224       103       1         0         
  103   6.801069e-18   3.113426e-04   9.046532e-15   1.000000e+00   226       104       1         0         
  104   6.732416e-18   1.741300e-04   4.002988e-15   1.000000e+00   228       105       1         0         
  105   6.665607e-18   2.105798e-04   4.644782e-15   1.000000e+00   230       106       1         0         
  106   6.586569e-18   2.661802e-04   3.827106e-15   1.000000e+00   232       107       1         0         
  107   6.478215e-18   4.258588e-04   1.138994e-14   1.000000e+00   234       108       1         0         
  108   6.368204e-18   1.905988e-04   6.260614e-15   1.000000e+00   236       109       1         0         
  109   6.308995e-18   1.991623e-04   4.838578e-15   1.000000e+00   238       110       1         0         
  110   6.209516e-18   2.764271e-04   7.874796e-15   1.000000e+00   240       111       1         0         
  111   6.095091e-18   4.836942e-04   1.257496e-14   1.000000e+00   242       112       1         0         
  112   5.952766e-18   2.743380e-04   8.817442e-15   1.000000e+00   244       113       1         0         
  113   5.837237e-18   2.244659e-04   6.328570e-15   1.000000e+00   246       114       1         0         
  114   5.720659e-18   3.165753e-04   8.096519e-15   1.000000e+00   248       115       1         0         
  115   5.580515e-18   3.905665e-04   1.246940e-14   1.000000e+00   250       116       1         0         
  116   5.400160e-18   3.307512e-04   1.510735e-14   1.000000e+00   252       117       1         0         
  117   5.209053e-18   4.166645e-04   2.119549e-14   1.000000e+00   254       118       1         0         
  118   5.040837e-18   3.159356e-04   1.465596e-14   1.000000e+00   256       119       1         0         
  119   4.929575e-18   2.880401e-04   6.514107e-15   1.000000e+00   258       120       1         0         
  120   4.817358e-18   7.012753e-04   1.960776e-14   1.000000e+00   260       121       1         0         
  121   4.611838e-18   2.473174e-04   1.088830e-14   1.000000e+00   262       122       1         0         
  122   4.542039e-18   2.165572e-04   2.552452e-15   1.000000e+00   264       123       1         0         
  123   4.388544e-18   2.538706e-04   1.146482e-14   1.000000e+00   266       124       1         0         
  124   4.374253e-18   7.650908e-04   2.053280e-14   1.000000e+00   268       125       1         0         
  125   4.181700e-18   2.650669e-04   3.525586e-15   1.000000e+00   270       126       1         0         
  126   4.107960e-18   2.090068e-04   4.480657e-15   1.000000e+00   272       127       1         0         
  127   4.000047e-18   2.673441e-04   1.075582e-14   1.000000e+00   274       128       1         0         
  128   3.840691e-18   2.886395e-04   1.573649e-14   1.000000e+00   276       129       1         0         
  129   3.796752e-18   5.110314e-04   1.252578e-14   3.546468e-01   279       130       2         0         
  130   3.678226e-18   1.712093e-04   8.692756e-15   1.000000e+00   281       131       1         0         
  131   3.643554e-18   1.444098e-04   2.890662e-15   1.000000e+00   283       132       1         0         
  132   3.597113e-18   1.646817e-04   3.411198e-15   1.000000e+00   285       133       1         0         
  133   3.559819e-18   3.227711e-04   5.588464e-15   1.000000e+00   287       134       1         0         
  134   3.510451e-18   1.330032e-04   6.211067e-15   1.000000e+00   289       135       1         0         
  135   3.488498e-18   1.061045e-04   1.285201e-15   1.000000e+00   291       136       1         0         
  136   3.457052e-18   1.499187e-04   2.975398e-15   1.000000e+00   293       137       1         0         
  137   3.444605e-18   2.873946e-04   6.019512e-15   1.000000e+00   295       138       1         0         
  138   3.413515e-18   1.398150e-04   9.785367e-16   1.000000e+00   297       139       1         0         
  139   3.389117e-18   1.033609e-04   3.309016e-15   1.000000e+00   299       140       1         0         
  140   3.372746e-18   1.186518e-04   3.298011e-15   1.000000e+00   301       141       1         0         
  141   3.330825e-18   1.438906e-04   6.906080e-15   1.000000e+00   303       142       1         0         
  142   3.308245e-18   2.710599e-04   7.559205e-15   4.261657e-01   306       143       2         0         
  143   3.260298e-18   1.307600e-04   4.843432e-15   1.000000e+00   308       144       1         0         
  144   3.223618e-18   1.332724e-04   4.468279e-15   1.000000e+00   310       145       1         0         
  145   3.168524e-18   1.796366e-04   6.854564e-15   1.000000e+00   312       146       1         0         
  146   3.123405e-18   4.509244e-04   1.500804e-14   1.000000e+00   314       147       1         0         
  147   3.035775e-18   1.773112e-04   4.370439e-15   1.000000e+00   316       148       1         0         
  148   3.000257e-18   1.275773e-04   1.941769e-15   1.000000e+00   318       149       1         0         
  149   2.962355e-18   1.597495e-04   5.100096e-15   1.000000e+00   320       150       1         0         
  150   2.914301e-18   2.583152e-04   8.209308e-15   1.000000e+00   322       151       1         0         
  151   2.846313e-18   1.956528e-04   1.213654e-14   1.000000e+00   324       152       1         0         
  152   2.776475e-18   1.861926e-04   1.044623e-14   1.000000e+00   326       153       1         0         
  153   2.696363e-18   3.275187e-04   1.859487e-14   1.000000e+00   328       154       1         0         
  154   2.629938e-18   2.120320e-04   5.188206e-15   1.000000e+00   330       155       1         0         
  155   2.574350e-18   1.919847e-04   3.397401e-15   1.000000e+00   332       156       1         0         
  156   2.506871e-18   2.024878e-04   1.250713e-14   1.000000e+00   334       157       1         0         
  157   2.489187e-18   4.465872e-04   1.729067e-14   1.000000e+00   336       158       1         0         
  158   2.423267e-18   1.885773e-04   6.036424e-15   1.000000e+00   338       159       1         0         
  159   2.396068e-18   1.152520e-04   2.166728e-15   1.000000e+00   340       160       1         0         
  160   2.375939e-18   1.195422e-04   3.297052e-15   1.000000e+00   342       161       1         0         
  161   2.348027e-18   1.089583e-04   4.863345e-15   1.000000e+00   344       162       1         0         
  162   2.337359e-18   2.282834e-04   3.789048e-15   3.856255e-01   347       163       2         0         
  163   2.310448e-18   1.051919e-04   3.271962e-15   1.000000e+00   349       164       1         0         
  164   2.292152e-18   9.737542e-05   3.370888e-15   1.000000e+00   351       165       1         0         
  165   2.266481e-18   1.317164e-04   5.762401e-15   1.000000e+00   353       166       1         0         
  166   2.241748e-18   2.686754e-04   8.669293e-15   1.000000e+00   355       167       1         0         
  167   2.203517e-18   1.437563e-04   8.781475e-15   1.000000e+00   357       168       1         0         
  168   2.176117e-18   1.096747e-04   2.239262e-15   1.000000e+00   359       169       1         0         
  169   2.147513e-18   1.293969e-04   4.064791e-15   1.000000e+00   361       170       1         0         
  170   2.129252e-18   2.716622e-04   7.416247e-15   1.000000e+00   363       171       1         0         
  171   2.097686e-18   1.311365e-04   4.177562e-15   1.000000e+00   365       172       1         0         
  172   2.073007e-18   1.040288e-04   6.162505e-15   1.000000e+00   367       173       1         0         
  173   2.052981e-18   1.290366e-04   5.918972e-15   1.000000e+00   369       174       1         0         
  174   2.012571e-18   1.763948e-04   1.147035e-14   1.000000e+00   371       175       1         0         
  175   1.982910e-18   2.269465e-04   1.025125e-14   4.909930e-01   374       176       2         0         
  176   1.941453e-18   1.356003e-04   8.671987e-15   1.000000e+00   376       177       1         0         
  177   1.903110e-18   1.355020e-04   5.424477e-15   1.000000e+00   378       178       1         0         
  178   1.866630e-18   2.259574e-04   7.784873e-15   1.000000e+00   380       179       1         0         
  179   1.831684e-18   1.660636e-04   6.856363e-15   1.000000e+00   382       180       1         0         
  180   1.808425e-18   1.043598e-04   4.497043e-15   1.000000e+00   384       181       1         0         
  181   1.790685e-18   1.196703e-04   7.371379e-15   1.000000e+00   386       182       1         0         
  182   1.779631e-18   1.221589e-04   3.565901e-15   1.000000e+00   388       183       1         0         
  183   1.768622e-18   1.059179e-04   2.328613e-15   1.000000e+00   390       184       1         0         
  184   1.747162e-18   1.828091e-04   7.802211e-15   1.000000e+00   392       185       1         0         
  185   1.733840e-18   1.349539e-04   2.616790e-15   1.000000e+00   394       186       1         0         
  186   1.725809e-18   8.085646e-05   1.278001e-15   1.000000e+00   396       187       1         0         
  187   1.713742e-18   6.353671e-05   1.007021e-15   1.000000e+00   398       188       1         0         
  188   1.704905e-18   8.581364e-05   3.086913e-15   1.000000e+00   400       189       1         0         
  189   1.700048e-18   2.020046e-04   6.592456e-15   1.000000e+00   402       190       1         0         
  190   1.684654e-18   7.671681e-05   3.706929e-15   1.000000e+00   404       191       1         0         
  191   1.677842e-18   6.065914e-05   1.732140e-15   1.000000e+00   406       192       1         0         
  192   1.670045e-18   7.924691e-05   2.285527e-15   1.000000e+00   408       193       1         0         
  193   1.660384e-18   1.329495e-04   3.255649e-15   1.000000e+00   410       194       1         0         
  194   1.645841e-18   8.946009e-05   4.249098e-15   1.000000e+00   412       195       1         0         
  195   1.632070e-18   7.051955e-05   2.325192e-15   1.000000e+00   414       196       1         0         
  196   1.622922e-18   1.633646e-04   3.832665e-15   1.000000e+00   416       197       1         0         
  197   1.610619e-18   8.479384e-05   8.148896e-16   1.000000e+00   418       198       1         0         
  198   1.603173e-18   7.982374e-05   1.293992e-15   1.000000e+00   420       199       1         0         
  199   1.587427e-18   1.039495e-04   4.963643e-15   1.000000e+00   422       200       1         0         
  200   1.574226e-18   1.542725e-04   4.819407e-15   1.000000e+00   424       201       1         0         
Optimization Terminated with Status: Iteration Limit Exceeded
exit_code=0
