p=0 | CubeHexMesh: Building sub cells
[MetricOpStats] ParamMass_M  (rows=4760)
  row_sum       min=4.0404e-07  max=0.00198  mean=0.000659429  max/|min|=4900.5
  |row_sum|     min=4.0404e-07  max=0.00198  mean=0.000659429  max/min=4900.5
  diag          min=1.79574e-07  max=0.00088  mean=0.000293079  nonpos=0
  max_abs_entry=0.00088
MrHyDE vector contract check (primal) errors: e[0]=0 e[1]=0 e[2]=0 e[3]=0 e[4]=0 e[5]=0 e[6]=0 e[7]=0 e[8]=0 e[9]=0 e[10]=0 e[11]=0 e[12]=0
MrHyDE vector contract check (dual) errors: e[0]=0 e[1]=7.08644e-16 e[2]=0 e[3]=0 e[4]=0 e[5]=1.25089e-16 e[6]=2.39689e-16 e[7]=0 e[8]=0 e[9]=6.0082e-16 e[10]=0 e[11]=0 e[12]=0
MrHyDE vector contract check: max_primal_err=0 max_dual_err=7.08644e-16 tol=1e-08

Quasi-Newton Method with Limited-Memory BFGS
Line Search: Cubic Interpolation satisfying Wolfe Conditions
-------------------------------------------------------------------------------------------------------------
Quasi-Newton status output definitions

  iter     - Number of iterates (steps taken)
  value    - Objective function value
  gnorm    - Norm of the gradient
  snorm    - Norm of the step (update to optimization vector)
  alpha    - Line search step length
  #fval    - Cumulative number of times the objective function was evaluated
  #grad    - Cumulative number of times the gradient was computed
  ls_#fval - Number of the times the objective function was evaluated during the line search
  ls_#grad - Number of the times the gradient was evaluated during the line search
-------------------------------------------------------------------------------------------------------------
  iter  value          gnorm          snorm          alpha          #fval     #grad     ls_#fval  ls_#grad  
  0     1.230816e-11   2.431688e+00   ---            ---            1         1         ---       ---       
  1     1.205341e-12   5.573730e-01   2.686408e-11   1.104750e-11   15        2         13        0         
  2     4.575708e-13   3.300471e-01   6.506641e-12   1.000000e+00   17        3         1         0         
  3     3.408584e-13   5.431540e-01   3.157963e-12   4.184068e-01   20        4         2         0         
  4     1.998542e-13   2.202451e-01   2.537582e-12   1.000000e+00   22        5         1         0         
  5     1.539633e-13   1.658518e-01   1.032851e-12   1.000000e+00   24        6         1         0         
  6     8.944648e-14   2.090013e-01   2.983338e-12   1.000000e+00   26        7         1         0         
  7     8.375799e-14   3.120889e-01   1.817894e-12   1.000000e+00   28        8         1         0         
  8     5.376370e-14   1.077319e-01   5.385560e-13   1.000000e+00   30        9         1         0         
  9     4.503224e-14   7.021795e-02   3.637312e-13   1.000000e+00   32        10        1         0         
  10    3.554630e-14   8.626931e-02   8.034413e-13   1.000000e+00   34        11        1         0         
  11    2.450254e-14   8.321989e-02   1.045722e-12   1.000000e+00   36        12        1         0         
  12    2.110765e-14   1.204785e-01   8.624933e-13   3.997677e-01   39        13        2         0         
  13    1.458853e-14   4.069808e-02   6.197481e-13   1.000000e+00   41        14        1         0         
  14    1.286504e-14   3.530055e-02   2.378127e-13   1.000000e+00   43        15        1         0         
  15    1.021653e-14   4.315399e-02   4.998847e-13   1.000000e+00   45        16        1         0         
  16    8.048765e-15   6.694358e-02   7.362524e-13   1.000000e+00   47        17        1         0         
  17    5.854475e-15   3.429467e-02   6.567600e-13   1.000000e+00   49        18        1         0         
  18    4.978763e-15   1.997337e-02   1.226636e-13   1.000000e+00   51        19        1         0         
  19    4.237294e-15   2.272896e-02   2.001222e-13   1.000000e+00   53        20        1         0         
  20    3.653427e-15   3.139017e-02   2.992238e-13   1.000000e+00   55        21        1         0         
  21    2.885012e-15   2.219938e-02   3.693034e-13   1.000000e+00   57        22        1         0         
  22    2.346693e-15   2.274321e-02   3.668770e-13   1.000000e+00   59        23        1         0         
  23    1.996657e-15   2.207591e-02   2.875615e-13   1.000000e+00   61        24        1         0         
  24    1.712640e-15   1.667137e-02   7.758198e-14   1.000000e+00   63        25        1         0         
  25    1.258144e-15   1.379255e-02   2.574875e-13   1.000000e+00   65        26        1         0         
  26    1.171410e-15   2.471172e-02   2.655679e-13   1.000000e+00   67        27        1         0         
  27    9.608813e-16   1.171096e-02   6.823282e-14   1.000000e+00   69        28        1         0         
  28    8.253983e-16   8.592974e-03   1.309563e-13   1.000000e+00   71        29        1         0         
  29    7.254829e-16   1.002133e-02   1.225153e-13   1.000000e+00   73        30        1         0         
  30    5.290373e-16   1.003504e-02   2.201440e-13   1.000000e+00   75        31        1         0         
  31    4.911671e-16   1.832772e-02   1.389810e-13   3.649251e-01   78        32        2         0         
  32    3.349694e-16   7.053676e-03   1.668552e-13   1.000000e+00   80        33        1         0         
  33    2.858292e-16   4.485052e-03   5.699558e-14   1.000000e+00   82        34        1         0         
  34    2.440675e-16   5.878125e-03   7.471799e-14   1.000000e+00   84        35        1         0         
  35    2.088114e-16   6.192986e-03   7.367331e-14   1.000000e+00   86        36        1         0         
  36    1.735154e-16   4.389022e-03   6.122032e-14   1.000000e+00   88        37        1         0         
  37    1.450149e-16   6.104770e-03   9.866330e-14   1.000000e+00   90        38        1         0         
  38    1.254478e-16   3.805878e-03   4.030684e-14   1.000000e+00   92        39        1         0         
  39    1.153658e-16   2.835504e-03   1.381905e-14   1.000000e+00   94        40        1         0         
  40    9.486528e-17   3.475248e-03   6.708656e-14   1.000000e+00   96        41        1         0         
  41    8.942823e-17   5.324022e-03   6.367661e-14   1.000000e+00   98        42        1         0         
  42    8.009548e-17   2.493038e-03   9.029189e-15   1.000000e+00   100       43        1         0         
  43    7.310472e-17   1.656028e-03   2.081364e-14   1.000000e+00   102       44        1         0         
  44    6.745254e-17   2.110814e-03   3.079574e-14   1.000000e+00   104       45        1         0         
  45    5.808810e-17   2.083608e-03   4.473284e-14   1.000000e+00   106       46        1         0         
  46    5.453201e-17   3.984816e-03   3.460407e-14   4.140456e-01   109       47        2         0         
  47    4.613202e-17   1.505833e-03   3.675393e-14   1.000000e+00   111       48        1         0         
  48    4.313889e-17   1.017718e-03   1.614680e-14   1.000000e+00   113       49        1         0         
  49    4.019232e-17   1.342338e-03   2.284382e-14   1.000000e+00   115       50        1         0         
  50    3.821599e-17   2.351586e-03   2.903251e-14   1.000000e+00   117       51        1         0         
  51    3.555952e-17   1.082740e-03   8.340378e-15   1.000000e+00   119       52        1         0         
  52    3.376532e-17   8.462223e-04   1.230766e-14   1.000000e+00   121       53        1         0         
  53    3.247818e-17   9.306070e-04   1.269094e-14   1.000000e+00   123       54        1         0         
  54    3.144931e-17   2.369716e-03   3.007424e-14   1.000000e+00   125       55        1         0         
  55    2.921155e-17   8.139368e-04   9.895952e-15   1.000000e+00   127       56        1         0         
  56    2.849076e-17   6.067841e-04   5.240541e-15   1.000000e+00   129       57        1         0         
  57    2.762383e-17   7.215097e-04   1.026584e-14   1.000000e+00   131       58        1         0         
  58    2.692586e-17   1.811161e-03   2.057386e-14   1.000000e+00   133       59        1         0         
  59    2.566045e-17   8.315183e-04   8.301121e-15   1.000000e+00   135       60        1         0         
  60    2.482486e-17   5.545861e-04   1.039646e-14   1.000000e+00   137       61        1         0         
  61    2.419968e-17   6.186525e-04   1.079979e-14   1.000000e+00   139       62        1         0         
  62    2.305176e-17   6.994118e-04   1.881536e-14   1.000000e+00   141       63        1         0         
  63    2.253312e-17   1.178095e-03   1.713576e-14   4.235656e-01   144       64        2         0         
  64    2.171366e-17   4.777045e-04   9.804013e-15   1.000000e+00   146       65        1         0         
  65    2.134404e-17   4.458450e-04   5.699957e-15   1.000000e+00   148       66        1         0         
  66    2.081518e-17   5.403639e-04   9.533605e-15   1.000000e+00   150       67        1         0         
  67    2.069136e-17   1.533221e-03   2.003260e-14   1.000000e+00   152       68        1         0         
  68    1.988893e-17   5.043111e-04   2.652255e-15   1.000000e+00   154       69        1         0         
  69    1.960637e-17   3.997616e-04   4.041571e-15   1.000000e+00   156       70        1         0         
  70    1.919809e-17   5.304666e-04   1.013340e-14   1.000000e+00   158       71        1         0         
  71    1.862305e-17   5.995402e-04   1.474392e-14   1.000000e+00   160       72        1         0         
  72    1.826709e-17   1.134837e-03   1.836475e-14   4.359688e-01   163       73        2         0         
  73    1.749917e-17   5.675792e-04   1.919949e-14   1.000000e+00   165       74        1         0         
  74    1.699435e-17   4.960235e-04   1.257111e-14   1.000000e+00   167       75        1         0         
  75    1.630944e-17   6.908122e-04   2.023647e-14   1.000000e+00   169       76        1         0         
  76    1.602992e-17   1.500769e-03   2.787052e-14   1.000000e+00   171       77        1         0         
  77    1.520158e-17   6.272171e-04   4.602855e-15   1.000000e+00   173       78        1         0         
  78    1.474548e-17   4.645226e-04   6.092825e-15   1.000000e+00   175       79        1         0         
  79    1.430423e-17   5.980540e-04   1.193509e-14   1.000000e+00   177       80        1         0         
  80    1.359748e-17   6.141398e-04   2.162223e-14   1.000000e+00   179       81        1         0         
  81    1.333502e-17   1.171541e-03   1.914516e-14   3.981592e-01   182       82        2         0         
  82    1.265533e-17   4.867950e-04   1.808535e-14   1.000000e+00   184       83        1         0         
  83    1.233190e-17   3.629237e-04   1.085432e-14   1.000000e+00   186       84        1         0         
  84    1.195710e-17   4.720436e-04   1.244076e-14   1.000000e+00   188       85        1         0         
  85    1.149870e-17   7.350035e-04   2.175151e-14   1.000000e+00   190       86        1         0         
  86    1.095959e-17   6.489988e-04   2.336786e-14   1.000000e+00   192       87        1         0         
  87    1.048135e-17   4.666263e-04   1.127758e-14   1.000000e+00   194       88        1         0         
  88    9.698408e-18   6.053386e-04   2.637980e-14   1.000000e+00   196       89        1         0         
  89    9.506065e-18   1.257494e-03   2.569942e-14   1.000000e+00   198       90        1         0         
  90    8.924428e-18   5.893029e-04   1.151868e-14   1.000000e+00   200       91        1         0         
  91    8.492363e-18   4.116393e-04   1.505946e-14   1.000000e+00   202       92        1         0         
  92    8.168986e-18   5.002291e-04   1.630888e-14   1.000000e+00   204       93        1         0         
  93    7.641930e-18   4.894783e-04   2.357846e-14   1.000000e+00   206       94        1         0         
  94    7.457885e-18   8.715777e-04   1.616935e-14   4.184218e-01   209       95        2         0         
  95    7.037421e-18   3.063200e-04   1.289652e-14   1.000000e+00   211       96        1         0         
  96    6.915969e-18   2.081999e-04   3.864865e-15   1.000000e+00   213       97        1         0         
  97    6.812688e-18   2.876160e-04   3.951244e-15   1.000000e+00   215       98        1         0         
  98    6.717303e-18   3.510314e-04   5.852613e-15   1.000000e+00   217       99        1         0         
  99    6.618098e-18   2.219907e-04   3.356751e-15   1.000000e+00   219       100       1         0         
  100   6.514165e-18   1.995042e-04   7.117239e-15   1.000000e+00   221       101       1         0         
  101   6.451065e-18   2.534158e-04   4.481269e-15   1.000000e+00   223       102       1         0         
  102   6.359354e-18   2.150899e-04   4.419382e-15   1.000000e+00   225       103       1         0         
  103   6.263542e-18   3.990032e-04   8.299900e-15   1.000000e+00   227       104       1         0         
  104   6.170004e-18   2.048260e-04   2.382074e-15   1.000000e+00   229       105       1         0         
  105   6.109007e-18   1.945845e-04   2.509692e-15   1.000000e+00   231       106       1         0         
  106   6.014403e-18   2.376854e-04   4.819653e-15   1.000000e+00   233       107       1         0         
  107   5.958243e-18   5.459065e-04   9.261356e-15   1.000000e+00   235       108       1         0         
  108   5.842490e-18   2.234975e-04   3.822069e-15   1.000000e+00   237       109       1         0         
  109   5.773199e-18   1.833819e-04   4.400086e-15   1.000000e+00   239       110       1         0         
  110   5.689688e-18   2.377277e-04   6.264943e-15   1.000000e+00   241       111       1         0         
  111   5.549223e-18   2.955134e-04   1.003209e-14   1.000000e+00   243       112       1         0         
  112   5.461899e-18   4.729572e-04   1.144783e-14   4.528668e-01   246       113       2         0         
  113   5.315509e-18   2.394613e-04   8.648379e-15   1.000000e+00   248       114       1         0         
  114   5.206810e-18   2.338103e-04   6.766186e-15   1.000000e+00   250       115       1         0         
  115   5.069753e-18   3.217154e-04   9.635354e-15   1.000000e+00   252       116       1         0         
  116   4.946355e-18   6.677808e-04   1.915475e-14   1.000000e+00   254       117       1         0         
  117   4.729843e-18   3.326133e-04   1.057436e-14   1.000000e+00   256       118       1         0         
  118   4.584908e-18   2.448078e-04   8.257083e-15   1.000000e+00   258       119       1         0         
  119   4.463421e-18   2.790601e-04   9.225543e-15   1.000000e+00   260       120       1         0         
  120   4.320468e-18   4.161038e-04   1.527330e-14   1.000000e+00   262       121       1         0         
  121   4.165045e-18   3.194547e-04   1.634603e-14   1.000000e+00   264       122       1         0         
  122   4.062187e-18   2.167334e-04   6.175751e-15   1.000000e+00   266       123       1         0         
  123   3.939796e-18   2.844979e-04   9.027010e-15   1.000000e+00   268       124       1         0         
  124   3.835104e-18   3.707409e-04   9.541519e-15   1.000000e+00   270       125       1         0         
  125   3.688241e-18   3.185901e-04   1.291379e-14   1.000000e+00   272       126       1         0         
  126   3.584234e-18   7.408244e-04   3.065696e-14   1.000000e+00   274       127       1         0         
  127   3.369476e-18   2.605330e-04   7.761849e-15   1.000000e+00   276       128       1         0         
  128   3.312986e-18   2.003161e-04   1.852252e-15   1.000000e+00   278       129       1         0         
  129   3.235002e-18   2.405390e-04   7.250124e-15   1.000000e+00   280       130       1         0         
  130   3.211000e-18   4.046187e-04   1.467766e-14   1.000000e+00   282       131       1         0         
  131   3.149198e-18   1.643132e-04   1.234940e-15   1.000000e+00   284       132       1         0         
  132   3.116164e-18   1.277395e-04   3.022527e-15   1.000000e+00   286       133       1         0         
  133   3.083859e-18   1.532910e-04   4.042089e-15   1.000000e+00   288       134       1         0         
  134   3.034539e-18   1.688826e-04   5.574818e-15   1.000000e+00   290       135       1         0         
  135   3.013988e-18   2.390581e-04   4.546347e-15   4.142752e-01   293       136       2         0         
  136   2.982009e-18   1.102839e-04   3.353215e-15   1.000000e+00   295       137       1         0         
  137   2.964944e-18   1.025043e-04   1.199630e-15   1.000000e+00   297       138       1         0         
  138   2.938739e-18   1.292718e-04   2.630403e-15   1.000000e+00   299       139       1         0         
  139   2.926404e-18   3.216522e-04   5.922041e-15   1.000000e+00   301       140       1         0         
  140   2.888091e-18   1.261016e-04   1.297596e-15   1.000000e+00   303       141       1         0         
  141   2.867041e-18   1.074977e-04   2.279328e-15   1.000000e+00   305       142       1         0         
  142   2.839804e-18   1.568051e-04   4.138741e-15   1.000000e+00   307       143       1         0         
  143   2.791699e-18   1.924474e-04   6.747784e-15   1.000000e+00   309       144       1         0         
  144   2.744143e-18   5.189496e-04   1.604480e-14   1.000000e+00   311       145       1         0         
  145   2.631971e-18   2.048585e-04   7.240452e-15   1.000000e+00   313       146       1         0         
  146   2.575567e-18   1.378472e-04   3.441437e-15   1.000000e+00   315       147       1         0         
  147   2.522167e-18   1.706048e-04   5.865749e-15   1.000000e+00   317       148       1         0         
  148   2.458803e-18   2.191456e-04   8.975864e-15   1.000000e+00   319       149       1         0         
  149   2.395404e-18   3.380730e-04   2.063220e-14   1.000000e+00   321       150       1         0         
  150   2.330042e-18   1.516660e-04   1.051917e-15   1.000000e+00   323       151       1         0         
  151   2.292691e-18   1.797650e-04   1.950684e-15   1.000000e+00   325       152       1         0         
  152   2.231982e-18   2.306003e-04   7.699134e-15   1.000000e+00   327       153       1         0         
  153   2.216630e-18   5.642463e-04   1.770044e-14   1.000000e+00   329       154       1         0         
  154   2.100382e-18   1.942607e-04   7.524871e-15   1.000000e+00   331       155       1         0         
  155   2.060519e-18   1.353213e-04   4.425477e-15   1.000000e+00   333       156       1         0         
  156   2.021984e-18   1.599792e-04   7.153056e-15   1.000000e+00   335       157       1         0         
  157   1.971842e-18   1.957278e-04   1.033333e-14   1.000000e+00   337       158       1         0         
  158   1.941761e-18   1.830227e-04   9.029008e-15   4.905803e-01   340       159       2         0         
  159   1.914251e-18   9.702314e-05   2.921150e-15   1.000000e+00   342       160       1         0         
  160   1.897100e-18   1.099285e-04   3.539727e-15   1.000000e+00   344       161       1         0         
  161   1.876598e-18   1.551823e-04   2.471267e-15   1.000000e+00   346       162       1         0         
  162   1.850171e-18   1.378742e-04   5.237868e-15   1.000000e+00   348       163       1         0         
  163   1.826056e-18   1.398443e-04   5.141819e-15   1.000000e+00   350       164       1         0         
  164   1.800953e-18   1.263485e-04   3.025287e-15   1.000000e+00   352       165       1         0         
  165   1.781186e-18   1.276417e-04   3.336573e-15   1.000000e+00   354       166       1         0         
  166   1.748087e-18   2.261709e-04   1.057453e-14   1.000000e+00   356       167       1         0         
  167   1.713384e-18   1.418743e-04   5.225392e-15   1.000000e+00   358       168       1         0         
  168   1.697093e-18   1.033916e-04   8.301287e-16   1.000000e+00   360       169       1         0         
  169   1.669458e-18   1.184933e-04   2.814801e-15   1.000000e+00   362       170       1         0         
  170   1.650790e-18   1.823490e-04   5.550891e-15   1.000000e+00   364       171       1         0         
  171   1.629822e-18   1.262787e-04   2.713658e-15   1.000000e+00   366       172       1         0         
  172   1.599125e-18   1.179976e-04   7.339918e-15   1.000000e+00   368       173       1         0         
  173   1.581043e-18   1.738378e-04   4.065572e-15   1.000000e+00   370       174       1         0         
  174   1.557537e-18   1.476436e-04   4.436355e-15   1.000000e+00   372       175       1         0         
  175   1.522175e-18   2.669330e-04   1.232957e-14   1.000000e+00   374       176       1         0         
  176   1.487763e-18   1.475229e-04   3.417547e-15   1.000000e+00   376       177       1         0         
  177   1.475138e-18   1.005543e-04   1.425420e-15   1.000000e+00   378       178       1         0         
  178   1.451886e-18   8.079341e-05   1.998719e-15   1.000000e+00   380       179       1         0         
  179   1.439369e-18   1.670492e-04   5.382055e-15   1.000000e+00   382       180       1         0         
  180   1.424062e-18   1.050083e-04   2.770690e-15   1.000000e+00   384       181       1         0         
  181   1.397862e-18   9.482572e-05   7.222495e-15   1.000000e+00   386       182       1         0         
  182   1.379054e-18   1.176978e-04   4.922508e-15   1.000000e+00   388       183       1         0         
  183   1.367162e-18   3.009561e-04   1.080274e-14   1.000000e+00   390       184       1         0         
  184   1.333928e-18   1.018042e-04   7.970518e-16   1.000000e+00   392       185       1         0         
  185   1.322247e-18   8.192089e-05   7.257368e-16   1.000000e+00   394       186       1         0         
  186   1.305222e-18   1.069302e-04   3.017252e-15   1.000000e+00   396       187       1         0         
  187   1.282899e-18   1.419786e-04   6.719127e-15   1.000000e+00   398       188       1         0         
  188   1.263526e-18   1.808443e-04   1.420055e-14   1.000000e+00   400       189       1         0         
  189   1.242739e-18   8.710113e-05   7.779295e-16   1.000000e+00   402       190       1         0         
  190   1.230130e-18   1.010028e-04   1.570814e-15   1.000000e+00   404       191       1         0         
  191   1.213641e-18   1.262301e-04   3.407582e-15   1.000000e+00   406       192       1         0         
  192   1.210594e-18   3.101829e-04   7.890957e-15   1.000000e+00   408       193       1         0         
  193   1.176250e-18   9.699384e-05   2.049883e-15   1.000000e+00   410       194       1         0         
  194   1.166044e-18   7.379638e-05   1.340390e-15   1.000000e+00   412       195       1         0         
  195   1.154512e-18   9.272538e-05   3.277281e-15   1.000000e+00   414       196       1         0         
  196   1.137917e-18   1.423528e-04   5.244579e-15   1.000000e+00   416       197       1         0         
  197   1.117721e-18   1.252543e-04   9.377664e-15   1.000000e+00   418       198       1         0         
  198   1.100613e-18   8.916846e-05   2.153206e-15   1.000000e+00   420       199       1         0         
  199   1.082042e-18   1.136636e-04   4.198010e-15   1.000000e+00   422       200       1         0         
  200   1.068499e-18   1.355062e-04   3.143998e-15   1.000000e+00   424       201       1         0         
Optimization Terminated with Status: Iteration Limit Exceeded
exit_code=0
