p= 0 | CubeHexMesh: Building sub cells
[MetricOpStats] ParamMass_M  (rows=4760)
  row_sum       min=4.0404e-07  max=0.00198  mean=0.000659429  max/|min|=4900.5
  |row_sum|     min=4.0404e-07  max=0.00198  mean=0.000659429  max/min=4900.5
  diag          min=1.79574e-07  max=0.00088  mean=0.000293079  nonpos=0
  max_abs_entry=0.00088
MrHyDE vector contract check (primal) errors: e[0]=0 e[1]=0 e[2]=0 e[3]=0 e[4]=0 e[5]=0 e[6]=0 e[7]=0 e[8]=0 e[9]=0 e[10]=0 e[11]=0 e[12]=0
MrHyDE vector contract check (dual) errors: e[0]=0 e[1]=3.49896e-16 e[2]=0 e[3]=0 e[4]=0 e[5]=6.10665e-17 e[6]=1.22499e-16 e[7]=0 e[8]=0 e[9]=0 e[10]=0 e[11]=0 e[12]=0
MrHyDE vector contract check: max_primal_err=0 max_dual_err=3.49896e-16 tol=1e-08

Quasi-Newton Method with Limited-Memory BFGS
Line Search: Cubic Interpolation satisfying Wolfe Conditions
-------------------------------------------------------------------------------------------------------------
Quasi-Newton status output definitions

  iter     - Number of iterates (steps taken)
  value    - Objective function value
  gnorm    - Norm of the gradient
  snorm    - Norm of the step (update to optimization vector)
  alpha    - Line search step length
  #fval    - Cumulative number of times the objective function was evaluated
  #grad    - Cumulative number of times the gradient was computed
  ls_#fval - Number of the times the objective function was evaluated during the line search
  ls_#grad - Number of the times the gradient was evaluated during the line search
-------------------------------------------------------------------------------------------------------------
  iter  value          gnorm          snorm          alpha          #fval     #grad     ls_#fval  ls_#grad  
  0     1.231260e-11   1.196837e+00   ---            ---            1         1         ---       ---       
  1     1.586437e-12   4.034452e-01   4.534189e-11   3.788477e-11   14        2         12        0         
  2     4.218820e-13   1.563674e-01   9.941495e-12   1.000000e+00   16        3         1         0         
  3     3.425738e-13   3.603034e-01   5.878121e-12   1.000000e+00   18        4         1         0         
  4     1.698323e-13   9.764477e-02   2.166025e-12   1.000000e+00   20        5         1         0         
  5     1.339749e-13   7.434843e-02   1.393641e-12   1.000000e+00   22        6         1         0         
  6     8.986666e-14   7.603619e-02   2.752339e-12   1.000000e+00   24        7         1         0         
  7     6.875954e-14   8.685470e-02   1.862684e-12   4.763843e-01   27        8         2         0         
  8     4.954546e-14   4.899431e-02   1.228172e-12   1.000000e+00   29        9         1         0         
  9     3.458711e-14   3.730413e-02   1.601137e-12   1.000000e+00   31        10        1         0         
  10    2.936650e-14   6.528461e-02   1.267533e-12   1.000000e+00   33        11        1         0         
  11    2.276566e-14   3.080124e-02   4.293364e-13   1.000000e+00   35        12        1         0         
  12    1.726071e-14   2.333795e-02   8.153601e-13   1.000000e+00   37        13        1         0         
  13    1.416988e-14   2.245248e-02   6.911893e-13   1.000000e+00   39        14        1         0         
  14    1.278836e-14   6.536991e-02   1.563993e-12   1.000000e+00   41        15        1         0         
  15    8.104503e-15   1.507145e-02   4.076463e-13   1.000000e+00   43        16        1         0         
  16    7.216711e-15   1.147715e-02   1.911080e-13   1.000000e+00   45        17        1         0         
  17    5.875880e-15   1.258310e-02   4.993060e-13   1.000000e+00   47        18        1         0         
  18    5.664826e-15   3.934213e-02   8.347849e-13   1.000000e+00   49        19        1         0         
  19    4.058964e-15   1.156585e-02   1.933692e-13   1.000000e+00   51        20        1         0         
  20    3.637719e-15   7.241306e-03   1.811965e-13   1.000000e+00   53        21        1         0         
  21    3.195491e-15   8.514756e-03   3.166146e-13   1.000000e+00   55        22        1         0         
  22    2.564243e-15   9.450486e-03   4.302842e-13   1.000000e+00   57        23        1         0         
  23    2.255944e-15   1.536047e-02   4.231638e-13   4.220014e-01   60        24        2         0         
  24    1.788101e-15   6.113722e-03   3.443984e-13   1.000000e+00   62        25        1         0         
  25    1.599145e-15   5.199046e-03   1.432379e-13   1.000000e+00   64        26        1         0         
  26    1.312374e-15   6.809798e-03   2.854914e-13   1.000000e+00   66        27        1         0         
  27    1.243769e-15   1.512171e-02   4.269053e-13   1.000000e+00   68        28        1         0         
  28    9.732002e-16   5.138385e-03   6.606000e-14   1.000000e+00   70        29        1         0         
  29    8.774723e-16   3.722810e-03   8.489427e-14   1.000000e+00   72        30        1         0         
  30    7.727086e-16   4.461993e-03   1.596828e-13   1.000000e+00   74        31        1         0         
  31    6.120064e-16   4.941477e-03   2.605257e-13   1.000000e+00   76        32        1         0         
  32    5.425903e-16   8.056887e-03   2.306138e-13   3.994555e-01   79        33        2         0         
  33    4.197451e-16   3.292268e-03   2.006490e-13   1.000000e+00   81        34        1         0         
  34    3.661272e-16   2.564414e-03   9.293128e-14   1.000000e+00   83        35        1         0         
  35    3.061352e-16   2.975732e-03   1.205249e-13   1.000000e+00   85        36        1         0         
  36    2.783157e-16   7.265181e-03   2.103624e-13   1.000000e+00   87        37        1         0         
  37    2.114909e-16   2.553337e-03   5.525647e-14   1.000000e+00   89        38        1         0         
  38    1.846074e-16   1.857618e-03   4.969115e-14   1.000000e+00   91        39        1         0         
  39    1.590275e-16   2.029549e-03   8.549848e-14   1.000000e+00   93        40        1         0         
  40    1.270877e-16   2.352888e-03   1.184086e-13   1.000000e+00   95        41        1         0         
  41    1.261700e-16   4.960644e-03   2.136727e-13   1.000000e+00   97        42        1         0         
  42    9.279070e-17   1.251519e-03   5.903195e-14   1.000000e+00   99        43        1         0         
  43    8.648748e-17   1.128940e-03   1.680439e-14   1.000000e+00   101       44        1         0         
  44    7.271982e-17   1.312748e-03   5.505789e-14   1.000000e+00   103       45        1         0         
  45    6.649730e-17   1.960613e-03   4.788413e-14   4.867976e-01   106       46        2         0         
  46    5.775605e-17   1.082302e-03   5.888079e-14   1.000000e+00   108       47        1         0         
  47    5.099970e-17   7.942941e-04   5.442056e-14   1.000000e+00   110       48        1         0         
  48    4.510526e-17   1.197398e-03   5.705036e-14   1.000000e+00   112       49        1         0         
  49    4.068088e-17   1.256637e-03   5.584295e-14   1.000000e+00   114       50        1         0         
  50    3.694364e-17   7.205148e-04   1.509097e-14   1.000000e+00   116       51        1         0         
  51    3.290107e-17   6.873761e-04   2.968162e-14   1.000000e+00   118       52        1         0         
  52    3.038427e-17   8.916777e-04   2.793413e-14   1.000000e+00   120       53        1         0         
  53    2.687819e-17   6.531048e-04   5.120980e-14   1.000000e+00   122       54        1         0         
  54    2.439267e-17   6.924685e-04   3.714504e-14   1.000000e+00   124       55        1         0         
  55    2.215122e-17   6.269673e-04   3.926310e-14   1.000000e+00   126       56        1         0         
  56    2.061663e-17   4.966519e-04   1.448403e-14   1.000000e+00   128       57        1         0         
  57    1.905233e-17   4.588240e-04   2.261632e-14   1.000000e+00   130       58        1         0         
  58    1.840937e-17   7.429404e-04   2.470542e-14   1.000000e+00   132       59        1         0         
  59    1.758000e-17   3.650832e-04   5.247315e-15   1.000000e+00   134       60        1         0         
  60    1.687118e-17   3.099372e-04   1.209121e-14   1.000000e+00   136       61        1         0         
  61    1.620147e-17   3.596648e-04   1.626191e-14   1.000000e+00   138       62        1         0         
  62    1.534147e-17   5.949837e-04   2.733890e-14   1.000000e+00   140       63        1         0         
  63    1.460779e-17   3.417687e-04   2.737260e-14   1.000000e+00   142       64        1         0         
  64    1.421125e-17   2.228434e-04   5.194787e-15   1.000000e+00   144       65        1         0         
  65    1.371328e-17   2.811063e-04   1.013795e-14   1.000000e+00   146       66        1         0         
  66    1.334362e-17   4.453499e-04   1.475982e-14   1.000000e+00   148       67        1         0         
  67    1.287038e-17   2.893517e-04   1.367128e-14   1.000000e+00   150       68        1         0         
  68    1.234508e-17   2.379258e-04   2.359861e-14   1.000000e+00   152       69        1         0         
  69    1.207623e-17   3.283637e-04   1.513054e-14   1.000000e+00   154       70        1         0         
  70    1.178343e-17   2.513986e-04   8.764559e-15   1.000000e+00   156       71        1         0         
  71    1.132821e-17   2.242821e-04   1.801993e-14   1.000000e+00   158       72        1         0         
  72    1.113685e-17   3.361580e-04   1.193105e-14   1.000000e+00   160       73        1         0         
  73    1.094293e-17   2.039532e-04   3.408427e-15   1.000000e+00   162       74        1         0         
  74    1.068982e-17   1.707456e-04   9.276195e-15   1.000000e+00   164       75        1         0         
  75    1.051045e-17   1.863188e-04   9.882132e-15   1.000000e+00   166       76        1         0         
  76    1.037492e-17   4.811670e-04   2.338091e-14   1.000000e+00   168       77        1         0         
  77    1.007524e-17   1.602554e-04   6.973090e-15   1.000000e+00   170       78        1         0         
  78    9.963438e-18   1.335762e-04   2.744176e-15   1.000000e+00   172       79        1         0         
  79    9.790908e-18   1.768863e-04   8.195239e-15   1.000000e+00   174       80        1         0         
  80    9.572693e-18   2.949756e-04   1.532272e-14   1.000000e+00   176       81        1         0         
  81    9.283753e-18   2.045481e-04   2.115030e-14   1.000000e+00   178       82        1         0         
  82    9.010563e-18   1.810309e-04   1.742620e-14   1.000000e+00   180       83        1         0         
  83    8.741390e-18   3.543736e-04   2.884744e-14   1.000000e+00   182       84        1         0         
  84    8.484430e-18   2.349660e-04   8.710582e-15   1.000000e+00   184       85        1         0         
  85    8.249136e-18   2.143697e-04   8.512917e-15   1.000000e+00   186       86        1         0         
  86    7.907947e-18   2.484653e-04   2.255862e-14   1.000000e+00   188       87        1         0         
  87    7.771199e-18   4.672255e-04   3.139474e-14   1.000000e+00   190       88        1         0         
  88    7.500461e-18   2.147738e-04   5.490264e-15   1.000000e+00   192       89        1         0         
  89    7.296244e-18   1.648150e-04   1.099134e-14   1.000000e+00   194       90        1         0         
  90    7.104859e-18   1.989383e-04   1.597349e-14   1.000000e+00   196       91        1         0         
  91    6.823685e-18   1.958097e-04   2.239585e-14   1.000000e+00   198       92        1         0         
  92    6.707088e-18   3.709735e-04   1.844431e-14   3.921230e-01   201       93        2         0         
  93    6.449951e-18   1.630520e-04   1.887221e-14   1.000000e+00   203       94        1         0         
  94    6.306696e-18   1.263962e-04   9.658585e-15   1.000000e+00   205       95        1         0         
  95    6.121300e-18   1.607601e-04   1.443153e-14   1.000000e+00   207       96        1         0         
  96    6.073542e-18   4.167595e-04   2.205308e-14   1.000000e+00   209       97        1         0         
  97    5.867256e-18   1.523140e-04   2.308796e-15   1.000000e+00   211       98        1         0         
  98    5.769923e-18   1.152501e-04   4.221662e-15   1.000000e+00   213       99        1         0         
  99    5.647038e-18   1.542113e-04   1.118914e-14   1.000000e+00   215       100       1         0         
  100   5.459965e-18   1.768070e-04   1.748028e-14   1.000000e+00   217       101       1         0         
  101   5.348872e-18   3.233671e-04   2.141721e-14   4.217643e-01   220       102       2         0         
  102   5.127586e-18   1.510075e-04   1.979188e-14   1.000000e+00   222       103       1         0         
  103   4.987177e-18   1.283808e-04   1.251985e-14   1.000000e+00   224       104       1         0         
  104   4.808536e-18   1.749236e-04   1.739463e-14   1.000000e+00   226       105       1         0         
  105   4.735267e-18   3.939568e-04   2.881266e-14   1.000000e+00   228       106       1         0         
  106   4.534193e-18   1.535088e-04   2.546571e-15   1.000000e+00   230       107       1         0         
  107   4.427705e-18   1.234933e-04   4.569382e-15   1.000000e+00   232       108       1         0         
  108   4.309303e-18   1.571299e-04   1.208382e-14   1.000000e+00   234       109       1         0         
  109   4.123018e-18   1.756465e-04   2.104394e-14   1.000000e+00   236       110       1         0         
  110   4.026184e-18   2.943171e-04   2.134776e-14   4.122219e-01   239       111       2         0         
  111   3.854185e-18   1.315510e-04   1.911759e-14   1.000000e+00   241       112       1         0         
  112   3.754992e-18   1.119352e-04   1.032191e-14   1.000000e+00   243       113       1         0         
  113   3.639417e-18   1.369179e-04   1.174377e-14   1.000000e+00   245       114       1         0         
  114   3.620607e-18   3.579969e-04   1.869843e-14   1.000000e+00   247       115       1         0         
  115   3.479836e-18   1.074970e-04   1.575136e-15   1.000000e+00   249       116       1         0         
  116   3.440441e-18   7.449736e-05   1.362217e-15   1.000000e+00   251       117       1         0         
  117   3.394924e-18   8.972874e-05   4.950509e-15   1.000000e+00   253       118       1         0         
  118   3.337736e-18   9.070114e-05   7.464918e-15   1.000000e+00   255       119       1         0         
  119   3.310475e-18   1.684130e-04   7.108063e-15   4.064374e-01   258       120       2         0         
  120   3.257400e-18   7.301852e-05   7.536318e-15   1.000000e+00   260       121       1         0         
  121   3.229455e-18   5.915282e-05   3.660230e-15   1.000000e+00   262       122       1         0         
  122   3.191197e-18   7.347551e-05   5.095358e-15   1.000000e+00   264       123       1         0         
  123   3.175425e-18   1.755751e-04   6.832583e-15   1.000000e+00   266       124       1         0         
  124   3.136336e-18   6.835417e-05   1.520871e-15   1.000000e+00   268       125       1         0         
  125   3.115806e-18   5.291237e-05   1.522669e-15   1.000000e+00   270       126       1         0         
  126   3.092154e-18   7.145073e-05   3.317053e-15   1.000000e+00   272       127       1         0         
  127   3.054028e-18   8.503277e-05   6.174682e-15   1.000000e+00   274       128       1         0         
  128   3.030227e-18   1.459811e-04   6.944614e-15   4.389385e-01   277       129       2         0         
  129   2.984684e-18   7.437786e-05   7.717477e-15   1.000000e+00   279       130       1         0         
  130   2.949431e-18   6.481043e-05   6.274935e-15   1.000000e+00   281       131       1         0         
  131   2.904101e-18   8.995532e-05   8.135548e-15   1.000000e+00   283       132       1         0         
  132   2.872066e-18   1.839106e-04   1.354141e-14   1.000000e+00   285       133       1         0         
  133   2.818513e-18   8.409328e-05   4.059047e-15   1.000000e+00   287       134       1         0         
  134   2.781520e-18   7.322754e-05   3.328823e-15   1.000000e+00   289       135       1         0         
  135   2.739114e-18   9.611561e-05   6.707526e-15   1.000000e+00   291       136       1         0         
  136   2.671025e-18   1.298943e-04   1.383330e-14   1.000000e+00   293       137       1         0         
  137   2.602543e-18   2.146427e-04   3.096126e-14   1.000000e+00   295       138       1         0         
  138   2.507101e-18   1.096282e-04   7.356671e-15   1.000000e+00   297       139       1         0         
  139   2.414702e-18   1.266465e-04   1.220763e-14   1.000000e+00   299       140       1         0         
  140   2.331752e-18   1.489910e-04   1.520439e-14   1.000000e+00   301       141       1         0         
  141   2.244112e-18   3.199674e-04   3.980668e-14   1.000000e+00   303       142       1         0         
  142   2.112446e-18   1.025067e-04   1.819551e-14   1.000000e+00   305       143       1         0         
  143   2.074949e-18   6.700449e-05   1.608963e-15   1.000000e+00   307       144       1         0         
  144   2.040038e-18   6.976902e-05   5.761052e-15   1.000000e+00   309       145       1         0         
  145   2.012076e-18   1.131108e-04   8.701030e-15   1.000000e+00   311       146       1         0         
  146   1.978942e-18   6.655792e-05   7.930934e-15   1.000000e+00   313       147       1         0         
  147   1.951167e-18   5.834157e-05   6.446566e-15   1.000000e+00   315       148       1         0         
  148   1.920594e-18   1.053847e-04   9.151225e-15   1.000000e+00   317       149       1         0         
  149   1.887840e-18   9.205144e-05   7.519107e-15   1.000000e+00   319       150       1         0         
  150   1.851959e-18   7.224785e-05   6.878361e-15   1.000000e+00   321       151       1         0         
  151   1.822503e-18   1.365705e-04   1.235991e-14   1.000000e+00   323       152       1         0         
  152   1.794408e-18   6.691662e-05   4.485425e-15   1.000000e+00   325       153       1         0         
  153   1.783371e-18   4.972943e-05   9.456125e-16   1.000000e+00   327       154       1         0         
  154   1.757672e-18   5.079934e-05   3.916201e-15   1.000000e+00   329       155       1         0         
  155   1.751447e-18   1.243310e-04   8.165690e-15   1.000000e+00   331       156       1         0         
  156   1.733756e-18   5.454149e-05   1.325238e-15   1.000000e+00   333       157       1         0         
  157   1.721330e-18   4.063493e-05   3.488988e-15   1.000000e+00   335       158       1         0         
  158   1.707004e-18   5.227940e-05   5.290480e-15   1.000000e+00   337       159       1         0         
  159   1.687439e-18   5.449853e-05   6.305269e-15   1.000000e+00   339       160       1         0         
  160   1.678826e-18   1.071924e-04   5.201480e-15   3.649384e-01   342       161       2         0         
  161   1.658132e-18   5.005768e-05   4.781022e-15   1.000000e+00   344       162       1         0         
  162   1.644730e-18   4.046734e-05   2.861398e-15   1.000000e+00   346       163       1         0         
  163   1.625123e-18   5.906437e-05   4.844600e-15   1.000000e+00   348       164       1         0         
  164   1.603015e-18   1.112748e-04   9.823221e-15   1.000000e+00   350       165       1         0         
  165   1.572243e-18   7.384900e-05   7.954163e-15   1.000000e+00   352       166       1         0         
  166   1.534638e-18   6.376496e-05   1.053768e-14   1.000000e+00   354       167       1         0         
  167   1.501697e-18   1.060122e-04   1.324367e-14   1.000000e+00   356       168       1         0         
  168   1.470817e-18   8.244293e-05   1.183152e-14   1.000000e+00   358       169       1         0         
  169   1.446013e-18   6.137053e-05   4.555858e-15   1.000000e+00   360       170       1         0         
  170   1.414592e-18   7.349363e-05   9.667730e-15   1.000000e+00   362       171       1         0         
  171   1.393889e-18   8.434207e-05   6.252584e-15   1.000000e+00   364       172       1         0         
  172   1.371921e-18   6.723238e-05   5.673113e-15   1.000000e+00   366       173       1         0         
  173   1.340079e-18   9.613375e-05   1.649872e-14   1.000000e+00   368       174       1         0         
  174   1.319593e-18   7.225673e-05   5.611781e-15   1.000000e+00   370       175       1         0         
  175   1.303991e-18   6.502325e-05   2.872917e-15   1.000000e+00   372       176       1         0         
  176   1.263774e-18   8.186980e-05   1.400347e-14   1.000000e+00   374       177       1         0         
  177   1.245659e-18   1.357441e-04   1.534310e-14   1.000000e+00   376       178       1         0         
  178   1.220899e-18   6.770364e-05   2.033404e-15   1.000000e+00   378       179       1         0         
  179   1.197893e-18   4.868506e-05   6.423111e-15   1.000000e+00   380       180       1         0         
  180   1.182653e-18   5.288648e-05   6.273574e-15   1.000000e+00   382       181       1         0         
  181   1.157139e-18   8.551612e-05   1.241764e-14   1.000000e+00   384       182       1         0         
  182   1.152540e-18   9.738353e-05   1.231157e-14   1.000000e+00   386       183       1         0         
  183   1.138575e-18   2.849749e-05   5.817459e-15   1.000000e+00   388       184       1         0         
  184   1.135307e-18   2.581590e-05   8.912165e-16   1.000000e+00   390       185       1         0         
  185   1.126458e-18   3.659929e-05   1.545948e-15   1.000000e+00   392       186       1         0         
  186   1.119627e-18   6.851998e-05   4.089941e-15   1.000000e+00   394       187       1         0         
  187   1.110680e-18   3.702563e-05   4.542067e-15   1.000000e+00   396       188       1         0         
  188   1.103465e-18   2.992073e-05   5.065508e-15   1.000000e+00   398       189       1         0         
  189   1.095364e-18   3.994954e-05   5.338930e-15   1.000000e+00   400       190       1         0         
  190   1.086217e-18   6.652405e-05   6.767240e-15   1.000000e+00   402       191       1         0         
  191   1.075059e-18   4.504129e-05   4.030304e-15   1.000000e+00   404       192       1         0         
  192   1.064510e-18   3.666470e-05   2.236053e-15   1.000000e+00   406       193       1         0         
  193   1.053077e-18   5.716427e-05   3.485119e-15   1.000000e+00   408       194       1         0         
  194   1.042171e-18   5.633411e-05   3.937417e-15   1.000000e+00   410       195       1         0         
  195   1.029818e-18   4.788686e-05   5.625168e-15   1.000000e+00   412       196       1         0         
  196   1.016274e-18   8.932799e-05   1.450052e-14   1.000000e+00   414       197       1         0         
  197   1.001420e-18   5.051127e-05   5.073988e-15   1.000000e+00   416       198       1         0         
  198   9.909331e-19   5.071446e-05   2.610794e-15   1.000000e+00   418       199       1         0         
  199   9.684948e-19   6.132337e-05   8.928508e-15   1.000000e+00   420       200       1         0         
  200   9.654769e-19   1.439873e-04   1.223973e-14   1.000000e+00   422       201       1         0         
  201   9.432410e-19   5.576403e-05   8.270573e-16   1.000000e+00   424       202       1         0         
  202   9.314211e-19   4.009432e-05   3.073210e-15   1.000000e+00   426       203       1         0         
  203   9.150067e-19   5.752733e-05   7.968908e-15   1.000000e+00   428       204       1         0         
  204   8.941600e-19   6.312489e-05   1.141716e-14   1.000000e+00   430       205       1         0         
  205   8.721963e-19   1.528671e-04   2.264419e-14   1.000000e+00   432       206       1         0         
  206   8.427607e-19   5.208462e-05   1.386189e-14   1.000000e+00   434       207       1         0         
  207   8.344578e-19   3.471166e-05   3.323069e-15   1.000000e+00   436       208       1         0         
  208   8.231743e-19   4.123434e-05   1.499601e-15   1.000000e+00   438       209       1         0         
  209   8.100006e-19   7.234489e-05   6.525024e-15   1.000000e+00   440       210       1         0         
  210   7.940076e-19   6.005771e-05   8.983592e-15   1.000000e+00   442       211       1         0         
  211   7.791724e-19   3.845244e-05   1.171651e-14   1.000000e+00   444       212       1         0         
  212   7.766945e-19   7.694006e-05   9.916687e-15   1.000000e+00   446       213       1         0         
  213   7.698351e-19   2.937689e-05   1.732073e-15   1.000000e+00   448       214       1         0         
  214   7.669723e-19   2.536521e-05   7.481264e-16   1.000000e+00   450       215       1         0         
  215   7.598943e-19   3.519771e-05   1.448764e-15   1.000000e+00   452       216       1         0         
  216   7.538319e-19   3.400854e-05   3.414500e-15   1.000000e+00   454       217       1         0         
  217   7.509402e-19   5.534222e-05   3.207735e-15   4.335419e-01   457       218       2         0         
  218   7.454872e-19   2.518134e-05   4.386460e-15   1.000000e+00   459       219       1         0         
  219   7.421954e-19   2.211114e-05   2.703774e-15   1.000000e+00   461       220       1         0         
  220   7.371956e-19   3.202168e-05   3.555281e-15   1.000000e+00   463       221       1         0         
  221   7.305808e-19   4.980540e-05   4.484232e-15   1.000000e+00   465       222       1         0         
  222   7.210811e-19   4.627308e-05   7.239323e-15   1.000000e+00   467       223       1         0         
  223   7.113917e-19   3.482617e-05   3.741068e-15   1.000000e+00   469       224       1         0         
  224   7.013225e-19   4.968757e-05   5.845843e-15   1.000000e+00   471       225       1         0         
  225   6.956134e-19   4.228133e-05   3.264054e-15   1.000000e+00   473       226       1         0         
  226   6.915223e-19   3.145890e-05   1.800147e-15   1.000000e+00   475       227       1         0         
  227   6.831014e-19   3.577477e-05   7.581127e-15   1.000000e+00   477       228       1         0         
  228   6.786476e-19   4.579522e-05   4.636218e-15   1.000000e+00   479       229       1         0         
  229   6.722424e-19   4.266151e-05   4.586064e-15   1.000000e+00   481       230       1         0         
  230   6.627615e-19   9.385661e-05   1.721056e-14   1.000000e+00   483       231       1         0         
  231   6.499463e-19   3.589073e-05   3.112133e-15   1.000000e+00   485       232       1         0         
  232   6.460581e-19   2.535689e-05   2.328332e-15   1.000000e+00   487       233       1         0         
  233   6.404578e-19   2.636109e-05   1.414423e-15   1.000000e+00   489       234       1         0         
  234   6.384835e-19   5.959466e-05   8.120421e-15   1.000000e+00   491       235       1         0         
  235   6.343067e-19   2.431564e-05   9.972488e-16   1.000000e+00   493       236       1         0         
  236   6.318655e-19   1.907845e-05   2.984615e-15   1.000000e+00   495       237       1         0         
  237   6.289898e-19   2.595807e-05   3.883343e-15   1.000000e+00   497       238       1         0         
  238   6.229216e-19   3.435560e-05   5.785289e-15   1.000000e+00   499       239       1         0         
  239   6.183273e-19   9.720385e-05   1.198068e-14   1.000000e+00   501       240       1         0         
  240   6.059099e-19   4.111156e-05   3.416711e-15   1.000000e+00   503       241       1         0         
  241   5.974039e-19   3.202349e-05   2.357066e-15   1.000000e+00   505       242       1         0         
  242   5.862541e-19   4.713948e-05   5.923352e-15   1.000000e+00   507       243       1         0         
  243   5.693202e-19   5.825604e-05   1.307188e-14   1.000000e+00   509       244       1         0         
  244   5.557374e-19   1.062714e-04   1.742976e-14   4.724492e-01   512       245       2         0         
  245   5.300861e-19   5.339753e-05   2.269518e-14   1.000000e+00   514       246       1         0         
  246   5.148438e-19   3.750732e-05   1.429637e-14   1.000000e+00   516       247       1         0         
  247   5.022279e-19   5.751315e-05   1.385507e-14   1.000000e+00   518       248       1         0         
  248   4.924663e-19   5.440504e-05   8.800157e-15   1.000000e+00   520       249       1         0         
  249   4.842820e-19   3.676993e-05   1.963769e-15   1.000000e+00   522       250       1         0         
  250   4.741919e-19   3.918970e-05   5.354690e-15   1.000000e+00   524       251       1         0         
  251   4.708202e-19   4.597979e-05   5.332593e-15   1.000000e+00   526       252       1         0         
  252   4.677347e-19   2.729404e-05   1.740324e-15   1.000000e+00   528       253       1         0         
  253   4.636593e-19   1.768895e-05   4.746031e-15   1.000000e+00   530       254       1         0         
  254   4.619957e-19   1.739720e-05   1.602789e-15   1.000000e+00   532       255       1         0         
  255   4.613337e-19   5.969450e-05   3.171325e-15   1.000000e+00   534       256       1         0         
  256   4.574210e-19   1.538636e-05   4.767029e-16   1.000000e+00   536       257       1         0         
  257   4.564321e-19   1.247698e-05   4.180109e-16   1.000000e+00   538       258       1         0         
  258   4.545968e-19   1.655095e-05   8.714332e-16   1.000000e+00   540       259       1         0         
  259   4.522336e-19   2.832895e-05   1.770208e-15   1.000000e+00   542       260       1         0         
  260   4.490677e-19   2.164270e-05   2.969952e-15   1.000000e+00   544       261       1         0         
  261   4.461400e-19   2.093696e-05   2.702835e-15   1.000000e+00   546       262       1         0         
  262   4.423141e-19   2.639714e-05   5.169006e-15   1.000000e+00   548       263       1         0         
  263   4.393296e-19   2.825048e-05   1.557757e-15   1.000000e+00   550       264       1         0         
  264   4.360989e-19   2.319120e-05   1.714300e-15   1.000000e+00   552       265       1         0         
  265   4.331102e-19   3.397926e-05   3.496364e-15   1.000000e+00   554       266       1         0         
  266   4.303666e-19   2.200397e-05   1.264697e-15   1.000000e+00   556       267       1         0         
  267   4.272327e-19   2.345714e-05   2.454641e-15   1.000000e+00   558       268       1         0         
  268   4.236311e-19   2.750534e-05   4.160192e-15   1.000000e+00   560       269       1         0         
  269   4.226332e-19   6.054805e-05   6.980878e-15   1.000000e+00   562       270       1         0         
  270   4.181706e-19   2.133608e-05   2.821128e-16   1.000000e+00   564       271       1         0         
  271   4.161578e-19   1.792758e-05   5.261267e-16   1.000000e+00   566       272       1         0         
  272   4.133502e-19   2.307706e-05   1.901595e-15   1.000000e+00   568       273       1         0         
  273   4.098379e-19   2.260656e-05   3.098475e-15   1.000000e+00   570       274       1         0         
  274   4.080284e-19   4.364076e-05   3.179966e-15   4.085273e-01   573       275       2         0         
  275   4.042098e-19   2.052433e-05   3.293941e-15   1.000000e+00   575       276       1         0         
  276   4.016284e-19   1.902028e-05   2.152571e-15   1.000000e+00   577       277       1         0         
  277   3.979159e-19   2.473648e-05   3.089708e-15   1.000000e+00   579       278       1         0         
  278   3.962685e-19   6.225952e-05   4.895595e-15   1.000000e+00   581       279       1         0         
  279   3.913828e-19   2.560392e-05   7.697697e-16   1.000000e+00   583       280       1         0         
  280   3.881141e-19   2.145533e-05   1.112223e-15   1.000000e+00   585       281       1         0         
  281   3.840564e-19   3.148385e-05   2.881414e-15   1.000000e+00   587       282       1         0         
  282   3.775895e-19   3.606401e-05   5.597529e-15   1.000000e+00   589       283       1         0         
  283   3.739693e-19   6.671596e-05   5.843150e-15   4.123375e-01   592       284       2         0         
  284   3.657419e-19   3.144053e-05   7.578198e-15   1.000000e+00   594       285       1         0         
  285   3.606788e-19   2.176861e-05   4.873926e-15   1.000000e+00   596       286       1         0         
  286   3.552710e-19   2.868347e-05   5.168928e-15   1.000000e+00   598       287       1         0         
  287   3.515141e-19   5.797548e-05   6.546902e-15   1.000000e+00   600       288       1         0         
  288   3.461202e-19   2.673190e-05   2.612250e-15   1.000000e+00   602       289       1         0         
  289   3.428180e-19   2.026096e-05   1.202387e-15   1.000000e+00   604       290       1         0         
  290   3.396618e-19   2.393526e-05   2.383771e-15   1.000000e+00   606       291       1         0         
  291   3.357055e-19   4.036679e-05   5.025286e-15   1.000000e+00   608       292       1         0         
  292   3.309204e-19   2.691074e-05   5.977008e-15   1.000000e+00   610       293       1         0         
  293   3.268672e-19   2.172959e-05   3.845672e-15   1.000000e+00   612       294       1         0         
  294   3.217037e-19   4.165985e-05   6.971327e-15   1.000000e+00   614       295       1         0         
  295   3.172124e-19   3.711779e-05   4.375484e-15   1.000000e+00   616       296       1         0         
  296   3.130756e-19   3.017265e-05   2.020121e-15   1.000000e+00   618       297       1         0         
  297   3.055043e-19   4.740587e-05   8.661080e-15   1.000000e+00   620       298       1         0         
  298   3.013650e-19   4.509579e-05   5.355471e-15   1.000000e+00   622       299       1         0         
  299   2.981692e-19   3.023644e-05   7.423640e-16   1.000000e+00   624       300       1         0         
  300   2.900832e-19   2.413618e-05   6.924592e-15   1.000000e+00   626       301       1         0         
  301   2.858708e-19   2.770607e-05   5.899064e-15   1.000000e+00   628       302       1         0         
  302   2.832373e-19   5.089556e-05   4.916950e-15   3.913129e-01   631       303       2         0         
  303   2.787405e-19   2.020030e-05   5.967937e-15   1.000000e+00   633       304       1         0         
  304   2.767316e-19   1.500237e-05   1.977046e-15   1.000000e+00   635       305       1         0         
  305   2.746429e-19   1.918715e-05   1.404022e-15   1.000000e+00   637       306       1         0         
  306   2.736129e-19   4.043208e-05   2.687948e-15   1.000000e+00   639       307       1         0         
  307   2.715006e-19   1.613372e-05   3.053864e-16   1.000000e+00   641       308       1         0         
  308   2.703109e-19   1.221701e-05   6.804007e-16   1.000000e+00   643       309       1         0         
  309   2.692475e-19   1.502334e-05   1.558878e-15   1.000000e+00   645       310       1         0         
  310   2.671328e-19   1.940165e-05   2.759076e-15   1.000000e+00   647       311       1         0         
  311   2.656979e-19   2.575297e-05   3.447814e-15   4.835760e-01   650       312       2         0         
  312   2.639472e-19   1.283054e-05   2.132679e-15   1.000000e+00   652       313       1         0         
  313   2.628383e-19   1.234504e-05   1.075295e-15   1.000000e+00   654       314       1         0         
  314   2.615785e-19   1.913244e-05   1.497603e-15   1.000000e+00   656       315       1         0         
  315   2.605244e-19   1.853229e-05   2.090029e-15   1.000000e+00   658       316       1         0         
  316   2.596871e-19   1.030537e-05   4.522371e-16   1.000000e+00   660       317       1         0         
  317   2.588881e-19   1.097198e-05   7.586365e-16   1.000000e+00   662       318       1         0         
  318   2.582437e-19   1.374886e-05   9.134131e-16   1.000000e+00   664       319       1         0         
  319   2.569819e-19   1.440492e-05   2.317095e-15   1.000000e+00   666       320       1         0         
  320   2.562239e-19   2.307914e-05   1.783004e-15   1.000000e+00   668       321       1         0         
  321   2.552884e-19   1.314000e-05   4.818215e-16   1.000000e+00   670       322       1         0         
  322   2.542634e-19   1.241286e-05   6.769065e-16   1.000000e+00   672       323       1         0         
  323   2.532174e-19   1.504615e-05   1.133972e-15   1.000000e+00   674       324       1         0         
  324   2.517326e-19   3.199967e-05   3.138922e-15   1.000000e+00   676       325       1         0         
  325   2.497424e-19   1.649869e-05   2.309714e-15   1.000000e+00   678       326       1         0         
  326   2.483389e-19   1.356782e-05   1.454997e-15   1.000000e+00   680       327       1         0         
  327   2.465246e-19   1.777002e-05   2.512070e-15   1.000000e+00   682       328       1         0         
  328   2.456600e-19   3.546961e-05   3.167047e-15   1.000000e+00   684       329       1         0         
  329   2.439699e-19   1.764613e-05   5.811554e-16   1.000000e+00   686       330       1         0         
  330   2.422667e-19   1.500558e-05   1.358861e-15   1.000000e+00   688       331       1         0         
  331   2.406896e-19   2.005100e-05   2.073898e-15   1.000000e+00   690       332       1         0         
  332   2.374678e-19   2.423041e-05   4.364118e-15   1.000000e+00   692       333       1         0         
  333   2.349298e-19   4.386389e-05   5.328887e-15   4.974756e-01   695       334       2         0         
  334   2.300889e-19   2.462229e-05   6.937137e-15   1.000000e+00   697       335       1         0         
  335   2.262121e-19   1.983304e-05   5.804926e-15   1.000000e+00   699       336       1         0         
  336   2.232725e-19   3.769762e-05   6.534474e-15   1.000000e+00   701       337       1         0         
  337   2.205144e-19   2.230502e-05   1.323744e-15   1.000000e+00   703       338       1         0         
  338   2.181273e-19   1.879458e-05   1.316250e-15   1.000000e+00   705       339       1         0         
  339   2.158029e-19   2.145689e-05   3.126637e-15   1.000000e+00   707       340       1         0         
  340   2.139707e-19   3.948584e-05   6.358363e-15   1.000000e+00   709       341       1         0         
  341   2.117551e-19   1.817145e-05   2.159855e-15   1.000000e+00   711       342       1         0         
  342   2.103058e-19   1.455314e-05   2.120818e-15   1.000000e+00   713       343       1         0         
  343   2.090195e-19   1.752903e-05   2.137556e-15   1.000000e+00   715       344       1         0         
  344   2.066928e-19   2.469462e-05   3.666144e-15   1.000000e+00   717       345       1         0         
  345   2.046935e-19   2.963186e-05   6.478676e-15   1.000000e+00   719       346       1         0         
  346   2.025336e-19   1.587719e-05   5.104657e-16   1.000000e+00   721       347       1         0         
  347   2.005138e-19   1.887415e-05   9.696498e-16   1.000000e+00   723       348       1         0         
  348   1.985061e-19   2.194314e-05   2.704901e-15   1.000000e+00   725       349       1         0         
  349   1.981135e-19   5.533705e-05   7.544073e-15   1.000000e+00   727       350       1         0         
  350   1.945825e-19   1.466896e-05   1.294130e-15   1.000000e+00   729       351       1         0         
  351   1.938207e-19   1.113476e-05   9.010808e-16   1.000000e+00   731       352       1         0         
  352   1.926662e-19   1.395073e-05   2.416043e-15   1.000000e+00   733       353       1         0         
  353   1.915365e-19   2.215845e-05   2.524335e-15   1.000000e+00   735       354       1         0         
  354   1.904395e-19   1.200491e-05   2.213321e-15   1.000000e+00   737       355       1         0         
  355   1.897827e-19   9.256428e-06   4.468460e-16   1.000000e+00   739       356       1         0         
  356   1.890149e-19   1.381786e-05   5.908998e-16   1.000000e+00   741       357       1         0         
  357   1.882444e-19   1.717257e-05   9.984094e-16   1.000000e+00   743       358       1         0         
  358   1.872114e-19   1.403012e-05   1.536475e-15   1.000000e+00   745       359       1         0         
  359   1.860543e-19   2.537581e-05   3.606392e-15   1.000000e+00   747       360       1         0         
  360   1.847481e-19   1.483072e-05   1.479437e-15   1.000000e+00   749       361       1         0         
  361   1.837170e-19   1.547705e-05   9.531910e-16   1.000000e+00   751       362       1         0         
  362   1.817905e-19   1.740255e-05   2.618740e-15   1.000000e+00   753       363       1         0         
  363   1.809442e-19   2.396159e-05   1.891295e-15   4.803279e-01   756       364       2         0         
  364   1.796974e-19   1.448255e-05   1.811436e-15   1.000000e+00   758       365       1         0         
  365   1.784162e-19   1.208030e-05   2.129166e-15   1.000000e+00   760       366       1         0         
  366   1.773611e-19   1.837739e-05   2.159488e-15   1.000000e+00   762       367       1         0         
  367   1.762109e-19   1.554688e-05   2.069781e-15   1.000000e+00   764       368       1         0         
  368   1.749909e-19   1.316031e-05   1.664273e-15   1.000000e+00   766       369       1         0         
  369   1.735952e-19   2.320762e-05   3.057822e-15   1.000000e+00   768       370       1         0         
  370   1.722149e-19   1.757994e-05   1.715613e-15   1.000000e+00   770       371       1         0         
  371   1.707749e-19   1.693632e-05   2.030916e-15   1.000000e+00   772       372       1         0         
  372   1.686547e-19   2.162702e-05   4.487657e-15   1.000000e+00   774       373       1         0         
  373   1.675647e-19   3.279997e-05   5.681079e-15   1.000000e+00   776       374       1         0         
  374   1.659761e-19   1.482119e-05   1.918726e-16   1.000000e+00   778       375       1         0         
  375   1.648762e-19   1.280425e-05   8.830388e-16   1.000000e+00   780       376       1         0         
  376   1.637880e-19   1.548999e-05   1.807378e-15   1.000000e+00   782       377       1         0         
  377   1.615463e-19   2.162077e-05   4.399983e-15   1.000000e+00   784       378       1         0         
  378   1.612215e-19   4.546921e-05   9.406481e-15   1.000000e+00   786       379       1         0         
  379   1.584137e-19   1.299545e-05   1.423354e-15   1.000000e+00   788       380       1         0         
  380   1.576711e-19   1.104203e-05   2.598896e-16   1.000000e+00   790       381       1         0         
  381   1.566034e-19   1.304352e-05   1.723279e-15   1.000000e+00   792       382       1         0         
  382   1.554803e-19   2.299752e-05   3.206464e-15   1.000000e+00   794       383       1         0         
  383   1.544026e-19   1.183121e-05   3.419785e-15   1.000000e+00   796       384       1         0         
  384   1.538749e-19   8.604295e-06   5.122843e-16   1.000000e+00   798       385       1         0         
  385   1.531127e-19   1.243149e-05   1.013578e-15   1.000000e+00   800       386       1         0         
  386   1.523091e-19   1.824916e-05   1.830834e-15   1.000000e+00   802       387       1         0         
  387   1.510710e-19   1.759141e-05   2.058369e-15   1.000000e+00   804       388       1         0         
  388   1.503120e-19   5.512028e-05   8.511150e-15   1.000000e+00   806       389       1         0         
  389   1.466416e-19   1.466750e-05   1.545893e-15   1.000000e+00   808       390       1         0         
  390   1.457743e-19   1.175158e-05   2.306433e-16   1.000000e+00   810       391       1         0         
  391   1.442845e-19   1.406619e-05   3.150437e-15   1.000000e+00   812       392       1         0         
  392   1.437724e-19   1.771279e-05   2.140380e-15   4.299092e-01   815       393       2         0         
  393   1.431677e-19   1.055299e-05   1.253669e-15   1.000000e+00   817       394       1         0         
  394   1.424643e-19   8.982953e-06   1.868476e-15   1.000000e+00   819       395       1         0         
  395   1.417675e-19   1.163852e-05   1.732008e-15   1.000000e+00   821       396       1         0         
  396   1.412624e-19   2.240476e-05   2.849506e-15   1.000000e+00   823       397       1         0         
  397   1.404648e-19   9.133713e-06   2.265327e-16   1.000000e+00   825       398       1         0         
  398   1.400498e-19   8.410712e-06   2.160167e-16   1.000000e+00   827       399       1         0         
  399   1.395237e-19   1.055928e-05   6.836859e-16   1.000000e+00   829       400       1         0         
  400   1.388316e-19   1.769957e-05   2.063625e-15   1.000000e+00   831       401       1         0         
  401   1.381072e-19   1.059727e-05   2.308195e-15   1.000000e+00   833       402       1         0         
  402   1.376360e-19   7.668409e-06   1.036617e-15   1.000000e+00   835       403       1         0         
  403   1.370091e-19   1.148016e-05   1.810932e-15   1.000000e+00   837       404       1         0         
  404   1.366281e-19   1.537925e-05   1.406440e-15   1.000000e+00   839       405       1         0         
  405   1.361889e-19   1.020207e-05   3.955656e-16   1.000000e+00   841       406       1         0         
  406   1.354239e-19   8.655118e-06   1.207657e-15   1.000000e+00   843       407       1         0         
  407   1.350208e-19   1.048506e-05   9.924963e-16   1.000000e+00   845       408       1         0         
  408   1.340697e-19   1.212055e-05   3.325882e-15   1.000000e+00   847       409       1         0         
  409   1.333831e-19   2.261486e-05   3.065252e-15   1.000000e+00   849       410       1         0         
  410   1.324757e-19   1.377791e-05   9.978732e-16   1.000000e+00   851       411       1         0         
  411   1.312057e-19   1.168037e-05   2.229309e-15   1.000000e+00   853       412       1         0         
  412   1.302941e-19   1.328896e-05   2.303933e-15   1.000000e+00   855       413       1         0         
  413   1.297775e-19   3.945543e-05   6.401017e-15   1.000000e+00   857       414       1         0         
  414   1.278625e-19   1.339155e-05   1.209488e-15   1.000000e+00   859       415       1         0         
  415   1.270648e-19   1.113688e-05   8.031744e-16   1.000000e+00   861       416       1         0         
  416   1.255246e-19   1.699650e-05   3.180055e-15   1.000000e+00   863       417       1         0         
  417   1.232960e-19   2.225750e-05   5.661798e-15   1.000000e+00   865       418       1         0         
  418   1.227527e-19   5.518253e-05   1.502488e-14   1.000000e+00   867       419       1         0         
  419   1.188654e-19   1.620975e-05   3.688961e-16   1.000000e+00   869       420       1         0         
  420   1.178272e-19   1.269331e-05   5.431834e-16   1.000000e+00   871       421       1         0         
  421   1.165070e-19   1.571238e-05   3.073996e-15   1.000000e+00   873       422       1         0         
  422   1.148662e-19   2.434994e-05   5.254869e-15   1.000000e+00   875       423       1         0         
  423   1.129295e-19   1.718551e-05   7.407612e-15   1.000000e+00   877       424       1         0         
  424   1.113563e-19   1.323551e-05   4.266808e-15   1.000000e+00   879       425       1         0         
  425   1.101477e-19   2.590035e-05   5.266522e-15   1.000000e+00   881       426       1         0         
  426   1.089307e-19   1.554776e-05   9.489873e-16   1.000000e+00   883       427       1         0         
  427   1.078995e-19   1.484707e-05   1.039396e-15   1.000000e+00   885       428       1         0         
  428   1.062785e-19   1.596561e-05   4.059055e-15   1.000000e+00   887       429       1         0         
  429   1.053417e-19   2.674677e-05   5.074198e-15   1.000000e+00   889       430       1         0         
  430   1.041326e-19   1.299113e-05   3.364902e-15   1.000000e+00   891       431       1         0         
  431   1.032435e-19   1.046611e-05   2.598178e-15   1.000000e+00   893       432       1         0         
  432   1.024779e-19   1.285095e-05   2.181820e-15   1.000000e+00   895       433       1         0         
  433   1.016078e-19   2.364560e-05   3.659542e-15   1.000000e+00   897       434       1         0         
  434   1.005183e-19   1.204462e-05   2.190134e-15   1.000000e+00   899       435       1         0         
  435   9.976218e-20   9.636614e-06   1.124358e-15   1.000000e+00   901       436       1         0         
  436   9.898117e-20   1.234703e-05   1.780294e-15   1.000000e+00   903       437       1         0         
  437   9.834320e-20   2.281513e-05   3.712684e-15   1.000000e+00   905       438       1         0         
  438   9.743067e-20   1.260882e-05   1.737121e-15   1.000000e+00   907       439       1         0         
  439   9.644063e-20   1.096804e-05   2.971863e-15   1.000000e+00   909       440       1         0         
  440   9.569085e-20   1.308339e-05   2.646825e-15   1.000000e+00   911       441       1         0         
  441   9.495590e-20   2.867873e-05   5.430928e-15   1.000000e+00   913       442       1         0         
  442   9.379970e-20   1.059405e-05   1.669774e-15   1.000000e+00   915       443       1         0         
  443   9.331830e-20   8.102182e-06   2.560202e-16   1.000000e+00   917       444       1         0         
  444   9.279964e-20   9.439871e-06   9.060628e-16   1.000000e+00   919       445       1         0         
  445   9.224331e-20   1.645835e-05   2.146620e-15   1.000000e+00   921       446       1         0         
  446   9.159090e-20   9.212727e-06   2.232073e-15   1.000000e+00   923       447       1         0         
  447   9.112354e-20   7.315627e-06   1.603333e-15   1.000000e+00   925       448       1         0         
  448   9.061639e-20   1.164773e-05   2.151160e-15   1.000000e+00   927       449       1         0         
  449   9.018623e-20   1.189104e-05   1.704053e-15   1.000000e+00   929       450       1         0         
  450   8.980677e-20   8.058269e-06   4.874016e-16   1.000000e+00   931       451       1         0         
  451   8.931850e-20   9.049232e-06   1.059391e-15   1.000000e+00   933       452       1         0         
  452   8.905365e-20   1.047955e-05   7.824332e-16   1.000000e+00   935       453       1         0         
  453   8.876050e-20   9.409136e-06   6.755966e-16   1.000000e+00   937       454       1         0         
  454   8.823998e-20   2.307712e-05   3.882228e-15   1.000000e+00   939       455       1         0         
  455   8.758736e-20   9.511555e-06   6.822661e-16   1.000000e+00   941       456       1         0         
  456   8.739280e-20   6.758423e-06   3.760118e-16   1.000000e+00   943       457       1         0         
  457   8.685746e-20   5.455371e-06   5.127000e-16   1.000000e+00   945       458       1         0         
  458   8.658364e-20   1.466529e-05   1.644321e-15   1.000000e+00   947       459       1         0         
  459   8.623973e-20   7.525932e-06   1.057023e-15   1.000000e+00   949       460       1         0         
  460   8.595076e-20   6.341347e-06   1.372853e-15   1.000000e+00   951       461       1         0         
  461   8.560224e-20   8.097403e-06   1.536781e-15   1.000000e+00   953       462       1         0         
  462   8.521289e-20   1.395597e-05   1.598029e-15   1.000000e+00   955       463       1         0         
  463   8.480264e-20   7.653933e-06   1.107196e-15   1.000000e+00   957       464       1         0         
  464   8.454814e-20   5.773646e-06   3.510598e-16   1.000000e+00   959       465       1         0         
  465   8.418747e-20   8.743566e-06   4.642135e-16   1.000000e+00   961       466       1         0         
  466   8.385324e-20   1.244494e-05   9.820258e-16   1.000000e+00   963       467       1         0         
  467   8.336816e-20   1.128462e-05   1.535020e-15   1.000000e+00   965       468       1         0         
  468   8.222469e-20   2.218913e-05   6.443326e-15   1.000000e+00   967       469       1         0         
  469   8.109472e-20   1.493593e-05   4.145154e-15   1.000000e+00   969       470       1         0         
  470   8.036671e-20   1.239719e-05   7.525925e-16   1.000000e+00   971       471       1         0         
  471   7.939293e-20   2.254132e-05   3.155549e-15   1.000000e+00   973       472       1         0         
  472   7.863347e-20   1.344954e-05   1.980328e-15   1.000000e+00   975       473       1         0         
  473   7.828364e-20   8.588938e-06   9.707518e-17   1.000000e+00   977       474       1         0         
  474   7.764160e-20   6.791015e-06   1.365441e-15   1.000000e+00   979       475       1         0         
  475   7.711356e-20   1.169263e-05   2.580412e-15   1.000000e+00   981       476       1         0         
  476   7.662831e-20   1.144784e-05   3.326435e-15   1.000000e+00   983       477       1         0         
  477   7.624532e-20   7.127116e-06   9.604734e-16   1.000000e+00   985       478       1         0         
  478   7.584376e-20   7.752911e-06   9.751315e-16   1.000000e+00   987       479       1         0         
  479   7.539720e-20   1.098231e-05   9.483016e-16   1.000000e+00   989       480       1         0         
  480   7.470655e-20   1.490921e-05   2.508306e-15   1.000000e+00   991       481       1         0         
  481   7.400676e-20   1.113510e-05   1.723333e-15   1.000000e+00   993       482       1         0         
  482   7.334045e-20   1.066843e-05   1.377499e-15   1.000000e+00   995       483       1         0         
  483   7.246409e-20   1.470123e-05   2.857347e-15   1.000000e+00   997       484       1         0         
  484   7.179094e-20   1.882415e-05   4.174898e-15   1.000000e+00   999       485       1         0         
  485   7.113313e-20   9.837387e-06   9.693793e-16   1.000000e+00   1001      486       1         0         
  486   7.057816e-20   8.449483e-06   1.646082e-15   1.000000e+00   1003      487       1         0         
  487   7.018609e-20   9.766000e-06   1.502273e-15   1.000000e+00   1005      488       1         0         
  488   6.950697e-20   2.020653e-05   4.737483e-15   1.000000e+00   1007      489       1         0         
  489   6.877941e-20   9.407420e-06   1.586399e-15   1.000000e+00   1009      490       1         0         
  490   6.844252e-20   7.778506e-06   2.892600e-16   1.000000e+00   1011      491       1         0         
  491   6.798013e-20   9.132341e-06   1.062738e-15   1.000000e+00   1013      492       1         0         
  492   6.765813e-20   1.842073e-05   2.678984e-15   1.000000e+00   1015      493       1         0         
  493   6.719105e-20   9.314372e-06   7.400392e-16   1.000000e+00   1017      494       1         0         
  494   6.675789e-20   7.691934e-06   1.636701e-15   1.000000e+00   1019      495       1         0         
  495   6.641218e-20   9.449142e-06   1.545451e-15   1.000000e+00   1021      496       1         0         
  496   6.549471e-20   1.264225e-05   3.822069e-15   1.000000e+00   1023      497       1         0         
  497   6.505049e-20   1.899550e-05   3.208651e-15   4.343783e-01   1026      498       2         0         
  498   6.426869e-20   1.033198e-05   2.464206e-15   1.000000e+00   1028      499       1         0         
  499   6.360723e-20   8.902414e-06   1.933888e-15   1.000000e+00   1030      500       1         0         
  500   6.281757e-20   1.239471e-05   2.544343e-15   1.000000e+00   1032      501       1         0         
Optimization Terminated with Status: Iteration Limit Exceeded
