p= 0 | CubeHexMesh: Building sub cells
[MetricOpStats] ParamMass_M  (rows=4760)
  row_sum       min=4.0404e-07  max=0.00198  mean=0.000659429  max/|min|=4900.5
  |row_sum|     min=4.0404e-07  max=0.00198  mean=0.000659429  max/min=4900.5
  diag          min=1.79574e-07  max=0.00088  mean=0.000293079  nonpos=0
  max_abs_entry=0.00088
[MetricOpStats] ParamStiffness_K  (rows=4760)
  row_sum       min=-3.35276e-08  max=2.23517e-08  mean=-1.23189e-09  max/|min|=0.666667
  |row_sum|     min=7.92162e+07  max=2.64e+08  mean=1.93296e+08  max/min=3.33265
  diag          min=1.32054e+07  max=5.28e+07  mean=3.5148e+07  nonpos=0
  max_abs_entry=5.28e+07
[MetricOpStats] ParamMass_M_reprint  (rows=4760)
  row_sum       min=4.0404e-07  max=0.00198  mean=0.000659429  max/|min|=4900.5
  |row_sum|     min=4.0404e-07  max=0.00198  mean=0.000659429  max/min=4900.5
  diag          min=1.79574e-07  max=0.00088  mean=0.000293079  nonpos=0
  max_abs_entry=0.00088
[MetricOpStats] K_over_M
  |row_sum| ratio  max=1.33333e+11  mean=2.93127e+11
[RieszAutoScale] mean(diag(K))/mean(diag(M)) = 1.19927e+11
[RieszMap] alpha1=1.19927e+11  alpha2=1  mode=auto_balanced
[MetricOpStats] Hcurl_H  (rows=4760  alpha1=1.19927e+11  alpha2=1  solver=sparse_direct)
  row_sum       min=48455.2  max=2.37455e+08  mean=7.9083e+07  max/|min|=4900.5
  |row_sum|     min=7.92323e+07  max=3.95887e+08  mean=2.37206e+08  max/min=4.99653
  diag          min=1.32269e+07  max=1.58335e+08  mean=7.0296e+07  nonpos=0
  max_abs_entry=1.58335e+08
MrHyDE vector contract check (primal) errors: e[0]=0 e[1]=0 e[2]=0 e[3]=0 e[4]=0 e[5]=0 e[6]=0 e[7]=0 e[8]=0 e[9]=0 e[10]=0 e[11]=0 e[12]=0
MrHyDE vector contract check (dual) errors: e[0]=0 e[1]=3.48621e-19 e[2]=0 e[3]=0 e[4]=0 e[5]=5.48443e-20 e[6]=1.13942e-19 e[7]=0 e[8]=0 e[9]=8.47033e-22 e[10]=2.22045e-16 e[11]=3.02275e-18 e[12]=1.12887e-16
MrHyDE vector contract check: max_primal_err=0 max_dual_err=2.22045e-16 tol=1e-08

Quasi-Newton Method with Limited-Memory BFGS
Line Search: Cubic Interpolation satisfying Wolfe Conditions
-------------------------------------------------------------------------------------------------------------
Quasi-Newton status output definitions

  iter     - Number of iterates (steps taken)
  value    - Objective function value
  gnorm    - Norm of the gradient
  snorm    - Norm of the step (update to optimization vector)
  alpha    - Line search step length
  #fval    - Cumulative number of times the objective function was evaluated
  #grad    - Cumulative number of times the gradient was computed
  ls_#fval - Number of the times the objective function was evaluated during the line search
  ls_#grad - Number of the times the gradient was evaluated during the line search
-------------------------------------------------------------------------------------------------------------
  iter  value          gnorm          snorm          alpha          #fval     #grad     ls_#fval  ls_#grad  
  0     1.230816e-11   9.684627e-04   ---            ---            1         1         ---       ---       
  1     9.772331e-13   1.966000e-04   4.696852e-08   4.849801e-05   8         2         6         0         
  2     3.483477e-13   9.309294e-05   9.245322e-09   1.000000e+00   10        3         1         0         
  3     8.666753e-14   3.678690e-05   1.016516e-08   1.000000e+00   12        4         1         0         
  4     3.855923e-14   2.669328e-05   4.796247e-09   1.000000e+00   14        5         1         0         
  5     1.750612e-14   1.725870e-05   4.265330e-09   1.000000e+00   16        6         1         0         
  6     1.001766e-14   9.733926e-06   1.565014e-09   1.000000e+00   18        7         1         0         
  7     5.595535e-15   6.991302e-06   1.738901e-09   1.000000e+00   20        8         1         0         
  8     3.236126e-15   7.550690e-06   1.773692e-09   1.000000e+00   22        9         1         0         
  9     1.881405e-15   4.892466e-06   1.329844e-09   1.000000e+00   24        10        1         0         
  10    1.304544e-15   2.801357e-06   4.068725e-10   1.000000e+00   26        11        1         0         
  11    8.932664e-16   2.037732e-06   5.732846e-10   1.000000e+00   28        12        1         0         
  12    6.655947e-16   2.332595e-06   6.207261e-10   1.000000e+00   30        13        1         0         
  13    5.390143e-16   1.586089e-06   4.878926e-10   1.000000e+00   32        14        1         0         
  14    4.807113e-16   9.318775e-07   1.204652e-10   1.000000e+00   34        15        1         0         
  15    4.258482e-16   8.885475e-07   2.059094e-10   1.000000e+00   36        16        1         0         
  16    3.640567e-16   1.100460e-06   3.348067e-10   1.000000e+00   38        17        1         0         
  17    3.186453e-16   1.965626e-06   6.952851e-10   1.000000e+00   40        18        1         0         
  18    2.546471e-16   7.697838e-07   1.606334e-10   1.000000e+00   42        19        1         0         
  19    2.268983e-16   6.573789e-07   1.358048e-10   1.000000e+00   44        20        1         0         
  20    1.939772e-16   7.407876e-07   2.714048e-10   1.000000e+00   46        21        1         0         
  21    1.757051e-16   1.755620e-06   5.266900e-10   1.000000e+00   48        22        1         0         
  22    1.363105e-16   6.239875e-07   1.546160e-10   1.000000e+00   50        23        1         0         
  23    1.204354e-16   4.356322e-07   1.244874e-10   1.000000e+00   52        24        1         0         
  24    1.055466e-16   4.735747e-07   1.984635e-10   1.000000e+00   54        25        1         0         
  25    8.846289e-17   4.911156e-07   2.608259e-10   1.000000e+00   56        26        1         0         
  26    8.111209e-17   4.675539e-07   1.853481e-10   4.719739e-01   59        27        2         0         
  27    7.516213e-17   2.561066e-07   8.677488e-11   1.000000e+00   61        28        1         0         
  28    7.059199e-17   2.846392e-07   7.749793e-11   1.000000e+00   63        29        1         0         
  29    6.401048e-17   3.775728e-07   1.466141e-10   1.000000e+00   65        30        1         0         
  30    6.012381e-17   6.642609e-07   2.655262e-10   1.000000e+00   67        31        1         0         
  31    5.323881e-17   2.611197e-07   4.496885e-11   1.000000e+00   69        32        1         0         
  32    4.971634e-17   2.279153e-07   5.985832e-11   1.000000e+00   71        33        1         0         
  33    4.615546e-17   2.747177e-07   1.014285e-10   1.000000e+00   73        34        1         0         
  34    4.098458e-17   3.941603e-07   2.011251e-10   1.000000e+00   75        35        1         0         
  35    3.724823e-17   3.294737e-07   2.585338e-10   1.000000e+00   77        36        1         0         
  36    3.443611e-17   1.664998e-07   3.011968e-11   1.000000e+00   79        37        1         0         
  37    3.220107e-17   1.856096e-07   5.153896e-11   1.000000e+00   81        38        1         0         
  38    3.030987e-17   2.178948e-07   8.084192e-11   1.000000e+00   83        39        1         0         
  39    2.848212e-17   2.976785e-07   1.774755e-10   1.000000e+00   85        40        1         0         
  40    2.666917e-17   1.334093e-07   4.414757e-11   1.000000e+00   87        41        1         0         
  41    2.568496e-17   1.446428e-07   3.575962e-11   1.000000e+00   89        42        1         0         
  42    2.418174e-17   1.780175e-07   7.430968e-11   1.000000e+00   91        43        1         0         
  43    2.302476e-17   3.906277e-07   1.721883e-10   1.000000e+00   93        44        1         0         
  44    2.090291e-17   1.476447e-07   5.341078e-11   1.000000e+00   95        45        1         0         
  45    1.993963e-17   1.060312e-07   4.304045e-11   1.000000e+00   97        46        1         0         
  46    1.899852e-17   1.321135e-07   6.522114e-11   1.000000e+00   99        47        1         0         
  47    1.761733e-17   1.498039e-07   1.025960e-10   1.000000e+00   101       48        1         0         
  48    1.683619e-17   2.103534e-07   1.018703e-10   4.529246e-01   104       49        2         0         
  49    1.578859e-17   9.507010e-08   7.178266e-11   1.000000e+00   106       50        1         0         
  50    1.520687e-17   8.993364e-08   3.770138e-11   1.000000e+00   108       51        1         0         
  51    1.455232e-17   1.239395e-07   5.400505e-11   1.000000e+00   110       52        1         0         
  52    1.391504e-17   1.460609e-07   7.809462e-11   1.000000e+00   112       53        1         0         
  53    1.331803e-17   8.528721e-08   3.852346e-11   1.000000e+00   114       54        1         0         
  54    1.271923e-17   9.205575e-08   5.765820e-11   1.000000e+00   116       55        1         0         
  55    1.227364e-17   1.202038e-07   5.245364e-11   1.000000e+00   118       56        1         0         
  56    1.157756e-17   1.006902e-07   8.806849e-11   1.000000e+00   120       57        1         0         
  57    1.097737e-17   1.444723e-07   9.923411e-11   1.000000e+00   122       58        1         0         
  58    1.041815e-17   8.230845e-08   5.814899e-11   1.000000e+00   124       59        1         0         
  59    1.009206e-17   7.464174e-08   1.757207e-11   1.000000e+00   126       60        1         0         
  60    9.613390e-18   1.095205e-07   5.438828e-11   1.000000e+00   128       61        1         0         
  61    9.228641e-18   1.128133e-07   7.473259e-11   1.000000e+00   130       62        1         0         
  62    8.930369e-18   7.141055e-08   2.884353e-11   1.000000e+00   132       63        1         0         
  63    8.528758e-18   6.382622e-08   7.154938e-11   1.000000e+00   134       64        1         0         
  64    8.273376e-18   9.454529e-08   5.029252e-11   1.000000e+00   136       65        1         0         
  65    7.907463e-18   7.518515e-08   5.847810e-11   1.000000e+00   138       66        1         0         
  66    7.549253e-18   1.197829e-07   7.846048e-11   1.000000e+00   140       67        1         0         
  67    7.193728e-18   6.570217e-08   4.307200e-11   1.000000e+00   142       68        1         0         
  68    6.955701e-18   6.171843e-08   2.110788e-11   1.000000e+00   144       69        1         0         
  69    6.616678e-18   9.859523e-08   6.556079e-11   1.000000e+00   146       70        1         0         
  70    6.392104e-18   9.443614e-08   7.397112e-11   1.000000e+00   148       71        1         0         
  71    6.209058e-18   5.240999e-08   9.829125e-12   1.000000e+00   150       72        1         0         
  72    5.999064e-18   4.617637e-08   3.531830e-11   1.000000e+00   152       73        1         0         
  73    5.844479e-18   5.673027e-08   3.521713e-11   1.000000e+00   154       74        1         0         
  74    5.695160e-18   1.089185e-07   8.285742e-11   1.000000e+00   156       75        1         0         
  75    5.485718e-18   4.298355e-08   1.312370e-11   1.000000e+00   158       76        1         0         
  76    5.391540e-18   4.155257e-08   8.269551e-12   1.000000e+00   160       77        1         0         
  77    5.246050e-18   4.862741e-08   2.566519e-11   1.000000e+00   162       78        1         0         
  78    5.137118e-18   1.226589e-07   6.590905e-11   1.000000e+00   164       79        1         0         
  79    4.925839e-18   5.107835e-08   2.549837e-11   1.000000e+00   166       80        1         0         
  80    4.801838e-18   3.768748e-08   2.762769e-11   1.000000e+00   168       81        1         0         
  81    4.677219e-18   4.732093e-08   3.869989e-11   1.000000e+00   170       82        1         0         
  82    4.489166e-18   6.332547e-08   5.576221e-11   1.000000e+00   172       83        1         0         
  83    4.377812e-18   9.474743e-08   1.026433e-10   1.000000e+00   174       84        1         0         
  84    4.208673e-18   3.581651e-08   1.545832e-11   1.000000e+00   176       85        1         0         
  85    4.135560e-18   3.653376e-08   1.028331e-11   1.000000e+00   178       86        1         0         
  86    4.027406e-18   4.536507e-08   2.130960e-11   1.000000e+00   180       87        1         0         
  87    3.957492e-18   1.051732e-07   6.002437e-11   1.000000e+00   182       88        1         0         
  88    3.804592e-18   3.717835e-08   2.728572e-11   1.000000e+00   184       89        1         0         
  89    3.744634e-18   2.838997e-08   2.332208e-11   1.000000e+00   186       90        1         0         
  90    3.673375e-18   3.609084e-08   3.326882e-11   1.000000e+00   188       91        1         0         
  91    3.576185e-18   5.420877e-08   4.290648e-11   1.000000e+00   190       92        1         0         
  92    3.467475e-18   4.458553e-08   5.374041e-11   1.000000e+00   192       93        1         0         
  93    3.377870e-18   3.192961e-08   1.544352e-11   1.000000e+00   194       94        1         0         
  94    3.266198e-18   4.549065e-08   2.684697e-11   1.000000e+00   196       95        1         0         
  95    3.190407e-18   5.342768e-08   2.635587e-11   1.000000e+00   198       96        1         0         
  96    3.101983e-18   4.120150e-08   3.108775e-11   1.000000e+00   200       97        1         0         
  97    2.982919e-18   6.024719e-08   8.660994e-11   1.000000e+00   202       98        1         0         
  98    2.904914e-18   4.356314e-08   2.921556e-11   1.000000e+00   204       99        1         0         
  99    2.856564e-18   3.545608e-08   5.102275e-12   1.000000e+00   206       100       1         0         
  100   2.745527e-18   5.076580e-08   3.974626e-11   1.000000e+00   208       101       1         0         
  101   2.707635e-18   5.728746e-08   3.457783e-11   1.000000e+00   210       102       1         0         
  102   2.666810e-18   2.867519e-08   3.229281e-12   1.000000e+00   212       103       1         0         
  103   2.624391e-18   2.024630e-08   1.313962e-11   1.000000e+00   214       104       1         0         
  104   2.579125e-18   2.912644e-08   2.581479e-11   1.000000e+00   216       105       1         0         
  105   2.515409e-18   3.158528e-08   3.783119e-11   1.000000e+00   218       106       1         0         
  106   2.483139e-18   5.846858e-08   3.245208e-11   3.780867e-01   221       107       2         0         
  107   2.416396e-18   2.558017e-08   3.117031e-11   1.000000e+00   223       108       1         0         
  108   2.375464e-18   2.163064e-08   1.657525e-11   1.000000e+00   225       109       1         0         
  109   2.327849e-18   2.707724e-08   1.944607e-11   1.000000e+00   227       110       1         0         
  110   2.281394e-18   5.166321e-08   3.630246e-11   1.000000e+00   229       111       1         0         
  111   2.228044e-18   2.290949e-08   2.376762e-11   1.000000e+00   231       112       1         0         
  112   2.201546e-18   1.759266e-08   6.072451e-12   1.000000e+00   233       113       1         0         
  113   2.169144e-18   2.522944e-08   1.569162e-11   1.000000e+00   235       114       1         0         
  114   2.145537e-18   3.924101e-08   2.203031e-11   1.000000e+00   237       115       1         0         
  115   2.116291e-18   2.391406e-08   1.038886e-11   1.000000e+00   239       116       1         0         
  116   2.075400e-18   2.141694e-08   2.624748e-11   1.000000e+00   241       117       1         0         
  117   2.049177e-18   2.560400e-08   1.608683e-11   1.000000e+00   243       118       1         0         
  118   1.993028e-18   6.034195e-08   5.865281e-11   1.000000e+00   245       119       1         0         
  119   1.924944e-18   3.174719e-08   2.911045e-11   1.000000e+00   247       120       1         0         
  120   1.882337e-18   2.570348e-08   1.043406e-11   1.000000e+00   249       121       1         0         
  121   1.819847e-18   3.360834e-08   2.846890e-11   1.000000e+00   251       122       1         0         
  122   1.764764e-18   5.283457e-08   4.757457e-11   1.000000e+00   253       123       1         0         
  123   1.701349e-18   3.576017e-08   3.659554e-11   1.000000e+00   255       124       1         0         
  124   1.621632e-18   2.898729e-08   6.270580e-11   1.000000e+00   257       125       1         0         
  125   1.575171e-18   3.858122e-08   4.319883e-11   1.000000e+00   259       126       1         0         
  126   1.517902e-18   3.390717e-08   3.498636e-11   1.000000e+00   261       127       1         0         
  127   1.428468e-18   4.571580e-08   7.235894e-11   1.000000e+00   263       128       1         0         
  128   1.386839e-18   5.014019e-08   5.696748e-11   1.000000e+00   265       129       1         0         
  129   1.342499e-18   2.397021e-08   1.436301e-11   1.000000e+00   267       130       1         0         
  130   1.308271e-18   2.033574e-08   6.510872e-12   1.000000e+00   269       131       1         0         
  131   1.270365e-18   2.411798e-08   2.910088e-11   1.000000e+00   271       132       1         0         
  132   1.259473e-18   6.057594e-08   5.204088e-11   1.000000e+00   273       133       1         0         
  133   1.214367e-18   1.768714e-08   1.843790e-11   1.000000e+00   275       134       1         0         
  134   1.202510e-18   1.228827e-08   8.420184e-12   1.000000e+00   277       135       1         0         
  135   1.188222e-18   1.365342e-08   1.395228e-11   1.000000e+00   279       136       1         0         
  136   1.174430e-18   1.790908e-08   1.349317e-11   1.000000e+00   281       137       1         0         
  137   1.165392e-18   1.560389e-08   1.407387e-11   1.000000e+00   283       138       1         0         
  138   1.159127e-18   7.469717e-09   3.684393e-12   1.000000e+00   285       139       1         0         
  139   1.155138e-18   8.068430e-09   2.426292e-12   1.000000e+00   287       140       1         0         
  140   1.150242e-18   1.064758e-08   4.144639e-12   1.000000e+00   289       141       1         0         
  141   1.144706e-18   1.516848e-08   1.120703e-11   1.000000e+00   291       142       1         0         
  142   1.139243e-18   8.393509e-09   6.298962e-12   1.000000e+00   293       143       1         0         
  143   1.134557e-18   9.190121e-09   6.757801e-12   1.000000e+00   295       144       1         0         
  144   1.128492e-18   1.196441e-08   8.116513e-12   1.000000e+00   297       145       1         0         
  145   1.118725e-18   2.334455e-08   1.943592e-11   1.000000e+00   299       146       1         0         
  146   1.106082e-18   1.428683e-08   1.192425e-11   1.000000e+00   301       147       1         0         
  147   1.092019e-18   1.385263e-08   1.291247e-11   1.000000e+00   303       148       1         0         
  148   1.072994e-18   2.148192e-08   2.162193e-11   1.000000e+00   305       149       1         0         
  149   1.045926e-18   3.300713e-08   4.260776e-11   1.000000e+00   307       150       1         0         
  150   1.007202e-18   2.876751e-08   4.944563e-11   1.000000e+00   309       151       1         0         
  151   9.441490e-19   2.829677e-08   9.202212e-11   1.000000e+00   311       152       1         0         
  152   8.960593e-19   4.842771e-08   1.143510e-10   1.000000e+00   313       153       1         0         
  153   8.458374e-19   3.009358e-08   2.766327e-11   1.000000e+00   315       154       1         0         
  154   7.955675e-19   2.689316e-08   3.571433e-11   1.000000e+00   317       155       1         0         
  155   7.492239e-19   2.700508e-08   6.154777e-11   1.000000e+00   319       156       1         0         
  156   7.401476e-19   6.734504e-08   1.131078e-10   1.000000e+00   321       157       1         0         
  157   6.858353e-19   1.920409e-08   8.786626e-12   1.000000e+00   323       158       1         0         
  158   6.725599e-19   1.393642e-08   7.431581e-12   1.000000e+00   325       159       1         0         
  159   6.554430e-19   1.433422e-08   2.517236e-11   1.000000e+00   327       160       1         0         
  160   6.407932e-19   1.956081e-08   2.544424e-11   1.000000e+00   329       161       1         0         
  161   6.292244e-19   1.473438e-08   3.176064e-11   1.000000e+00   331       162       1         0         
  162   6.220743e-19   9.486108e-09   2.208450e-12   1.000000e+00   333       163       1         0         
  163   6.143132e-19   1.106503e-08   3.663918e-12   1.000000e+00   335       164       1         0         
  164   6.056078e-19   1.673783e-08   1.155396e-11   1.000000e+00   337       165       1         0         
  165   5.938233e-19   1.259810e-08   2.112156e-11   1.000000e+00   339       166       1         0         
  166   5.846761e-19   1.161713e-08   1.755729e-11   1.000000e+00   341       167       1         0         
  167   5.760774e-19   1.276171e-08   2.050416e-11   1.000000e+00   343       168       1         0         
  168   5.687378e-19   1.254426e-08   9.095976e-12   1.000000e+00   345       169       1         0         
  169   5.594099e-19   1.042491e-08   8.803204e-12   1.000000e+00   347       170       1         0         
  170   5.533874e-19   2.027530e-08   1.323457e-11   1.000000e+00   349       171       1         0         
  171   5.465511e-19   9.000644e-09   5.182055e-12   1.000000e+00   351       172       1         0         
  172   5.433785e-19   7.189669e-09   3.219004e-12   1.000000e+00   353       173       1         0         
  173   5.392579e-19   7.358936e-09   8.983682e-12   1.000000e+00   355       174       1         0         
  174   5.379609e-19   1.700741e-08   1.094520e-11   1.000000e+00   357       175       1         0         
  175   5.343608e-19   6.865403e-09   1.782771e-12   1.000000e+00   359       176       1         0         
  176   5.322647e-19   5.038997e-09   2.366543e-12   1.000000e+00   361       177       1         0         
  177   5.299802e-19   6.452407e-09   4.096702e-12   1.000000e+00   363       178       1         0         
  178   5.266974e-19   6.882308e-09   6.622726e-12   1.000000e+00   365       179       1         0         
  179   5.250733e-19   1.236069e-08   7.329921e-12   3.997547e-01   368       180       2         0         
  180   5.219176e-19   5.953955e-09   5.765573e-12   1.000000e+00   370       181       1         0         
  181   5.196529e-19   5.688408e-09   4.480028e-12   1.000000e+00   372       182       1         0         
  182   5.157421e-19   8.378490e-09   8.860208e-12   1.000000e+00   374       183       1         0         
  183   5.106993e-19   1.456384e-08   1.502135e-11   1.000000e+00   376       184       1         0         
  184   5.045929e-19   1.050480e-08   1.839972e-11   1.000000e+00   378       185       1         0         
  185   4.996738e-19   7.329064e-09   7.542770e-12   1.000000e+00   380       186       1         0         
  186   4.938520e-19   1.223385e-08   1.180378e-11   1.000000e+00   382       187       1         0         
  187   4.895090e-19   1.267321e-08   9.147879e-12   1.000000e+00   384       188       1         0         
  188   4.845827e-19   1.119421e-08   8.840507e-12   1.000000e+00   386       189       1         0         
  189   4.766017e-19   2.013832e-08   3.514279e-11   1.000000e+00   388       190       1         0         
  190   4.711647e-19   1.249825e-08   1.153626e-11   1.000000e+00   390       191       1         0         
  191   4.686621e-19   7.598757e-09   4.199788e-12   1.000000e+00   392       192       1         0         
  192   4.644981e-19   5.821055e-09   2.293036e-12   1.000000e+00   394       193       1         0         
  193   4.604484e-19   8.668893e-09   9.598193e-12   1.000000e+00   396       194       1         0         
  194   4.554701e-19   1.600485e-08   2.019117e-11   1.000000e+00   398       195       1         0         
  195   4.496884e-19   9.003810e-09   2.148823e-11   1.000000e+00   400       196       1         0         
  196   4.459203e-19   6.407279e-09   8.518884e-12   1.000000e+00   402       197       1         0         
  197   4.413253e-19   9.665299e-09   1.139324e-11   1.000000e+00   404       198       1         0         
  198   4.380514e-19   1.303820e-08   1.066872e-11   1.000000e+00   406       199       1         0         
  199   4.341927e-19   9.320020e-09   4.016966e-12   1.000000e+00   408       200       1         0         
  200   4.263289e-19   8.321249e-09   1.573477e-11   1.000000e+00   410       201       1         0         
  201   4.228752e-19   1.156658e-08   1.097506e-11   1.000000e+00   412       202       1         0         
  202   4.179610e-19   9.848604e-09   1.390028e-11   1.000000e+00   414       203       1         0         
  203   4.108030e-19   2.172862e-08   3.877842e-11   1.000000e+00   416       204       1         0         
  204   4.022412e-19   9.653620e-09   1.630068e-11   1.000000e+00   418       205       1         0         
  205   3.982690e-19   8.678663e-09   2.223147e-12   1.000000e+00   420       206       1         0         
  206   3.887388e-19   1.581443e-08   1.602683e-11   1.000000e+00   422       207       1         0         
  207   3.824667e-19   1.865239e-08   2.850475e-11   1.000000e+00   424       208       1         0         
  208   3.756315e-19   1.032963e-08   7.610485e-12   1.000000e+00   426       209       1         0         
  209   3.662325e-19   9.835597e-09   2.810069e-11   1.000000e+00   428       210       1         0         
  210   3.580837e-19   1.202353e-08   2.700516e-11   1.000000e+00   430       211       1         0         
  211   3.515492e-19   3.590827e-08   6.452079e-11   1.000000e+00   432       212       1         0         
  212   3.341740e-19   1.232535e-08   2.051715e-11   1.000000e+00   434       213       1         0         
  213   3.266385e-19   9.578810e-09   5.383971e-12   1.000000e+00   436       214       1         0         
  214   3.163207e-19   1.173740e-08   1.923580e-11   1.000000e+00   438       215       1         0         
  215   3.057884e-19   1.575081e-08   3.955871e-11   1.000000e+00   440       216       1         0         
  216   3.013870e-19   1.772930e-08   4.660136e-11   1.000000e+00   442       217       1         0         
  217   2.954935e-19   6.244882e-09   1.046915e-11   1.000000e+00   444       218       1         0         
  218   2.933997e-19   6.140655e-09   1.604599e-12   1.000000e+00   446       219       1         0         
  219   2.895203e-19   8.188759e-09   6.108639e-12   1.000000e+00   448       220       1         0         
  220   2.880681e-19   1.877462e-08   1.708592e-11   1.000000e+00   450       221       1         0         
  221   2.834195e-19   6.673308e-09   5.815674e-12   1.000000e+00   452       222       1         0         
  222   2.814924e-19   5.417328e-09   6.539012e-12   1.000000e+00   454       223       1         0         
  223   2.786624e-19   7.842927e-09   1.157172e-11   1.000000e+00   456       224       1         0         
  224   2.736351e-19   1.052115e-08   1.764014e-11   1.000000e+00   458       225       1         0         
  225   2.707505e-19   2.584473e-08   3.419405e-11   1.000000e+00   460       226       1         0         
  226   2.620036e-19   9.549931e-09   5.379480e-12   1.000000e+00   462       227       1         0         
  227   2.582693e-19   6.581805e-09   3.183697e-12   1.000000e+00   464       228       1         0         
  228   2.545506e-19   7.997803e-09   5.030731e-12   1.000000e+00   466       229       1         0         
  229   2.503817e-19   8.686047e-09   1.108585e-11   1.000000e+00   468       230       1         0         
  230   2.479154e-19   1.134581e-08   1.268610e-11   4.635146e-01   471       231       2         0         
  231   2.449837e-19   4.860268e-09   1.135184e-11   1.000000e+00   473       232       1         0         
  232   2.435910e-19   4.650676e-09   6.011190e-12   1.000000e+00   475       233       1         0         
  233   2.416413e-19   6.431101e-09   6.815844e-12   1.000000e+00   477       234       1         0         
  234   2.392467e-19   1.147759e-08   1.072384e-11   1.000000e+00   479       235       1         0         
  235   2.361528e-19   7.079271e-09   6.117282e-12   1.000000e+00   481       236       1         0         
  236   2.334132e-19   5.600483e-09   4.420317e-12   1.000000e+00   483       237       1         0         
  237   2.309478e-19   6.790567e-09   5.238429e-12   1.000000e+00   485       238       1         0         
  238   2.291749e-19   1.031742e-08   8.505644e-12   1.000000e+00   487       239       1         0         
  239   2.271932e-19   5.015989e-09   3.149913e-12   1.000000e+00   489       240       1         0         
  240   2.259614e-19   3.259423e-09   4.630364e-12   1.000000e+00   491       241       1         0         
  241   2.253718e-19   3.253759e-09   2.770477e-12   1.000000e+00   493       242       1         0         
  242   2.247183e-19   6.118965e-09   4.777413e-12   1.000000e+00   495       243       1         0         
  243   2.239286e-19   3.229545e-09   1.263456e-12   1.000000e+00   497       244       1         0         
  244   2.232948e-19   3.313050e-09   1.454096e-12   1.000000e+00   499       245       1         0         
  245   2.224325e-19   4.014208e-09   2.222150e-12   1.000000e+00   501       246       1         0         
  246   2.212687e-19   9.005934e-09   5.560219e-12   1.000000e+00   503       247       1         0         
  247   2.195991e-19   5.184494e-09   4.225202e-12   1.000000e+00   505       248       1         0         
  248   2.180331e-19   3.890539e-09   4.996543e-12   1.000000e+00   507       249       1         0         
  249   2.166360e-19   5.072946e-09   6.720852e-12   1.000000e+00   509       250       1         0         
  250   2.157369e-19   9.618885e-09   7.961207e-12   1.000000e+00   511       251       1         0         
  251   2.143348e-19   4.981368e-09   1.908210e-12   1.000000e+00   513       252       1         0         
  252   2.130559e-19   4.201602e-09   2.926236e-12   1.000000e+00   515       253       1         0         
  253   2.118796e-19   5.273183e-09   4.307182e-12   1.000000e+00   517       254       1         0         
  254   2.092801e-19   6.954444e-09   1.095855e-11   1.000000e+00   519       255       1         0         
  255   2.091097e-19   2.226014e-08   3.070521e-11   1.000000e+00   521       256       1         0         
  256   2.030038e-19   7.750995e-09   1.723565e-12   1.000000e+00   523       257       1         0         
  257   2.001515e-19   6.302857e-09   5.899455e-12   1.000000e+00   525       258       1         0         
  258   1.959124e-19   9.138247e-09   1.775083e-11   1.000000e+00   527       259       1         0         
  259   1.904469e-19   9.892254e-09   2.591164e-11   1.000000e+00   529       260       1         0         
  260   1.879401e-19   1.729249e-08   2.387373e-11   3.882374e-01   532       261       2         0         
  261   1.824531e-19   6.956612e-09   2.492546e-11   1.000000e+00   534       262       1         0         
  262   1.800223e-19   4.779464e-09   9.873098e-12   1.000000e+00   536       263       1         0         
  263   1.773710e-19   6.142220e-09   1.051446e-11   1.000000e+00   538       264       1         0         
  264   1.755796e-19   1.247788e-08   1.354202e-11   1.000000e+00   540       265       1         0         
  265   1.728698e-19   5.779819e-09   6.835989e-12   1.000000e+00   542       266       1         0         
  266   1.709553e-19   4.581258e-09   6.340157e-12   1.000000e+00   544       267       1         0         
  267   1.693812e-19   5.290906e-09   7.716090e-12   1.000000e+00   546       268       1         0         
  268   1.679056e-19   9.237042e-09   1.169209e-11   1.000000e+00   548       269       1         0         
  269   1.662897e-19   3.945089e-09   7.947798e-12   1.000000e+00   550       270       1         0         
  270   1.654763e-19   3.345948e-09   1.569939e-12   1.000000e+00   552       271       1         0         
  271   1.641642e-19   4.640436e-09   3.838463e-12   1.000000e+00   554       272       1         0         
  272   1.637542e-19   9.553937e-09   6.806791e-12   1.000000e+00   556       273       1         0         
  273   1.626030e-19   3.665170e-09   1.126470e-12   1.000000e+00   558       274       1         0         
  274   1.620220e-19   2.607362e-09   2.346505e-12   1.000000e+00   560       275       1         0         
  275   1.615282e-19   3.193821e-09   3.245847e-12   1.000000e+00   562       276       1         0         
  276   1.607263e-19   3.268315e-09   4.117177e-12   1.000000e+00   564       277       1         0         
  277   1.602131e-19   6.013315e-09   4.419470e-12   4.917374e-01   567       278       2         0         
  278   1.592999e-19   3.249511e-09   4.828131e-12   1.000000e+00   569       279       1         0         
  279   1.585243e-19   2.805719e-09   4.425832e-12   1.000000e+00   571       280       1         0         
  280   1.574230e-19   5.264439e-09   6.486637e-12   1.000000e+00   573       281       1         0         
  281   1.564577e-19   5.110621e-09   9.031129e-12   1.000000e+00   575       282       1         0         
  282   1.556100e-19   3.409773e-09   3.778068e-12   1.000000e+00   577       283       1         0         
  283   1.545590e-19   3.725223e-09   6.877418e-12   1.000000e+00   579       284       1         0         
  284   1.538221e-19   4.933872e-09   5.531134e-12   1.000000e+00   581       285       1         0         
  285   1.527358e-19   4.840702e-09   7.221392e-12   1.000000e+00   583       286       1         0         
  286   1.513133e-19   1.306289e-08   2.514595e-11   1.000000e+00   585       287       1         0         
  287   1.486739e-19   5.441380e-09   7.060572e-12   1.000000e+00   587       288       1         0         
  288   1.470413e-19   5.206923e-09   4.457178e-12   1.000000e+00   589       289       1         0         
  289   1.442148e-19   6.677115e-09   1.616382e-11   1.000000e+00   591       290       1         0         
  290   1.414501e-19   1.136572e-08   2.609109e-11   1.000000e+00   593       291       1         0         
  291   1.381525e-19   5.829361e-09   2.796713e-11   1.000000e+00   595       292       1         0         
  292   1.360964e-19   4.566692e-09   1.252338e-11   1.000000e+00   597       293       1         0         
  293   1.340087e-19   7.742167e-09   1.508806e-11   1.000000e+00   599       294       1         0         
  294   1.319592e-19   6.968243e-09   1.102466e-11   1.000000e+00   601       295       1         0         
  295   1.295555e-19   5.895906e-09   1.105690e-11   1.000000e+00   603       296       1         0         
  296   1.275399e-19   1.136118e-08   2.343718e-11   1.000000e+00   605       297       1         0         
  297   1.253976e-19   5.367342e-09   5.792409e-12   1.000000e+00   607       298       1         0         
  298   1.244096e-19   4.622257e-09   1.138348e-12   1.000000e+00   609       299       1         0         
  299   1.217810e-19   5.990415e-09   1.191993e-11   1.000000e+00   611       300       1         0         
  300   1.211450e-19   1.304164e-08   1.673237e-11   1.000000e+00   613       301       1         0         
  301   1.191894e-19   5.562067e-09   2.293786e-12   1.000000e+00   615       302       1         0         
  302   1.179839e-19   3.674526e-09   5.784337e-12   1.000000e+00   617       303       1         0         
  303   1.168198e-19   4.539860e-09   8.100029e-12   1.000000e+00   619       304       1         0         
  304   1.152195e-19   4.621903e-09   9.933346e-12   1.000000e+00   621       305       1         0         
  305   1.128569e-19   1.058299e-08   1.861401e-11   1.000000e+00   623       306       1         0         
  306   1.101522e-19   5.244965e-09   1.802034e-11   1.000000e+00   625       307       1         0         
  307   1.084796e-19   4.207739e-09   2.643860e-12   1.000000e+00   627       308       1         0         
  308   1.063289e-19   7.770792e-09   7.208782e-12   1.000000e+00   629       309       1         0         
  309   1.046183e-19   7.789704e-09   1.039142e-11   1.000000e+00   631       310       1         0         
  310   1.031527e-19   5.230133e-09   5.804078e-12   1.000000e+00   633       311       1         0         
  311   1.009867e-19   4.639113e-09   1.881481e-11   1.000000e+00   635       312       1         0         
  312   1.001266e-19   5.781971e-09   6.501729e-12   1.000000e+00   637       313       1         0         
  313   9.907821e-20   5.029857e-09   3.808381e-12   1.000000e+00   639       314       1         0         
  314   9.788552e-20   1.091885e-08   1.131751e-11   1.000000e+00   641       315       1         0         
  315   9.630991e-20   4.305891e-09   1.774583e-12   1.000000e+00   643       316       1         0         
  316   9.590089e-20   3.102857e-09   1.046632e-12   1.000000e+00   645       317       1         0         
  317   9.474721e-20   2.564801e-09   3.428155e-12   1.000000e+00   647       318       1         0         
  318   9.394397e-20   5.447695e-09   7.970280e-12   1.000000e+00   649       319       1         0         
  319   9.311792e-20   3.694496e-09   7.518890e-12   1.000000e+00   651       320       1         0         
  320   9.239656e-20   2.919492e-09   5.300203e-12   1.000000e+00   653       321       1         0         
  321   9.156787e-20   3.805036e-09   6.734024e-12   1.000000e+00   655       322       1         0         
  322   9.088412e-20   4.292179e-09   2.896785e-12   1.000000e+00   657       323       1         0         
  323   9.022148e-20   3.217771e-09   1.338266e-12   1.000000e+00   659       324       1         0         
  324   8.945094e-20   3.488814e-09   2.355831e-12   1.000000e+00   661       325       1         0         
  325   8.885306e-20   4.051435e-09   3.782087e-12   1.000000e+00   663       326       1         0         
  326   8.812444e-20   3.731208e-09   5.426517e-12   1.000000e+00   665       327       1         0         
  327   8.689767e-20   6.210833e-09   1.406605e-11   1.000000e+00   667       328       1         0         
  328   8.602918e-20   4.810059e-09   9.201597e-12   1.000000e+00   669       329       1         0         
  329   8.541627e-20   2.984123e-09   1.843109e-12   1.000000e+00   671       330       1         0         
  330   8.465530e-20   2.700769e-09   2.114923e-12   1.000000e+00   673       331       1         0         
  331   8.408808e-20   4.757654e-09   4.316270e-12   1.000000e+00   675       332       1         0         
  332   8.336665e-20   3.165408e-09   4.538298e-12   1.000000e+00   677       333       1         0         
  333   8.268546e-20   3.394723e-09   6.817124e-12   1.000000e+00   679       334       1         0         
  334   8.220059e-20   3.808107e-09   6.070969e-12   1.000000e+00   681       335       1         0         
  335   8.175821e-20   2.873675e-09   1.110275e-12   1.000000e+00   683       336       1         0         
  336   8.085191e-20   3.048521e-09   3.163212e-12   1.000000e+00   685       337       1         0         
  337   8.065598e-20   6.024370e-09   3.675246e-12   1.000000e+00   687       338       1         0         
  338   8.021299e-20   2.715257e-09   4.028053e-13   1.000000e+00   689       339       1         0         
  339   7.987745e-20   1.896320e-09   1.489279e-12   1.000000e+00   691       340       1         0         
  340   7.955033e-20   2.375720e-09   2.506770e-12   1.000000e+00   693       341       1         0         
  341   7.906282e-20   2.629701e-09   4.012456e-12   1.000000e+00   695       342       1         0         
  342   7.884277e-20   4.596493e-09   3.060881e-12   3.641761e-01   698       343       2         0         
  343   7.837173e-20   2.016631e-09   3.811838e-12   1.000000e+00   700       344       1         0         
  344   7.810699e-20   1.757894e-09   2.290573e-12   1.000000e+00   702       345       1         0         
  345   7.776189e-20   2.534047e-09   2.730279e-12   1.000000e+00   704       346       1         0         
  346   7.746503e-20   3.989913e-09   5.202046e-12   1.000000e+00   706       347       1         0         
  347   7.708980e-20   2.208339e-09   1.086590e-12   1.000000e+00   708       348       1         0         
  348   7.666326e-20   2.325691e-09   2.104288e-12   1.000000e+00   710       349       1         0         
  349   7.629178e-20   2.911781e-09   3.038859e-12   1.000000e+00   712       350       1         0         
  350   7.609139e-20   6.023190e-09   6.709342e-12   1.000000e+00   714       351       1         0         
  351   7.558396e-20   1.949960e-09   8.205521e-13   1.000000e+00   716       352       1         0         
  352   7.541315e-20   1.663096e-09   6.343929e-13   1.000000e+00   718       353       1         0         
  353   7.514786e-20   2.109315e-09   1.399265e-12   1.000000e+00   720       354       1         0         
  354   7.475852e-20   3.478443e-09   2.795475e-12   1.000000e+00   722       355       1         0         
  355   7.439508e-20   2.828876e-09   3.980108e-12   1.000000e+00   724       356       1         0         
  356   7.412981e-20   1.676780e-09   8.618417e-13   1.000000e+00   726       357       1         0         
  357   7.384381e-20   2.174702e-09   1.582797e-12   1.000000e+00   728       358       1         0         
  358   7.359666e-20   3.017493e-09   1.746744e-12   1.000000e+00   730       359       1         0         
  359   7.310935e-20   2.840208e-09   3.696469e-12   1.000000e+00   732       360       1         0         
  360   7.271048e-20   7.250431e-09   7.397168e-12   1.000000e+00   734       361       1         0         
  361   7.192606e-20   2.569008e-09   2.545658e-12   1.000000e+00   736       362       1         0         
  362   7.155900e-20   2.067326e-09   1.211563e-12   1.000000e+00   738       363       1         0         
  363   7.119739e-20   2.437205e-09   2.348792e-12   1.000000e+00   740       364       1         0         
  364   7.066567e-20   4.981912e-09   5.386418e-12   1.000000e+00   742       365       1         0         
  365   6.994944e-20   2.793881e-09   5.701051e-12   1.000000e+00   744       366       1         0         
  366   6.935106e-20   2.312232e-09   4.577579e-12   1.000000e+00   746       367       1         0         
  367   6.886160e-20   4.681274e-09   6.197943e-12   1.000000e+00   748       368       1         0         
  368   6.835212e-20   2.961699e-09   2.619912e-12   1.000000e+00   750       369       1         0         
  369   6.786996e-20   2.872708e-09   2.120681e-12   1.000000e+00   752       370       1         0         
  370   6.703860e-20   3.898630e-09   5.973894e-12   1.000000e+00   754       371       1         0         
  371   6.656949e-20   7.324013e-09   8.921678e-12   1.000000e+00   756       372       1         0         
  372   6.579122e-20   3.676012e-09   2.559401e-12   1.000000e+00   758       373       1         0         
  373   6.507964e-20   2.703683e-09   4.712212e-12   1.000000e+00   760       374       1         0         
  374   6.459318e-20   3.097236e-09   4.635294e-12   1.000000e+00   762       375       1         0         
  375   6.377770e-20   3.445319e-09   7.342751e-12   1.000000e+00   764       376       1         0         
  376   6.341284e-20   4.301667e-09   5.819080e-12   4.290909e-01   767       377       2         0         
  377   6.298621e-20   1.887051e-09   2.504391e-12   1.000000e+00   769       378       1         0         
  378   6.276285e-20   1.810196e-09   8.666223e-13   1.000000e+00   771       379       1         0         
  379   6.247141e-20   2.226492e-09   1.876247e-12   1.000000e+00   773       380       1         0         
  380   6.234537e-20   4.870552e-09   4.295766e-12   1.000000e+00   775       381       1         0         
  381   6.198070e-20   1.658986e-09   6.803885e-13   1.000000e+00   777       382       1         0         
  382   6.182844e-20   1.576067e-09   1.106317e-12   1.000000e+00   779       383       1         0         
  383   6.160268e-20   2.114058e-09   2.393577e-12   1.000000e+00   781       384       1         0         
  384   6.118746e-20   3.676961e-09   4.809523e-12   1.000000e+00   783       385       1         0         
  385   6.058436e-20   3.498184e-09   8.306041e-12   1.000000e+00   785       386       1         0         
  386   5.985976e-20   3.070235e-09   6.253343e-12   1.000000e+00   787       387       1         0         
  387   5.857921e-20   5.503987e-09   1.525721e-11   1.000000e+00   789       388       1         0         
  388   5.760036e-20   6.017766e-09   8.506136e-12   1.000000e+00   791       389       1         0         
  389   5.665659e-20   4.963144e-09   4.337017e-12   1.000000e+00   793       390       1         0         
  390   5.444568e-20   7.216681e-09   2.274043e-11   1.000000e+00   795       391       1         0         
  391   5.323456e-20   7.910326e-09   1.776305e-11   1.000000e+00   797       392       1         0         
  392   5.216131e-20   5.298583e-09   3.813910e-12   1.000000e+00   799       393       1         0         
  393   4.982263e-20   4.064484e-09   2.108344e-11   1.000000e+00   801       394       1         0         
  394   4.863922e-20   4.659712e-09   1.374905e-11   1.000000e+00   803       395       1         0         
  395   4.759486e-20   6.990940e-09   1.629867e-11   4.799851e-01   806       396       2         0         
  396   4.648459e-20   2.723861e-09   1.158832e-11   1.000000e+00   808       397       1         0         
  397   4.610887e-20   2.134538e-09   1.370952e-12   1.000000e+00   810       398       1         0         
  398   4.574794e-20   2.741999e-09   1.120595e-12   1.000000e+00   812       399       1         0         
  399   4.546373e-20   2.802771e-09   2.831389e-12   1.000000e+00   814       400       1         0         
  400   4.524192e-20   1.857766e-09   1.893991e-12   1.000000e+00   816       401       1         0         
  401   4.497318e-20   1.962144e-09   4.284424e-12   1.000000e+00   818       402       1         0         
  402   4.481094e-20   2.258877e-09   2.488745e-12   1.000000e+00   820       403       1         0         
  403   4.460950e-20   1.917272e-09   1.844786e-12   1.000000e+00   822       404       1         0         
  404   4.445383e-20   4.237661e-09   3.943142e-12   1.000000e+00   824       405       1         0         
  405   4.420373e-20   1.484693e-09   3.128093e-13   1.000000e+00   826       406       1         0         
  406   4.413149e-20   1.250151e-09   2.995996e-13   1.000000e+00   828       407       1         0         
  407   4.391783e-20   1.618456e-09   1.904013e-12   1.000000e+00   830       408       1         0         
  408   4.380457e-20   4.244002e-09   5.480544e-12   1.000000e+00   832       409       1         0         
  409   4.356737e-20   2.101170e-09   1.857023e-12   1.000000e+00   834       410       1         0         
  410   4.334928e-20   1.552032e-09   3.671044e-12   1.000000e+00   836       411       1         0         
  411   4.315556e-20   1.896628e-09   3.796591e-12   1.000000e+00   838       412       1         0         
  412   4.282361e-20   2.159944e-09   5.234936e-12   1.000000e+00   840       413       1         0         
  413   4.268838e-20   3.535869e-09   4.476214e-12   3.706151e-01   843       414       2         0         
  414   4.242758e-20   1.471118e-09   2.384632e-12   1.000000e+00   845       415       1         0         
  415   4.230173e-20   1.260922e-09   6.345151e-13   1.000000e+00   847       416       1         0         
  416   4.211811e-20   1.827765e-09   1.356629e-12   1.000000e+00   849       417       1         0         
  417   4.194168e-20   3.272258e-09   3.217756e-12   1.000000e+00   851       418       1         0         
  418   4.170813e-20   1.832534e-09   2.424664e-12   1.000000e+00   853       419       1         0         
  419   4.149022e-20   1.628585e-09   3.682314e-12   1.000000e+00   855       420       1         0         
  420   4.129936e-20   1.875594e-09   3.638499e-12   1.000000e+00   857       421       1         0         
  421   4.118204e-20   4.465807e-09   6.867832e-12   1.000000e+00   859       422       1         0         
  422   4.090715e-20   1.533329e-09   6.848829e-13   1.000000e+00   861       423       1         0         
  423   4.080648e-20   1.188414e-09   4.881389e-13   1.000000e+00   863       424       1         0         
  424   4.069196e-20   1.301783e-09   9.465036e-13   1.000000e+00   865       425       1         0         
  425   4.056158e-20   1.983514e-09   2.340594e-12   1.000000e+00   867       426       1         0         
  426   4.044849e-20   1.370547e-09   3.195244e-12   1.000000e+00   869       427       1         0         
  427   4.037611e-20   9.559622e-10   7.957275e-13   1.000000e+00   871       428       1         0         
Optimization Terminated with Status: Converged
