p= 0 | CubeHexMesh: Building sub cells
[MetricOpStats] ParamMass_M  (rows=9512)
  row_sum       min=2.0202e-07  max=0.00396  mean=0.00131916  max/|min|=19602
  |row_sum|     min=2.0202e-07  max=0.00396  mean=0.00131916  max/min=19602
  diag          min=8.97868e-08  max=0.00176  mean=0.000586293  nonpos=0
  max_abs_entry=0.00176
MrHyDE vector contract check (primal) errors: e[0]=0 e[1]=0 e[2]=0 e[3]=0 e[4]=0 e[5]=0 e[6]=0 e[7]=0 e[8]=0 e[9]=0 e[10]=0 e[11]=0 e[12]=0
MrHyDE vector contract check (dual) errors: e[0]=0 e[1]=2.17197e-16 e[2]=0 e[3]=0 e[4]=0 e[5]=3.71165e-17 e[6]=7.41107e-17 e[7]=0 e[8]=0 e[9]=1.09238e-15 e[10]=1.9984e-15 e[11]=0 e[12]=0
MrHyDE vector contract check: max_primal_err=0 max_dual_err=1.9984e-15 tol=1e-08

Quasi-Newton Method with Limited-Memory BFGS
Line Search: Cubic Interpolation satisfying Wolfe Conditions
-------------------------------------------------------------------------------------------------------------
Quasi-Newton status output definitions

  iter     - Number of iterates (steps taken)
  value    - Objective function value
  gnorm    - Norm of the gradient
  snorm    - Norm of the step (update to optimization vector)
  alpha    - Line search step length
  #fval    - Cumulative number of times the objective function was evaluated
  #grad    - Cumulative number of times the gradient was computed
  ls_#fval - Number of the times the objective function was evaluated during the line search
  ls_#grad - Number of the times the gradient was evaluated during the line search
-------------------------------------------------------------------------------------------------------------
  iter  value          gnorm          snorm          alpha          #fval     #grad     ls_#fval  ls_#grad  
  0     1.240326e-11   7.269766e-01   ---            ---            1         1         ---       ---       
  1     5.679503e-12   5.420820e-01   9.255410e-11   1.273137e-10   13        2         11        0         
  2     5.157739e-13   1.766817e-01   3.488380e-11   1.000000e+00   15        3         1         0         
  3     4.724633e-13   1.852620e-01   1.774391e-12   1.461357e-01   18        4         2         0         
  4     4.128373e-13   8.370933e-02   1.438891e-12   1.000000e+00   20        5         1         0         
  5     3.569890e-13   7.895708e-02   2.027683e-12   1.000000e+00   22        6         1         0         
  6     2.702709e-13   1.164003e-01   4.560120e-12   1.000000e+00   24        7         1         0         
  7     2.101398e-13   1.879710e-01   5.523855e-12   1.000000e+00   26        8         1         0         
  8     1.476786e-13   6.609591e-02   4.169148e-12   1.000000e+00   28        9         1         0         
  9     1.238708e-13   5.259042e-02   1.098136e-12   1.000000e+00   30        10        1         0         
  10    9.323976e-14   8.387664e-02   2.570203e-12   1.000000e+00   32        11        1         0         
  11    8.660961e-14   1.316591e-01   2.770590e-12   1.000000e+00   34        12        1         0         
  12    6.788037e-14   5.008050e-02   4.549323e-13   1.000000e+00   36        13        1         0         
  13    6.148670e-14   2.716172e-02   7.177743e-13   1.000000e+00   38        14        1         0         
  14    5.742083e-14   3.631251e-02   7.390916e-13   1.000000e+00   40        15        1         0         
  15    4.977894e-14   5.186042e-02   1.366790e-12   1.000000e+00   42        16        1         0         
  16    3.702946e-14   5.603192e-02   2.245705e-12   1.000000e+00   44        17        1         0         
  17    3.446471e-14   7.805441e-02   1.044253e-12   2.646946e-01   47        18        2         0         
  18    2.417693e-14   3.303687e-02   1.658155e-12   1.000000e+00   49        19        1         0         
  19    2.040973e-14   1.576150e-02   6.907727e-13   1.000000e+00   51        20        1         0         
  20    1.817698e-14   2.095576e-02   5.411009e-13   1.000000e+00   53        21        1         0         
  21    1.595959e-14   2.695094e-02   6.916184e-13   1.000000e+00   55        22        1         0         
  22    1.400956e-14   3.452429e-02   1.316603e-12   1.000000e+00   57        23        1         0         
  23    1.168921e-14   1.540294e-02   3.878049e-13   1.000000e+00   59        24        1         0         
  24    1.018552e-14   1.718353e-02   5.263178e-13   1.000000e+00   61        25        1         0         
  25    8.921425e-15   1.972272e-02   5.437246e-13   1.000000e+00   63        26        1         0         
  26    7.278704e-15   3.512378e-02   1.338939e-12   1.000000e+00   65        27        1         0         
  27    5.558245e-15   1.274119e-02   7.696333e-13   1.000000e+00   67        28        1         0         
  28    5.113922e-15   6.771323e-03   2.479427e-13   1.000000e+00   69        29        1         0         
  29    4.791586e-15   7.448298e-03   2.070896e-13   1.000000e+00   71        30        1         0         
  30    4.412575e-15   1.121966e-02   3.002489e-13   1.000000e+00   73        31        1         0         
  31    3.838601e-15   1.047694e-02   4.468651e-13   1.000000e+00   75        32        1         0         
  32    3.306257e-15   1.192511e-02   6.574255e-13   1.000000e+00   77        33        1         0         
  33    2.912890e-15   8.363105e-03   4.740490e-13   1.000000e+00   79        34        1         0         
  34    2.709765e-15   6.098171e-03   1.153940e-13   1.000000e+00   81        35        1         0         
  35    2.442428e-15   5.944181e-03   2.295254e-13   1.000000e+00   83        36        1         0         
  36    2.261356e-15   1.076412e-02   3.670047e-13   1.000000e+00   85        37        1         0         
  37    2.023235e-15   6.884154e-03   1.968119e-13   1.000000e+00   87        38        1         0         
  38    1.734407e-15   6.606415e-03   4.076241e-13   1.000000e+00   89        39        1         0         
  39    1.527648e-15   7.303576e-03   3.438249e-13   1.000000e+00   91        40        1         0         
  40    1.369026e-15   1.066002e-02   5.895816e-13   1.000000e+00   93        41        1         0         
  41    1.182448e-15   4.203200e-03   7.759761e-14   1.000000e+00   95        42        1         0         
  42    1.110942e-15   3.781652e-03   7.443144e-14   1.000000e+00   97        43        1         0         
  43    1.003554e-15   4.629126e-03   1.248131e-13   1.000000e+00   99        44        1         0         
  44    9.153312e-16   9.540246e-03   3.292402e-13   1.000000e+00   101       45        1         0         
  45    7.765366e-16   4.403853e-03   1.903233e-13   1.000000e+00   103       46        1         0         
  46    6.934404e-16   3.274767e-03   1.915167e-13   1.000000e+00   105       47        1         0         
  47    6.179241e-16   3.693896e-03   2.148549e-13   1.000000e+00   107       48        1         0         
  48    5.619772e-16   7.675156e-03   3.011151e-13   1.000000e+00   109       49        1         0         
  49    4.737764e-16   3.091489e-03   1.122381e-13   1.000000e+00   111       50        1         0         
  50    4.289911e-16   2.452165e-03   7.390401e-14   1.000000e+00   113       51        1         0         
  51    3.827050e-16   2.939519e-03   1.051997e-13   1.000000e+00   115       52        1         0         
  52    3.444193e-16   5.627556e-03   1.970686e-13   1.000000e+00   117       53        1         0         
  53    2.943443e-16   2.225613e-03   1.205476e-13   1.000000e+00   119       54        1         0         
  54    2.723039e-16   1.641854e-03   7.130531e-14   1.000000e+00   121       55        1         0         
  55    2.517712e-16   1.952198e-03   8.604221e-14   1.000000e+00   123       56        1         0         
  56    2.359811e-16   4.164253e-03   1.291715e-13   1.000000e+00   125       57        1         0         
  57    2.074526e-16   1.996340e-03   5.341346e-14   1.000000e+00   127       58        1         0         
  58    1.837476e-16   1.588936e-03   7.579178e-14   1.000000e+00   129       59        1         0         
  59    1.674815e-16   1.780551e-03   7.224712e-14   1.000000e+00   131       60        1         0         
  60    1.504361e-16   3.855167e-03   1.522620e-13   1.000000e+00   133       61        1         0         
  61    1.271836e-16   1.466047e-03   7.812780e-14   1.000000e+00   135       62        1         0         
  62    1.181113e-16   1.130637e-03   2.902411e-14   1.000000e+00   137       63        1         0         
  63    1.072371e-16   1.432594e-03   5.990175e-14   1.000000e+00   139       64        1         0         
  64    9.767464e-17   2.455326e-03   8.999682e-14   1.000000e+00   141       65        1         0         
  65    8.579496e-17   1.331802e-03   6.325570e-14   1.000000e+00   143       66        1         0         
  66    7.726179e-17   9.567011e-04   5.585424e-14   1.000000e+00   145       67        1         0         
  67    7.110183e-17   1.198907e-03   4.663145e-14   1.000000e+00   147       68        1         0         
  68    6.435683e-17   1.692797e-03   7.306984e-14   1.000000e+00   149       69        1         0         
  69    5.793097e-17   1.050620e-03   3.748426e-14   1.000000e+00   151       70        1         0         
  70    5.360311e-17   7.699547e-04   2.410121e-14   1.000000e+00   153       71        1         0         
  71    5.034261e-17   9.015217e-04   2.451868e-14   1.000000e+00   155       72        1         0         
  72    4.631592e-17   9.583431e-04   3.783826e-14   1.000000e+00   157       73        1         0         
  73    4.185658e-17   9.810279e-04   5.390916e-14   1.000000e+00   159       74        1         0         
  74    3.862928e-17   9.366040e-04   4.554682e-14   1.000000e+00   161       75        1         0         
  75    3.628530e-17   6.256687e-04   1.238662e-14   1.000000e+00   163       76        1         0         
  76    3.395695e-17   5.987967e-04   1.822259e-14   1.000000e+00   165       77        1         0         
  77    3.153597e-17   8.470517e-04   3.334061e-14   1.000000e+00   167       78        1         0         
  78    2.943590e-17   7.175672e-04   4.254980e-14   1.000000e+00   169       79        1         0         
  79    2.809956e-17   4.394410e-04   1.095901e-14   1.000000e+00   171       80        1         0         
  80    2.702720e-17   4.469093e-04   1.263942e-14   1.000000e+00   173       81        1         0         
  81    2.583880e-17   5.379718e-04   1.836866e-14   1.000000e+00   175       82        1         0         
  82    2.441919e-17   6.922230e-04   3.709241e-14   1.000000e+00   177       83        1         0         
  83    2.314529e-17   4.157196e-04   1.377381e-14   1.000000e+00   179       84        1         0         
  84    2.206220e-17   4.395152e-04   1.377158e-14   1.000000e+00   181       85        1         0         
  85    2.081422e-17   5.212146e-04   2.335105e-14   1.000000e+00   183       86        1         0         
  86    2.014685e-17   1.070938e-03   5.034251e-14   1.000000e+00   185       87        1         0         
  87    1.862761e-17   3.548912e-04   5.577279e-15   1.000000e+00   187       88        1         0         
  88    1.810006e-17   2.867087e-04   5.696144e-15   1.000000e+00   189       89        1         0         
  89    1.747831e-17   3.386208e-04   1.395747e-14   1.000000e+00   191       90        1         0         
  90    1.662455e-17   5.924483e-04   2.608328e-14   1.000000e+00   193       91        1         0         
  91    1.570277e-17   3.493348e-04   3.119608e-14   1.000000e+00   195       92        1         0         
  92    1.512226e-17   2.600204e-04   1.038135e-14   1.000000e+00   197       93        1         0         
  93    1.442986e-17   3.767416e-04   1.910987e-14   1.000000e+00   199       94        1         0         
  94    1.395359e-17   4.737905e-04   1.766767e-14   1.000000e+00   201       95        1         0         
  95    1.346091e-17   3.230252e-04   8.739272e-15   1.000000e+00   203       96        1         0         
  96    1.271688e-17   2.988994e-04   2.579379e-14   1.000000e+00   205       97        1         0         
  97    1.241012e-17   3.839917e-04   1.213730e-14   1.000000e+00   207       98        1         0         
  98    1.206602e-17   3.091117e-04   9.978597e-15   1.000000e+00   209       99        1         0         
  99    1.146265e-17   4.196506e-04   2.888274e-14   1.000000e+00   211       100       1         0         
  100   1.119916e-17   3.671094e-04   1.257721e-14   1.000000e+00   213       101       1         0         
  101   1.101722e-17   1.957723e-04   4.028996e-15   1.000000e+00   215       102       1         0         
  102   1.079595e-17   1.413535e-04   3.841320e-15   1.000000e+00   217       103       1         0         
  103   1.060195e-17   1.838290e-04   9.002970e-15   1.000000e+00   219       104       1         0         
  104   1.033368e-17   3.207578e-04   1.522478e-14   1.000000e+00   221       105       1         0         
  105   1.001198e-17   1.852540e-04   2.231262e-14   1.000000e+00   223       106       1         0         
  106   9.795387e-18   1.479737e-04   7.378328e-15   1.000000e+00   225       107       1         0         
  107   9.538405e-18   2.976235e-04   1.395633e-14   1.000000e+00   227       108       1         0         
  108   9.366252e-18   2.369928e-04   8.551968e-15   1.000000e+00   229       109       1         0         
  109   9.251781e-18   1.548090e-04   1.644342e-15   1.000000e+00   231       110       1         0         
  110   9.049676e-18   1.514266e-04   8.997468e-15   1.000000e+00   233       111       1         0         
  111   8.929137e-18   1.884354e-04   7.977224e-15   1.000000e+00   235       112       1         0         
  112   8.683839e-18   1.757183e-04   1.890713e-14   1.000000e+00   237       113       1         0         
  113   8.638806e-18   4.957145e-04   1.937929e-14   1.000000e+00   239       114       1         0         
  114   8.383775e-18   1.510182e-04   1.868556e-15   1.000000e+00   241       115       1         0         
  115   8.310191e-18   1.001672e-04   1.789555e-15   1.000000e+00   243       116       1         0         
  116   8.219937e-18   1.197074e-04   4.644772e-15   1.000000e+00   245       117       1         0         
  117   8.075091e-18   1.472292e-04   9.137797e-15   1.000000e+00   247       118       1         0         
  118   8.055174e-18   4.754545e-04   2.637930e-14   1.000000e+00   249       119       1         0         
  119   7.775716e-18   1.304041e-04   2.576124e-15   1.000000e+00   251       120       1         0         
  120   7.701881e-18   1.118567e-04   2.476940e-15   1.000000e+00   253       121       1         0         
  121   7.557880e-18   1.430908e-04   9.817741e-15   1.000000e+00   255       122       1         0         
  122   7.405105e-18   2.727633e-04   1.606758e-14   1.000000e+00   257       123       1         0         
  123   7.219272e-18   1.506743e-04   1.786713e-14   1.000000e+00   259       124       1         0         
  124   7.089792e-18   1.171946e-04   7.496828e-15   1.000000e+00   261       125       1         0         
  125   6.922571e-18   1.906388e-04   1.365676e-14   1.000000e+00   263       126       1         0         
  126   6.805678e-18   2.487545e-04   1.481119e-14   1.000000e+00   265       127       1         0         
  127   6.680039e-18   1.547777e-04   4.921626e-15   1.000000e+00   267       128       1         0         
  128   6.496235e-18   1.257125e-04   1.429199e-14   1.000000e+00   269       129       1         0         
  129   6.404999e-18   1.510534e-04   9.277004e-15   1.000000e+00   271       130       1         0         
  130   6.202806e-18   1.626476e-04   2.636932e-14   1.000000e+00   273       131       1         0         
  131   6.062106e-18   2.412396e-04   1.727390e-14   1.000000e+00   275       132       1         0         
  132   5.934686e-18   1.479975e-04   4.948355e-15   1.000000e+00   277       133       1         0         
  133   5.811383e-18   1.202044e-04   6.475188e-15   1.000000e+00   279       134       1         0         
  134   5.715270e-18   1.517563e-04   9.432653e-15   1.000000e+00   281       135       1         0         
  135   5.569570e-18   1.694140e-04   2.238870e-14   1.000000e+00   283       136       1         0         
  136   5.448190e-18   1.680133e-04   1.400345e-14   1.000000e+00   285       137       1         0         
  137   5.342333e-18   1.281914e-04   9.490360e-15   1.000000e+00   287       138       1         0         
  138   5.238054e-18   1.382159e-04   1.017747e-14   1.000000e+00   289       139       1         0         
  139   5.156696e-18   1.621103e-04   9.181201e-15   1.000000e+00   291       140       1         0         
  140   5.075893e-18   1.142577e-04   6.383926e-15   1.000000e+00   293       141       1         0         
  141   4.975318e-18   1.164988e-04   1.142826e-14   1.000000e+00   295       142       1         0         
  142   4.890721e-18   1.872394e-04   1.284348e-14   1.000000e+00   297       143       1         0         
  143   4.785967e-18   1.355553e-04   1.135002e-14   1.000000e+00   299       144       1         0         
  144   4.658029e-18   1.270651e-04   1.597790e-14   1.000000e+00   301       145       1         0         
  145   4.572459e-18   1.858391e-04   1.396143e-14   1.000000e+00   303       146       1         0         
  146   4.484261e-18   1.264328e-04   6.061641e-15   1.000000e+00   305       147       1         0         
  147   4.358604e-18   1.178886e-04   1.139782e-14   1.000000e+00   307       148       1         0         
  148   4.262389e-18   1.554610e-04   1.417285e-14   1.000000e+00   309       149       1         0         
  149   4.143933e-18   1.481447e-04   2.138878e-14   1.000000e+00   311       150       1         0         
  150   4.051808e-18   1.168929e-04   1.271479e-14   1.000000e+00   313       151       1         0         
  151   3.969732e-18   1.108072e-04   8.673579e-15   1.000000e+00   315       152       1         0         
  152   3.904472e-18   1.269373e-04   7.979992e-15   1.000000e+00   317       153       1         0         
  153   3.829613e-18   1.073862e-04   6.630828e-15   1.000000e+00   319       154       1         0         
  154   3.740390e-18   1.113395e-04   1.407177e-14   1.000000e+00   321       155       1         0         
  155   3.661056e-18   1.502210e-04   1.447647e-14   1.000000e+00   323       156       1         0         
  156   3.575559e-18   1.087944e-04   1.382745e-14   1.000000e+00   325       157       1         0         
  157   3.503071e-18   1.040372e-04   9.849754e-15   1.000000e+00   327       158       1         0         
  158   3.440754e-18   1.204370e-04   8.282715e-15   1.000000e+00   329       159       1         0         
  159   3.388279e-18   9.541833e-05   4.779417e-15   1.000000e+00   331       160       1         0         
  160   3.321340e-18   9.134305e-05   8.336051e-15   1.000000e+00   333       161       1         0         
  161   3.265813e-18   1.234577e-04   1.090235e-14   1.000000e+00   335       162       1         0         
  162   3.208740e-18   9.653903e-05   1.096652e-14   1.000000e+00   337       163       1         0         
  163   3.155072e-18   8.378839e-05   9.327454e-15   1.000000e+00   339       164       1         0         
  164   3.104607e-18   9.849253e-05   8.642817e-15   1.000000e+00   341       165       1         0         
  165   3.059262e-18   1.140664e-04   8.963690e-15   1.000000e+00   343       166       1         0         
  166   3.017250e-18   7.536819e-05   3.393125e-15   1.000000e+00   345       167       1         0         
  167   2.973245e-18   7.833743e-05   5.781978e-15   1.000000e+00   347       168       1         0         
  168   2.933483e-18   1.211395e-04   8.395653e-15   1.000000e+00   349       169       1         0         
  169   2.885944e-18   8.514628e-05   9.326319e-15   1.000000e+00   351       170       1         0         
  170   2.842212e-18   8.224253e-05   9.524682e-15   1.000000e+00   353       171       1         0         
  171   2.808955e-18   9.366345e-05   6.539550e-15   1.000000e+00   355       172       1         0         
  172   2.780033e-18   7.421664e-05   2.769661e-15   1.000000e+00   357       173       1         0         
  173   2.736248e-18   7.207205e-05   6.376023e-15   1.000000e+00   359       174       1         0         
  174   2.706020e-18   1.037657e-04   7.040632e-15   1.000000e+00   361       175       1         0         
  175   2.677530e-18   6.832076e-05   5.412339e-15   1.000000e+00   363       176       1         0         
  176   2.649124e-18   5.825616e-05   6.756043e-15   1.000000e+00   365       177       1         0         
  177   2.630923e-18   6.660852e-05   4.249944e-15   1.000000e+00   367       178       1         0         
  178   2.609397e-18   5.671800e-05   3.181566e-15   1.000000e+00   369       179       1         0         
  179   2.585988e-18   9.233150e-05   5.912899e-15   1.000000e+00   371       180       1         0         
  180   2.565630e-18   5.833605e-05   2.630233e-15   1.000000e+00   373       181       1         0         
  181   2.552690e-18   5.073692e-05   1.296956e-15   1.000000e+00   375       182       1         0         
  182   2.527847e-18   6.362013e-05   4.967798e-15   1.000000e+00   377       183       1         0         
  183   2.516972e-18   1.381578e-04   8.257283e-15   1.000000e+00   379       184       1         0         
  184   2.493792e-18   5.940846e-05   7.198005e-16   1.000000e+00   381       185       1         0         
  185   2.474915e-18   4.796007e-05   2.452969e-15   1.000000e+00   383       186       1         0         
  186   2.452509e-18   6.843802e-05   4.939173e-15   1.000000e+00   385       187       1         0         
  187   2.412237e-18   8.102234e-05   8.985548e-15   1.000000e+00   387       188       1         0         
  188   2.383179e-18   1.586943e-04   9.891843e-15   4.836454e-01   390       189       2         0         
  189   2.327701e-18   8.172188e-05   1.218961e-14   1.000000e+00   392       190       1         0         
  190   2.287230e-18   5.736049e-05   7.758536e-15   1.000000e+00   394       191       1         0         
  191   2.239718e-18   9.206434e-05   1.015251e-14   1.000000e+00   396       192       1         0         
  192   2.202636e-18   1.358081e-04   1.094637e-14   1.000000e+00   398       193       1         0         
  193   2.164743e-18   7.963667e-05   3.116445e-15   1.000000e+00   400       194       1         0         
  194   2.113576e-18   7.586341e-05   7.918396e-15   1.000000e+00   402       195       1         0         
  195   2.077184e-18   8.749272e-05   7.971622e-15   1.000000e+00   404       196       1         0         
  196   2.031283e-18   2.223171e-04   2.469074e-14   1.000000e+00   406       197       1         0         
  197   1.956693e-18   7.707269e-05   8.704526e-15   1.000000e+00   408       198       1         0         
  198   1.928974e-18   6.416523e-05   2.618619e-15   1.000000e+00   410       199       1         0         
  199   1.884019e-18   8.389920e-05   8.026096e-15   1.000000e+00   412       200       1         0         
  200   1.847008e-18   1.547899e-04   1.411645e-14   1.000000e+00   414       201       1         0         
  201   1.801870e-18   8.129164e-05   7.797427e-15   1.000000e+00   416       202       1         0         
  202   1.767830e-18   5.621975e-05   7.890997e-15   1.000000e+00   418       203       1         0         
  203   1.743671e-18   7.017215e-05   6.830125e-15   1.000000e+00   420       204       1         0         
  204   1.717558e-18   1.059742e-04   1.108178e-14   1.000000e+00   422       205       1         0         
  205   1.691375e-18   6.167498e-05   4.769098e-15   1.000000e+00   424       206       1         0         
  206   1.670598e-18   5.212029e-05   2.830276e-15   1.000000e+00   426       207       1         0         
  207   1.653376e-18   6.460477e-05   4.113436e-15   1.000000e+00   428       208       1         0         
  208   1.633758e-18   8.543031e-05   6.960882e-15   1.000000e+00   430       209       1         0         
  209   1.615818e-18   5.319180e-05   4.766824e-15   1.000000e+00   432       210       1         0         
  210   1.600830e-18   4.590702e-05   4.015754e-15   1.000000e+00   434       211       1         0         
  211   1.587541e-18   5.442412e-05   3.788400e-15   1.000000e+00   436       212       1         0         
  212   1.570830e-18   7.338251e-05   7.027581e-15   1.000000e+00   438       213       1         0         
  213   1.555728e-18   5.214046e-05   3.913896e-15   1.000000e+00   440       214       1         0         
  214   1.545035e-18   4.228677e-05   1.104224e-15   1.000000e+00   442       215       1         0         
  215   1.531303e-18   5.100647e-05   2.962030e-15   1.000000e+00   444       216       1         0         
  216   1.517721e-18   7.661380e-05   5.709830e-15   1.000000e+00   446       217       1         0         
  217   1.503121e-18   5.049586e-05   3.910758e-15   1.000000e+00   448       218       1         0         
  218   1.485231e-18   4.663735e-05   7.330295e-15   1.000000e+00   450       219       1         0         
  219   1.475004e-18   6.207713e-05   4.522398e-15   1.000000e+00   452       220       1         0         
  220   1.463110e-18   4.651870e-05   3.065300e-15   1.000000e+00   454       221       1         0         
  221   1.447870e-18   5.889948e-05   5.683921e-15   1.000000e+00   456       222       1         0         
  222   1.438890e-18   5.237279e-05   2.544181e-15   1.000000e+00   458       223       1         0         
  223   1.432705e-18   3.745913e-05   6.442458e-16   1.000000e+00   460       224       1         0         
  224   1.420297e-18   3.349231e-05   3.781051e-15   1.000000e+00   462       225       1         0         
  225   1.415028e-18   5.349391e-05   3.487154e-15   1.000000e+00   464       226       1         0         
  226   1.409253e-18   3.671499e-05   1.791464e-15   1.000000e+00   466       227       1         0         
  227   1.398448e-18   2.883544e-05   4.815833e-15   1.000000e+00   468       228       1         0         
  228   1.392951e-18   3.969807e-05   2.388811e-15   1.000000e+00   470       229       1         0         
  229   1.383194e-18   3.816423e-05   3.942363e-15   1.000000e+00   472       230       1         0         
  230   1.375431e-18   1.016475e-04   8.053123e-15   1.000000e+00   474       231       1         0         
  231   1.361176e-18   3.786457e-05   1.082371e-15   1.000000e+00   476       232       1         0         
  232   1.353521e-18   3.242849e-05   1.470168e-15   1.000000e+00   478       233       1         0         
  233   1.342905e-18   4.241198e-05   4.290258e-15   1.000000e+00   480       234       1         0         
  234   1.327061e-18   7.898421e-05   8.601669e-15   1.000000e+00   482       235       1         0         
  235   1.308216e-18   4.789223e-05   9.951997e-15   1.000000e+00   484       236       1         0         
  236   1.294222e-18   3.744525e-05   5.427552e-15   1.000000e+00   486       237       1         0         
  237   1.277169e-18   6.682952e-05   8.081251e-15   1.000000e+00   488       238       1         0         
  238   1.262987e-18   6.286071e-05   6.015770e-15   1.000000e+00   490       239       1         0         
  239   1.249691e-18   5.056525e-05   2.859640e-15   1.000000e+00   492       240       1         0         
  240   1.226836e-18   7.932682e-05   1.248292e-14   1.000000e+00   494       241       1         0         
  241   1.212795e-18   6.515647e-05   5.106899e-15   1.000000e+00   496       242       1         0         
  242   1.202151e-18   5.420743e-05   3.375596e-15   1.000000e+00   498       243       1         0         
  243   1.172215e-18   7.578632e-05   1.739825e-14   1.000000e+00   500       244       1         0         
  244   1.161075e-18   9.752707e-05   8.766617e-15   1.000000e+00   502       245       1         0         
  245   1.149595e-18   5.449853e-05   1.736514e-15   1.000000e+00   504       246       1         0         
  246   1.132350e-18   4.025778e-05   2.823871e-15   1.000000e+00   506       247       1         0         
  247   1.117780e-18   5.685043e-05   6.743399e-15   1.000000e+00   508       248       1         0         
  248   1.091482e-18   6.433203e-05   1.370357e-14   1.000000e+00   510       249       1         0         
  249   1.081744e-18   1.117240e-04   1.022547e-14   3.140876e-01   513       250       2         0         
  250   1.058336e-18   5.112135e-05   1.387615e-14   1.000000e+00   515       251       1         0         
  251   1.045557e-18   3.511470e-05   4.709636e-15   1.000000e+00   517       252       1         0         
  252   1.031217e-18   4.493757e-05   4.787479e-15   1.000000e+00   519       253       1         0         
  253   1.021408e-18   8.054392e-05   7.810765e-15   1.000000e+00   521       254       1         0         
  254   1.008827e-18   3.826922e-05   2.915951e-15   1.000000e+00   523       255       1         0         
  255   1.000765e-18   2.973158e-05   2.896963e-15   1.000000e+00   525       256       1         0         
  256   9.936306e-19   3.892667e-05   4.374535e-15   1.000000e+00   527       257       1         0         
  257   9.883820e-19   6.307481e-05   6.292977e-15   1.000000e+00   529       258       1         0         
  258   9.819879e-19   2.967501e-05   1.262815e-15   1.000000e+00   531       259       1         0         
  259   9.769174e-19   2.703949e-05   1.830979e-15   1.000000e+00   533       260       1         0         
  260   9.724297e-19   3.239735e-05   2.186098e-15   1.000000e+00   535       261       1         0         
  261   9.632936e-19   4.676190e-05   6.044562e-15   1.000000e+00   537       262       1         0         
  262   9.571013e-19   5.587952e-05   7.819572e-15   1.000000e+00   539       263       1         0         
  263   9.505238e-19   2.562076e-05   5.180679e-16   1.000000e+00   541       264       1         0         
  264   9.455171e-19   2.951867e-05   7.324612e-16   1.000000e+00   543       265       1         0         
  265   9.393151e-19   3.885889e-05   2.803919e-15   1.000000e+00   545       266       1         0         
  266   9.315866e-19   8.015721e-05   7.767325e-15   1.000000e+00   547       267       1         0         
  267   9.211604e-19   3.434632e-05   3.866964e-15   1.000000e+00   549       268       1         0         
  268   9.151126e-19   2.899951e-05   3.916993e-15   1.000000e+00   551       269       1         0         
  269   9.082070e-19   3.520082e-05   4.132179e-15   1.000000e+00   553       270       1         0         
  270   8.998221e-19   5.125846e-05   6.076992e-15   1.000000e+00   555       271       1         0         
  271   8.899824e-19   3.719863e-05   5.206945e-15   1.000000e+00   557       272       1         0         
  272   8.814239e-19   3.228198e-05   3.479754e-15   1.000000e+00   559       273       1         0         
  273   8.716677e-19   5.416872e-05   5.906388e-15   1.000000e+00   561       274       1         0         
  274   8.628593e-19   4.802226e-05   3.049591e-15   1.000000e+00   563       275       1         0         
  275   8.519457e-19   4.525132e-05   5.818264e-15   1.000000e+00   565       276       1         0         
  276   8.383869e-19   6.738914e-05   1.197309e-14   1.000000e+00   567       277       1         0         
  277   8.269518e-19   5.258782e-05   9.382400e-15   1.000000e+00   569       278       1         0         
  278   8.181520e-19   4.290627e-05   2.252914e-15   1.000000e+00   571       279       1         0         
  279   8.029900e-19   5.017814e-05   7.524461e-15   1.000000e+00   573       280       1         0         
  280   7.947846e-19   6.753477e-05   6.786818e-15   1.000000e+00   575       281       1         0         
  281   7.868022e-19   4.635482e-05   3.374994e-15   1.000000e+00   577       282       1         0         
  282   7.727923e-19   3.576138e-05   1.036868e-14   1.000000e+00   579       283       1         0         
  283   7.662569e-19   4.008184e-05   5.023202e-15   1.000000e+00   581       284       1         0         
  284   7.544735e-19   4.224371e-05   1.081263e-14   1.000000e+00   583       285       1         0         
  285   7.467010e-19   5.846330e-05   6.655528e-15   1.000000e+00   585       286       1         0         
  286   7.389590e-19   3.409748e-05   7.402383e-16   1.000000e+00   587       287       1         0         
  287   7.316468e-19   2.928850e-05   2.652424e-15   1.000000e+00   589       288       1         0         
  288   7.257615e-19   3.504965e-05   4.190247e-15   1.000000e+00   591       289       1         0         
  289   7.175742e-19   4.795947e-05   1.090217e-14   1.000000e+00   593       290       1         0         
  290   7.101754e-19   3.527327e-05   3.450430e-15   1.000000e+00   595       291       1         0         
  291   7.037700e-19   3.374231e-05   3.133774e-15   1.000000e+00   597       292       1         0         
  292   6.961588e-19   4.140073e-05   3.774328e-15   1.000000e+00   599       293       1         0         
  293   6.881610e-19   5.156507e-05   5.436044e-15   1.000000e+00   601       294       1         0         
  294   6.810006e-19   3.120242e-05   3.658684e-15   1.000000e+00   603       295       1         0         
  295   6.739848e-19   2.959268e-05   4.911542e-15   1.000000e+00   605       296       1         0         
  296   6.685922e-19   3.557167e-05   4.851006e-15   1.000000e+00   607       297       1         0         
  297   6.615664e-19   4.363530e-05   9.079039e-15   1.000000e+00   609       298       1         0         
  298   6.562610e-19   3.115250e-05   3.037127e-15   1.000000e+00   611       299       1         0         
  299   6.527953e-19   2.616327e-05   8.891408e-16   1.000000e+00   613       300       1         0         
  300   6.484144e-19   2.819480e-05   1.095333e-15   1.000000e+00   615       301       1         0         
  301   6.446393e-19   4.511528e-05   3.433442e-15   1.000000e+00   617       302       1         0         
  302   6.407622e-19   2.433571e-05   2.996123e-15   1.000000e+00   619       303       1         0         
  303   6.374872e-19   2.045445e-05   3.706129e-15   1.000000e+00   621       304       1         0         
  304   6.349083e-19   2.383903e-05   2.291351e-15   1.000000e+00   623       305       1         0         
  305   6.315169e-19   4.507819e-05   5.256182e-15   1.000000e+00   625       306       1         0         
  306   6.279849e-19   2.131168e-05   6.412837e-16   1.000000e+00   627       307       1         0         
  307   6.264834e-19   1.653054e-05   6.012674e-16   1.000000e+00   629       308       1         0         
  308   6.242231e-19   1.811395e-05   7.902469e-16   1.000000e+00   631       309       1         0         
  309   6.223804e-19   3.634616e-05   2.461430e-15   1.000000e+00   633       310       1         0         
  310   6.201716e-19   1.900489e-05   1.196283e-15   1.000000e+00   635       311       1         0         
  311   6.182265e-19   1.546661e-05   2.583787e-15   1.000000e+00   637       312       1         0         
  312   6.167135e-19   1.868406e-05   1.976720e-15   1.000000e+00   639       313       1         0         
  313   6.140716e-19   3.627983e-05   3.368051e-15   1.000000e+00   641       314       1         0         
  314   6.111215e-19   2.064244e-05   2.476036e-15   1.000000e+00   643       315       1         0         
  315   6.090990e-19   1.676609e-05   6.589171e-16   1.000000e+00   645       316       1         0         
  316   6.061756e-19   2.467017e-05   1.242124e-15   1.000000e+00   647       317       1         0         
  317   6.037733e-19   3.485532e-05   2.080718e-15   1.000000e+00   649       318       1         0         
  318   6.010918e-19   2.425448e-05   1.762602e-15   1.000000e+00   651       319       1         0         
  319   5.960506e-19   2.154889e-05   5.729719e-15   1.000000e+00   653       320       1         0         
  320   5.935095e-19   3.004908e-05   2.854891e-15   1.000000e+00   655       321       1         0         
  321   5.898680e-19   2.630242e-05   2.919468e-15   1.000000e+00   657       322       1         0         
  322   5.849143e-19   5.527440e-05   5.770379e-15   1.000000e+00   659       323       1         0         
  323   5.793605e-19   2.186422e-05   2.672744e-15   1.000000e+00   661       324       1         0         
  324   5.768223e-19   2.061199e-05   9.654902e-16   1.000000e+00   663       325       1         0         
  325   5.708728e-19   3.479723e-05   2.416597e-15   1.000000e+00   665       326       1         0         
  326   5.683899e-19   5.997998e-05   6.176565e-15   1.000000e+00   667       327       1         0         
  327   5.632095e-19   2.374611e-05   1.259617e-15   1.000000e+00   669       328       1         0         
  328   5.598859e-19   1.894337e-05   3.047546e-15   1.000000e+00   671       329       1         0         
  329   5.555735e-19   2.624770e-05   4.858170e-15   1.000000e+00   673       330       1         0         
  330   5.492874e-19   4.228679e-05   6.402751e-15   1.000000e+00   675       331       1         0         
  331   5.422565e-19   3.565970e-05   1.032839e-14   1.000000e+00   677       332       1         0         
  332   5.372358e-19   2.343354e-05   8.462614e-16   1.000000e+00   679       333       1         0         
  333   5.305085e-19   3.276879e-05   1.763352e-15   1.000000e+00   681       334       1         0         
  334   5.252268e-19   4.529552e-05   4.370145e-15   1.000000e+00   683       335       1         0         
  335   5.169128e-19   3.780850e-05   7.008454e-15   1.000000e+00   685       336       1         0         
  336   5.062006e-19   7.949293e-05   1.779765e-14   1.000000e+00   687       337       1         0         
  337   4.945772e-19   3.404939e-05   8.721807e-15   1.000000e+00   689       338       1         0         
  338   4.893708e-19   3.089082e-05   2.294465e-15   1.000000e+00   691       339       1         0         
  339   4.789000e-19   5.181694e-05   8.513311e-15   1.000000e+00   693       340       1         0         
  340   4.739420e-19   6.657553e-05   1.136633e-14   1.000000e+00   695       341       1         0         
  341   4.675067e-19   2.775595e-05   3.317735e-15   1.000000e+00   697       342       1         0         
  342   4.632619e-19   2.136193e-05   1.317476e-15   1.000000e+00   699       343       1         0         
  343   4.584105e-19   2.639148e-05   4.439738e-15   1.000000e+00   701       344       1         0         
  344   4.544935e-19   5.766280e-05   6.582686e-15   1.000000e+00   703       345       1         0         
  345   4.491924e-19   2.129608e-05   5.205121e-15   1.000000e+00   705       346       1         0         
  346   4.470390e-19   1.529428e-05   1.607494e-15   1.000000e+00   707       347       1         0         
  347   4.448768e-19   1.900107e-05   1.870802e-15   1.000000e+00   709       348       1         0         
  348   4.431370e-19   4.113466e-05   3.175163e-15   1.000000e+00   711       349       1         0         
  349   4.406982e-19   1.964271e-05   9.280516e-16   1.000000e+00   713       350       1         0         
  350   4.386242e-19   1.565234e-05   1.143031e-15   1.000000e+00   715       351       1         0         
  351   4.369132e-19   1.909621e-05   1.585383e-15   1.000000e+00   717       352       1         0         
  352   4.333181e-19   2.446152e-05   3.490513e-15   1.000000e+00   719       353       1         0         
  353   4.332846e-19   6.852305e-05   8.368031e-15   1.000000e+00   721       354       1         0         
  354   4.271439e-19   1.859852e-05   9.093508e-16   1.000000e+00   723       355       1         0         
  355   4.255092e-19   1.652173e-05   4.316168e-16   1.000000e+00   725       356       1         0         
  356   4.222595e-19   2.189989e-05   2.612442e-15   1.000000e+00   727       357       1         0         
  357   4.183101e-19   3.888022e-05   5.142952e-15   1.000000e+00   729       358       1         0         
  358   4.138927e-19   2.470372e-05   6.597809e-15   1.000000e+00   731       359       1         0         
  359   4.109632e-19   1.821043e-05   2.445774e-15   1.000000e+00   733       360       1         0         
  360   4.069789e-19   3.121862e-05   4.927154e-15   1.000000e+00   735       361       1         0         
  361   4.041458e-19   3.606600e-05   3.688114e-15   1.000000e+00   737       362       1         0         
  362   4.010840e-19   2.781074e-05   2.130904e-15   1.000000e+00   739       363       1         0         
  363   3.946435e-19   3.416719e-05   7.816405e-15   1.000000e+00   741       364       1         0         
  364   3.920717e-19   3.983016e-05   4.235942e-15   1.000000e+00   743       365       1         0         
  365   3.897722e-19   2.568381e-05   3.765044e-16   1.000000e+00   745       366       1         0         
  366   3.848319e-19   1.913642e-05   4.285090e-15   1.000000e+00   747       367       1         0         
  367   3.826967e-19   2.028354e-05   3.176686e-15   1.000000e+00   749       368       1         0         
  368   3.804200e-19   4.213220e-05   3.962917e-15   4.724154e-01   752       369       2         0         
  369   3.768712e-19   1.840123e-05   5.207938e-15   1.000000e+00   754       370       1         0         
  370   3.751033e-19   1.324122e-05   1.752351e-15   1.000000e+00   756       371       1         0         
  371   3.730410e-19   1.712713e-05   1.619099e-15   1.000000e+00   758       372       1         0         
  372   3.718871e-19   4.067529e-05   3.609802e-15   1.000000e+00   760       373       1         0         
  373   3.695827e-19   1.795294e-05   3.164070e-16   1.000000e+00   762       374       1         0         
  374   3.677892e-19   1.432923e-05   1.334681e-15   1.000000e+00   764       375       1         0         
  375   3.661784e-19   1.743569e-05   2.545413e-15   1.000000e+00   766       376       1         0         
  376   3.634366e-19   1.973405e-05   3.878895e-15   1.000000e+00   768       377       1         0         
  377   3.621915e-19   2.892201e-05   3.023442e-15   3.863111e-01   771       378       2         0         
  378   3.604442e-19   1.287052e-05   2.576810e-15   1.000000e+00   773       379       1         0         
  379   3.595666e-19   1.135584e-05   5.068296e-16   1.000000e+00   775       380       1         0         
  380   3.581665e-19   1.529638e-05   1.043650e-15   1.000000e+00   777       381       1         0         
  381   3.568736e-19   2.821010e-05   2.214167e-15   1.000000e+00   779       382       1         0         
  382   3.552071e-19   1.448901e-05   1.969737e-15   1.000000e+00   781       383       1         0         
  383   3.539944e-19   1.203975e-05   1.132172e-15   1.000000e+00   783       384       1         0         
  384   3.525348e-19   1.716826e-05   1.988902e-15   1.000000e+00   785       385       1         0         
  385   3.510616e-19   2.672171e-05   2.741071e-15   1.000000e+00   787       386       1         0         
  386   3.492361e-19   1.828994e-05   2.115625e-15   1.000000e+00   789       387       1         0         
  387   3.470429e-19   1.514595e-05   2.267962e-15   1.000000e+00   791       388       1         0         
  388   3.452226e-19   2.151355e-05   2.170553e-15   1.000000e+00   793       389       1         0         
  389   3.431171e-19   2.153403e-05   2.371339e-15   1.000000e+00   795       390       1         0         
  390   3.410557e-19   1.801976e-05   2.515575e-15   1.000000e+00   797       391       1         0         
  391   3.393531e-19   1.822320e-05   2.649177e-15   1.000000e+00   799       392       1         0         
  392   3.382083e-19   1.472155e-05   9.379451e-16   1.000000e+00   801       393       1         0         
  393   3.366959e-19   1.615980e-05   1.789764e-15   1.000000e+00   803       394       1         0         
  394   3.350551e-19   2.192600e-05   2.407093e-15   1.000000e+00   805       395       1         0         
  395   3.333732e-19   1.706137e-05   2.821477e-15   1.000000e+00   807       396       1         0         
  396   3.321509e-19   1.372422e-05   1.155590e-15   1.000000e+00   809       397       1         0         
  397   3.307994e-19   1.489377e-05   1.008773e-15   1.000000e+00   811       398       1         0         
  398   3.293229e-19   1.878588e-05   1.829643e-15   1.000000e+00   813       399       1         0         
  399   3.272894e-19   1.741844e-05   3.256738e-15   1.000000e+00   815       400       1         0         
  400   3.254681e-19   1.698917e-05   2.987523e-15   1.000000e+00   817       401       1         0         
  401   3.235684e-19   1.906075e-05   2.687882e-15   1.000000e+00   819       402       1         0         
  402   3.216279e-19   2.035010e-05   3.256951e-15   1.000000e+00   821       403       1         0         
  403   3.196313e-19   1.837581e-05   2.590562e-15   1.000000e+00   823       404       1         0         
  404   3.174335e-19   1.706560e-05   2.629934e-15   1.000000e+00   825       405       1         0         
  405   3.152878e-19   2.344436e-05   3.541419e-15   1.000000e+00   827       406       1         0         
  406   3.130320e-19   2.087982e-05   3.497552e-15   1.000000e+00   829       407       1         0         
  407   3.108134e-19   1.695527e-05   2.929248e-15   1.000000e+00   831       408       1         0         
  408   3.079021e-19   2.319430e-05   4.622316e-15   1.000000e+00   833       409       1         0         
  409   3.050381e-19   3.503215e-05   6.699704e-15   1.000000e+00   835       410       1         0         
  410   3.018672e-19   2.366857e-05   2.602477e-15   1.000000e+00   837       411       1         0         
  411   2.970104e-19   2.187035e-05   6.841077e-15   1.000000e+00   839       412       1         0         
  412   2.942454e-19   2.995175e-05   4.643493e-15   1.000000e+00   841       413       1         0         
  413   2.905620e-19   2.441725e-05   6.468154e-15   1.000000e+00   843       414       1         0         
  414   2.874989e-19   5.178691e-05   1.025689e-14   1.000000e+00   845       415       1         0         
  415   2.833055e-19   2.147136e-05   2.499459e-15   1.000000e+00   847       416       1         0         
  416   2.810203e-19   2.001910e-05   5.376021e-16   1.000000e+00   849       417       1         0         
  417   2.773465e-19   2.351771e-05   4.006713e-15   1.000000e+00   851       418       1         0         
  418   2.756563e-19   5.831483e-05   7.687436e-15   1.000000e+00   853       419       1         0         
  419   2.715036e-19   2.167781e-05   3.378557e-15   1.000000e+00   855       420       1         0         
  420   2.696532e-19   1.464750e-05   2.282001e-15   1.000000e+00   857       421       1         0         
  421   2.677419e-19   1.915127e-05   3.303310e-15   1.000000e+00   859       422       1         0         
  422   2.647351e-19   2.283330e-05   4.488951e-15   1.000000e+00   861       423       1         0         
  423   2.623826e-19   3.877970e-05   5.724498e-15   4.788415e-01   864       424       2         0         
  424   2.585289e-19   2.006085e-05   5.234804e-15   1.000000e+00   866       425       1         0         
  425   2.557603e-19   1.732512e-05   3.589887e-15   1.000000e+00   868       426       1         0         
  426   2.528940e-19   2.620417e-05   4.677276e-15   1.000000e+00   870       427       1         0         
  427   2.510051e-19   3.075448e-05   5.904792e-15   1.000000e+00   872       428       1         0         
  428   2.490770e-19   1.581566e-05   5.575476e-16   1.000000e+00   874       429       1         0         
  429   2.474044e-19   1.491756e-05   1.353728e-15   1.000000e+00   876       430       1         0         
  430   2.461000e-19   1.810460e-05   2.543648e-15   1.000000e+00   878       431       1         0         
  431   2.448316e-19   3.781426e-05   6.073300e-15   1.000000e+00   880       432       1         0         
  432   2.428301e-19   1.352866e-05   2.083324e-15   1.000000e+00   882       433       1         0         
  433   2.420826e-19   1.177131e-05   3.744295e-16   1.000000e+00   884       434       1         0         
  434   2.410376e-19   1.441764e-05   7.140263e-16   1.000000e+00   886       435       1         0         
  435   2.395113e-19   2.493764e-05   2.572717e-15   1.000000e+00   888       436       1         0         
  436   2.377105e-19   1.741215e-05   2.727439e-15   1.000000e+00   890       437       1         0         
  437   2.361951e-19   1.392544e-05   2.383073e-15   1.000000e+00   892       438       1         0         
  438   2.347081e-19   1.970248e-05   3.317346e-15   1.000000e+00   894       439       1         0         
  439   2.336920e-19   1.449898e-05   1.014772e-15   1.000000e+00   896       440       1         0         
  440   2.328183e-19   1.176853e-05   5.819912e-16   1.000000e+00   898       441       1         0         
  441   2.320010e-19   1.350383e-05   1.262612e-15   1.000000e+00   900       442       1         0         
  442   2.312696e-19   1.486273e-05   9.828438e-16   1.000000e+00   902       443       1         0         
  443   2.305301e-19   1.290820e-05   8.298502e-16   1.000000e+00   904       444       1         0         
  444   2.291922e-19   1.885507e-05   2.240834e-15   1.000000e+00   906       445       1         0         
  445   2.287152e-19   2.154000e-05   1.036383e-15   1.000000e+00   908       446       1         0         
  446   2.281787e-19   9.341722e-06   3.890491e-16   1.000000e+00   910       447       1         0         
  447   2.278032e-19   7.021163e-06   1.473597e-16   1.000000e+00   912       448       1         0         
  448   2.273267e-19   9.160887e-06   4.796448e-16   1.000000e+00   914       449       1         0         
  449   2.266553e-19   9.741225e-06   9.721976e-16   1.000000e+00   916       450       1         0         
  450   2.262324e-19   1.734619e-05   1.207414e-15   4.342714e-01   919       451       2         0         
  451   2.255596e-19   7.548200e-06   1.179079e-15   1.000000e+00   921       452       1         0         
  452   2.251548e-19   7.398659e-06   8.626182e-16   1.000000e+00   923       453       1         0         
  453   2.245601e-19   9.783948e-06   1.263817e-15   1.000000e+00   925       454       1         0         
  454   2.242167e-19   2.467754e-05   2.043679e-15   1.000000e+00   927       455       1         0         
  455   2.234279e-19   9.636748e-06   4.261422e-16   1.000000e+00   929       456       1         0         
  456   2.230213e-19   7.309962e-06   2.203566e-16   1.000000e+00   931       457       1         0         
  457   2.225633e-19   9.272647e-06   6.982967e-16   1.000000e+00   933       458       1         0         
  458   2.217563e-19   1.126247e-05   1.524477e-15   1.000000e+00   935       459       1         0         
  459   2.217222e-19   3.810607e-05   4.636860e-15   1.000000e+00   937       460       1         0         
  460   2.200444e-19   9.490576e-06   3.864167e-16   1.000000e+00   939       461       1         0         
  461   2.196370e-19   8.064487e-06   5.169225e-16   1.000000e+00   941       462       1         0         
  462   2.187525e-19   1.129049e-05   2.034766e-15   1.000000e+00   943       463       1         0         
  463   2.176517e-19   1.554912e-05   2.760026e-15   1.000000e+00   945       464       1         0         
  464   2.163725e-19   2.749076e-05   6.750745e-15   1.000000e+00   947       465       1         0         
  465   2.147899e-19   1.292056e-05   1.095366e-15   1.000000e+00   949       466       1         0         
  466   2.136677e-19   1.440272e-05   6.529921e-16   1.000000e+00   951       467       1         0         
  467   2.123002e-19   1.666071e-05   2.048346e-15   1.000000e+00   953       468       1         0         
  468   2.109768e-19   3.987794e-05   6.519617e-15   1.000000e+00   955       469       1         0         
  469   2.087433e-19   1.376487e-05   2.601010e-15   1.000000e+00   957       470       1         0         
  470   2.077608e-19   1.123526e-05   2.267483e-15   1.000000e+00   959       471       1         0         
  471   2.065006e-19   1.444546e-05   3.793675e-15   1.000000e+00   961       472       1         0         
  472   2.049216e-19   1.979713e-05   4.674818e-15   1.000000e+00   963       473       1         0         
  473   2.033685e-19   2.196535e-05   6.246109e-15   1.000000e+00   965       474       1         0         
  474   2.021434e-19   1.122236e-05   3.250835e-16   1.000000e+00   967       475       1         0         
  475   2.012224e-19   1.322390e-05   7.981883e-16   1.000000e+00   969       476       1         0         
  476   2.002410e-19   1.439372e-05   1.430675e-15   1.000000e+00   971       477       1         0         
  477   1.996139e-19   3.777759e-05   6.204388e-15   1.000000e+00   973       478       1         0         
  478   1.978489e-19   1.035666e-05   1.459880e-15   1.000000e+00   975       479       1         0         
  479   1.974039e-19   9.253827e-06   1.126214e-15   1.000000e+00   977       480       1         0         
  480   1.965357e-19   1.261485e-05   2.738272e-15   1.000000e+00   979       481       1         0         
  481   1.952807e-19   1.812996e-05   3.492543e-15   1.000000e+00   981       482       1         0         
  482   1.942174e-19   2.338730e-05   5.170703e-15   1.000000e+00   983       483       1         0         
  483   1.931030e-19   1.079368e-05   6.558300e-16   1.000000e+00   985       484       1         0         
  484   1.923481e-19   1.171972e-05   7.803671e-16   1.000000e+00   987       485       1         0         
  485   1.914994e-19   1.461912e-05   7.809280e-16   1.000000e+00   989       486       1         0         
  486   1.902140e-19   3.165337e-05   4.443602e-15   1.000000e+00   991       487       1         0         
  487   1.885317e-19   1.417613e-05   3.381622e-15   1.000000e+00   993       488       1         0         
  488   1.875639e-19   1.173748e-05   3.086395e-15   1.000000e+00   995       489       1         0         
  489   1.863460e-19   1.478874e-05   4.637711e-15   1.000000e+00   997       490       1         0         
  490   1.849771e-19   2.253465e-05   4.663442e-15   1.000000e+00   999       491       1         0         
  491   1.831661e-19   1.715015e-05   5.195921e-15   1.000000e+00   1001      492       1         0         
  492   1.812540e-19   1.526569e-05   2.633374e-15   1.000000e+00   1003      493       1         0         
  493   1.803898e-19   3.500067e-05   3.498056e-15   1.000000e+00   1005      494       1         0         
  494   1.789381e-19   1.330484e-05   9.885516e-16   1.000000e+00   1007      495       1         0         
  495   1.783584e-19   1.078513e-05   3.494977e-16   1.000000e+00   1009      496       1         0         
  496   1.771659e-19   1.369709e-05   3.108456e-15   1.000000e+00   1011      497       1         0         
  497   1.758921e-19   1.648729e-05   4.165868e-15   1.000000e+00   1013      498       1         0         
  498   1.747568e-19   2.667127e-05   8.938229e-15   1.000000e+00   1015      499       1         0         
  499   1.734153e-19   1.119178e-05   2.822553e-16   1.000000e+00   1017      500       1         0         
  500   1.727351e-19   1.165793e-05   5.319454e-16   1.000000e+00   1019      501       1         0         
Optimization Terminated with Status: Iteration Limit Exceeded
